  console.log
    ≡ƒÜÇ COE Activated

      at activate (src/extension.ts:139:13)

  console.warn
    No workspace root found, using defaults

    [0m [90m 108 |[39m             [36mconst[39m root [33m=[39m workspaceRoot [33m||[39m [36mthis[39m[33m.[39mgetWorkspaceRoot()[33m;[39m
     [90m 109 |[39m             [36mif[39m ([33m![39mroot) {
    [31m[1m>[22m[39m[90m 110 |[39m                 console[33m.[39mwarn([32m'No workspace root found, using defaults'[39m)[33m;[39m
     [90m     |[39m                         [31m[1m^[22m[39m
     [90m 111 |[39m                 [36mthis[39m[33m.[39minstance [33m=[39m [33mDEFAULT_CONFIG[39m[33m;[39m
     [90m 112 |[39m                 [36mreturn[39m[33m;[39m
     [90m 113 |[39m             }[0m

      at FileConfigManager.initialize (src/utils/fileConfig.ts:110:25)
      at activate (src/extension.ts:177:37)
      at Object.<anonymous> (tests/extension.statusBar.test.ts:97:23)

  console.log
    [COE.Extension] Γä╣∩╕Å Programming Orchestrator: Initializing...

      at SimpleLogger.info (src/orchestrator/programmingOrchestrator.ts:1436:17)

  console.log
    [COE.Extension] Γä╣∩╕Å Γ£à Programming Orchestrator: Ready (one-thing-at-a-time enforced)

      at SimpleLogger.info (src/orchestrator/programmingOrchestrator.ts:1436:17)

  console.warn
    ΓÜá∩╕Å No workspace state available, skipping task load

    [0m [90m 344 |[39m     [36mprivate[39m [36masync[39m loadPersistedTasks()[33m:[39m [33mPromise[39m[33m<[39m[36mvoid[39m[33m>[39m {
     [90m 345 |[39m         [36mif[39m ([33m![39m[36mthis[39m[33m.[39mworkspaceState) {
    [31m[1m>[22m[39m[90m 346 |[39m             console[33m.[39mwarn([32m'ΓÜá∩╕Å No workspace state available, skipping task load'[39m)[33m;[39m
     [90m     |[39m                     [31m[1m^[22m[39m
     [90m 347 |[39m             [36mreturn[39m[33m;[39m
     [90m 348 |[39m         }
     [90m 349 |[39m[0m

      at ProgrammingOrchestrator.loadPersistedTasks (src/orchestrator/programmingOrchestrator.ts:346:21)
      at ProgrammingOrchestrator.initializeWithPersistence (src/orchestrator/programmingOrchestrator.ts:334:20)
      at activate (src/extension.ts:257:43)
      at Object.<anonymous> (tests/extension.statusBar.test.ts:97:9)

  console.log
    Γä╣∩╕Å No tasks to reconcile (queue empty)

      at ProgrammingOrchestrator.reconcileTasks (src/orchestrator/programmingOrchestrator.ts:420:21)

  console.log
    Γ£à ProgrammingOrchestrator initialized with persistence

      at ProgrammingOrchestrator.initializeWithPersistence (src/orchestrator/programmingOrchestrator.ts:336:17)

  console.log
    Γ£à TreeView provider linked to ProgrammingOrchestrator

      at ProgrammingOrchestrator.setTreeDataProvider (src/orchestrator/programmingOrchestrator.ts:297:17)

  console.log
    Γ£à CompletedTasksTreeProvider linked to ProgrammingOrchestrator

      at ProgrammingOrchestrator.setCompletedTasksProvider (src/orchestrator/programmingOrchestrator.ts:309:17)

  console.warn
    ΓÜá∩╕Å No workspace folder found ΓÇô using test mode only

    [0m [90m 27 |[39m         [36mconst[39m workspaceFolder [33m=[39m vscode[33m.[39mworkspace[33m.[39mworkspaceFolders[33m?[39m[33m.[39m[[35m0[39m][33m;[39m
     [90m 28 |[39m         [36mif[39m ([33m![39mworkspaceFolder) {
    [31m[1m>[22m[39m[90m 29 |[39m             console[33m.[39mwarn([32m'ΓÜá∩╕Å No workspace folder found ΓÇô using test mode only'[39m)[33m;[39m
     [90m    |[39m                     [31m[1m^[22m[39m
     [90m 30 |[39m             [36mreturn[39m [][33m;[39m
     [90m 31 |[39m         }
     [90m 32 |[39m[0m

      at loadTasksFromPlanFile (src/plans/planningStub.ts:29:21)
      at activate (src/extension.ts:351:58)
      at Object.<anonymous> (tests/extension.statusBar.test.ts:97:9)

  console.log
    Γä╣∩╕Å  No tasks loaded from plan file

      at activate (src/extension.ts:359:25)

  console.log
    ≡ƒöä Calling treeDataProvider.refresh() after loading tasks

      at activate (src/extension.ts:370:21)

  console.log
    ΓòÉΓòÉΓòÉΓòÉΓòÉΓòÉΓòÉΓòÉΓòÉΓòÉΓòÉΓòÉΓòÉΓòÉΓòÉΓòÉΓòÉΓòÉΓòÉΓòÉΓòÉΓòÉΓòÉΓòÉΓòÉΓòÉΓòÉΓòÉΓòÉΓòÉΓòÉΓòÉΓòÉΓòÉΓòÉΓòÉΓòÉΓòÉΓòÉΓòÉΓòÉΓòÉΓòÉΓòÉΓòÉΓòÉΓòÉΓòÉΓòÉΓòÉΓòÉΓòÉΓòÉΓòÉΓòÉΓòÉΓòÉΓòÉΓòÉ

      at activate (src/extension.ts:377:17)

  console.log
    ≡ƒöì TREE VIEW DEBUG SUMMARY

      at activate (src/extension.ts:378:17)

  console.log
    ΓòÉΓòÉΓòÉΓòÉΓòÉΓòÉΓòÉΓòÉΓòÉΓòÉΓòÉΓòÉΓòÉΓòÉΓòÉΓòÉΓòÉΓòÉΓòÉΓòÉΓòÉΓòÉΓòÉΓòÉΓòÉΓòÉΓòÉΓòÉΓòÉΓòÉΓòÉΓòÉΓòÉΓòÉΓòÉΓòÉΓòÉΓòÉΓòÉΓòÉΓòÉΓòÉΓòÉΓòÉΓòÉΓòÉΓòÉΓòÉΓòÉΓòÉΓòÉΓòÉΓòÉΓòÉΓòÉΓòÉΓòÉΓòÉΓòÉ

      at activate (src/extension.ts:379:17)

  console.log
    ≡ƒôè Total tasks in orchestrator: 0

      at activate (src/extension.ts:380:17)

  console.log
    ≡ƒöì getReadyTasks() called - Total queue size: 0

      at ProgrammingOrchestrator.getReadyTasks (src/orchestrator/programmingOrchestrator.ts:694:17)

  console.log
    ≡ƒôè getReadyTasks() returning 0 tasks

      at ProgrammingOrchestrator.getReadyTasks (src/orchestrator/programmingOrchestrator.ts:722:17)

  console.log
    Γ£à Ready tasks: 0

      at activate (src/extension.ts:381:17)

  console.log
    ≡ƒî│ Tree provider initialized: true

      at activate (src/extension.ts:382:17)

  console.log
    ≡ƒô║ Tree views created: true

      at activate (src/extension.ts:383:17)

  console.log
    ≡ƒöì getReadyTasks() called - Total queue size: 0

      at ProgrammingOrchestrator.getReadyTasks (src/orchestrator/programmingOrchestrator.ts:694:17)

  console.log
    ≡ƒôè getReadyTasks() returning 0 tasks

      at ProgrammingOrchestrator.getReadyTasks (src/orchestrator/programmingOrchestrator.ts:722:17)

  console.log
    ΓÜá∩╕Å  No ready tasks found! Check task status in orchestrator.

      at activate (src/extension.ts:392:25)

  console.log
    ΓòÉΓòÉΓòÉΓòÉΓòÉΓòÉΓòÉΓòÉΓòÉΓòÉΓòÉΓòÉΓòÉΓòÉΓòÉΓòÉΓòÉΓòÉΓòÉΓòÉΓòÉΓòÉΓòÉΓòÉΓòÉΓòÉΓòÉΓòÉΓòÉΓòÉΓòÉΓòÉΓòÉΓòÉΓòÉΓòÉΓòÉΓòÉΓòÉΓòÉΓòÉΓòÉΓòÉΓòÉΓòÉΓòÉΓòÉΓòÉΓòÉΓòÉΓòÉΓòÉΓòÉΓòÉΓòÉΓòÉΓòÉΓòÉΓòÉ

      at activate (src/extension.ts:395:17)

  console.log


      at activate (src/extension.ts:396:17)

  console.error
    Γ¥î COE Activation failed: Cannot read properties of undefined (reading 'get')

    [0m [90m 1279 |[39m     } [36mcatch[39m (error) {
     [90m 1280 |[39m         [36mconst[39m errorMsg [33m=[39m error [36minstanceof[39m [33mError[39m [33m?[39m error[33m.[39mmessage [33m:[39m [33mString[39m(error)[33m;[39m
    [31m[1m>[22m[39m[90m 1281 |[39m         console[33m.[39merror([32m'Γ¥î COE Activation failed:'[39m[33m,[39m errorMsg)[33m;[39m
     [90m      |[39m                 [31m[1m^[22m[39m
     [90m 1282 |[39m
     [90m 1283 |[39m         [36mif[39m (orchestratorOutputChannel) {
     [90m 1284 |[39m             orchestratorOutputChannel[33m.[39mappendLine([32m`Γ¥î ACTIVATION FAILED: ${errorMsg}`[39m)[33m;[39m[0m

      at activate (src/extension.ts:1281:17)
      at Object.<anonymous> (tests/extension.statusBar.test.ts:97:9)

  console.log
    ≡ƒôï Task added to queue: T-1 (Priority: P1, Status: ready)

      at ProgrammingOrchestrator.addTask (src/orchestrator/programmingOrchestrator.ts:647:17)

  console.log
    ≡ƒôï Task added to queue: T-2 (Priority: P2, Status: ready)

      at ProgrammingOrchestrator.addTask (src/orchestrator/programmingOrchestrator.ts:647:17)

  console.log
    ≡ƒî▓ TreeView refreshed after queue change

      at ProgrammingOrchestrator.notifyTreeViewUpdate (src/orchestrator/programmingOrchestrator.ts:319:21)

  console.log
    ≡ƒî▓ TreeView refreshed after queue change

      at ProgrammingOrchestrator.notifyTreeViewUpdate (src/orchestrator/programmingOrchestrator.ts:319:21)

  console.log
    ≡ƒÜÇ COE Activated

      at activate (src/extension.ts:139:13)

  console.warn
    No workspace root found, using defaults

    [0m [90m 108 |[39m             [36mconst[39m root [33m=[39m workspaceRoot [33m||[39m [36mthis[39m[33m.[39mgetWorkspaceRoot()[33m;[39m
     [90m 109 |[39m             [36mif[39m ([33m![39mroot) {
    [31m[1m>[22m[39m[90m 110 |[39m                 console[33m.[39mwarn([32m'No workspace root found, using defaults'[39m)[33m;[39m
     [90m     |[39m                         [31m[1m^[22m[39m
     [90m 111 |[39m                 [36mthis[39m[33m.[39minstance [33m=[39m [33mDEFAULT_CONFIG[39m[33m;[39m
     [90m 112 |[39m                 [36mreturn[39m[33m;[39m
     [90m 113 |[39m             }[0m

      at FileConfigManager.initialize (src/utils/fileConfig.ts:110:25)
      at activate (src/extension.ts:177:37)
      at Object.<anonymous> (tests/extension.statusBar.test.ts:160:23)

  console.log
    [COE.Extension] Γä╣∩╕Å Programming Orchestrator: Initializing...

      at SimpleLogger.info (src/orchestrator/programmingOrchestrator.ts:1436:17)

  console.log
    [COE.Extension] Γä╣∩╕Å Γ£à Programming Orchestrator: Ready (one-thing-at-a-time enforced)

      at SimpleLogger.info (src/orchestrator/programmingOrchestrator.ts:1436:17)

  console.warn
    ΓÜá∩╕Å No workspace state available, skipping task load

    [0m [90m 344 |[39m     [36mprivate[39m [36masync[39m loadPersistedTasks()[33m:[39m [33mPromise[39m[33m<[39m[36mvoid[39m[33m>[39m {
     [90m 345 |[39m         [36mif[39m ([33m![39m[36mthis[39m[33m.[39mworkspaceState) {
    [31m[1m>[22m[39m[90m 346 |[39m             console[33m.[39mwarn([32m'ΓÜá∩╕Å No workspace state available, skipping task load'[39m)[33m;[39m
     [90m     |[39m                     [31m[1m^[22m[39m
     [90m 347 |[39m             [36mreturn[39m[33m;[39m
     [90m 348 |[39m         }
     [90m 349 |[39m[0m

      at ProgrammingOrchestrator.loadPersistedTasks (src/orchestrator/programmingOrchestrator.ts:346:21)
      at ProgrammingOrchestrator.initializeWithPersistence (src/orchestrator/programmingOrchestrator.ts:334:20)
      at activate (src/extension.ts:257:43)
      at Object.<anonymous> (tests/extension.statusBar.test.ts:160:9)

  console.log
    Γä╣∩╕Å No tasks to reconcile (queue empty)

      at ProgrammingOrchestrator.reconcileTasks (src/orchestrator/programmingOrchestrator.ts:420:21)

  console.log
    Γ£à ProgrammingOrchestrator initialized with persistence

      at ProgrammingOrchestrator.initializeWithPersistence (src/orchestrator/programmingOrchestrator.ts:336:17)

  console.log
    Γ£à TreeView provider linked to ProgrammingOrchestrator

      at ProgrammingOrchestrator.setTreeDataProvider (src/orchestrator/programmingOrchestrator.ts:297:17)

  console.log
    Γ£à CompletedTasksTreeProvider linked to ProgrammingOrchestrator

      at ProgrammingOrchestrator.setCompletedTasksProvider (src/orchestrator/programmingOrchestrator.ts:309:17)

  console.warn
    ΓÜá∩╕Å No workspace folder found ΓÇô using test mode only

    [0m [90m 27 |[39m         [36mconst[39m workspaceFolder [33m=[39m vscode[33m.[39mworkspace[33m.[39mworkspaceFolders[33m?[39m[33m.[39m[[35m0[39m][33m;[39m
     [90m 28 |[39m         [36mif[39m ([33m![39mworkspaceFolder) {
    [31m[1m>[22m[39m[90m 29 |[39m             console[33m.[39mwarn([32m'ΓÜá∩╕Å No workspace folder found ΓÇô using test mode only'[39m)[33m;[39m
     [90m    |[39m                     [31m[1m^[22m[39m
     [90m 30 |[39m             [36mreturn[39m [][33m;[39m
     [90m 31 |[39m         }
     [90m 32 |[39m[0m

      at loadTasksFromPlanFile (src/plans/planningStub.ts:29:21)
      at activate (src/extension.ts:351:58)
      at Object.<anonymous> (tests/extension.statusBar.test.ts:160:9)

  console.log
    Γä╣∩╕Å  No tasks loaded from plan file

      at activate (src/extension.ts:359:25)

  console.log
    ≡ƒöä Calling treeDataProvider.refresh() after loading tasks

      at activate (src/extension.ts:370:21)

  console.log
    ΓòÉΓòÉΓòÉΓòÉΓòÉΓòÉΓòÉΓòÉΓòÉΓòÉΓòÉΓòÉΓòÉΓòÉΓòÉΓòÉΓòÉΓòÉΓòÉΓòÉΓòÉΓòÉΓòÉΓòÉΓòÉΓòÉΓòÉΓòÉΓòÉΓòÉΓòÉΓòÉΓòÉΓòÉΓòÉΓòÉΓòÉΓòÉΓòÉΓòÉΓòÉΓòÉΓòÉΓòÉΓòÉΓòÉΓòÉΓòÉΓòÉΓòÉΓòÉΓòÉΓòÉΓòÉΓòÉΓòÉΓòÉΓòÉΓòÉ

      at activate (src/extension.ts:377:17)

  console.log
    ≡ƒöì TREE VIEW DEBUG SUMMARY

      at activate (src/extension.ts:378:17)

  console.log
    ΓòÉΓòÉΓòÉΓòÉΓòÉΓòÉΓòÉΓòÉΓòÉΓòÉΓòÉΓòÉΓòÉΓòÉΓòÉΓòÉΓòÉΓòÉΓòÉΓòÉΓòÉΓòÉΓòÉΓòÉΓòÉΓòÉΓòÉΓòÉΓòÉΓòÉΓòÉΓòÉΓòÉΓòÉΓòÉΓòÉΓòÉΓòÉΓòÉΓòÉΓòÉΓòÉΓòÉΓòÉΓòÉΓòÉΓòÉΓòÉΓòÉΓòÉΓòÉΓòÉΓòÉΓòÉΓòÉΓòÉΓòÉΓòÉΓòÉ

      at activate (src/extension.ts:379:17)

  console.log
    ≡ƒôè Total tasks in orchestrator: 0

      at activate (src/extension.ts:380:17)

  console.log
    ≡ƒöì getReadyTasks() called - Total queue size: 0

      at ProgrammingOrchestrator.getReadyTasks (src/orchestrator/programmingOrchestrator.ts:694:17)

  console.log
    ≡ƒôè getReadyTasks() returning 0 tasks

      at ProgrammingOrchestrator.getReadyTasks (src/orchestrator/programmingOrchestrator.ts:722:17)

  console.log
    Γ£à Ready tasks: 0

      at activate (src/extension.ts:381:17)

  console.log
    ≡ƒî│ Tree provider initialized: true

      at activate (src/extension.ts:382:17)

  console.log
    ≡ƒô║ Tree views created: true

      at activate (src/extension.ts:383:17)

  console.log
    ≡ƒöì getReadyTasks() called - Total queue size: 0

      at ProgrammingOrchestrator.getReadyTasks (src/orchestrator/programmingOrchestrator.ts:694:17)

  console.log
    ≡ƒôè getReadyTasks() returning 0 tasks

      at ProgrammingOrchestrator.getReadyTasks (src/orchestrator/programmingOrchestrator.ts:722:17)

  console.log
    ΓÜá∩╕Å  No ready tasks found! Check task status in orchestrator.

      at activate (src/extension.ts:392:25)

  console.log
    ΓòÉΓòÉΓòÉΓòÉΓòÉΓòÉΓòÉΓòÉΓòÉΓòÉΓòÉΓòÉΓòÉΓòÉΓòÉΓòÉΓòÉΓòÉΓòÉΓòÉΓòÉΓòÉΓòÉΓòÉΓòÉΓòÉΓòÉΓòÉΓòÉΓòÉΓòÉΓòÉΓòÉΓòÉΓòÉΓòÉΓòÉΓòÉΓòÉΓòÉΓòÉΓòÉΓòÉΓòÉΓòÉΓòÉΓòÉΓòÉΓòÉΓòÉΓòÉΓòÉΓòÉΓòÉΓòÉΓòÉΓòÉΓòÉΓòÉ

      at activate (src/extension.ts:395:17)

  console.log


      at activate (src/extension.ts:396:17)

  console.error
    Γ¥î COE Activation failed: Cannot read properties of undefined (reading 'get')

    [0m [90m 1279 |[39m     } [36mcatch[39m (error) {
     [90m 1280 |[39m         [36mconst[39m errorMsg [33m=[39m error [36minstanceof[39m [33mError[39m [33m?[39m error[33m.[39mmessage [33m:[39m [33mString[39m(error)[33m;[39m
    [31m[1m>[22m[39m[90m 1281 |[39m         console[33m.[39merror([32m'Γ¥î COE Activation failed:'[39m[33m,[39m errorMsg)[33m;[39m
     [90m      |[39m                 [31m[1m^[22m[39m
     [90m 1282 |[39m
     [90m 1283 |[39m         [36mif[39m (orchestratorOutputChannel) {
     [90m 1284 |[39m             orchestratorOutputChannel[33m.[39mappendLine([32m`Γ¥î ACTIVATION FAILED: ${errorMsg}`[39m)[33m;[39m[0m

      at activate (src/extension.ts:1281:17)
      at Object.<anonymous> (tests/extension.statusBar.test.ts:160:9)

  console.log
    ≡ƒôï Task added to queue: LM-1 (Priority: P1, Status: ready)

      at ProgrammingOrchestrator.addTask (src/orchestrator/programmingOrchestrator.ts:647:17)

  console.log
    ≡ƒî▓ TreeView refreshed after queue change

      at ProgrammingOrchestrator.notifyTreeViewUpdate (src/orchestrator/programmingOrchestrator.ts:319:21)

  console.log
    ≡ƒÜÇ COE Activated

      at activate (src/extension.ts:139:13)

  console.warn
    No workspace root found, using defaults

    [0m [90m 108 |[39m             [36mconst[39m root [33m=[39m workspaceRoot [33m||[39m [36mthis[39m[33m.[39mgetWorkspaceRoot()[33m;[39m
     [90m 109 |[39m             [36mif[39m ([33m![39mroot) {
    [31m[1m>[22m[39m[90m 110 |[39m                 console[33m.[39mwarn([32m'No workspace root found, using defaults'[39m)[33m;[39m
     [90m     |[39m                         [31m[1m^[22m[39m
     [90m 111 |[39m                 [36mthis[39m[33m.[39minstance [33m=[39m [33mDEFAULT_CONFIG[39m[33m;[39m
     [90m 112 |[39m                 [36mreturn[39m[33m;[39m
     [90m 113 |[39m             }[0m

      at FileConfigManager.initialize (src/utils/fileConfig.ts:110:25)
      at activate (src/extension.ts:177:37)
      at Object.<anonymous> (tests/extension.statusBar.test.ts:233:23)

  console.log
    [COE.Extension] Γä╣∩╕Å Programming Orchestrator: Initializing...

      at SimpleLogger.info (src/orchestrator/programmingOrchestrator.ts:1436:17)

  console.log
    [COE.Extension] Γä╣∩╕Å Γ£à Programming Orchestrator: Ready (one-thing-at-a-time enforced)

      at SimpleLogger.info (src/orchestrator/programmingOrchestrator.ts:1436:17)

  console.warn
    ΓÜá∩╕Å No workspace state available, skipping task load

    [0m [90m 344 |[39m     [36mprivate[39m [36masync[39m loadPersistedTasks()[33m:[39m [33mPromise[39m[33m<[39m[36mvoid[39m[33m>[39m {
     [90m 345 |[39m         [36mif[39m ([33m![39m[36mthis[39m[33m.[39mworkspaceState) {
    [31m[1m>[22m[39m[90m 346 |[39m             console[33m.[39mwarn([32m'ΓÜá∩╕Å No workspace state available, skipping task load'[39m)[33m;[39m
     [90m     |[39m                     [31m[1m^[22m[39m
     [90m 347 |[39m             [36mreturn[39m[33m;[39m
     [90m 348 |[39m         }
     [90m 349 |[39m[0m

      at ProgrammingOrchestrator.loadPersistedTasks (src/orchestrator/programmingOrchestrator.ts:346:21)
      at ProgrammingOrchestrator.initializeWithPersistence (src/orchestrator/programmingOrchestrator.ts:334:20)
      at activate (src/extension.ts:257:43)
      at Object.<anonymous> (tests/extension.statusBar.test.ts:233:9)

  console.log
    Γä╣∩╕Å No tasks to reconcile (queue empty)

      at ProgrammingOrchestrator.reconcileTasks (src/orchestrator/programmingOrchestrator.ts:420:21)

  console.log
    Γ£à ProgrammingOrchestrator initialized with persistence

      at ProgrammingOrchestrator.initializeWithPersistence (src/orchestrator/programmingOrchestrator.ts:336:17)

  console.log
    Γ£à TreeView provider linked to ProgrammingOrchestrator

      at ProgrammingOrchestrator.setTreeDataProvider (src/orchestrator/programmingOrchestrator.ts:297:17)

  console.log
    Γ£à CompletedTasksTreeProvider linked to ProgrammingOrchestrator

      at ProgrammingOrchestrator.setCompletedTasksProvider (src/orchestrator/programmingOrchestrator.ts:309:17)

  console.warn
    ΓÜá∩╕Å No workspace folder found ΓÇô using test mode only

    [0m [90m 27 |[39m         [36mconst[39m workspaceFolder [33m=[39m vscode[33m.[39mworkspace[33m.[39mworkspaceFolders[33m?[39m[33m.[39m[[35m0[39m][33m;[39m
     [90m 28 |[39m         [36mif[39m ([33m![39mworkspaceFolder) {
    [31m[1m>[22m[39m[90m 29 |[39m             console[33m.[39mwarn([32m'ΓÜá∩╕Å No workspace folder found ΓÇô using test mode only'[39m)[33m;[39m
     [90m    |[39m                     [31m[1m^[22m[39m
     [90m 30 |[39m             [36mreturn[39m [][33m;[39m
     [90m 31 |[39m         }
     [90m 32 |[39m[0m

      at loadTasksFromPlanFile (src/plans/planningStub.ts:29:21)
      at activate (src/extension.ts:351:58)
      at Object.<anonymous> (tests/extension.statusBar.test.ts:233:9)

  console.log
    Γä╣∩╕Å  No tasks loaded from plan file

      at activate (src/extension.ts:359:25)

  console.log
    ≡ƒöä Calling treeDataProvider.refresh() after loading tasks

      at activate (src/extension.ts:370:21)

  console.log
    ΓòÉΓòÉΓòÉΓòÉΓòÉΓòÉΓòÉΓòÉΓòÉΓòÉΓòÉΓòÉΓòÉΓòÉΓòÉΓòÉΓòÉΓòÉΓòÉΓòÉΓòÉΓòÉΓòÉΓòÉΓòÉΓòÉΓòÉΓòÉΓòÉΓòÉΓòÉΓòÉΓòÉΓòÉΓòÉΓòÉΓòÉΓòÉΓòÉΓòÉΓòÉΓòÉΓòÉΓòÉΓòÉΓòÉΓòÉΓòÉΓòÉΓòÉΓòÉΓòÉΓòÉΓòÉΓòÉΓòÉΓòÉΓòÉΓòÉ

      at activate (src/extension.ts:377:17)

  console.log
    ≡ƒöì TREE VIEW DEBUG SUMMARY

      at activate (src/extension.ts:378:17)

  console.log
    ΓòÉΓòÉΓòÉΓòÉΓòÉΓòÉΓòÉΓòÉΓòÉΓòÉΓòÉΓòÉΓòÉΓòÉΓòÉΓòÉΓòÉΓòÉΓòÉΓòÉΓòÉΓòÉΓòÉΓòÉΓòÉΓòÉΓòÉΓòÉΓòÉΓòÉΓòÉΓòÉΓòÉΓòÉΓòÉΓòÉΓòÉΓòÉΓòÉΓòÉΓòÉΓòÉΓòÉΓòÉΓòÉΓòÉΓòÉΓòÉΓòÉΓòÉΓòÉΓòÉΓòÉΓòÉΓòÉΓòÉΓòÉΓòÉΓòÉ

      at activate (src/extension.ts:379:17)

  console.log
    ≡ƒôè Total tasks in orchestrator: 0

      at activate (src/extension.ts:380:17)

  console.log
    ≡ƒöì getReadyTasks() called - Total queue size: 0

      at ProgrammingOrchestrator.getReadyTasks (src/orchestrator/programmingOrchestrator.ts:694:17)

  console.log
    ≡ƒôè getReadyTasks() returning 0 tasks

      at ProgrammingOrchestrator.getReadyTasks (src/orchestrator/programmingOrchestrator.ts:722:17)

  console.log
    Γ£à Ready tasks: 0

      at activate (src/extension.ts:381:17)

  console.log
    ≡ƒî│ Tree provider initialized: true

      at activate (src/extension.ts:382:17)

  console.log
    ≡ƒô║ Tree views created: true

      at activate (src/extension.ts:383:17)

  console.log
    ≡ƒöì getReadyTasks() called - Total queue size: 0

      at ProgrammingOrchestrator.getReadyTasks (src/orchestrator/programmingOrchestrator.ts:694:17)

  console.log
    ≡ƒôè getReadyTasks() returning 0 tasks

      at ProgrammingOrchestrator.getReadyTasks (src/orchestrator/programmingOrchestrator.ts:722:17)

  console.log
    ΓÜá∩╕Å  No ready tasks found! Check task status in orchestrator.

      at activate (src/extension.ts:392:25)

  console.log
    ΓòÉΓòÉΓòÉΓòÉΓòÉΓòÉΓòÉΓòÉΓòÉΓòÉΓòÉΓòÉΓòÉΓòÉΓòÉΓòÉΓòÉΓòÉΓòÉΓòÉΓòÉΓòÉΓòÉΓòÉΓòÉΓòÉΓòÉΓòÉΓòÉΓòÉΓòÉΓòÉΓòÉΓòÉΓòÉΓòÉΓòÉΓòÉΓòÉΓòÉΓòÉΓòÉΓòÉΓòÉΓòÉΓòÉΓòÉΓòÉΓòÉΓòÉΓòÉΓòÉΓòÉΓòÉΓòÉΓòÉΓòÉΓòÉΓòÉ

      at activate (src/extension.ts:395:17)

  console.log


      at activate (src/extension.ts:396:17)

  console.error
    Γ¥î COE Activation failed: Cannot read properties of undefined (reading 'get')

    [0m [90m 1279 |[39m     } [36mcatch[39m (error) {
     [90m 1280 |[39m         [36mconst[39m errorMsg [33m=[39m error [36minstanceof[39m [33mError[39m [33m?[39m error[33m.[39mmessage [33m:[39m [33mString[39m(error)[33m;[39m
    [31m[1m>[22m[39m[90m 1281 |[39m         console[33m.[39merror([32m'Γ¥î COE Activation failed:'[39m[33m,[39m errorMsg)[33m;[39m
     [90m      |[39m                 [31m[1m^[22m[39m
     [90m 1282 |[39m
     [90m 1283 |[39m         [36mif[39m (orchestratorOutputChannel) {
     [90m 1284 |[39m             orchestratorOutputChannel[33m.[39mappendLine([32m`Γ¥î ACTIVATION FAILED: ${errorMsg}`[39m)[33m;[39m[0m

      at activate (src/extension.ts:1281:17)
      at Object.<anonymous> (tests/extension.statusBar.test.ts:233:9)

  console.log
    ≡ƒôï Task added to queue: LM-meta-1 (Priority: P1, Status: ready)

      at ProgrammingOrchestrator.addTask (src/orchestrator/programmingOrchestrator.ts:647:17)

  console.log
    ≡ƒî▓ TreeView refreshed after queue change

      at ProgrammingOrchestrator.notifyTreeViewUpdate (src/orchestrator/programmingOrchestrator.ts:319:21)

  console.log
    ≡ƒÜÇ COE Activated

      at activate (src/extension.ts:139:13)

  console.warn
    No workspace root found, using defaults

    [0m [90m 108 |[39m             [36mconst[39m root [33m=[39m workspaceRoot [33m||[39m [36mthis[39m[33m.[39mgetWorkspaceRoot()[33m;[39m
     [90m 109 |[39m             [36mif[39m ([33m![39mroot) {
    [31m[1m>[22m[39m[90m 110 |[39m                 console[33m.[39mwarn([32m'No workspace root found, using defaults'[39m)[33m;[39m
     [90m     |[39m                         [31m[1m^[22m[39m
     [90m 111 |[39m                 [36mthis[39m[33m.[39minstance [33m=[39m [33mDEFAULT_CONFIG[39m[33m;[39m
     [90m 112 |[39m                 [36mreturn[39m[33m;[39m
     [90m 113 |[39m             }[0m

      at FileConfigManager.initialize (src/utils/fileConfig.ts:110:25)
      at activate (src/extension.ts:177:37)
      at Object.<anonymous> (tests/extension.statusBar.test.ts:290:23)

  console.log
    [COE.Extension] Γä╣∩╕Å Programming Orchestrator: Initializing...

      at SimpleLogger.info (src/orchestrator/programmingOrchestrator.ts:1436:17)

  console.log
    [COE.Extension] Γä╣∩╕Å Γ£à Programming Orchestrator: Ready (one-thing-at-a-time enforced)

      at SimpleLogger.info (src/orchestrator/programmingOrchestrator.ts:1436:17)

  console.warn
    ΓÜá∩╕Å No workspace state available, skipping task load

    [0m [90m 344 |[39m     [36mprivate[39m [36masync[39m loadPersistedTasks()[33m:[39m [33mPromise[39m[33m<[39m[36mvoid[39m[33m>[39m {
     [90m 345 |[39m         [36mif[39m ([33m![39m[36mthis[39m[33m.[39mworkspaceState) {
    [31m[1m>[22m[39m[90m 346 |[39m             console[33m.[39mwarn([32m'ΓÜá∩╕Å No workspace state available, skipping task load'[39m)[33m;[39m
     [90m     |[39m                     [31m[1m^[22m[39m
     [90m 347 |[39m             [36mreturn[39m[33m;[39m
     [90m 348 |[39m         }
     [90m 349 |[39m[0m

      at ProgrammingOrchestrator.loadPersistedTasks (src/orchestrator/programmingOrchestrator.ts:346:21)
      at ProgrammingOrchestrator.initializeWithPersistence (src/orchestrator/programmingOrchestrator.ts:334:20)
      at activate (src/extension.ts:257:43)
      at Object.<anonymous> (tests/extension.statusBar.test.ts:290:9)

  console.log
    Γä╣∩╕Å No tasks to reconcile (queue empty)

      at ProgrammingOrchestrator.reconcileTasks (src/orchestrator/programmingOrchestrator.ts:420:21)

  console.log
    Γ£à ProgrammingOrchestrator initialized with persistence

      at ProgrammingOrchestrator.initializeWithPersistence (src/orchestrator/programmingOrchestrator.ts:336:17)

  console.log
    Γ£à TreeView provider linked to ProgrammingOrchestrator

      at ProgrammingOrchestrator.setTreeDataProvider (src/orchestrator/programmingOrchestrator.ts:297:17)

  console.log
    Γ£à CompletedTasksTreeProvider linked to ProgrammingOrchestrator

      at ProgrammingOrchestrator.setCompletedTasksProvider (src/orchestrator/programmingOrchestrator.ts:309:17)

  console.warn
    ΓÜá∩╕Å No workspace folder found ΓÇô using test mode only

    [0m [90m 27 |[39m         [36mconst[39m workspaceFolder [33m=[39m vscode[33m.[39mworkspace[33m.[39mworkspaceFolders[33m?[39m[33m.[39m[[35m0[39m][33m;[39m
     [90m 28 |[39m         [36mif[39m ([33m![39mworkspaceFolder) {
    [31m[1m>[22m[39m[90m 29 |[39m             console[33m.[39mwarn([32m'ΓÜá∩╕Å No workspace folder found ΓÇô using test mode only'[39m)[33m;[39m
     [90m    |[39m                     [31m[1m^[22m[39m
     [90m 30 |[39m             [36mreturn[39m [][33m;[39m
     [90m 31 |[39m         }
     [90m 32 |[39m[0m

      at loadTasksFromPlanFile (src/plans/planningStub.ts:29:21)
      at activate (src/extension.ts:351:58)
      at Object.<anonymous> (tests/extension.statusBar.test.ts:290:9)

  console.log
    Γä╣∩╕Å  No tasks loaded from plan file

      at activate (src/extension.ts:359:25)

  console.log
    ≡ƒöä Calling treeDataProvider.refresh() after loading tasks

      at activate (src/extension.ts:370:21)

  console.log
    ΓòÉΓòÉΓòÉΓòÉΓòÉΓòÉΓòÉΓòÉΓòÉΓòÉΓòÉΓòÉΓòÉΓòÉΓòÉΓòÉΓòÉΓòÉΓòÉΓòÉΓòÉΓòÉΓòÉΓòÉΓòÉΓòÉΓòÉΓòÉΓòÉΓòÉΓòÉΓòÉΓòÉΓòÉΓòÉΓòÉΓòÉΓòÉΓòÉΓòÉΓòÉΓòÉΓòÉΓòÉΓòÉΓòÉΓòÉΓòÉΓòÉΓòÉΓòÉΓòÉΓòÉΓòÉΓòÉΓòÉΓòÉΓòÉΓòÉ

      at activate (src/extension.ts:377:17)

  console.log
    ≡ƒöì TREE VIEW DEBUG SUMMARY

      at activate (src/extension.ts:378:17)

  console.log
    ΓòÉΓòÉΓòÉΓòÉΓòÉΓòÉΓòÉΓòÉΓòÉΓòÉΓòÉΓòÉΓòÉΓòÉΓòÉΓòÉΓòÉΓòÉΓòÉΓòÉΓòÉΓòÉΓòÉΓòÉΓòÉΓòÉΓòÉΓòÉΓòÉΓòÉΓòÉΓòÉΓòÉΓòÉΓòÉΓòÉΓòÉΓòÉΓòÉΓòÉΓòÉΓòÉΓòÉΓòÉΓòÉΓòÉΓòÉΓòÉΓòÉΓòÉΓòÉΓòÉΓòÉΓòÉΓòÉΓòÉΓòÉΓòÉΓòÉ

      at activate (src/extension.ts:379:17)

  console.log
    ≡ƒôè Total tasks in orchestrator: 0

      at activate (src/extension.ts:380:17)

  console.log
    ≡ƒöì getReadyTasks() called - Total queue size: 0

      at ProgrammingOrchestrator.getReadyTasks (src/orchestrator/programmingOrchestrator.ts:694:17)

  console.log
    ≡ƒôè getReadyTasks() returning 0 tasks

      at ProgrammingOrchestrator.getReadyTasks (src/orchestrator/programmingOrchestrator.ts:722:17)

  console.log
    Γ£à Ready tasks: 0

      at activate (src/extension.ts:381:17)

  console.log
    ≡ƒî│ Tree provider initialized: true

      at activate (src/extension.ts:382:17)

  console.log
    ≡ƒô║ Tree views created: true

      at activate (src/extension.ts:383:17)

  console.log
    ≡ƒöì getReadyTasks() called - Total queue size: 0

      at ProgrammingOrchestrator.getReadyTasks (src/orchestrator/programmingOrchestrator.ts:694:17)

  console.log
    ≡ƒôè getReadyTasks() returning 0 tasks

      at ProgrammingOrchestrator.getReadyTasks (src/orchestrator/programmingOrchestrator.ts:722:17)

  console.log
    ΓÜá∩╕Å  No ready tasks found! Check task status in orchestrator.

      at activate (src/extension.ts:392:25)

  console.log
    ΓòÉΓòÉΓòÉΓòÉΓòÉΓòÉΓòÉΓòÉΓòÉΓòÉΓòÉΓòÉΓòÉΓòÉΓòÉΓòÉΓòÉΓòÉΓòÉΓòÉΓòÉΓòÉΓòÉΓòÉΓòÉΓòÉΓòÉΓòÉΓòÉΓòÉΓòÉΓòÉΓòÉΓòÉΓòÉΓòÉΓòÉΓòÉΓòÉΓòÉΓòÉΓòÉΓòÉΓòÉΓòÉΓòÉΓòÉΓòÉΓòÉΓòÉΓòÉΓòÉΓòÉΓòÉΓòÉΓòÉΓòÉΓòÉΓòÉ

      at activate (src/extension.ts:395:17)

  console.log


      at activate (src/extension.ts:396:17)

  console.error
    Γ¥î COE Activation failed: Cannot read properties of undefined (reading 'get')

    [0m [90m 1279 |[39m     } [36mcatch[39m (error) {
     [90m 1280 |[39m         [36mconst[39m errorMsg [33m=[39m error [36minstanceof[39m [33mError[39m [33m?[39m error[33m.[39mmessage [33m:[39m [33mString[39m(error)[33m;[39m
    [31m[1m>[22m[39m[90m 1281 |[39m         console[33m.[39merror([32m'Γ¥î COE Activation failed:'[39m[33m,[39m errorMsg)[33m;[39m
     [90m      |[39m                 [31m[1m^[22m[39m
     [90m 1282 |[39m
     [90m 1283 |[39m         [36mif[39m (orchestratorOutputChannel) {
     [90m 1284 |[39m             orchestratorOutputChannel[33m.[39mappendLine([32m`Γ¥î ACTIVATION FAILED: ${errorMsg}`[39m)[33m;[39m[0m

      at activate (src/extension.ts:1281:17)
      at Object.<anonymous> (tests/extension.statusBar.test.ts:290:9)

  console.log
    ≡ƒôï Task added to queue: LM-malformed-1 (Priority: P1, Status: ready)

      at ProgrammingOrchestrator.addTask (src/orchestrator/programmingOrchestrator.ts:647:17)

  console.log
    ≡ƒî▓ TreeView refreshed after queue change

      at ProgrammingOrchestrator.notifyTreeViewUpdate (src/orchestrator/programmingOrchestrator.ts:319:21)

  console.log
    ≡ƒÜÇ COE Activated

      at activate (src/extension.ts:139:13)

  console.warn
    No workspace root found, using defaults

    [0m [90m 108 |[39m             [36mconst[39m root [33m=[39m workspaceRoot [33m||[39m [36mthis[39m[33m.[39mgetWorkspaceRoot()[33m;[39m
     [90m 109 |[39m             [36mif[39m ([33m![39mroot) {
    [31m[1m>[22m[39m[90m 110 |[39m                 console[33m.[39mwarn([32m'No workspace root found, using defaults'[39m)[33m;[39m
     [90m     |[39m                         [31m[1m^[22m[39m
     [90m 111 |[39m                 [36mthis[39m[33m.[39minstance [33m=[39m [33mDEFAULT_CONFIG[39m[33m;[39m
     [90m 112 |[39m                 [36mreturn[39m[33m;[39m
     [90m 113 |[39m             }[0m

      at FileConfigManager.initialize (src/utils/fileConfig.ts:110:25)
      at activate (src/extension.ts:177:37)
      at Object.<anonymous> (tests/extension.statusBar.test.ts:348:23)

  console.log
    [COE.Extension] Γä╣∩╕Å Programming Orchestrator: Initializing...

      at SimpleLogger.info (src/orchestrator/programmingOrchestrator.ts:1436:17)

  console.log
    [COE.Extension] Γä╣∩╕Å Γ£à Programming Orchestrator: Ready (one-thing-at-a-time enforced)

      at SimpleLogger.info (src/orchestrator/programmingOrchestrator.ts:1436:17)

  console.warn
    ΓÜá∩╕Å No workspace state available, skipping task load

    [0m [90m 344 |[39m     [36mprivate[39m [36masync[39m loadPersistedTasks()[33m:[39m [33mPromise[39m[33m<[39m[36mvoid[39m[33m>[39m {
     [90m 345 |[39m         [36mif[39m ([33m![39m[36mthis[39m[33m.[39mworkspaceState) {
    [31m[1m>[22m[39m[90m 346 |[39m             console[33m.[39mwarn([32m'ΓÜá∩╕Å No workspace state available, skipping task load'[39m)[33m;[39m
     [90m     |[39m                     [31m[1m^[22m[39m
     [90m 347 |[39m             [36mreturn[39m[33m;[39m
     [90m 348 |[39m         }
     [90m 349 |[39m[0m

      at ProgrammingOrchestrator.loadPersistedTasks (src/orchestrator/programmingOrchestrator.ts:346:21)
      at ProgrammingOrchestrator.initializeWithPersistence (src/orchestrator/programmingOrchestrator.ts:334:20)
      at activate (src/extension.ts:257:43)
      at Object.<anonymous> (tests/extension.statusBar.test.ts:348:9)

  console.log
    Γä╣∩╕Å No tasks to reconcile (queue empty)

      at ProgrammingOrchestrator.reconcileTasks (src/orchestrator/programmingOrchestrator.ts:420:21)

  console.log
    Γ£à ProgrammingOrchestrator initialized with persistence

      at ProgrammingOrchestrator.initializeWithPersistence (src/orchestrator/programmingOrchestrator.ts:336:17)

  console.log
    Γ£à TreeView provider linked to ProgrammingOrchestrator

      at ProgrammingOrchestrator.setTreeDataProvider (src/orchestrator/programmingOrchestrator.ts:297:17)

  console.log
    Γ£à CompletedTasksTreeProvider linked to ProgrammingOrchestrator

      at ProgrammingOrchestrator.setCompletedTasksProvider (src/orchestrator/programmingOrchestrator.ts:309:17)

  console.warn
    ΓÜá∩╕Å No workspace folder found ΓÇô using test mode only

    [0m [90m 27 |[39m         [36mconst[39m workspaceFolder [33m=[39m vscode[33m.[39mworkspace[33m.[39mworkspaceFolders[33m?[39m[33m.[39m[[35m0[39m][33m;[39m
     [90m 28 |[39m         [36mif[39m ([33m![39mworkspaceFolder) {
    [31m[1m>[22m[39m[90m 29 |[39m             console[33m.[39mwarn([32m'ΓÜá∩╕Å No workspace folder found ΓÇô using test mode only'[39m)[33m;[39m
     [90m    |[39m                     [31m[1m^[22m[39m
     [90m 30 |[39m             [36mreturn[39m [][33m;[39m
     [90m 31 |[39m         }
     [90m 32 |[39m[0m

      at loadTasksFromPlanFile (src/plans/planningStub.ts:29:21)
      at activate (src/extension.ts:351:58)
      at Object.<anonymous> (tests/extension.statusBar.test.ts:348:9)

  console.log
    Γä╣∩╕Å  No tasks loaded from plan file

      at activate (src/extension.ts:359:25)

  console.log
    ≡ƒöä Calling treeDataProvider.refresh() after loading tasks

      at activate (src/extension.ts:370:21)

  console.log
    ΓòÉΓòÉΓòÉΓòÉΓòÉΓòÉΓòÉΓòÉΓòÉΓòÉΓòÉΓòÉΓòÉΓòÉΓòÉΓòÉΓòÉΓòÉΓòÉΓòÉΓòÉΓòÉΓòÉΓòÉΓòÉΓòÉΓòÉΓòÉΓòÉΓòÉΓòÉΓòÉΓòÉΓòÉΓòÉΓòÉΓòÉΓòÉΓòÉΓòÉΓòÉΓòÉΓòÉΓòÉΓòÉΓòÉΓòÉΓòÉΓòÉΓòÉΓòÉΓòÉΓòÉΓòÉΓòÉΓòÉΓòÉΓòÉΓòÉ

      at activate (src/extension.ts:377:17)

  console.log
    ≡ƒöì TREE VIEW DEBUG SUMMARY

      at activate (src/extension.ts:378:17)

  console.log
    ΓòÉΓòÉΓòÉΓòÉΓòÉΓòÉΓòÉΓòÉΓòÉΓòÉΓòÉΓòÉΓòÉΓòÉΓòÉΓòÉΓòÉΓòÉΓòÉΓòÉΓòÉΓòÉΓòÉΓòÉΓòÉΓòÉΓòÉΓòÉΓòÉΓòÉΓòÉΓòÉΓòÉΓòÉΓòÉΓòÉΓòÉΓòÉΓòÉΓòÉΓòÉΓòÉΓòÉΓòÉΓòÉΓòÉΓòÉΓòÉΓòÉΓòÉΓòÉΓòÉΓòÉΓòÉΓòÉΓòÉΓòÉΓòÉΓòÉ

      at activate (src/extension.ts:379:17)

  console.log
    ≡ƒôè Total tasks in orchestrator: 0

      at activate (src/extension.ts:380:17)

  console.log
    ≡ƒöì getReadyTasks() called - Total queue size: 0

      at ProgrammingOrchestrator.getReadyTasks (src/orchestrator/programmingOrchestrator.ts:694:17)

  console.log
    ≡ƒôè getReadyTasks() returning 0 tasks

      at ProgrammingOrchestrator.getReadyTasks (src/orchestrator/programmingOrchestrator.ts:722:17)

  console.log
    Γ£à Ready tasks: 0

      at activate (src/extension.ts:381:17)

  console.log
    ≡ƒî│ Tree provider initialized: true

      at activate (src/extension.ts:382:17)

  console.log
    ≡ƒô║ Tree views created: true

      at activate (src/extension.ts:383:17)

  console.log
    ≡ƒöì getReadyTasks() called - Total queue size: 0

      at ProgrammingOrchestrator.getReadyTasks (src/orchestrator/programmingOrchestrator.ts:694:17)

  console.log
    ≡ƒôè getReadyTasks() returning 0 tasks

      at ProgrammingOrchestrator.getReadyTasks (src/orchestrator/programmingOrchestrator.ts:722:17)

  console.log
    ΓÜá∩╕Å  No ready tasks found! Check task status in orchestrator.

      at activate (src/extension.ts:392:25)

  console.log
    ΓòÉΓòÉΓòÉΓòÉΓòÉΓòÉΓòÉΓòÉΓòÉΓòÉΓòÉΓòÉΓòÉΓòÉΓòÉΓòÉΓòÉΓòÉΓòÉΓòÉΓòÉΓòÉΓòÉΓòÉΓòÉΓòÉΓòÉΓòÉΓòÉΓòÉΓòÉΓòÉΓòÉΓòÉΓòÉΓòÉΓòÉΓòÉΓòÉΓòÉΓòÉΓòÉΓòÉΓòÉΓòÉΓòÉΓòÉΓòÉΓòÉΓòÉΓòÉΓòÉΓòÉΓòÉΓòÉΓòÉΓòÉΓòÉΓòÉ

      at activate (src/extension.ts:395:17)

  console.log


      at activate (src/extension.ts:396:17)

  console.error
    Γ¥î COE Activation failed: Cannot read properties of undefined (reading 'get')

    [0m [90m 1279 |[39m     } [36mcatch[39m (error) {
     [90m 1280 |[39m         [36mconst[39m errorMsg [33m=[39m error [36minstanceof[39m [33mError[39m [33m?[39m error[33m.[39mmessage [33m:[39m [33mString[39m(error)[33m;[39m
    [31m[1m>[22m[39m[90m 1281 |[39m         console[33m.[39merror([32m'Γ¥î COE Activation failed:'[39m[33m,[39m errorMsg)[33m;[39m
     [90m      |[39m                 [31m[1m^[22m[39m
     [90m 1282 |[39m
     [90m 1283 |[39m         [36mif[39m (orchestratorOutputChannel) {
     [90m 1284 |[39m             orchestratorOutputChannel[33m.[39mappendLine([32m`Γ¥î ACTIVATION FAILED: ${errorMsg}`[39m)[33m;[39m[0m

      at activate (src/extension.ts:1281:17)
      at Object.<anonymous> (tests/extension.statusBar.test.ts:348:9)

  console.log
    ≡ƒôï Task added to queue: LM-FAIL (Priority: P1, Status: ready)

      at ProgrammingOrchestrator.addTask (src/orchestrator/programmingOrchestrator.ts:647:17)

  console.log
    ≡ƒî▓ TreeView refreshed after queue change

      at ProgrammingOrchestrator.notifyTreeViewUpdate (src/orchestrator/programmingOrchestrator.ts:319:21)

  console.log
    ≡ƒÜÇ COE Activated

      at activate (src/extension.ts:139:13)

  console.warn
    No workspace root found, using defaults

    [0m [90m 108 |[39m             [36mconst[39m root [33m=[39m workspaceRoot [33m||[39m [36mthis[39m[33m.[39mgetWorkspaceRoot()[33m;[39m
     [90m 109 |[39m             [36mif[39m ([33m![39mroot) {
    [31m[1m>[22m[39m[90m 110 |[39m                 console[33m.[39mwarn([32m'No workspace root found, using defaults'[39m)[33m;[39m
     [90m     |[39m                         [31m[1m^[22m[39m
     [90m 111 |[39m                 [36mthis[39m[33m.[39minstance [33m=[39m [33mDEFAULT_CONFIG[39m[33m;[39m
     [90m 112 |[39m                 [36mreturn[39m[33m;[39m
     [90m 113 |[39m             }[0m

      at FileConfigManager.initialize (src/utils/fileConfig.ts:110:25)
      at activate (src/extension.ts:177:37)
      at Object.<anonymous> (tests/extension.statusBar.test.ts:391:23)

  console.log
    [COE.Extension] Γä╣∩╕Å Programming Orchestrator: Initializing...

      at SimpleLogger.info (src/orchestrator/programmingOrchestrator.ts:1436:17)

  console.log
    [COE.Extension] Γä╣∩╕Å Γ£à Programming Orchestrator: Ready (one-thing-at-a-time enforced)

      at SimpleLogger.info (src/orchestrator/programmingOrchestrator.ts:1436:17)

  console.warn
    ΓÜá∩╕Å No workspace state available, skipping task load

    [0m [90m 344 |[39m     [36mprivate[39m [36masync[39m loadPersistedTasks()[33m:[39m [33mPromise[39m[33m<[39m[36mvoid[39m[33m>[39m {
     [90m 345 |[39m         [36mif[39m ([33m![39m[36mthis[39m[33m.[39mworkspaceState) {
    [31m[1m>[22m[39m[90m 346 |[39m             console[33m.[39mwarn([32m'ΓÜá∩╕Å No workspace state available, skipping task load'[39m)[33m;[39m
     [90m     |[39m                     [31m[1m^[22m[39m
     [90m 347 |[39m             [36mreturn[39m[33m;[39m
     [90m 348 |[39m         }
     [90m 349 |[39m[0m

      at ProgrammingOrchestrator.loadPersistedTasks (src/orchestrator/programmingOrchestrator.ts:346:21)
      at ProgrammingOrchestrator.initializeWithPersistence (src/orchestrator/programmingOrchestrator.ts:334:20)
      at activate (src/extension.ts:257:43)
      at Object.<anonymous> (tests/extension.statusBar.test.ts:391:9)

  console.log
    Γä╣∩╕Å No tasks to reconcile (queue empty)

      at ProgrammingOrchestrator.reconcileTasks (src/orchestrator/programmingOrchestrator.ts:420:21)

  console.log
    Γ£à ProgrammingOrchestrator initialized with persistence

      at ProgrammingOrchestrator.initializeWithPersistence (src/orchestrator/programmingOrchestrator.ts:336:17)

  console.log
    Γ£à TreeView provider linked to ProgrammingOrchestrator

      at ProgrammingOrchestrator.setTreeDataProvider (src/orchestrator/programmingOrchestrator.ts:297:17)

  console.log
    Γ£à CompletedTasksTreeProvider linked to ProgrammingOrchestrator

      at ProgrammingOrchestrator.setCompletedTasksProvider (src/orchestrator/programmingOrchestrator.ts:309:17)

  console.warn
    ΓÜá∩╕Å No workspace folder found ΓÇô using test mode only

    [0m [90m 27 |[39m         [36mconst[39m workspaceFolder [33m=[39m vscode[33m.[39mworkspace[33m.[39mworkspaceFolders[33m?[39m[33m.[39m[[35m0[39m][33m;[39m
     [90m 28 |[39m         [36mif[39m ([33m![39mworkspaceFolder) {
    [31m[1m>[22m[39m[90m 29 |[39m             console[33m.[39mwarn([32m'ΓÜá∩╕Å No workspace folder found ΓÇô using test mode only'[39m)[33m;[39m
     [90m    |[39m                     [31m[1m^[22m[39m
     [90m 30 |[39m             [36mreturn[39m [][33m;[39m
     [90m 31 |[39m         }
     [90m 32 |[39m[0m

      at loadTasksFromPlanFile (src/plans/planningStub.ts:29:21)
      at activate (src/extension.ts:351:58)
      at Object.<anonymous> (tests/extension.statusBar.test.ts:391:9)

  console.log
    Γä╣∩╕Å  No tasks loaded from plan file

      at activate (src/extension.ts:359:25)

  console.log
    ≡ƒöä Calling treeDataProvider.refresh() after loading tasks

      at activate (src/extension.ts:370:21)

  console.log
    ΓòÉΓòÉΓòÉΓòÉΓòÉΓòÉΓòÉΓòÉΓòÉΓòÉΓòÉΓòÉΓòÉΓòÉΓòÉΓòÉΓòÉΓòÉΓòÉΓòÉΓòÉΓòÉΓòÉΓòÉΓòÉΓòÉΓòÉΓòÉΓòÉΓòÉΓòÉΓòÉΓòÉΓòÉΓòÉΓòÉΓòÉΓòÉΓòÉΓòÉΓòÉΓòÉΓòÉΓòÉΓòÉΓòÉΓòÉΓòÉΓòÉΓòÉΓòÉΓòÉΓòÉΓòÉΓòÉΓòÉΓòÉΓòÉΓòÉ

      at activate (src/extension.ts:377:17)

  console.log
    ≡ƒöì TREE VIEW DEBUG SUMMARY

      at activate (src/extension.ts:378:17)

  console.log
    ΓòÉΓòÉΓòÉΓòÉΓòÉΓòÉΓòÉΓòÉΓòÉΓòÉΓòÉΓòÉΓòÉΓòÉΓòÉΓòÉΓòÉΓòÉΓòÉΓòÉΓòÉΓòÉΓòÉΓòÉΓòÉΓòÉΓòÉΓòÉΓòÉΓòÉΓòÉΓòÉΓòÉΓòÉΓòÉΓòÉΓòÉΓòÉΓòÉΓòÉΓòÉΓòÉΓòÉΓòÉΓòÉΓòÉΓòÉΓòÉΓòÉΓòÉΓòÉΓòÉΓòÉΓòÉΓòÉΓòÉΓòÉΓòÉΓòÉ

      at activate (src/extension.ts:379:17)

  console.log
    ≡ƒôè Total tasks in orchestrator: 0

      at activate (src/extension.ts:380:17)

  console.log
    ≡ƒöì getReadyTasks() called - Total queue size: 0

      at ProgrammingOrchestrator.getReadyTasks (src/orchestrator/programmingOrchestrator.ts:694:17)

  console.log
    ≡ƒôè getReadyTasks() returning 0 tasks

      at ProgrammingOrchestrator.getReadyTasks (src/orchestrator/programmingOrchestrator.ts:722:17)

  console.log
    Γ£à Ready tasks: 0

      at activate (src/extension.ts:381:17)

  console.log
    ≡ƒî│ Tree provider initialized: true

      at activate (src/extension.ts:382:17)

  console.log
    ≡ƒô║ Tree views created: true

      at activate (src/extension.ts:383:17)

  console.log
    ≡ƒöì getReadyTasks() called - Total queue size: 0

      at ProgrammingOrchestrator.getReadyTasks (src/orchestrator/programmingOrchestrator.ts:694:17)

  console.log
    ≡ƒôè getReadyTasks() returning 0 tasks

      at ProgrammingOrchestrator.getReadyTasks (src/orchestrator/programmingOrchestrator.ts:722:17)

  console.log
    ΓÜá∩╕Å  No ready tasks found! Check task status in orchestrator.

      at activate (src/extension.ts:392:25)

  console.log
    ΓòÉΓòÉΓòÉΓòÉΓòÉΓòÉΓòÉΓòÉΓòÉΓòÉΓòÉΓòÉΓòÉΓòÉΓòÉΓòÉΓòÉΓòÉΓòÉΓòÉΓòÉΓòÉΓòÉΓòÉΓòÉΓòÉΓòÉΓòÉΓòÉΓòÉΓòÉΓòÉΓòÉΓòÉΓòÉΓòÉΓòÉΓòÉΓòÉΓòÉΓòÉΓòÉΓòÉΓòÉΓòÉΓòÉΓòÉΓòÉΓòÉΓòÉΓòÉΓòÉΓòÉΓòÉΓòÉΓòÉΓòÉΓòÉΓòÉ

      at activate (src/extension.ts:395:17)

  console.log


      at activate (src/extension.ts:396:17)

  console.error
    Γ¥î COE Activation failed: Cannot read properties of undefined (reading 'get')

    [0m [90m 1279 |[39m     } [36mcatch[39m (error) {
     [90m 1280 |[39m         [36mconst[39m errorMsg [33m=[39m error [36minstanceof[39m [33mError[39m [33m?[39m error[33m.[39mmessage [33m:[39m [33mString[39m(error)[33m;[39m
    [31m[1m>[22m[39m[90m 1281 |[39m         console[33m.[39merror([32m'Γ¥î COE Activation failed:'[39m[33m,[39m errorMsg)[33m;[39m
     [90m      |[39m                 [31m[1m^[22m[39m
     [90m 1282 |[39m
     [90m 1283 |[39m         [36mif[39m (orchestratorOutputChannel) {
     [90m 1284 |[39m             orchestratorOutputChannel[33m.[39mappendLine([32m`Γ¥î ACTIVATION FAILED: ${errorMsg}`[39m)[33m;[39m[0m

      at activate (src/extension.ts:1281:17)
      at Object.<anonymous> (tests/extension.statusBar.test.ts:391:9)

  console.log
    ≡ƒÜÇ COE Activated

      at activate (src/extension.ts:139:13)

  console.warn
    No workspace root found, using defaults

    [0m [90m 108 |[39m             [36mconst[39m root [33m=[39m workspaceRoot [33m||[39m [36mthis[39m[33m.[39mgetWorkspaceRoot()[33m;[39m
     [90m 109 |[39m             [36mif[39m ([33m![39mroot) {
    [31m[1m>[22m[39m[90m 110 |[39m                 console[33m.[39mwarn([32m'No workspace root found, using defaults'[39m)[33m;[39m
     [90m     |[39m                         [31m[1m^[22m[39m
     [90m 111 |[39m                 [36mthis[39m[33m.[39minstance [33m=[39m [33mDEFAULT_CONFIG[39m[33m;[39m
     [90m 112 |[39m                 [36mreturn[39m[33m;[39m
     [90m 113 |[39m             }[0m

      at FileConfigManager.initialize (src/utils/fileConfig.ts:110:25)
      at activate (src/extension.ts:177:37)
      at Object.<anonymous> (tests/extension.statusBar.test.ts:407:23)

  console.log
    [COE.Extension] Γä╣∩╕Å Programming Orchestrator: Initializing...

      at SimpleLogger.info (src/orchestrator/programmingOrchestrator.ts:1436:17)

  console.log
    [COE.Extension] Γä╣∩╕Å Γ£à Programming Orchestrator: Ready (one-thing-at-a-time enforced)

      at SimpleLogger.info (src/orchestrator/programmingOrchestrator.ts:1436:17)

  console.warn
    ΓÜá∩╕Å No workspace state available, skipping task load

    [0m [90m 344 |[39m     [36mprivate[39m [36masync[39m loadPersistedTasks()[33m:[39m [33mPromise[39m[33m<[39m[36mvoid[39m[33m>[39m {
     [90m 345 |[39m         [36mif[39m ([33m![39m[36mthis[39m[33m.[39mworkspaceState) {
    [31m[1m>[22m[39m[90m 346 |[39m             console[33m.[39mwarn([32m'ΓÜá∩╕Å No workspace state available, skipping task load'[39m)[33m;[39m
     [90m     |[39m                     [31m[1m^[22m[39m
     [90m 347 |[39m             [36mreturn[39m[33m;[39m
     [90m 348 |[39m         }
     [90m 349 |[39m[0m

      at ProgrammingOrchestrator.loadPersistedTasks (src/orchestrator/programmingOrchestrator.ts:346:21)
      at ProgrammingOrchestrator.initializeWithPersistence (src/orchestrator/programmingOrchestrator.ts:334:20)
      at activate (src/extension.ts:257:43)
      at Object.<anonymous> (tests/extension.statusBar.test.ts:407:9)

  console.log
    Γä╣∩╕Å No tasks to reconcile (queue empty)

      at ProgrammingOrchestrator.reconcileTasks (src/orchestrator/programmingOrchestrator.ts:420:21)

  console.log
    Γ£à ProgrammingOrchestrator initialized with persistence

      at ProgrammingOrchestrator.initializeWithPersistence (src/orchestrator/programmingOrchestrator.ts:336:17)

  console.log
    Γ£à TreeView provider linked to ProgrammingOrchestrator

      at ProgrammingOrchestrator.setTreeDataProvider (src/orchestrator/programmingOrchestrator.ts:297:17)

  console.log
    Γ£à CompletedTasksTreeProvider linked to ProgrammingOrchestrator

      at ProgrammingOrchestrator.setCompletedTasksProvider (src/orchestrator/programmingOrchestrator.ts:309:17)

  console.warn
    ΓÜá∩╕Å No workspace folder found ΓÇô using test mode only

    [0m [90m 27 |[39m         [36mconst[39m workspaceFolder [33m=[39m vscode[33m.[39mworkspace[33m.[39mworkspaceFolders[33m?[39m[33m.[39m[[35m0[39m][33m;[39m
     [90m 28 |[39m         [36mif[39m ([33m![39mworkspaceFolder) {
    [31m[1m>[22m[39m[90m 29 |[39m             console[33m.[39mwarn([32m'ΓÜá∩╕Å No workspace folder found ΓÇô using test mode only'[39m)[33m;[39m
     [90m    |[39m                     [31m[1m^[22m[39m
     [90m 30 |[39m             [36mreturn[39m [][33m;[39m
     [90m 31 |[39m         }
     [90m 32 |[39m[0m

      at loadTasksFromPlanFile (src/plans/planningStub.ts:29:21)
      at activate (src/extension.ts:351:58)
      at Object.<anonymous> (tests/extension.statusBar.test.ts:407:9)

  console.log
    Γä╣∩╕Å  No tasks loaded from plan file

      at activate (src/extension.ts:359:25)

  console.log
    ≡ƒöä Calling treeDataProvider.refresh() after loading tasks

      at activate (src/extension.ts:370:21)

  console.log
    ΓòÉΓòÉΓòÉΓòÉΓòÉΓòÉΓòÉΓòÉΓòÉΓòÉΓòÉΓòÉΓòÉΓòÉΓòÉΓòÉΓòÉΓòÉΓòÉΓòÉΓòÉΓòÉΓòÉΓòÉΓòÉΓòÉΓòÉΓòÉΓòÉΓòÉΓòÉΓòÉΓòÉΓòÉΓòÉΓòÉΓòÉΓòÉΓòÉΓòÉΓòÉΓòÉΓòÉΓòÉΓòÉΓòÉΓòÉΓòÉΓòÉΓòÉΓòÉΓòÉΓòÉΓòÉΓòÉΓòÉΓòÉΓòÉΓòÉ

      at activate (src/extension.ts:377:17)

  console.log
    ≡ƒöì TREE VIEW DEBUG SUMMARY

      at activate (src/extension.ts:378:17)

  console.log
    ΓòÉΓòÉΓòÉΓòÉΓòÉΓòÉΓòÉΓòÉΓòÉΓòÉΓòÉΓòÉΓòÉΓòÉΓòÉΓòÉΓòÉΓòÉΓòÉΓòÉΓòÉΓòÉΓòÉΓòÉΓòÉΓòÉΓòÉΓòÉΓòÉΓòÉΓòÉΓòÉΓòÉΓòÉΓòÉΓòÉΓòÉΓòÉΓòÉΓòÉΓòÉΓòÉΓòÉΓòÉΓòÉΓòÉΓòÉΓòÉΓòÉΓòÉΓòÉΓòÉΓòÉΓòÉΓòÉΓòÉΓòÉΓòÉΓòÉ

      at activate (src/extension.ts:379:17)

  console.log
    ≡ƒôè Total tasks in orchestrator: 0

      at activate (src/extension.ts:380:17)

  console.log
    ≡ƒöì getReadyTasks() called - Total queue size: 0

      at ProgrammingOrchestrator.getReadyTasks (src/orchestrator/programmingOrchestrator.ts:694:17)

  console.log
    ≡ƒôè getReadyTasks() returning 0 tasks

      at ProgrammingOrchestrator.getReadyTasks (src/orchestrator/programmingOrchestrator.ts:722:17)

  console.log
    Γ£à Ready tasks: 0

      at activate (src/extension.ts:381:17)

  console.log
    ≡ƒî│ Tree provider initialized: true

      at activate (src/extension.ts:382:17)

  console.log
    ≡ƒô║ Tree views created: true

      at activate (src/extension.ts:383:17)

  console.log
    ≡ƒöì getReadyTasks() called - Total queue size: 0

      at ProgrammingOrchestrator.getReadyTasks (src/orchestrator/programmingOrchestrator.ts:694:17)

  console.log
    ≡ƒôè getReadyTasks() returning 0 tasks

      at ProgrammingOrchestrator.getReadyTasks (src/orchestrator/programmingOrchestrator.ts:722:17)

  console.log
    ΓÜá∩╕Å  No ready tasks found! Check task status in orchestrator.

      at activate (src/extension.ts:392:25)

  console.log
    ΓòÉΓòÉΓòÉΓòÉΓòÉΓòÉΓòÉΓòÉΓòÉΓòÉΓòÉΓòÉΓòÉΓòÉΓòÉΓòÉΓòÉΓòÉΓòÉΓòÉΓòÉΓòÉΓòÉΓòÉΓòÉΓòÉΓòÉΓòÉΓòÉΓòÉΓòÉΓòÉΓòÉΓòÉΓòÉΓòÉΓòÉΓòÉΓòÉΓòÉΓòÉΓòÉΓòÉΓòÉΓòÉΓòÉΓòÉΓòÉΓòÉΓòÉΓòÉΓòÉΓòÉΓòÉΓòÉΓòÉΓòÉΓòÉΓòÉ

      at activate (src/extension.ts:395:17)

  console.log


      at activate (src/extension.ts:396:17)

  console.error
    Γ¥î COE Activation failed: Cannot read properties of undefined (reading 'get')

    [0m [90m 1279 |[39m     } [36mcatch[39m (error) {
     [90m 1280 |[39m         [36mconst[39m errorMsg [33m=[39m error [36minstanceof[39m [33mError[39m [33m?[39m error[33m.[39mmessage [33m:[39m [33mString[39m(error)[33m;[39m
    [31m[1m>[22m[39m[90m 1281 |[39m         console[33m.[39merror([32m'Γ¥î COE Activation failed:'[39m[33m,[39m errorMsg)[33m;[39m
     [90m      |[39m                 [31m[1m^[22m[39m
     [90m 1282 |[39m
     [90m 1283 |[39m         [36mif[39m (orchestratorOutputChannel) {
     [90m 1284 |[39m             orchestratorOutputChannel[33m.[39mappendLine([32m`Γ¥î ACTIVATION FAILED: ${errorMsg}`[39m)[33m;[39m[0m

      at activate (src/extension.ts:1281:17)
      at Object.<anonymous> (tests/extension.statusBar.test.ts:407:9)

  console.log
    ≡ƒôï Task added to queue: REAL-1 (Priority: P1, Status: ready)

      at ProgrammingOrchestrator.addTask (src/orchestrator/programmingOrchestrator.ts:647:17)

  console.log
    ≡ƒî▓ TreeView refreshed after queue change

      at ProgrammingOrchestrator.notifyTreeViewUpdate (src/orchestrator/programmingOrchestrator.ts:319:21)

FAIL tests/extension.statusBar.test.ts
  COE Status Bar and Commands
    ├ù shows correct remaining count in status bar after task completion (302 ms)
    ├ù sends LM Studio request (stream) with prompt body and logs response (50 ms)
    ├ù filters streaming metadata and only logs clean model text (58 ms)
    ├ù ignores malformed streaming chunks but keeps prior good content (64 ms)
    ├ù does not complete task and shows error when LM Studio is unreachable (53 ms)
    ΓêÜ shows "No tasks" in status bar when queue is empty (89 ms)
    ├ù displays disabled message for test command when real tasks exist (84 ms)

  ΓùÅ COE Status Bar and Commands ΓÇ║ shows correct remaining count in status bar after task completion

    expect(received).toBeTruthy()

    Received: undefined

      145 |         // Execute processNextTask command
      146 |         const processHandler = getRegisteredCommandHandler('coe.processNextTask');
    > 147 |         expect(processHandler).toBeTruthy();
          |                                ^
      148 |         if (!processHandler) return;
      149 |
      150 |         await processHandler();

      at Object.<anonymous> (tests/extension.statusBar.test.ts:147:32)

  ΓùÅ COE Status Bar and Commands ΓÇ║ sends LM Studio request (stream) with prompt body and logs response

    expect(received).toBeTruthy()

    Received: undefined

      198 |
      199 |         const handler = getRegisteredCommandHandler('coe.processNextTask');
    > 200 |         expect(handler).toBeTruthy();
          |                         ^
      201 |         if (!handler) return;
      202 |
      203 |         await handler();

      at Object.<anonymous> (tests/extension.statusBar.test.ts:200:25)

  ΓùÅ COE Status Bar and Commands ΓÇ║ filters streaming metadata and only logs clean model text

    expect(received).toBeTruthy()

    Received: undefined

      272 |
      273 |         const handler = getRegisteredCommandHandler('coe.processNextTask');
    > 274 |         expect(handler).toBeTruthy();
          |                         ^
      275 |         if (!handler) return;
      276 |
      277 |         await handler();

      at Object.<anonymous> (tests/extension.statusBar.test.ts:274:25)

  ΓùÅ COE Status Bar and Commands ΓÇ║ ignores malformed streaming chunks but keeps prior good content

    expect(received).toBeTruthy()

    Received: undefined

      330 |
      331 |         const handler = getRegisteredCommandHandler('coe.processNextTask');
    > 332 |         expect(handler).toBeTruthy();
          |                         ^
      333 |         if (!handler) return;
      334 |
      335 |         await handler();

      at Object.<anonymous> (tests/extension.statusBar.test.ts:332:25)

  ΓùÅ COE Status Bar and Commands ΓÇ║ does not complete task and shows error when LM Studio is unreachable

    expect(received).toBeTruthy()

    Received: undefined

      371 |
      372 |         const handler = getRegisteredCommandHandler('coe.processNextTask');
    > 373 |         expect(handler).toBeTruthy();
          |                         ^
      374 |         if (!handler) return;
      375 |
      376 |         await handler();

      at Object.<anonymous> (tests/extension.statusBar.test.ts:373:25)

  ΓùÅ COE Status Bar and Commands ΓÇ║ displays disabled message for test command when real tasks exist

    expect(received).toBeTruthy()

    Received: undefined

      429 |
      430 |         const testHandler = getRegisteredCommandHandler('coe.testOrchestrator');
    > 431 |         expect(testHandler).toBeTruthy();
          |                             ^
      432 |         if (!testHandler) return;
      433 |
      434 |         await testHandler();

      at Object.<anonymous> (tests/extension.statusBar.test.ts:431:29)

FAIL tests/getNextTask.spec/getNextTask.web.spec.ts
  getNextTask
    ├ù should return the highest priority task with detailed prompt and context (4 ms)
    ├ù should filter tasks by status and priority (2 ms)
    ΓêÜ should return null if no tasks match the filters (3 ms)
    ├ù should throw an error for invalid parameters (8 ms)

  ΓùÅ getNextTask ΓÇ║ should return the highest priority task with detailed prompt and context

    TypeError: Cannot read properties of undefined (reading 'toLowerCase')

      133 |     // Extract complexity from task description or default to 'medium'
      134 |     const complexityLevel: SuperDetailedPrompt['complexityLevel'] =
    > 135 |         task.description.toLowerCase().includes('complex') ? 'hard' :
          |                          ^
      136 |             task.description.toLowerCase().includes('simple') ? 'easy' :
      137 |                 'medium';
      138 |

      at generateSuperDetailedPrompt (src/mcpServer/tools/getNextTask.ts:135:26)
      at getNextTask (src/mcpServer/tools/getNextTask.ts:275:48)
      at Object.<anonymous> (tests/getNextTask.spec/getNextTask.web.spec.ts:33:43)

  ΓùÅ getNextTask ΓÇ║ should filter tasks by status and priority

    TypeError: Cannot read properties of undefined (reading 'toLowerCase')

      133 |     // Extract complexity from task description or default to 'medium'
      134 |     const complexityLevel: SuperDetailedPrompt['complexityLevel'] =
    > 135 |         task.description.toLowerCase().includes('complex') ? 'hard' :
          |                          ^
      136 |             task.description.toLowerCase().includes('simple') ? 'easy' :
      137 |                 'medium';
      138 |

      at generateSuperDetailedPrompt (src/mcpServer/tools/getNextTask.ts:135:26)
      at getNextTask (src/mcpServer/tools/getNextTask.ts:275:48)
      at Object.<anonymous> (tests/getNextTask.spec/getNextTask.web.spec.ts:53:43)

  ΓùÅ getNextTask ΓÇ║ should throw an error for invalid parameters

    expect(received).rejects.toThrow(expected)

    Expected constructor: MCPProtocolError
    Received constructor: TypeError

    Received message: "Cannot read properties of undefined (reading 'filter')"

          205 |         default:
          206 |             // Default: exclude done and blocked
        > 207 |             filtered = filtered.filter(t =>
              |                                 ^
          208 |                 t.status !== 'done' && t.status !== 'blocked'
          209 |             );
          210 |     }

      at filterTasks (src/mcpServer/tools/getNextTask.ts:207:33)
      at getNextTask (src/mcpServer/tools/getNextTask.ts:256:27)
      at Object.<anonymous> (tests/getNextTask.spec/getNextTask.web.spec.ts:80:33)
      at Object.toThrow (node_modules/expect/build/index.js:218:22)
      at Object.<anonymous> (tests/getNextTask.spec/getNextTask.web.spec.ts:80:62)

  console.log
    ≡ƒÜÇ COE Activated

      at activate (src/extension.ts:139:13)

  console.warn
    No workspace root found, using defaults

    [0m [90m 108 |[39m             [36mconst[39m root [33m=[39m workspaceRoot [33m||[39m [36mthis[39m[33m.[39mgetWorkspaceRoot()[33m;[39m
     [90m 109 |[39m             [36mif[39m ([33m![39mroot) {
    [31m[1m>[22m[39m[90m 110 |[39m                 console[33m.[39mwarn([32m'No workspace root found, using defaults'[39m)[33m;[39m
     [90m     |[39m                         [31m[1m^[22m[39m
     [90m 111 |[39m                 [36mthis[39m[33m.[39minstance [33m=[39m [33mDEFAULT_CONFIG[39m[33m;[39m
     [90m 112 |[39m                 [36mreturn[39m[33m;[39m
     [90m 113 |[39m             }[0m

      at FileConfigManager.initialize (src/utils/fileConfig.ts:110:25)
      at activate (src/extension.ts:177:37)
      at Object.<anonymous> (tests/extension.integration.test.ts:81:23)

  console.log
    [COE.Extension] Γä╣∩╕Å Programming Orchestrator: Initializing...

      at SimpleLogger.info (src/orchestrator/programmingOrchestrator.ts:1436:17)

  console.log
    [COE.Extension] Γä╣∩╕Å Γ£à Programming Orchestrator: Ready (one-thing-at-a-time enforced)

      at SimpleLogger.info (src/orchestrator/programmingOrchestrator.ts:1436:17)

  console.log
    ≡ƒôª No persisted tasks found, starting fresh

      at ProgrammingOrchestrator.loadPersistedTasks (src/orchestrator/programmingOrchestrator.ts:354:25)

  console.log
    Γä╣∩╕Å No tasks to reconcile (queue empty)

      at ProgrammingOrchestrator.reconcileTasks (src/orchestrator/programmingOrchestrator.ts:420:21)

  console.log
    Γ£à ProgrammingOrchestrator initialized with persistence

      at ProgrammingOrchestrator.initializeWithPersistence (src/orchestrator/programmingOrchestrator.ts:336:17)

  console.log
    Γ£à TreeView provider linked to ProgrammingOrchestrator

      at ProgrammingOrchestrator.setTreeDataProvider (src/orchestrator/programmingOrchestrator.ts:297:17)

  console.log
    Γ£à CompletedTasksTreeProvider linked to ProgrammingOrchestrator

      at ProgrammingOrchestrator.setCompletedTasksProvider (src/orchestrator/programmingOrchestrator.ts:309:17)

  console.warn
    ΓÜá∩╕Å No workspace folder found ΓÇô using test mode only

    [0m [90m 27 |[39m         [36mconst[39m workspaceFolder [33m=[39m vscode[33m.[39mworkspace[33m.[39mworkspaceFolders[33m?[39m[33m.[39m[[35m0[39m][33m;[39m
     [90m 28 |[39m         [36mif[39m ([33m![39mworkspaceFolder) {
    [31m[1m>[22m[39m[90m 29 |[39m             console[33m.[39mwarn([32m'ΓÜá∩╕Å No workspace folder found ΓÇô using test mode only'[39m)[33m;[39m
     [90m    |[39m                     [31m[1m^[22m[39m
     [90m 30 |[39m             [36mreturn[39m [][33m;[39m
     [90m 31 |[39m         }
     [90m 32 |[39m[0m

      at loadTasksFromPlanFile (src/plans/planningStub.ts:29:21)
      at activate (src/extension.ts:351:58)
      at Object.<anonymous> (tests/extension.integration.test.ts:81:9)

  console.log
    Γä╣∩╕Å  No tasks loaded from plan file

      at activate (src/extension.ts:359:25)

  console.log
    ≡ƒöä Calling treeDataProvider.refresh() after loading tasks

      at activate (src/extension.ts:370:21)

  console.log
    ΓòÉΓòÉΓòÉΓòÉΓòÉΓòÉΓòÉΓòÉΓòÉΓòÉΓòÉΓòÉΓòÉΓòÉΓòÉΓòÉΓòÉΓòÉΓòÉΓòÉΓòÉΓòÉΓòÉΓòÉΓòÉΓòÉΓòÉΓòÉΓòÉΓòÉΓòÉΓòÉΓòÉΓòÉΓòÉΓòÉΓòÉΓòÉΓòÉΓòÉΓòÉΓòÉΓòÉΓòÉΓòÉΓòÉΓòÉΓòÉΓòÉΓòÉΓòÉΓòÉΓòÉΓòÉΓòÉΓòÉΓòÉΓòÉΓòÉ

      at activate (src/extension.ts:377:17)

  console.log
    ≡ƒöì TREE VIEW DEBUG SUMMARY

      at activate (src/extension.ts:378:17)

  console.log
    ΓòÉΓòÉΓòÉΓòÉΓòÉΓòÉΓòÉΓòÉΓòÉΓòÉΓòÉΓòÉΓòÉΓòÉΓòÉΓòÉΓòÉΓòÉΓòÉΓòÉΓòÉΓòÉΓòÉΓòÉΓòÉΓòÉΓòÉΓòÉΓòÉΓòÉΓòÉΓòÉΓòÉΓòÉΓòÉΓòÉΓòÉΓòÉΓòÉΓòÉΓòÉΓòÉΓòÉΓòÉΓòÉΓòÉΓòÉΓòÉΓòÉΓòÉΓòÉΓòÉΓòÉΓòÉΓòÉΓòÉΓòÉΓòÉΓòÉ

      at activate (src/extension.ts:379:17)

  console.log
    ≡ƒôè Total tasks in orchestrator: 0

      at activate (src/extension.ts:380:17)

  console.log
    ≡ƒöì getReadyTasks() called - Total queue size: 0

      at ProgrammingOrchestrator.getReadyTasks (src/orchestrator/programmingOrchestrator.ts:694:17)

  console.log
    ≡ƒôè getReadyTasks() returning 0 tasks

      at ProgrammingOrchestrator.getReadyTasks (src/orchestrator/programmingOrchestrator.ts:722:17)

  console.log
    Γ£à Ready tasks: 0

      at activate (src/extension.ts:381:17)

  console.log
    ≡ƒî│ Tree provider initialized: true

      at activate (src/extension.ts:382:17)

  console.log
    ≡ƒô║ Tree views created: true

      at activate (src/extension.ts:383:17)

  console.log
    ≡ƒöì getReadyTasks() called - Total queue size: 0

      at ProgrammingOrchestrator.getReadyTasks (src/orchestrator/programmingOrchestrator.ts:694:17)

  console.log
    ≡ƒôè getReadyTasks() returning 0 tasks

      at ProgrammingOrchestrator.getReadyTasks (src/orchestrator/programmingOrchestrator.ts:722:17)

  console.log
    ΓÜá∩╕Å  No ready tasks found! Check task status in orchestrator.

      at activate (src/extension.ts:392:25)

  console.log
    ΓòÉΓòÉΓòÉΓòÉΓòÉΓòÉΓòÉΓòÉΓòÉΓòÉΓòÉΓòÉΓòÉΓòÉΓòÉΓòÉΓòÉΓòÉΓòÉΓòÉΓòÉΓòÉΓòÉΓòÉΓòÉΓòÉΓòÉΓòÉΓòÉΓòÉΓòÉΓòÉΓòÉΓòÉΓòÉΓòÉΓòÉΓòÉΓòÉΓòÉΓòÉΓòÉΓòÉΓòÉΓòÉΓòÉΓòÉΓòÉΓòÉΓòÉΓòÉΓòÉΓòÉΓòÉΓòÉΓòÉΓòÉΓòÉΓòÉ

      at activate (src/extension.ts:395:17)

  console.log


      at activate (src/extension.ts:396:17)

  console.error
    Γ¥î COE Activation failed: Cannot read properties of undefined (reading 'get')

    [0m [90m 1279 |[39m     } [36mcatch[39m (error) {
     [90m 1280 |[39m         [36mconst[39m errorMsg [33m=[39m error [36minstanceof[39m [33mError[39m [33m?[39m error[33m.[39mmessage [33m:[39m [33mString[39m(error)[33m;[39m
    [31m[1m>[22m[39m[90m 1281 |[39m         console[33m.[39merror([32m'Γ¥î COE Activation failed:'[39m[33m,[39m errorMsg)[33m;[39m
     [90m      |[39m                 [31m[1m^[22m[39m
     [90m 1282 |[39m
     [90m 1283 |[39m         [36mif[39m (orchestratorOutputChannel) {
     [90m 1284 |[39m             orchestratorOutputChannel[33m.[39mappendLine([32m`Γ¥î ACTIVATION FAILED: ${errorMsg}`[39m)[33m;[39m[0m

      at activate (src/extension.ts:1281:17)
      at Object.<anonymous> (tests/extension.integration.test.ts:81:9)

  console.log
    ≡ƒÜÇ COE Activated

      at activate (src/extension.ts:139:13)

  console.warn
    No workspace root found, using defaults

    [0m [90m 108 |[39m             [36mconst[39m root [33m=[39m workspaceRoot [33m||[39m [36mthis[39m[33m.[39mgetWorkspaceRoot()[33m;[39m
     [90m 109 |[39m             [36mif[39m ([33m![39mroot) {
    [31m[1m>[22m[39m[90m 110 |[39m                 console[33m.[39mwarn([32m'No workspace root found, using defaults'[39m)[33m;[39m
     [90m     |[39m                         [31m[1m^[22m[39m
     [90m 111 |[39m                 [36mthis[39m[33m.[39minstance [33m=[39m [33mDEFAULT_CONFIG[39m[33m;[39m
     [90m 112 |[39m                 [36mreturn[39m[33m;[39m
     [90m 113 |[39m             }[0m

      at FileConfigManager.initialize (src/utils/fileConfig.ts:110:25)
      at activate (src/extension.ts:177:37)
      at Object.<anonymous> (tests/extension.integration.test.ts:95:27)

  console.log
    [COE.Extension] Γä╣∩╕Å Programming Orchestrator: Initializing...

      at SimpleLogger.info (src/orchestrator/programmingOrchestrator.ts:1436:17)

  console.log
    [COE.Extension] Γä╣∩╕Å Γ£à Programming Orchestrator: Ready (one-thing-at-a-time enforced)

      at SimpleLogger.info (src/orchestrator/programmingOrchestrator.ts:1436:17)

  console.log
    ≡ƒôª No persisted tasks found, starting fresh

      at ProgrammingOrchestrator.loadPersistedTasks (src/orchestrator/programmingOrchestrator.ts:354:25)

  console.log
    Γä╣∩╕Å No tasks to reconcile (queue empty)

      at ProgrammingOrchestrator.reconcileTasks (src/orchestrator/programmingOrchestrator.ts:420:21)

  console.log
    Γ£à ProgrammingOrchestrator initialized with persistence

      at ProgrammingOrchestrator.initializeWithPersistence (src/orchestrator/programmingOrchestrator.ts:336:17)

  console.log
    Γ£à TreeView provider linked to ProgrammingOrchestrator

      at ProgrammingOrchestrator.setTreeDataProvider (src/orchestrator/programmingOrchestrator.ts:297:17)

  console.log
    Γ£à CompletedTasksTreeProvider linked to ProgrammingOrchestrator

      at ProgrammingOrchestrator.setCompletedTasksProvider (src/orchestrator/programmingOrchestrator.ts:309:17)

  console.warn
    ΓÜá∩╕Å No workspace folder found ΓÇô using test mode only

    [0m [90m 27 |[39m         [36mconst[39m workspaceFolder [33m=[39m vscode[33m.[39mworkspace[33m.[39mworkspaceFolders[33m?[39m[33m.[39m[[35m0[39m][33m;[39m
     [90m 28 |[39m         [36mif[39m ([33m![39mworkspaceFolder) {
    [31m[1m>[22m[39m[90m 29 |[39m             console[33m.[39mwarn([32m'ΓÜá∩╕Å No workspace folder found ΓÇô using test mode only'[39m)[33m;[39m
     [90m    |[39m                     [31m[1m^[22m[39m
     [90m 30 |[39m             [36mreturn[39m [][33m;[39m
     [90m 31 |[39m         }
     [90m 32 |[39m[0m

      at loadTasksFromPlanFile (src/plans/planningStub.ts:29:21)
      at activate (src/extension.ts:351:58)
      at Object.<anonymous> (tests/extension.integration.test.ts:95:13)

  console.log
    Γä╣∩╕Å  No tasks loaded from plan file

      at activate (src/extension.ts:359:25)

  console.log
    ≡ƒöä Calling treeDataProvider.refresh() after loading tasks

      at activate (src/extension.ts:370:21)

  console.log
    ΓòÉΓòÉΓòÉΓòÉΓòÉΓòÉΓòÉΓòÉΓòÉΓòÉΓòÉΓòÉΓòÉΓòÉΓòÉΓòÉΓòÉΓòÉΓòÉΓòÉΓòÉΓòÉΓòÉΓòÉΓòÉΓòÉΓòÉΓòÉΓòÉΓòÉΓòÉΓòÉΓòÉΓòÉΓòÉΓòÉΓòÉΓòÉΓòÉΓòÉΓòÉΓòÉΓòÉΓòÉΓòÉΓòÉΓòÉΓòÉΓòÉΓòÉΓòÉΓòÉΓòÉΓòÉΓòÉΓòÉΓòÉΓòÉΓòÉ

      at activate (src/extension.ts:377:17)

  console.log
    ≡ƒöì TREE VIEW DEBUG SUMMARY

      at activate (src/extension.ts:378:17)

  console.log
    ΓòÉΓòÉΓòÉΓòÉΓòÉΓòÉΓòÉΓòÉΓòÉΓòÉΓòÉΓòÉΓòÉΓòÉΓòÉΓòÉΓòÉΓòÉΓòÉΓòÉΓòÉΓòÉΓòÉΓòÉΓòÉΓòÉΓòÉΓòÉΓòÉΓòÉΓòÉΓòÉΓòÉΓòÉΓòÉΓòÉΓòÉΓòÉΓòÉΓòÉΓòÉΓòÉΓòÉΓòÉΓòÉΓòÉΓòÉΓòÉΓòÉΓòÉΓòÉΓòÉΓòÉΓòÉΓòÉΓòÉΓòÉΓòÉΓòÉ

      at activate (src/extension.ts:379:17)

  console.log
    ≡ƒôè Total tasks in orchestrator: 0

      at activate (src/extension.ts:380:17)

  console.log
    ≡ƒöì getReadyTasks() called - Total queue size: 0

      at ProgrammingOrchestrator.getReadyTasks (src/orchestrator/programmingOrchestrator.ts:694:17)

  console.log
    ≡ƒôè getReadyTasks() returning 0 tasks

      at ProgrammingOrchestrator.getReadyTasks (src/orchestrator/programmingOrchestrator.ts:722:17)

  console.log
    Γ£à Ready tasks: 0

      at activate (src/extension.ts:381:17)

  console.log
    ≡ƒî│ Tree provider initialized: true

      at activate (src/extension.ts:382:17)

  console.log
    ≡ƒô║ Tree views created: true

      at activate (src/extension.ts:383:17)

  console.log
    ≡ƒöì getReadyTasks() called - Total queue size: 0

      at ProgrammingOrchestrator.getReadyTasks (src/orchestrator/programmingOrchestrator.ts:694:17)

  console.log
    ≡ƒôè getReadyTasks() returning 0 tasks

      at ProgrammingOrchestrator.getReadyTasks (src/orchestrator/programmingOrchestrator.ts:722:17)

  console.log
    ΓÜá∩╕Å  No ready tasks found! Check task status in orchestrator.

      at activate (src/extension.ts:392:25)

  console.log
    ΓòÉΓòÉΓòÉΓòÉΓòÉΓòÉΓòÉΓòÉΓòÉΓòÉΓòÉΓòÉΓòÉΓòÉΓòÉΓòÉΓòÉΓòÉΓòÉΓòÉΓòÉΓòÉΓòÉΓòÉΓòÉΓòÉΓòÉΓòÉΓòÉΓòÉΓòÉΓòÉΓòÉΓòÉΓòÉΓòÉΓòÉΓòÉΓòÉΓòÉΓòÉΓòÉΓòÉΓòÉΓòÉΓòÉΓòÉΓòÉΓòÉΓòÉΓòÉΓòÉΓòÉΓòÉΓòÉΓòÉΓòÉΓòÉΓòÉ

      at activate (src/extension.ts:395:17)

  console.log


      at activate (src/extension.ts:396:17)

  console.error
    Γ¥î COE Activation failed: Cannot read properties of undefined (reading 'get')

    [0m [90m 1279 |[39m     } [36mcatch[39m (error) {
     [90m 1280 |[39m         [36mconst[39m errorMsg [33m=[39m error [36minstanceof[39m [33mError[39m [33m?[39m error[33m.[39mmessage [33m:[39m [33mString[39m(error)[33m;[39m
    [31m[1m>[22m[39m[90m 1281 |[39m         console[33m.[39merror([32m'Γ¥î COE Activation failed:'[39m[33m,[39m errorMsg)[33m;[39m
     [90m      |[39m                 [31m[1m^[22m[39m
     [90m 1282 |[39m
     [90m 1283 |[39m         [36mif[39m (orchestratorOutputChannel) {
     [90m 1284 |[39m             orchestratorOutputChannel[33m.[39mappendLine([32m`Γ¥î ACTIVATION FAILED: ${errorMsg}`[39m)[33m;[39m[0m

      at activate (src/extension.ts:1281:17)
      at Object.<anonymous> (tests/extension.integration.test.ts:95:13)

  console.log
    ≡ƒÜÇ COE Activated

      at activate (src/extension.ts:139:13)

  console.warn
    No workspace root found, using defaults

    [0m [90m 108 |[39m             [36mconst[39m root [33m=[39m workspaceRoot [33m||[39m [36mthis[39m[33m.[39mgetWorkspaceRoot()[33m;[39m
     [90m 109 |[39m             [36mif[39m ([33m![39mroot) {
    [31m[1m>[22m[39m[90m 110 |[39m                 console[33m.[39mwarn([32m'No workspace root found, using defaults'[39m)[33m;[39m
     [90m     |[39m                         [31m[1m^[22m[39m
     [90m 111 |[39m                 [36mthis[39m[33m.[39minstance [33m=[39m [33mDEFAULT_CONFIG[39m[33m;[39m
     [90m 112 |[39m                 [36mreturn[39m[33m;[39m
     [90m 113 |[39m             }[0m

      at FileConfigManager.initialize (src/utils/fileConfig.ts:110:25)
      at activate (src/extension.ts:177:37)
      at Object.<anonymous> (tests/extension.integration.test.ts:110:23)

  console.log
    [COE.Extension] Γä╣∩╕Å Programming Orchestrator: Initializing...

      at SimpleLogger.info (src/orchestrator/programmingOrchestrator.ts:1436:17)

  console.log
    [COE.Extension] Γä╣∩╕Å Γ£à Programming Orchestrator: Ready (one-thing-at-a-time enforced)

      at SimpleLogger.info (src/orchestrator/programmingOrchestrator.ts:1436:17)

  console.log
    ≡ƒôª No persisted tasks found, starting fresh

      at ProgrammingOrchestrator.loadPersistedTasks (src/orchestrator/programmingOrchestrator.ts:354:25)

  console.log
    Γä╣∩╕Å No tasks to reconcile (queue empty)

      at ProgrammingOrchestrator.reconcileTasks (src/orchestrator/programmingOrchestrator.ts:420:21)

  console.log
    Γ£à ProgrammingOrchestrator initialized with persistence

      at ProgrammingOrchestrator.initializeWithPersistence (src/orchestrator/programmingOrchestrator.ts:336:17)

  console.log
    Γ£à TreeView provider linked to ProgrammingOrchestrator

      at ProgrammingOrchestrator.setTreeDataProvider (src/orchestrator/programmingOrchestrator.ts:297:17)

  console.log
    Γ£à CompletedTasksTreeProvider linked to ProgrammingOrchestrator

      at ProgrammingOrchestrator.setCompletedTasksProvider (src/orchestrator/programmingOrchestrator.ts:309:17)

  console.warn
    ΓÜá∩╕Å No workspace folder found ΓÇô using test mode only

    [0m [90m 27 |[39m         [36mconst[39m workspaceFolder [33m=[39m vscode[33m.[39mworkspace[33m.[39mworkspaceFolders[33m?[39m[33m.[39m[[35m0[39m][33m;[39m
     [90m 28 |[39m         [36mif[39m ([33m![39mworkspaceFolder) {
    [31m[1m>[22m[39m[90m 29 |[39m             console[33m.[39mwarn([32m'ΓÜá∩╕Å No workspace folder found ΓÇô using test mode only'[39m)[33m;[39m
     [90m    |[39m                     [31m[1m^[22m[39m
     [90m 30 |[39m             [36mreturn[39m [][33m;[39m
     [90m 31 |[39m         }
     [90m 32 |[39m[0m

      at loadTasksFromPlanFile (src/plans/planningStub.ts:29:21)
      at activate (src/extension.ts:351:58)
      at Object.<anonymous> (tests/extension.integration.test.ts:110:9)

  console.log
    Γä╣∩╕Å  No tasks loaded from plan file

      at activate (src/extension.ts:359:25)

  console.log
    ≡ƒöä Calling treeDataProvider.refresh() after loading tasks

      at activate (src/extension.ts:370:21)

  console.log
    ΓòÉΓòÉΓòÉΓòÉΓòÉΓòÉΓòÉΓòÉΓòÉΓòÉΓòÉΓòÉΓòÉΓòÉΓòÉΓòÉΓòÉΓòÉΓòÉΓòÉΓòÉΓòÉΓòÉΓòÉΓòÉΓòÉΓòÉΓòÉΓòÉΓòÉΓòÉΓòÉΓòÉΓòÉΓòÉΓòÉΓòÉΓòÉΓòÉΓòÉΓòÉΓòÉΓòÉΓòÉΓòÉΓòÉΓòÉΓòÉΓòÉΓòÉΓòÉΓòÉΓòÉΓòÉΓòÉΓòÉΓòÉΓòÉΓòÉ

      at activate (src/extension.ts:377:17)

  console.log
    ≡ƒöì TREE VIEW DEBUG SUMMARY

      at activate (src/extension.ts:378:17)

  console.log
    ΓòÉΓòÉΓòÉΓòÉΓòÉΓòÉΓòÉΓòÉΓòÉΓòÉΓòÉΓòÉΓòÉΓòÉΓòÉΓòÉΓòÉΓòÉΓòÉΓòÉΓòÉΓòÉΓòÉΓòÉΓòÉΓòÉΓòÉΓòÉΓòÉΓòÉΓòÉΓòÉΓòÉΓòÉΓòÉΓòÉΓòÉΓòÉΓòÉΓòÉΓòÉΓòÉΓòÉΓòÉΓòÉΓòÉΓòÉΓòÉΓòÉΓòÉΓòÉΓòÉΓòÉΓòÉΓòÉΓòÉΓòÉΓòÉΓòÉ

      at activate (src/extension.ts:379:17)

  console.log
    ≡ƒôè Total tasks in orchestrator: 0

      at activate (src/extension.ts:380:17)

  console.log
    ≡ƒöì getReadyTasks() called - Total queue size: 0

      at ProgrammingOrchestrator.getReadyTasks (src/orchestrator/programmingOrchestrator.ts:694:17)

  console.log
    ≡ƒôè getReadyTasks() returning 0 tasks

      at ProgrammingOrchestrator.getReadyTasks (src/orchestrator/programmingOrchestrator.ts:722:17)

  console.log
    Γ£à Ready tasks: 0

      at activate (src/extension.ts:381:17)

  console.log
    ≡ƒî│ Tree provider initialized: true

      at activate (src/extension.ts:382:17)

  console.log
    ≡ƒô║ Tree views created: true

      at activate (src/extension.ts:383:17)

  console.log
    ≡ƒöì getReadyTasks() called - Total queue size: 0

      at ProgrammingOrchestrator.getReadyTasks (src/orchestrator/programmingOrchestrator.ts:694:17)

  console.log
    ≡ƒôè getReadyTasks() returning 0 tasks

      at ProgrammingOrchestrator.getReadyTasks (src/orchestrator/programmingOrchestrator.ts:722:17)

  console.log
    ΓÜá∩╕Å  No ready tasks found! Check task status in orchestrator.

      at activate (src/extension.ts:392:25)

  console.log
    ΓòÉΓòÉΓòÉΓòÉΓòÉΓòÉΓòÉΓòÉΓòÉΓòÉΓòÉΓòÉΓòÉΓòÉΓòÉΓòÉΓòÉΓòÉΓòÉΓòÉΓòÉΓòÉΓòÉΓòÉΓòÉΓòÉΓòÉΓòÉΓòÉΓòÉΓòÉΓòÉΓòÉΓòÉΓòÉΓòÉΓòÉΓòÉΓòÉΓòÉΓòÉΓòÉΓòÉΓòÉΓòÉΓòÉΓòÉΓòÉΓòÉΓòÉΓòÉΓòÉΓòÉΓòÉΓòÉΓòÉΓòÉΓòÉΓòÉ

      at activate (src/extension.ts:395:17)

  console.log


      at activate (src/extension.ts:396:17)

  console.error
    Γ¥î COE Activation failed: Cannot read properties of undefined (reading 'get')

    [0m [90m 1279 |[39m     } [36mcatch[39m (error) {
     [90m 1280 |[39m         [36mconst[39m errorMsg [33m=[39m error [36minstanceof[39m [33mError[39m [33m?[39m error[33m.[39mmessage [33m:[39m [33mString[39m(error)[33m;[39m
    [31m[1m>[22m[39m[90m 1281 |[39m         console[33m.[39merror([32m'Γ¥î COE Activation failed:'[39m[33m,[39m errorMsg)[33m;[39m
     [90m      |[39m                 [31m[1m^[22m[39m
     [90m 1282 |[39m
     [90m 1283 |[39m         [36mif[39m (orchestratorOutputChannel) {
     [90m 1284 |[39m             orchestratorOutputChannel[33m.[39mappendLine([32m`Γ¥î ACTIVATION FAILED: ${errorMsg}`[39m)[33m;[39m[0m

      at activate (src/extension.ts:1281:17)
      at Object.<anonymous> (tests/extension.integration.test.ts:110:9)

  console.log
    ≡ƒÜÇ COE Activated

      at activate (src/extension.ts:139:13)

  console.warn
    No workspace root found, using defaults

    [0m [90m 108 |[39m             [36mconst[39m root [33m=[39m workspaceRoot [33m||[39m [36mthis[39m[33m.[39mgetWorkspaceRoot()[33m;[39m
     [90m 109 |[39m             [36mif[39m ([33m![39mroot) {
    [31m[1m>[22m[39m[90m 110 |[39m                 console[33m.[39mwarn([32m'No workspace root found, using defaults'[39m)[33m;[39m
     [90m     |[39m                         [31m[1m^[22m[39m
     [90m 111 |[39m                 [36mthis[39m[33m.[39minstance [33m=[39m [33mDEFAULT_CONFIG[39m[33m;[39m
     [90m 112 |[39m                 [36mreturn[39m[33m;[39m
     [90m 113 |[39m             }[0m

      at FileConfigManager.initialize (src/utils/fileConfig.ts:110:25)
      at activate (src/extension.ts:177:37)
      at Object.<anonymous> (tests/extension.integration.test.ts:123:23)

  console.log
    [COE.Extension] Γä╣∩╕Å Programming Orchestrator: Initializing...

      at SimpleLogger.info (src/orchestrator/programmingOrchestrator.ts:1436:17)

  console.log
    [COE.Extension] Γä╣∩╕Å Γ£à Programming Orchestrator: Ready (one-thing-at-a-time enforced)

      at SimpleLogger.info (src/orchestrator/programmingOrchestrator.ts:1436:17)

  console.log
    ≡ƒôª No persisted tasks found, starting fresh

      at ProgrammingOrchestrator.loadPersistedTasks (src/orchestrator/programmingOrchestrator.ts:354:25)

  console.log
    Γä╣∩╕Å No tasks to reconcile (queue empty)

      at ProgrammingOrchestrator.reconcileTasks (src/orchestrator/programmingOrchestrator.ts:420:21)

  console.log
    Γ£à ProgrammingOrchestrator initialized with persistence

      at ProgrammingOrchestrator.initializeWithPersistence (src/orchestrator/programmingOrchestrator.ts:336:17)

  console.log
    Γ£à TreeView provider linked to ProgrammingOrchestrator

      at ProgrammingOrchestrator.setTreeDataProvider (src/orchestrator/programmingOrchestrator.ts:297:17)

  console.log
    Γ£à CompletedTasksTreeProvider linked to ProgrammingOrchestrator

      at ProgrammingOrchestrator.setCompletedTasksProvider (src/orchestrator/programmingOrchestrator.ts:309:17)

  console.warn
    ΓÜá∩╕Å No workspace folder found ΓÇô using test mode only

    [0m [90m 27 |[39m         [36mconst[39m workspaceFolder [33m=[39m vscode[33m.[39mworkspace[33m.[39mworkspaceFolders[33m?[39m[33m.[39m[[35m0[39m][33m;[39m
     [90m 28 |[39m         [36mif[39m ([33m![39mworkspaceFolder) {
    [31m[1m>[22m[39m[90m 29 |[39m             console[33m.[39mwarn([32m'ΓÜá∩╕Å No workspace folder found ΓÇô using test mode only'[39m)[33m;[39m
     [90m    |[39m                     [31m[1m^[22m[39m
     [90m 30 |[39m             [36mreturn[39m [][33m;[39m
     [90m 31 |[39m         }
     [90m 32 |[39m[0m

      at loadTasksFromPlanFile (src/plans/planningStub.ts:29:21)
      at activate (src/extension.ts:351:58)
      at Object.<anonymous> (tests/extension.integration.test.ts:123:9)

  console.log
    Γä╣∩╕Å  No tasks loaded from plan file

      at activate (src/extension.ts:359:25)

  console.log
    ≡ƒöä Calling treeDataProvider.refresh() after loading tasks

      at activate (src/extension.ts:370:21)

  console.log
    ΓòÉΓòÉΓòÉΓòÉΓòÉΓòÉΓòÉΓòÉΓòÉΓòÉΓòÉΓòÉΓòÉΓòÉΓòÉΓòÉΓòÉΓòÉΓòÉΓòÉΓòÉΓòÉΓòÉΓòÉΓòÉΓòÉΓòÉΓòÉΓòÉΓòÉΓòÉΓòÉΓòÉΓòÉΓòÉΓòÉΓòÉΓòÉΓòÉΓòÉΓòÉΓòÉΓòÉΓòÉΓòÉΓòÉΓòÉΓòÉΓòÉΓòÉΓòÉΓòÉΓòÉΓòÉΓòÉΓòÉΓòÉΓòÉΓòÉ

      at activate (src/extension.ts:377:17)

  console.log
    ≡ƒöì TREE VIEW DEBUG SUMMARY

      at activate (src/extension.ts:378:17)

  console.log
    ΓòÉΓòÉΓòÉΓòÉΓòÉΓòÉΓòÉΓòÉΓòÉΓòÉΓòÉΓòÉΓòÉΓòÉΓòÉΓòÉΓòÉΓòÉΓòÉΓòÉΓòÉΓòÉΓòÉΓòÉΓòÉΓòÉΓòÉΓòÉΓòÉΓòÉΓòÉΓòÉΓòÉΓòÉΓòÉΓòÉΓòÉΓòÉΓòÉΓòÉΓòÉΓòÉΓòÉΓòÉΓòÉΓòÉΓòÉΓòÉΓòÉΓòÉΓòÉΓòÉΓòÉΓòÉΓòÉΓòÉΓòÉΓòÉΓòÉ

      at activate (src/extension.ts:379:17)

  console.log
    ≡ƒôè Total tasks in orchestrator: 0

      at activate (src/extension.ts:380:17)

  console.log
    ≡ƒöì getReadyTasks() called - Total queue size: 0

      at ProgrammingOrchestrator.getReadyTasks (src/orchestrator/programmingOrchestrator.ts:694:17)

  console.log
    ≡ƒôè getReadyTasks() returning 0 tasks

      at ProgrammingOrchestrator.getReadyTasks (src/orchestrator/programmingOrchestrator.ts:722:17)

  console.log
    Γ£à Ready tasks: 0

      at activate (src/extension.ts:381:17)

  console.log
    ≡ƒî│ Tree provider initialized: true

      at activate (src/extension.ts:382:17)

  console.log
    ≡ƒô║ Tree views created: true

      at activate (src/extension.ts:383:17)

  console.log
    ≡ƒöì getReadyTasks() called - Total queue size: 0

      at ProgrammingOrchestrator.getReadyTasks (src/orchestrator/programmingOrchestrator.ts:694:17)

  console.log
    ≡ƒôè getReadyTasks() returning 0 tasks

      at ProgrammingOrchestrator.getReadyTasks (src/orchestrator/programmingOrchestrator.ts:722:17)

  console.log
    ΓÜá∩╕Å  No ready tasks found! Check task status in orchestrator.

      at activate (src/extension.ts:392:25)

  console.log
    ΓòÉΓòÉΓòÉΓòÉΓòÉΓòÉΓòÉΓòÉΓòÉΓòÉΓòÉΓòÉΓòÉΓòÉΓòÉΓòÉΓòÉΓòÉΓòÉΓòÉΓòÉΓòÉΓòÉΓòÉΓòÉΓòÉΓòÉΓòÉΓòÉΓòÉΓòÉΓòÉΓòÉΓòÉΓòÉΓòÉΓòÉΓòÉΓòÉΓòÉΓòÉΓòÉΓòÉΓòÉΓòÉΓòÉΓòÉΓòÉΓòÉΓòÉΓòÉΓòÉΓòÉΓòÉΓòÉΓòÉΓòÉΓòÉΓòÉ

      at activate (src/extension.ts:395:17)

  console.log


      at activate (src/extension.ts:396:17)

  console.error
    Γ¥î COE Activation failed: Cannot read properties of undefined (reading 'get')

    [0m [90m 1279 |[39m     } [36mcatch[39m (error) {
     [90m 1280 |[39m         [36mconst[39m errorMsg [33m=[39m error [36minstanceof[39m [33mError[39m [33m?[39m error[33m.[39mmessage [33m:[39m [33mString[39m(error)[33m;[39m
    [31m[1m>[22m[39m[90m 1281 |[39m         console[33m.[39merror([32m'Γ¥î COE Activation failed:'[39m[33m,[39m errorMsg)[33m;[39m
     [90m      |[39m                 [31m[1m^[22m[39m
     [90m 1282 |[39m
     [90m 1283 |[39m         [36mif[39m (orchestratorOutputChannel) {
     [90m 1284 |[39m             orchestratorOutputChannel[33m.[39mappendLine([32m`Γ¥î ACTIVATION FAILED: ${errorMsg}`[39m)[33m;[39m[0m

      at activate (src/extension.ts:1281:17)
      at Object.<anonymous> (tests/extension.integration.test.ts:123:9)

  console.log
    ≡ƒÜÇ COE Activated

      at activate (src/extension.ts:139:13)

  console.warn
    No workspace root found, using defaults

    [0m [90m 108 |[39m             [36mconst[39m root [33m=[39m workspaceRoot [33m||[39m [36mthis[39m[33m.[39mgetWorkspaceRoot()[33m;[39m
     [90m 109 |[39m             [36mif[39m ([33m![39mroot) {
    [31m[1m>[22m[39m[90m 110 |[39m                 console[33m.[39mwarn([32m'No workspace root found, using defaults'[39m)[33m;[39m
     [90m     |[39m                         [31m[1m^[22m[39m
     [90m 111 |[39m                 [36mthis[39m[33m.[39minstance [33m=[39m [33mDEFAULT_CONFIG[39m[33m;[39m
     [90m 112 |[39m                 [36mreturn[39m[33m;[39m
     [90m 113 |[39m             }[0m

      at FileConfigManager.initialize (src/utils/fileConfig.ts:110:25)
      at activate (src/extension.ts:177:37)
      at Object.<anonymous> (tests/extension.integration.test.ts:139:23)

  console.log
    [COE.Extension] Γä╣∩╕Å Programming Orchestrator: Initializing...

      at SimpleLogger.info (src/orchestrator/programmingOrchestrator.ts:1436:17)

  console.log
    [COE.Extension] Γä╣∩╕Å Γ£à Programming Orchestrator: Ready (one-thing-at-a-time enforced)

      at SimpleLogger.info (src/orchestrator/programmingOrchestrator.ts:1436:17)

  console.log
    ≡ƒôª No persisted tasks found, starting fresh

      at ProgrammingOrchestrator.loadPersistedTasks (src/orchestrator/programmingOrchestrator.ts:354:25)

  console.log
    Γä╣∩╕Å No tasks to reconcile (queue empty)

      at ProgrammingOrchestrator.reconcileTasks (src/orchestrator/programmingOrchestrator.ts:420:21)

  console.log
    Γ£à ProgrammingOrchestrator initialized with persistence

      at ProgrammingOrchestrator.initializeWithPersistence (src/orchestrator/programmingOrchestrator.ts:336:17)

  console.log
    Γ£à TreeView provider linked to ProgrammingOrchestrator

      at ProgrammingOrchestrator.setTreeDataProvider (src/orchestrator/programmingOrchestrator.ts:297:17)

  console.log
    Γ£à CompletedTasksTreeProvider linked to ProgrammingOrchestrator

      at ProgrammingOrchestrator.setCompletedTasksProvider (src/orchestrator/programmingOrchestrator.ts:309:17)

  console.warn
    ΓÜá∩╕Å No workspace folder found ΓÇô using test mode only

    [0m [90m 27 |[39m         [36mconst[39m workspaceFolder [33m=[39m vscode[33m.[39mworkspace[33m.[39mworkspaceFolders[33m?[39m[33m.[39m[[35m0[39m][33m;[39m
     [90m 28 |[39m         [36mif[39m ([33m![39mworkspaceFolder) {
    [31m[1m>[22m[39m[90m 29 |[39m             console[33m.[39mwarn([32m'ΓÜá∩╕Å No workspace folder found ΓÇô using test mode only'[39m)[33m;[39m
     [90m    |[39m                     [31m[1m^[22m[39m
     [90m 30 |[39m             [36mreturn[39m [][33m;[39m
     [90m 31 |[39m         }
     [90m 32 |[39m[0m

      at loadTasksFromPlanFile (src/plans/planningStub.ts:29:21)
      at activate (src/extension.ts:351:58)
      at Object.<anonymous> (tests/extension.integration.test.ts:139:9)

  console.log
    Γä╣∩╕Å  No tasks loaded from plan file

      at activate (src/extension.ts:359:25)

  console.log
    ≡ƒöä Calling treeDataProvider.refresh() after loading tasks

      at activate (src/extension.ts:370:21)

  console.log
    ΓòÉΓòÉΓòÉΓòÉΓòÉΓòÉΓòÉΓòÉΓòÉΓòÉΓòÉΓòÉΓòÉΓòÉΓòÉΓòÉΓòÉΓòÉΓòÉΓòÉΓòÉΓòÉΓòÉΓòÉΓòÉΓòÉΓòÉΓòÉΓòÉΓòÉΓòÉΓòÉΓòÉΓòÉΓòÉΓòÉΓòÉΓòÉΓòÉΓòÉΓòÉΓòÉΓòÉΓòÉΓòÉΓòÉΓòÉΓòÉΓòÉΓòÉΓòÉΓòÉΓòÉΓòÉΓòÉΓòÉΓòÉΓòÉΓòÉ

      at activate (src/extension.ts:377:17)

  console.log
    ≡ƒöì TREE VIEW DEBUG SUMMARY

      at activate (src/extension.ts:378:17)

  console.log
    ΓòÉΓòÉΓòÉΓòÉΓòÉΓòÉΓòÉΓòÉΓòÉΓòÉΓòÉΓòÉΓòÉΓòÉΓòÉΓòÉΓòÉΓòÉΓòÉΓòÉΓòÉΓòÉΓòÉΓòÉΓòÉΓòÉΓòÉΓòÉΓòÉΓòÉΓòÉΓòÉΓòÉΓòÉΓòÉΓòÉΓòÉΓòÉΓòÉΓòÉΓòÉΓòÉΓòÉΓòÉΓòÉΓòÉΓòÉΓòÉΓòÉΓòÉΓòÉΓòÉΓòÉΓòÉΓòÉΓòÉΓòÉΓòÉΓòÉ

      at activate (src/extension.ts:379:17)

  console.log
    ≡ƒôè Total tasks in orchestrator: 0

      at activate (src/extension.ts:380:17)

  console.log
    ≡ƒöì getReadyTasks() called - Total queue size: 0

      at ProgrammingOrchestrator.getReadyTasks (src/orchestrator/programmingOrchestrator.ts:694:17)

  console.log
    ≡ƒôè getReadyTasks() returning 0 tasks

      at ProgrammingOrchestrator.getReadyTasks (src/orchestrator/programmingOrchestrator.ts:722:17)

  console.log
    Γ£à Ready tasks: 0

      at activate (src/extension.ts:381:17)

  console.log
    ≡ƒî│ Tree provider initialized: true

      at activate (src/extension.ts:382:17)

  console.log
    ≡ƒô║ Tree views created: true

      at activate (src/extension.ts:383:17)

  console.log
    ≡ƒöì getReadyTasks() called - Total queue size: 0

      at ProgrammingOrchestrator.getReadyTasks (src/orchestrator/programmingOrchestrator.ts:694:17)

  console.log
    ≡ƒôè getReadyTasks() returning 0 tasks

      at ProgrammingOrchestrator.getReadyTasks (src/orchestrator/programmingOrchestrator.ts:722:17)

  console.log
    ΓÜá∩╕Å  No ready tasks found! Check task status in orchestrator.

      at activate (src/extension.ts:392:25)

  console.log
    ΓòÉΓòÉΓòÉΓòÉΓòÉΓòÉΓòÉΓòÉΓòÉΓòÉΓòÉΓòÉΓòÉΓòÉΓòÉΓòÉΓòÉΓòÉΓòÉΓòÉΓòÉΓòÉΓòÉΓòÉΓòÉΓòÉΓòÉΓòÉΓòÉΓòÉΓòÉΓòÉΓòÉΓòÉΓòÉΓòÉΓòÉΓòÉΓòÉΓòÉΓòÉΓòÉΓòÉΓòÉΓòÉΓòÉΓòÉΓòÉΓòÉΓòÉΓòÉΓòÉΓòÉΓòÉΓòÉΓòÉΓòÉΓòÉΓòÉ

      at activate (src/extension.ts:395:17)

  console.log


      at activate (src/extension.ts:396:17)

  console.error
    Γ¥î COE Activation failed: Cannot read properties of undefined (reading 'get')

    [0m [90m 1279 |[39m     } [36mcatch[39m (error) {
     [90m 1280 |[39m         [36mconst[39m errorMsg [33m=[39m error [36minstanceof[39m [33mError[39m [33m?[39m error[33m.[39mmessage [33m:[39m [33mString[39m(error)[33m;[39m
    [31m[1m>[22m[39m[90m 1281 |[39m         console[33m.[39merror([32m'Γ¥î COE Activation failed:'[39m[33m,[39m errorMsg)[33m;[39m
     [90m      |[39m                 [31m[1m^[22m[39m
     [90m 1282 |[39m
     [90m 1283 |[39m         [36mif[39m (orchestratorOutputChannel) {
     [90m 1284 |[39m             orchestratorOutputChannel[33m.[39mappendLine([32m`Γ¥î ACTIVATION FAILED: ${errorMsg}`[39m)[33m;[39m[0m

      at activate (src/extension.ts:1281:17)
      at Object.<anonymous> (tests/extension.integration.test.ts:139:9)

  console.log
    ≡ƒÜÇ COE Activated

      at activate (src/extension.ts:139:13)

  console.warn
    No workspace root found, using defaults

    [0m [90m 108 |[39m             [36mconst[39m root [33m=[39m workspaceRoot [33m||[39m [36mthis[39m[33m.[39mgetWorkspaceRoot()[33m;[39m
     [90m 109 |[39m             [36mif[39m ([33m![39mroot) {
    [31m[1m>[22m[39m[90m 110 |[39m                 console[33m.[39mwarn([32m'No workspace root found, using defaults'[39m)[33m;[39m
     [90m     |[39m                         [31m[1m^[22m[39m
     [90m 111 |[39m                 [36mthis[39m[33m.[39minstance [33m=[39m [33mDEFAULT_CONFIG[39m[33m;[39m
     [90m 112 |[39m                 [36mreturn[39m[33m;[39m
     [90m 113 |[39m             }[0m

      at FileConfigManager.initialize (src/utils/fileConfig.ts:110:25)
      at activate (src/extension.ts:177:37)
      at Object.<anonymous> (tests/extension.integration.test.ts:155:23)

  console.log
    [COE.Extension] Γä╣∩╕Å Programming Orchestrator: Initializing...

      at SimpleLogger.info (src/orchestrator/programmingOrchestrator.ts:1436:17)

  console.log
    [COE.Extension] Γä╣∩╕Å Γ£à Programming Orchestrator: Ready (one-thing-at-a-time enforced)

      at SimpleLogger.info (src/orchestrator/programmingOrchestrator.ts:1436:17)

  console.log
    ≡ƒôª No persisted tasks found, starting fresh

      at ProgrammingOrchestrator.loadPersistedTasks (src/orchestrator/programmingOrchestrator.ts:354:25)

  console.log
    Γä╣∩╕Å No tasks to reconcile (queue empty)

      at ProgrammingOrchestrator.reconcileTasks (src/orchestrator/programmingOrchestrator.ts:420:21)

  console.log
    Γ£à ProgrammingOrchestrator initialized with persistence

      at ProgrammingOrchestrator.initializeWithPersistence (src/orchestrator/programmingOrchestrator.ts:336:17)

  console.log
    Γ£à TreeView provider linked to ProgrammingOrchestrator

      at ProgrammingOrchestrator.setTreeDataProvider (src/orchestrator/programmingOrchestrator.ts:297:17)

  console.log
    Γ£à CompletedTasksTreeProvider linked to ProgrammingOrchestrator

      at ProgrammingOrchestrator.setCompletedTasksProvider (src/orchestrator/programmingOrchestrator.ts:309:17)

  console.warn
    ΓÜá∩╕Å No workspace folder found ΓÇô using test mode only

    [0m [90m 27 |[39m         [36mconst[39m workspaceFolder [33m=[39m vscode[33m.[39mworkspace[33m.[39mworkspaceFolders[33m?[39m[33m.[39m[[35m0[39m][33m;[39m
     [90m 28 |[39m         [36mif[39m ([33m![39mworkspaceFolder) {
    [31m[1m>[22m[39m[90m 29 |[39m             console[33m.[39mwarn([32m'ΓÜá∩╕Å No workspace folder found ΓÇô using test mode only'[39m)[33m;[39m
     [90m    |[39m                     [31m[1m^[22m[39m
     [90m 30 |[39m             [36mreturn[39m [][33m;[39m
     [90m 31 |[39m         }
     [90m 32 |[39m[0m

      at loadTasksFromPlanFile (src/plans/planningStub.ts:29:21)
      at activate (src/extension.ts:351:58)
      at Object.<anonymous> (tests/extension.integration.test.ts:155:9)

  console.log
    Γä╣∩╕Å  No tasks loaded from plan file

      at activate (src/extension.ts:359:25)

  console.log
    ≡ƒöä Calling treeDataProvider.refresh() after loading tasks

      at activate (src/extension.ts:370:21)

  console.log
    ΓòÉΓòÉΓòÉΓòÉΓòÉΓòÉΓòÉΓòÉΓòÉΓòÉΓòÉΓòÉΓòÉΓòÉΓòÉΓòÉΓòÉΓòÉΓòÉΓòÉΓòÉΓòÉΓòÉΓòÉΓòÉΓòÉΓòÉΓòÉΓòÉΓòÉΓòÉΓòÉΓòÉΓòÉΓòÉΓòÉΓòÉΓòÉΓòÉΓòÉΓòÉΓòÉΓòÉΓòÉΓòÉΓòÉΓòÉΓòÉΓòÉΓòÉΓòÉΓòÉΓòÉΓòÉΓòÉΓòÉΓòÉΓòÉΓòÉ

      at activate (src/extension.ts:377:17)

  console.log
    ≡ƒöì TREE VIEW DEBUG SUMMARY

      at activate (src/extension.ts:378:17)

  console.log
    ΓòÉΓòÉΓòÉΓòÉΓòÉΓòÉΓòÉΓòÉΓòÉΓòÉΓòÉΓòÉΓòÉΓòÉΓòÉΓòÉΓòÉΓòÉΓòÉΓòÉΓòÉΓòÉΓòÉΓòÉΓòÉΓòÉΓòÉΓòÉΓòÉΓòÉΓòÉΓòÉΓòÉΓòÉΓòÉΓòÉΓòÉΓòÉΓòÉΓòÉΓòÉΓòÉΓòÉΓòÉΓòÉΓòÉΓòÉΓòÉΓòÉΓòÉΓòÉΓòÉΓòÉΓòÉΓòÉΓòÉΓòÉΓòÉΓòÉ

      at activate (src/extension.ts:379:17)

  console.log
    ≡ƒôè Total tasks in orchestrator: 0

      at activate (src/extension.ts:380:17)

  console.log
    ≡ƒöì getReadyTasks() called - Total queue size: 0

      at ProgrammingOrchestrator.getReadyTasks (src/orchestrator/programmingOrchestrator.ts:694:17)

  console.log
    ≡ƒôè getReadyTasks() returning 0 tasks

      at ProgrammingOrchestrator.getReadyTasks (src/orchestrator/programmingOrchestrator.ts:722:17)

  console.log
    Γ£à Ready tasks: 0

      at activate (src/extension.ts:381:17)

  console.log
    ≡ƒî│ Tree provider initialized: true

      at activate (src/extension.ts:382:17)

  console.log
    ≡ƒô║ Tree views created: true

      at activate (src/extension.ts:383:17)

  console.log
    ≡ƒöì getReadyTasks() called - Total queue size: 0

      at ProgrammingOrchestrator.getReadyTasks (src/orchestrator/programmingOrchestrator.ts:694:17)

  console.log
    ≡ƒôè getReadyTasks() returning 0 tasks

      at ProgrammingOrchestrator.getReadyTasks (src/orchestrator/programmingOrchestrator.ts:722:17)

  console.log
    ΓÜá∩╕Å  No ready tasks found! Check task status in orchestrator.

      at activate (src/extension.ts:392:25)

  console.log
    ΓòÉΓòÉΓòÉΓòÉΓòÉΓòÉΓòÉΓòÉΓòÉΓòÉΓòÉΓòÉΓòÉΓòÉΓòÉΓòÉΓòÉΓòÉΓòÉΓòÉΓòÉΓòÉΓòÉΓòÉΓòÉΓòÉΓòÉΓòÉΓòÉΓòÉΓòÉΓòÉΓòÉΓòÉΓòÉΓòÉΓòÉΓòÉΓòÉΓòÉΓòÉΓòÉΓòÉΓòÉΓòÉΓòÉΓòÉΓòÉΓòÉΓòÉΓòÉΓòÉΓòÉΓòÉΓòÉΓòÉΓòÉΓòÉΓòÉ

      at activate (src/extension.ts:395:17)

  console.log


      at activate (src/extension.ts:396:17)

  console.error
    Γ¥î COE Activation failed: Cannot read properties of undefined (reading 'get')

    [0m [90m 1279 |[39m     } [36mcatch[39m (error) {
     [90m 1280 |[39m         [36mconst[39m errorMsg [33m=[39m error [36minstanceof[39m [33mError[39m [33m?[39m error[33m.[39mmessage [33m:[39m [33mString[39m(error)[33m;[39m
    [31m[1m>[22m[39m[90m 1281 |[39m         console[33m.[39merror([32m'Γ¥î COE Activation failed:'[39m[33m,[39m errorMsg)[33m;[39m
     [90m      |[39m                 [31m[1m^[22m[39m
     [90m 1282 |[39m
     [90m 1283 |[39m         [36mif[39m (orchestratorOutputChannel) {
     [90m 1284 |[39m             orchestratorOutputChannel[33m.[39mappendLine([32m`Γ¥î ACTIVATION FAILED: ${errorMsg}`[39m)[33m;[39m[0m

      at activate (src/extension.ts:1281:17)
      at Object.<anonymous> (tests/extension.integration.test.ts:155:9)

  console.log
    ≡ƒÜÇ COE Activated

      at activate (src/extension.ts:139:13)

  console.warn
    No workspace root found, using defaults

    [0m [90m 108 |[39m             [36mconst[39m root [33m=[39m workspaceRoot [33m||[39m [36mthis[39m[33m.[39mgetWorkspaceRoot()[33m;[39m
     [90m 109 |[39m             [36mif[39m ([33m![39mroot) {
    [31m[1m>[22m[39m[90m 110 |[39m                 console[33m.[39mwarn([32m'No workspace root found, using defaults'[39m)[33m;[39m
     [90m     |[39m                         [31m[1m^[22m[39m
     [90m 111 |[39m                 [36mthis[39m[33m.[39minstance [33m=[39m [33mDEFAULT_CONFIG[39m[33m;[39m
     [90m 112 |[39m                 [36mreturn[39m[33m;[39m
     [90m 113 |[39m             }[0m

      at FileConfigManager.initialize (src/utils/fileConfig.ts:110:25)
      at activate (src/extension.ts:177:37)
      at Object.<anonymous> (tests/extension.integration.test.ts:168:23)

  console.log
    [COE.Extension] Γä╣∩╕Å Programming Orchestrator: Initializing...

      at SimpleLogger.info (src/orchestrator/programmingOrchestrator.ts:1436:17)

  console.log
    [COE.Extension] Γä╣∩╕Å Γ£à Programming Orchestrator: Ready (one-thing-at-a-time enforced)

      at SimpleLogger.info (src/orchestrator/programmingOrchestrator.ts:1436:17)

  console.log
    ≡ƒôª No persisted tasks found, starting fresh

      at ProgrammingOrchestrator.loadPersistedTasks (src/orchestrator/programmingOrchestrator.ts:354:25)

  console.log
    Γä╣∩╕Å No tasks to reconcile (queue empty)

      at ProgrammingOrchestrator.reconcileTasks (src/orchestrator/programmingOrchestrator.ts:420:21)

  console.log
    Γ£à ProgrammingOrchestrator initialized with persistence

      at ProgrammingOrchestrator.initializeWithPersistence (src/orchestrator/programmingOrchestrator.ts:336:17)

  console.log
    Γ£à TreeView provider linked to ProgrammingOrchestrator

      at ProgrammingOrchestrator.setTreeDataProvider (src/orchestrator/programmingOrchestrator.ts:297:17)

  console.log
    Γ£à CompletedTasksTreeProvider linked to ProgrammingOrchestrator

      at ProgrammingOrchestrator.setCompletedTasksProvider (src/orchestrator/programmingOrchestrator.ts:309:17)

  console.warn
    ΓÜá∩╕Å No workspace folder found ΓÇô using test mode only

    [0m [90m 27 |[39m         [36mconst[39m workspaceFolder [33m=[39m vscode[33m.[39mworkspace[33m.[39mworkspaceFolders[33m?[39m[33m.[39m[[35m0[39m][33m;[39m
     [90m 28 |[39m         [36mif[39m ([33m![39mworkspaceFolder) {
    [31m[1m>[22m[39m[90m 29 |[39m             console[33m.[39mwarn([32m'ΓÜá∩╕Å No workspace folder found ΓÇô using test mode only'[39m)[33m;[39m
     [90m    |[39m                     [31m[1m^[22m[39m
     [90m 30 |[39m             [36mreturn[39m [][33m;[39m
     [90m 31 |[39m         }
     [90m 32 |[39m[0m

      at loadTasksFromPlanFile (src/plans/planningStub.ts:29:21)
      at activate (src/extension.ts:351:58)
      at Object.<anonymous> (tests/extension.integration.test.ts:168:9)

  console.log
    Γä╣∩╕Å  No tasks loaded from plan file

      at activate (src/extension.ts:359:25)

  console.log
    ≡ƒöä Calling treeDataProvider.refresh() after loading tasks

      at activate (src/extension.ts:370:21)

  console.log
    ΓòÉΓòÉΓòÉΓòÉΓòÉΓòÉΓòÉΓòÉΓòÉΓòÉΓòÉΓòÉΓòÉΓòÉΓòÉΓòÉΓòÉΓòÉΓòÉΓòÉΓòÉΓòÉΓòÉΓòÉΓòÉΓòÉΓòÉΓòÉΓòÉΓòÉΓòÉΓòÉΓòÉΓòÉΓòÉΓòÉΓòÉΓòÉΓòÉΓòÉΓòÉΓòÉΓòÉΓòÉΓòÉΓòÉΓòÉΓòÉΓòÉΓòÉΓòÉΓòÉΓòÉΓòÉΓòÉΓòÉΓòÉΓòÉΓòÉ

      at activate (src/extension.ts:377:17)

  console.log
    ≡ƒöì TREE VIEW DEBUG SUMMARY

      at activate (src/extension.ts:378:17)

  console.log
    ΓòÉΓòÉΓòÉΓòÉΓòÉΓòÉΓòÉΓòÉΓòÉΓòÉΓòÉΓòÉΓòÉΓòÉΓòÉΓòÉΓòÉΓòÉΓòÉΓòÉΓòÉΓòÉΓòÉΓòÉΓòÉΓòÉΓòÉΓòÉΓòÉΓòÉΓòÉΓòÉΓòÉΓòÉΓòÉΓòÉΓòÉΓòÉΓòÉΓòÉΓòÉΓòÉΓòÉΓòÉΓòÉΓòÉΓòÉΓòÉΓòÉΓòÉΓòÉΓòÉΓòÉΓòÉΓòÉΓòÉΓòÉΓòÉΓòÉ

      at activate (src/extension.ts:379:17)

  console.log
    ≡ƒôè Total tasks in orchestrator: 0

      at activate (src/extension.ts:380:17)

  console.log
    ≡ƒöì getReadyTasks() called - Total queue size: 0

      at ProgrammingOrchestrator.getReadyTasks (src/orchestrator/programmingOrchestrator.ts:694:17)

  console.log
    ≡ƒôè getReadyTasks() returning 0 tasks

      at ProgrammingOrchestrator.getReadyTasks (src/orchestrator/programmingOrchestrator.ts:722:17)

  console.log
    Γ£à Ready tasks: 0

      at activate (src/extension.ts:381:17)

  console.log
    ≡ƒî│ Tree provider initialized: true

      at activate (src/extension.ts:382:17)

  console.log
    ≡ƒô║ Tree views created: true

      at activate (src/extension.ts:383:17)

  console.log
    ≡ƒöì getReadyTasks() called - Total queue size: 0

      at ProgrammingOrchestrator.getReadyTasks (src/orchestrator/programmingOrchestrator.ts:694:17)

  console.log
    ≡ƒôè getReadyTasks() returning 0 tasks

      at ProgrammingOrchestrator.getReadyTasks (src/orchestrator/programmingOrchestrator.ts:722:17)

  console.log
    ΓÜá∩╕Å  No ready tasks found! Check task status in orchestrator.

      at activate (src/extension.ts:392:25)

  console.log
    ΓòÉΓòÉΓòÉΓòÉΓòÉΓòÉΓòÉΓòÉΓòÉΓòÉΓòÉΓòÉΓòÉΓòÉΓòÉΓòÉΓòÉΓòÉΓòÉΓòÉΓòÉΓòÉΓòÉΓòÉΓòÉΓòÉΓòÉΓòÉΓòÉΓòÉΓòÉΓòÉΓòÉΓòÉΓòÉΓòÉΓòÉΓòÉΓòÉΓòÉΓòÉΓòÉΓòÉΓòÉΓòÉΓòÉΓòÉΓòÉΓòÉΓòÉΓòÉΓòÉΓòÉΓòÉΓòÉΓòÉΓòÉΓòÉΓòÉ

      at activate (src/extension.ts:395:17)

  console.log


      at activate (src/extension.ts:396:17)

  console.error
    Γ¥î COE Activation failed: Cannot read properties of undefined (reading 'get')

    [0m [90m 1279 |[39m     } [36mcatch[39m (error) {
     [90m 1280 |[39m         [36mconst[39m errorMsg [33m=[39m error [36minstanceof[39m [33mError[39m [33m?[39m error[33m.[39mmessage [33m:[39m [33mString[39m(error)[33m;[39m
    [31m[1m>[22m[39m[90m 1281 |[39m         console[33m.[39merror([32m'Γ¥î COE Activation failed:'[39m[33m,[39m errorMsg)[33m;[39m
     [90m      |[39m                 [31m[1m^[22m[39m
     [90m 1282 |[39m
     [90m 1283 |[39m         [36mif[39m (orchestratorOutputChannel) {
     [90m 1284 |[39m             orchestratorOutputChannel[33m.[39mappendLine([32m`Γ¥î ACTIVATION FAILED: ${errorMsg}`[39m)[33m;[39m[0m

      at activate (src/extension.ts:1281:17)
      at Object.<anonymous> (tests/extension.integration.test.ts:168:9)

  console.log
    COE: Extension deactivating...

      at deactivate (src/extension.ts:1297:17)

  console.log
    Γ£à Plans Watcher stopped

      at deactivate (src/extension.ts:1301:17)

  console.log
    Γ£à File Config Manager disposed

      at deactivate (src/extension.ts:1305:17)

  console.log
    Γ£à Status Bar Item disposed

      at deactivate (src/extension.ts:1322:21)

  console.log
    Γ£à Programming Orchestrator shutdown complete

      at deactivate (src/extension.ts:1329:21)

  console.log
    Γ£à COE: Extension deactivated

      at deactivate (src/extension.ts:1343:17)

  console.log
    ≡ƒÜÇ COE Activated

      at activate (src/extension.ts:139:13)

  console.warn
    No workspace root found, using defaults

    [0m [90m 108 |[39m             [36mconst[39m root [33m=[39m workspaceRoot [33m||[39m [36mthis[39m[33m.[39mgetWorkspaceRoot()[33m;[39m
     [90m 109 |[39m             [36mif[39m ([33m![39mroot) {
    [31m[1m>[22m[39m[90m 110 |[39m                 console[33m.[39mwarn([32m'No workspace root found, using defaults'[39m)[33m;[39m
     [90m     |[39m                         [31m[1m^[22m[39m
     [90m 111 |[39m                 [36mthis[39m[33m.[39minstance [33m=[39m [33mDEFAULT_CONFIG[39m[33m;[39m
     [90m 112 |[39m                 [36mreturn[39m[33m;[39m
     [90m 113 |[39m             }[0m

      at FileConfigManager.initialize (src/utils/fileConfig.ts:110:25)
      at activate (src/extension.ts:177:37)
      at Object.<anonymous> (tests/extension.integration.test.ts:196:23)

  console.log
    [COE.Extension] Γä╣∩╕Å Programming Orchestrator: Initializing...

      at SimpleLogger.info (src/orchestrator/programmingOrchestrator.ts:1436:17)

  console.log
    [COE.Extension] Γä╣∩╕Å Γ£à Programming Orchestrator: Ready (one-thing-at-a-time enforced)

      at SimpleLogger.info (src/orchestrator/programmingOrchestrator.ts:1436:17)

  console.log
    ≡ƒôª No persisted tasks found, starting fresh

      at ProgrammingOrchestrator.loadPersistedTasks (src/orchestrator/programmingOrchestrator.ts:354:25)

  console.log
    Γä╣∩╕Å No tasks to reconcile (queue empty)

      at ProgrammingOrchestrator.reconcileTasks (src/orchestrator/programmingOrchestrator.ts:420:21)

  console.log
    Γ£à ProgrammingOrchestrator initialized with persistence

      at ProgrammingOrchestrator.initializeWithPersistence (src/orchestrator/programmingOrchestrator.ts:336:17)

  console.log
    Γ£à TreeView provider linked to ProgrammingOrchestrator

      at ProgrammingOrchestrator.setTreeDataProvider (src/orchestrator/programmingOrchestrator.ts:297:17)

  console.log
    Γ£à CompletedTasksTreeProvider linked to ProgrammingOrchestrator

      at ProgrammingOrchestrator.setCompletedTasksProvider (src/orchestrator/programmingOrchestrator.ts:309:17)

  console.warn
    ΓÜá∩╕Å No workspace folder found ΓÇô using test mode only

    [0m [90m 27 |[39m         [36mconst[39m workspaceFolder [33m=[39m vscode[33m.[39mworkspace[33m.[39mworkspaceFolders[33m?[39m[33m.[39m[[35m0[39m][33m;[39m
     [90m 28 |[39m         [36mif[39m ([33m![39mworkspaceFolder) {
    [31m[1m>[22m[39m[90m 29 |[39m             console[33m.[39mwarn([32m'ΓÜá∩╕Å No workspace folder found ΓÇô using test mode only'[39m)[33m;[39m
     [90m    |[39m                     [31m[1m^[22m[39m
     [90m 30 |[39m             [36mreturn[39m [][33m;[39m
     [90m 31 |[39m         }
     [90m 32 |[39m[0m

      at loadTasksFromPlanFile (src/plans/planningStub.ts:29:21)
      at activate (src/extension.ts:351:58)
      at Object.<anonymous> (tests/extension.integration.test.ts:196:9)

  console.log
    Γä╣∩╕Å  No tasks loaded from plan file

      at activate (src/extension.ts:359:25)

  console.log
    ≡ƒöä Calling treeDataProvider.refresh() after loading tasks

      at activate (src/extension.ts:370:21)

  console.log
    ΓòÉΓòÉΓòÉΓòÉΓòÉΓòÉΓòÉΓòÉΓòÉΓòÉΓòÉΓòÉΓòÉΓòÉΓòÉΓòÉΓòÉΓòÉΓòÉΓòÉΓòÉΓòÉΓòÉΓòÉΓòÉΓòÉΓòÉΓòÉΓòÉΓòÉΓòÉΓòÉΓòÉΓòÉΓòÉΓòÉΓòÉΓòÉΓòÉΓòÉΓòÉΓòÉΓòÉΓòÉΓòÉΓòÉΓòÉΓòÉΓòÉΓòÉΓòÉΓòÉΓòÉΓòÉΓòÉΓòÉΓòÉΓòÉΓòÉ

      at activate (src/extension.ts:377:17)

  console.log
    ≡ƒöì TREE VIEW DEBUG SUMMARY

      at activate (src/extension.ts:378:17)

  console.log
    ΓòÉΓòÉΓòÉΓòÉΓòÉΓòÉΓòÉΓòÉΓòÉΓòÉΓòÉΓòÉΓòÉΓòÉΓòÉΓòÉΓòÉΓòÉΓòÉΓòÉΓòÉΓòÉΓòÉΓòÉΓòÉΓòÉΓòÉΓòÉΓòÉΓòÉΓòÉΓòÉΓòÉΓòÉΓòÉΓòÉΓòÉΓòÉΓòÉΓòÉΓòÉΓòÉΓòÉΓòÉΓòÉΓòÉΓòÉΓòÉΓòÉΓòÉΓòÉΓòÉΓòÉΓòÉΓòÉΓòÉΓòÉΓòÉΓòÉ

      at activate (src/extension.ts:379:17)

  console.log
    ≡ƒôè Total tasks in orchestrator: 0

      at activate (src/extension.ts:380:17)

  console.log
    ≡ƒöì getReadyTasks() called - Total queue size: 0

      at ProgrammingOrchestrator.getReadyTasks (src/orchestrator/programmingOrchestrator.ts:694:17)

  console.log
    ≡ƒôè getReadyTasks() returning 0 tasks

      at ProgrammingOrchestrator.getReadyTasks (src/orchestrator/programmingOrchestrator.ts:722:17)

  console.log
    Γ£à Ready tasks: 0

      at activate (src/extension.ts:381:17)

  console.log
    ≡ƒî│ Tree provider initialized: true

      at activate (src/extension.ts:382:17)

  console.log
    ≡ƒô║ Tree views created: true

      at activate (src/extension.ts:383:17)

  console.log
    ≡ƒöì getReadyTasks() called - Total queue size: 0

      at ProgrammingOrchestrator.getReadyTasks (src/orchestrator/programmingOrchestrator.ts:694:17)

  console.log
    ≡ƒôè getReadyTasks() returning 0 tasks

      at ProgrammingOrchestrator.getReadyTasks (src/orchestrator/programmingOrchestrator.ts:722:17)

  console.log
    ΓÜá∩╕Å  No ready tasks found! Check task status in orchestrator.

      at activate (src/extension.ts:392:25)

  console.log
    ΓòÉΓòÉΓòÉΓòÉΓòÉΓòÉΓòÉΓòÉΓòÉΓòÉΓòÉΓòÉΓòÉΓòÉΓòÉΓòÉΓòÉΓòÉΓòÉΓòÉΓòÉΓòÉΓòÉΓòÉΓòÉΓòÉΓòÉΓòÉΓòÉΓòÉΓòÉΓòÉΓòÉΓòÉΓòÉΓòÉΓòÉΓòÉΓòÉΓòÉΓòÉΓòÉΓòÉΓòÉΓòÉΓòÉΓòÉΓòÉΓòÉΓòÉΓòÉΓòÉΓòÉΓòÉΓòÉΓòÉΓòÉΓòÉΓòÉ

      at activate (src/extension.ts:395:17)

  console.log


      at activate (src/extension.ts:396:17)

  console.error
    Γ¥î COE Activation failed: Cannot read properties of undefined (reading 'get')

    [0m [90m 1279 |[39m     } [36mcatch[39m (error) {
     [90m 1280 |[39m         [36mconst[39m errorMsg [33m=[39m error [36minstanceof[39m [33mError[39m [33m?[39m error[33m.[39mmessage [33m:[39m [33mString[39m(error)[33m;[39m
    [31m[1m>[22m[39m[90m 1281 |[39m         console[33m.[39merror([32m'Γ¥î COE Activation failed:'[39m[33m,[39m errorMsg)[33m;[39m
     [90m      |[39m                 [31m[1m^[22m[39m
     [90m 1282 |[39m
     [90m 1283 |[39m         [36mif[39m (orchestratorOutputChannel) {
     [90m 1284 |[39m             orchestratorOutputChannel[33m.[39mappendLine([32m`Γ¥î ACTIVATION FAILED: ${errorMsg}`[39m)[33m;[39m[0m

      at activate (src/extension.ts:1281:17)
      at Object.<anonymous> (tests/extension.integration.test.ts:196:9)

  console.log
    ≡ƒÜÇ COE Activated

      at activate (src/extension.ts:139:13)

  console.warn
    No workspace root found, using defaults

    [0m [90m 108 |[39m             [36mconst[39m root [33m=[39m workspaceRoot [33m||[39m [36mthis[39m[33m.[39mgetWorkspaceRoot()[33m;[39m
     [90m 109 |[39m             [36mif[39m ([33m![39mroot) {
    [31m[1m>[22m[39m[90m 110 |[39m                 console[33m.[39mwarn([32m'No workspace root found, using defaults'[39m)[33m;[39m
     [90m     |[39m                         [31m[1m^[22m[39m
     [90m 111 |[39m                 [36mthis[39m[33m.[39minstance [33m=[39m [33mDEFAULT_CONFIG[39m[33m;[39m
     [90m 112 |[39m                 [36mreturn[39m[33m;[39m
     [90m 113 |[39m             }[0m

      at FileConfigManager.initialize (src/utils/fileConfig.ts:110:25)
      at activate (src/extension.ts:177:37)
      at Object.<anonymous> (tests/extension.integration.test.ts:276:23)

  console.log
    [COE.Extension] Γä╣∩╕Å Programming Orchestrator: Initializing...

      at SimpleLogger.info (src/orchestrator/programmingOrchestrator.ts:1436:17)

  console.log
    [COE.Extension] Γä╣∩╕Å Γ£à Programming Orchestrator: Ready (one-thing-at-a-time enforced)

      at SimpleLogger.info (src/orchestrator/programmingOrchestrator.ts:1436:17)

  console.log
    ≡ƒôª No persisted tasks found, starting fresh

      at ProgrammingOrchestrator.loadPersistedTasks (src/orchestrator/programmingOrchestrator.ts:354:25)

  console.log
    Γä╣∩╕Å No tasks to reconcile (queue empty)

      at ProgrammingOrchestrator.reconcileTasks (src/orchestrator/programmingOrchestrator.ts:420:21)

  console.log
    Γ£à ProgrammingOrchestrator initialized with persistence

      at ProgrammingOrchestrator.initializeWithPersistence (src/orchestrator/programmingOrchestrator.ts:336:17)

  console.log
    Γ£à TreeView provider linked to ProgrammingOrchestrator

      at ProgrammingOrchestrator.setTreeDataProvider (src/orchestrator/programmingOrchestrator.ts:297:17)

  console.log
    Γ£à CompletedTasksTreeProvider linked to ProgrammingOrchestrator

      at ProgrammingOrchestrator.setCompletedTasksProvider (src/orchestrator/programmingOrchestrator.ts:309:17)

  console.warn
    ΓÜá∩╕Å No workspace folder found ΓÇô using test mode only

    [0m [90m 27 |[39m         [36mconst[39m workspaceFolder [33m=[39m vscode[33m.[39mworkspace[33m.[39mworkspaceFolders[33m?[39m[33m.[39m[[35m0[39m][33m;[39m
     [90m 28 |[39m         [36mif[39m ([33m![39mworkspaceFolder) {
    [31m[1m>[22m[39m[90m 29 |[39m             console[33m.[39mwarn([32m'ΓÜá∩╕Å No workspace folder found ΓÇô using test mode only'[39m)[33m;[39m
     [90m    |[39m                     [31m[1m^[22m[39m
     [90m 30 |[39m             [36mreturn[39m [][33m;[39m
     [90m 31 |[39m         }
     [90m 32 |[39m[0m

      at loadTasksFromPlanFile (src/plans/planningStub.ts:29:21)
      at activate (src/extension.ts:351:58)
      at Object.<anonymous> (tests/extension.integration.test.ts:276:9)

  console.log
    Γä╣∩╕Å  No tasks loaded from plan file

      at activate (src/extension.ts:359:25)

  console.log
    ≡ƒöä Calling treeDataProvider.refresh() after loading tasks

      at activate (src/extension.ts:370:21)

  console.log
    ΓòÉΓòÉΓòÉΓòÉΓòÉΓòÉΓòÉΓòÉΓòÉΓòÉΓòÉΓòÉΓòÉΓòÉΓòÉΓòÉΓòÉΓòÉΓòÉΓòÉΓòÉΓòÉΓòÉΓòÉΓòÉΓòÉΓòÉΓòÉΓòÉΓòÉΓòÉΓòÉΓòÉΓòÉΓòÉΓòÉΓòÉΓòÉΓòÉΓòÉΓòÉΓòÉΓòÉΓòÉΓòÉΓòÉΓòÉΓòÉΓòÉΓòÉΓòÉΓòÉΓòÉΓòÉΓòÉΓòÉΓòÉΓòÉΓòÉ

      at activate (src/extension.ts:377:17)

  console.log
    ≡ƒöì TREE VIEW DEBUG SUMMARY

      at activate (src/extension.ts:378:17)

  console.log
    ΓòÉΓòÉΓòÉΓòÉΓòÉΓòÉΓòÉΓòÉΓòÉΓòÉΓòÉΓòÉΓòÉΓòÉΓòÉΓòÉΓòÉΓòÉΓòÉΓòÉΓòÉΓòÉΓòÉΓòÉΓòÉΓòÉΓòÉΓòÉΓòÉΓòÉΓòÉΓòÉΓòÉΓòÉΓòÉΓòÉΓòÉΓòÉΓòÉΓòÉΓòÉΓòÉΓòÉΓòÉΓòÉΓòÉΓòÉΓòÉΓòÉΓòÉΓòÉΓòÉΓòÉΓòÉΓòÉΓòÉΓòÉΓòÉΓòÉ

      at activate (src/extension.ts:379:17)

  console.log
    ≡ƒôè Total tasks in orchestrator: 0

      at activate (src/extension.ts:380:17)

  console.log
    ≡ƒöì getReadyTasks() called - Total queue size: 0

      at ProgrammingOrchestrator.getReadyTasks (src/orchestrator/programmingOrchestrator.ts:694:17)

  console.log
    ≡ƒôè getReadyTasks() returning 0 tasks

      at ProgrammingOrchestrator.getReadyTasks (src/orchestrator/programmingOrchestrator.ts:722:17)

  console.log
    Γ£à Ready tasks: 0

      at activate (src/extension.ts:381:17)

  console.log
    ≡ƒî│ Tree provider initialized: true

      at activate (src/extension.ts:382:17)

  console.log
    ≡ƒô║ Tree views created: true

      at activate (src/extension.ts:383:17)

  console.log
    ≡ƒöì getReadyTasks() called - Total queue size: 0

      at ProgrammingOrchestrator.getReadyTasks (src/orchestrator/programmingOrchestrator.ts:694:17)

  console.log
    ≡ƒôè getReadyTasks() returning 0 tasks

      at ProgrammingOrchestrator.getReadyTasks (src/orchestrator/programmingOrchestrator.ts:722:17)

  console.log
    ΓÜá∩╕Å  No ready tasks found! Check task status in orchestrator.

      at activate (src/extension.ts:392:25)

  console.log
    ΓòÉΓòÉΓòÉΓòÉΓòÉΓòÉΓòÉΓòÉΓòÉΓòÉΓòÉΓòÉΓòÉΓòÉΓòÉΓòÉΓòÉΓòÉΓòÉΓòÉΓòÉΓòÉΓòÉΓòÉΓòÉΓòÉΓòÉΓòÉΓòÉΓòÉΓòÉΓòÉΓòÉΓòÉΓòÉΓòÉΓòÉΓòÉΓòÉΓòÉΓòÉΓòÉΓòÉΓòÉΓòÉΓòÉΓòÉΓòÉΓòÉΓòÉΓòÉΓòÉΓòÉΓòÉΓòÉΓòÉΓòÉΓòÉΓòÉ

      at activate (src/extension.ts:395:17)

  console.log


      at activate (src/extension.ts:396:17)

  console.error
    Γ¥î COE Activation failed: Cannot read properties of undefined (reading 'get')

    [0m [90m 1279 |[39m     } [36mcatch[39m (error) {
     [90m 1280 |[39m         [36mconst[39m errorMsg [33m=[39m error [36minstanceof[39m [33mError[39m [33m?[39m error[33m.[39mmessage [33m:[39m [33mString[39m(error)[33m;[39m
    [31m[1m>[22m[39m[90m 1281 |[39m         console[33m.[39merror([32m'Γ¥î COE Activation failed:'[39m[33m,[39m errorMsg)[33m;[39m
     [90m      |[39m                 [31m[1m^[22m[39m
     [90m 1282 |[39m
     [90m 1283 |[39m         [36mif[39m (orchestratorOutputChannel) {
     [90m 1284 |[39m             orchestratorOutputChannel[33m.[39mappendLine([32m`Γ¥î ACTIVATION FAILED: ${errorMsg}`[39m)[33m;[39m[0m

      at activate (src/extension.ts:1281:17)
      at Object.<anonymous> (tests/extension.integration.test.ts:276:9)

  console.log
    ≡ƒÜÇ COE Activated

      at activate (src/extension.ts:139:13)

  console.warn
    No workspace root found, using defaults

    [0m [90m 108 |[39m             [36mconst[39m root [33m=[39m workspaceRoot [33m||[39m [36mthis[39m[33m.[39mgetWorkspaceRoot()[33m;[39m
     [90m 109 |[39m             [36mif[39m ([33m![39mroot) {
    [31m[1m>[22m[39m[90m 110 |[39m                 console[33m.[39mwarn([32m'No workspace root found, using defaults'[39m)[33m;[39m
     [90m     |[39m                         [31m[1m^[22m[39m
     [90m 111 |[39m                 [36mthis[39m[33m.[39minstance [33m=[39m [33mDEFAULT_CONFIG[39m[33m;[39m
     [90m 112 |[39m                 [36mreturn[39m[33m;[39m
     [90m 113 |[39m             }[0m

      at FileConfigManager.initialize (src/utils/fileConfig.ts:110:25)
      at activate (src/extension.ts:177:37)
      at Object.<anonymous> (tests/extension.integration.test.ts:300:23)

  console.log
    [COE.Extension] Γä╣∩╕Å Programming Orchestrator: Initializing...

      at SimpleLogger.info (src/orchestrator/programmingOrchestrator.ts:1436:17)

  console.log
    [COE.Extension] Γä╣∩╕Å Γ£à Programming Orchestrator: Ready (one-thing-at-a-time enforced)

      at SimpleLogger.info (src/orchestrator/programmingOrchestrator.ts:1436:17)

  console.log
    ≡ƒôª No persisted tasks found, starting fresh

      at ProgrammingOrchestrator.loadPersistedTasks (src/orchestrator/programmingOrchestrator.ts:354:25)

  console.log
    Γä╣∩╕Å No tasks to reconcile (queue empty)

      at ProgrammingOrchestrator.reconcileTasks (src/orchestrator/programmingOrchestrator.ts:420:21)

  console.log
    Γ£à ProgrammingOrchestrator initialized with persistence

      at ProgrammingOrchestrator.initializeWithPersistence (src/orchestrator/programmingOrchestrator.ts:336:17)

  console.log
    Γ£à TreeView provider linked to ProgrammingOrchestrator

      at ProgrammingOrchestrator.setTreeDataProvider (src/orchestrator/programmingOrchestrator.ts:297:17)

  console.log
    Γ£à CompletedTasksTreeProvider linked to ProgrammingOrchestrator

      at ProgrammingOrchestrator.setCompletedTasksProvider (src/orchestrator/programmingOrchestrator.ts:309:17)

  console.warn
    ΓÜá∩╕Å No workspace folder found ΓÇô using test mode only

    [0m [90m 27 |[39m         [36mconst[39m workspaceFolder [33m=[39m vscode[33m.[39mworkspace[33m.[39mworkspaceFolders[33m?[39m[33m.[39m[[35m0[39m][33m;[39m
     [90m 28 |[39m         [36mif[39m ([33m![39mworkspaceFolder) {
    [31m[1m>[22m[39m[90m 29 |[39m             console[33m.[39mwarn([32m'ΓÜá∩╕Å No workspace folder found ΓÇô using test mode only'[39m)[33m;[39m
     [90m    |[39m                     [31m[1m^[22m[39m
     [90m 30 |[39m             [36mreturn[39m [][33m;[39m
     [90m 31 |[39m         }
     [90m 32 |[39m[0m

      at loadTasksFromPlanFile (src/plans/planningStub.ts:29:21)
      at activate (src/extension.ts:351:58)
      at Object.<anonymous> (tests/extension.integration.test.ts:300:9)

  console.log
    Γä╣∩╕Å  No tasks loaded from plan file

      at activate (src/extension.ts:359:25)

  console.log
    ≡ƒöä Calling treeDataProvider.refresh() after loading tasks

      at activate (src/extension.ts:370:21)

  console.log
    ΓòÉΓòÉΓòÉΓòÉΓòÉΓòÉΓòÉΓòÉΓòÉΓòÉΓòÉΓòÉΓòÉΓòÉΓòÉΓòÉΓòÉΓòÉΓòÉΓòÉΓòÉΓòÉΓòÉΓòÉΓòÉΓòÉΓòÉΓòÉΓòÉΓòÉΓòÉΓòÉΓòÉΓòÉΓòÉΓòÉΓòÉΓòÉΓòÉΓòÉΓòÉΓòÉΓòÉΓòÉΓòÉΓòÉΓòÉΓòÉΓòÉΓòÉΓòÉΓòÉΓòÉΓòÉΓòÉΓòÉΓòÉΓòÉΓòÉ

      at activate (src/extension.ts:377:17)

  console.log
    ≡ƒöì TREE VIEW DEBUG SUMMARY

      at activate (src/extension.ts:378:17)

  console.log
    ΓòÉΓòÉΓòÉΓòÉΓòÉΓòÉΓòÉΓòÉΓòÉΓòÉΓòÉΓòÉΓòÉΓòÉΓòÉΓòÉΓòÉΓòÉΓòÉΓòÉΓòÉΓòÉΓòÉΓòÉΓòÉΓòÉΓòÉΓòÉΓòÉΓòÉΓòÉΓòÉΓòÉΓòÉΓòÉΓòÉΓòÉΓòÉΓòÉΓòÉΓòÉΓòÉΓòÉΓòÉΓòÉΓòÉΓòÉΓòÉΓòÉΓòÉΓòÉΓòÉΓòÉΓòÉΓòÉΓòÉΓòÉΓòÉΓòÉ

      at activate (src/extension.ts:379:17)

  console.log
    ≡ƒôè Total tasks in orchestrator: 0

      at activate (src/extension.ts:380:17)

  console.log
    ≡ƒöì getReadyTasks() called - Total queue size: 0

      at ProgrammingOrchestrator.getReadyTasks (src/orchestrator/programmingOrchestrator.ts:694:17)

  console.log
    ≡ƒôè getReadyTasks() returning 0 tasks

      at ProgrammingOrchestrator.getReadyTasks (src/orchestrator/programmingOrchestrator.ts:722:17)

  console.log
    Γ£à Ready tasks: 0

      at activate (src/extension.ts:381:17)

  console.log
    ≡ƒî│ Tree provider initialized: true

      at activate (src/extension.ts:382:17)

  console.log
    ≡ƒô║ Tree views created: true

      at activate (src/extension.ts:383:17)

  console.log
    ≡ƒöì getReadyTasks() called - Total queue size: 0

      at ProgrammingOrchestrator.getReadyTasks (src/orchestrator/programmingOrchestrator.ts:694:17)

  console.log
    ≡ƒôè getReadyTasks() returning 0 tasks

      at ProgrammingOrchestrator.getReadyTasks (src/orchestrator/programmingOrchestrator.ts:722:17)

  console.log
    ΓÜá∩╕Å  No ready tasks found! Check task status in orchestrator.

      at activate (src/extension.ts:392:25)

  console.log
    ΓòÉΓòÉΓòÉΓòÉΓòÉΓòÉΓòÉΓòÉΓòÉΓòÉΓòÉΓòÉΓòÉΓòÉΓòÉΓòÉΓòÉΓòÉΓòÉΓòÉΓòÉΓòÉΓòÉΓòÉΓòÉΓòÉΓòÉΓòÉΓòÉΓòÉΓòÉΓòÉΓòÉΓòÉΓòÉΓòÉΓòÉΓòÉΓòÉΓòÉΓòÉΓòÉΓòÉΓòÉΓòÉΓòÉΓòÉΓòÉΓòÉΓòÉΓòÉΓòÉΓòÉΓòÉΓòÉΓòÉΓòÉΓòÉΓòÉ

      at activate (src/extension.ts:395:17)

  console.log


      at activate (src/extension.ts:396:17)

  console.error
    Γ¥î COE Activation failed: Cannot read properties of undefined (reading 'get')

    [0m [90m 1279 |[39m     } [36mcatch[39m (error) {
     [90m 1280 |[39m         [36mconst[39m errorMsg [33m=[39m error [36minstanceof[39m [33mError[39m [33m?[39m error[33m.[39mmessage [33m:[39m [33mString[39m(error)[33m;[39m
    [31m[1m>[22m[39m[90m 1281 |[39m         console[33m.[39merror([32m'Γ¥î COE Activation failed:'[39m[33m,[39m errorMsg)[33m;[39m
     [90m      |[39m                 [31m[1m^[22m[39m
     [90m 1282 |[39m
     [90m 1283 |[39m         [36mif[39m (orchestratorOutputChannel) {
     [90m 1284 |[39m             orchestratorOutputChannel[33m.[39mappendLine([32m`Γ¥î ACTIVATION FAILED: ${errorMsg}`[39m)[33m;[39m[0m

      at activate (src/extension.ts:1281:17)
      at Object.<anonymous> (tests/extension.integration.test.ts:300:9)

  console.log
    ≡ƒÜÇ COE Activated

      at activate (src/extension.ts:139:13)

  console.warn
    No workspace root found, using defaults

    [0m [90m 108 |[39m             [36mconst[39m root [33m=[39m workspaceRoot [33m||[39m [36mthis[39m[33m.[39mgetWorkspaceRoot()[33m;[39m
     [90m 109 |[39m             [36mif[39m ([33m![39mroot) {
    [31m[1m>[22m[39m[90m 110 |[39m                 console[33m.[39mwarn([32m'No workspace root found, using defaults'[39m)[33m;[39m
     [90m     |[39m                         [31m[1m^[22m[39m
     [90m 111 |[39m                 [36mthis[39m[33m.[39minstance [33m=[39m [33mDEFAULT_CONFIG[39m[33m;[39m
     [90m 112 |[39m                 [36mreturn[39m[33m;[39m
     [90m 113 |[39m             }[0m

      at FileConfigManager.initialize (src/utils/fileConfig.ts:110:25)
      at activate (src/extension.ts:177:37)
      at Object.<anonymous> (tests/extension.integration.test.ts:315:23)

  console.log
    [COE.Extension] Γä╣∩╕Å Programming Orchestrator: Initializing...

      at SimpleLogger.info (src/orchestrator/programmingOrchestrator.ts:1436:17)

  console.log
    [COE.Extension] Γä╣∩╕Å Γ£à Programming Orchestrator: Ready (one-thing-at-a-time enforced)

      at SimpleLogger.info (src/orchestrator/programmingOrchestrator.ts:1436:17)

  console.log
    ≡ƒôª No persisted tasks found, starting fresh

      at ProgrammingOrchestrator.loadPersistedTasks (src/orchestrator/programmingOrchestrator.ts:354:25)

  console.log
    Γä╣∩╕Å No tasks to reconcile (queue empty)

      at ProgrammingOrchestrator.reconcileTasks (src/orchestrator/programmingOrchestrator.ts:420:21)

  console.log
    Γ£à ProgrammingOrchestrator initialized with persistence

      at ProgrammingOrchestrator.initializeWithPersistence (src/orchestrator/programmingOrchestrator.ts:336:17)

  console.log
    Γ£à TreeView provider linked to ProgrammingOrchestrator

      at ProgrammingOrchestrator.setTreeDataProvider (src/orchestrator/programmingOrchestrator.ts:297:17)

  console.log
    Γ£à CompletedTasksTreeProvider linked to ProgrammingOrchestrator

      at ProgrammingOrchestrator.setCompletedTasksProvider (src/orchestrator/programmingOrchestrator.ts:309:17)

  console.warn
    ΓÜá∩╕Å No workspace folder found ΓÇô using test mode only

    [0m [90m 27 |[39m         [36mconst[39m workspaceFolder [33m=[39m vscode[33m.[39mworkspace[33m.[39mworkspaceFolders[33m?[39m[33m.[39m[[35m0[39m][33m;[39m
     [90m 28 |[39m         [36mif[39m ([33m![39mworkspaceFolder) {
    [31m[1m>[22m[39m[90m 29 |[39m             console[33m.[39mwarn([32m'ΓÜá∩╕Å No workspace folder found ΓÇô using test mode only'[39m)[33m;[39m
     [90m    |[39m                     [31m[1m^[22m[39m
     [90m 30 |[39m             [36mreturn[39m [][33m;[39m
     [90m 31 |[39m         }
     [90m 32 |[39m[0m

      at loadTasksFromPlanFile (src/plans/planningStub.ts:29:21)
      at activate (src/extension.ts:351:58)
      at Object.<anonymous> (tests/extension.integration.test.ts:315:9)

  console.log
    Γä╣∩╕Å  No tasks loaded from plan file

      at activate (src/extension.ts:359:25)

  console.log
    ≡ƒöä Calling treeDataProvider.refresh() after loading tasks

      at activate (src/extension.ts:370:21)

  console.log
    ΓòÉΓòÉΓòÉΓòÉΓòÉΓòÉΓòÉΓòÉΓòÉΓòÉΓòÉΓòÉΓòÉΓòÉΓòÉΓòÉΓòÉΓòÉΓòÉΓòÉΓòÉΓòÉΓòÉΓòÉΓòÉΓòÉΓòÉΓòÉΓòÉΓòÉΓòÉΓòÉΓòÉΓòÉΓòÉΓòÉΓòÉΓòÉΓòÉΓòÉΓòÉΓòÉΓòÉΓòÉΓòÉΓòÉΓòÉΓòÉΓòÉΓòÉΓòÉΓòÉΓòÉΓòÉΓòÉΓòÉΓòÉΓòÉΓòÉ

      at activate (src/extension.ts:377:17)

  console.log
    ≡ƒöì TREE VIEW DEBUG SUMMARY

      at activate (src/extension.ts:378:17)

  console.log
    ΓòÉΓòÉΓòÉΓòÉΓòÉΓòÉΓòÉΓòÉΓòÉΓòÉΓòÉΓòÉΓòÉΓòÉΓòÉΓòÉΓòÉΓòÉΓòÉΓòÉΓòÉΓòÉΓòÉΓòÉΓòÉΓòÉΓòÉΓòÉΓòÉΓòÉΓòÉΓòÉΓòÉΓòÉΓòÉΓòÉΓòÉΓòÉΓòÉΓòÉΓòÉΓòÉΓòÉΓòÉΓòÉΓòÉΓòÉΓòÉΓòÉΓòÉΓòÉΓòÉΓòÉΓòÉΓòÉΓòÉΓòÉΓòÉΓòÉ

      at activate (src/extension.ts:379:17)

  console.log
    ≡ƒôè Total tasks in orchestrator: 0

      at activate (src/extension.ts:380:17)

  console.log
    ≡ƒöì getReadyTasks() called - Total queue size: 0

      at ProgrammingOrchestrator.getReadyTasks (src/orchestrator/programmingOrchestrator.ts:694:17)

  console.log
    ≡ƒôè getReadyTasks() returning 0 tasks

      at ProgrammingOrchestrator.getReadyTasks (src/orchestrator/programmingOrchestrator.ts:722:17)

  console.log
    Γ£à Ready tasks: 0

      at activate (src/extension.ts:381:17)

  console.log
    ≡ƒî│ Tree provider initialized: true

      at activate (src/extension.ts:382:17)

  console.log
    ≡ƒô║ Tree views created: true

      at activate (src/extension.ts:383:17)

  console.log
    ≡ƒöì getReadyTasks() called - Total queue size: 0

      at ProgrammingOrchestrator.getReadyTasks (src/orchestrator/programmingOrchestrator.ts:694:17)

  console.log
    ≡ƒôè getReadyTasks() returning 0 tasks

      at ProgrammingOrchestrator.getReadyTasks (src/orchestrator/programmingOrchestrator.ts:722:17)

  console.log
    ΓÜá∩╕Å  No ready tasks found! Check task status in orchestrator.

      at activate (src/extension.ts:392:25)

  console.log
    ΓòÉΓòÉΓòÉΓòÉΓòÉΓòÉΓòÉΓòÉΓòÉΓòÉΓòÉΓòÉΓòÉΓòÉΓòÉΓòÉΓòÉΓòÉΓòÉΓòÉΓòÉΓòÉΓòÉΓòÉΓòÉΓòÉΓòÉΓòÉΓòÉΓòÉΓòÉΓòÉΓòÉΓòÉΓòÉΓòÉΓòÉΓòÉΓòÉΓòÉΓòÉΓòÉΓòÉΓòÉΓòÉΓòÉΓòÉΓòÉΓòÉΓòÉΓòÉΓòÉΓòÉΓòÉΓòÉΓòÉΓòÉΓòÉΓòÉ

      at activate (src/extension.ts:395:17)

  console.log


      at activate (src/extension.ts:396:17)

  console.error
    Γ¥î COE Activation failed: Cannot read properties of undefined (reading 'get')

    [0m [90m 1279 |[39m     } [36mcatch[39m (error) {
     [90m 1280 |[39m         [36mconst[39m errorMsg [33m=[39m error [36minstanceof[39m [33mError[39m [33m?[39m error[33m.[39mmessage [33m:[39m [33mString[39m(error)[33m;[39m
    [31m[1m>[22m[39m[90m 1281 |[39m         console[33m.[39merror([32m'Γ¥î COE Activation failed:'[39m[33m,[39m errorMsg)[33m;[39m
     [90m      |[39m                 [31m[1m^[22m[39m
     [90m 1282 |[39m
     [90m 1283 |[39m         [36mif[39m (orchestratorOutputChannel) {
     [90m 1284 |[39m             orchestratorOutputChannel[33m.[39mappendLine([32m`Γ¥î ACTIVATION FAILED: ${errorMsg}`[39m)[33m;[39m[0m

      at activate (src/extension.ts:1281:17)
      at Object.<anonymous> (tests/extension.integration.test.ts:315:9)

  console.log
    ≡ƒÜÇ COE Activated

      at activate (src/extension.ts:139:13)

  console.warn
    No workspace root found, using defaults

    [0m [90m 108 |[39m             [36mconst[39m root [33m=[39m workspaceRoot [33m||[39m [36mthis[39m[33m.[39mgetWorkspaceRoot()[33m;[39m
     [90m 109 |[39m             [36mif[39m ([33m![39mroot) {
    [31m[1m>[22m[39m[90m 110 |[39m                 console[33m.[39mwarn([32m'No workspace root found, using defaults'[39m)[33m;[39m
     [90m     |[39m                         [31m[1m^[22m[39m
     [90m 111 |[39m                 [36mthis[39m[33m.[39minstance [33m=[39m [33mDEFAULT_CONFIG[39m[33m;[39m
     [90m 112 |[39m                 [36mreturn[39m[33m;[39m
     [90m 113 |[39m             }[0m

      at FileConfigManager.initialize (src/utils/fileConfig.ts:110:25)
      at activate (src/extension.ts:177:37)
      at Object.<anonymous> (tests/extension.integration.test.ts:337:23)

  console.log
    [COE.Extension] Γä╣∩╕Å Programming Orchestrator: Initializing...

      at SimpleLogger.info (src/orchestrator/programmingOrchestrator.ts:1436:17)

  console.log
    [COE.Extension] Γä╣∩╕Å Γ£à Programming Orchestrator: Ready (one-thing-at-a-time enforced)

      at SimpleLogger.info (src/orchestrator/programmingOrchestrator.ts:1436:17)

  console.log
    ≡ƒôª No persisted tasks found, starting fresh

      at ProgrammingOrchestrator.loadPersistedTasks (src/orchestrator/programmingOrchestrator.ts:354:25)

  console.log
    Γä╣∩╕Å No tasks to reconcile (queue empty)

      at ProgrammingOrchestrator.reconcileTasks (src/orchestrator/programmingOrchestrator.ts:420:21)

  console.log
    Γ£à ProgrammingOrchestrator initialized with persistence

      at ProgrammingOrchestrator.initializeWithPersistence (src/orchestrator/programmingOrchestrator.ts:336:17)

  console.log
    Γ£à TreeView provider linked to ProgrammingOrchestrator

      at ProgrammingOrchestrator.setTreeDataProvider (src/orchestrator/programmingOrchestrator.ts:297:17)

  console.log
    Γ£à CompletedTasksTreeProvider linked to ProgrammingOrchestrator

      at ProgrammingOrchestrator.setCompletedTasksProvider (src/orchestrator/programmingOrchestrator.ts:309:17)

  console.warn
    ΓÜá∩╕Å No workspace folder found ΓÇô using test mode only

    [0m [90m 27 |[39m         [36mconst[39m workspaceFolder [33m=[39m vscode[33m.[39mworkspace[33m.[39mworkspaceFolders[33m?[39m[33m.[39m[[35m0[39m][33m;[39m
     [90m 28 |[39m         [36mif[39m ([33m![39mworkspaceFolder) {
    [31m[1m>[22m[39m[90m 29 |[39m             console[33m.[39mwarn([32m'ΓÜá∩╕Å No workspace folder found ΓÇô using test mode only'[39m)[33m;[39m
     [90m    |[39m                     [31m[1m^[22m[39m
     [90m 30 |[39m             [36mreturn[39m [][33m;[39m
     [90m 31 |[39m         }
     [90m 32 |[39m[0m

      at loadTasksFromPlanFile (src/plans/planningStub.ts:29:21)
      at activate (src/extension.ts:351:58)
      at Object.<anonymous> (tests/extension.integration.test.ts:337:9)

  console.log
    Γä╣∩╕Å  No tasks loaded from plan file

      at activate (src/extension.ts:359:25)

  console.log
    ≡ƒöä Calling treeDataProvider.refresh() after loading tasks

      at activate (src/extension.ts:370:21)

  console.log
    ΓòÉΓòÉΓòÉΓòÉΓòÉΓòÉΓòÉΓòÉΓòÉΓòÉΓòÉΓòÉΓòÉΓòÉΓòÉΓòÉΓòÉΓòÉΓòÉΓòÉΓòÉΓòÉΓòÉΓòÉΓòÉΓòÉΓòÉΓòÉΓòÉΓòÉΓòÉΓòÉΓòÉΓòÉΓòÉΓòÉΓòÉΓòÉΓòÉΓòÉΓòÉΓòÉΓòÉΓòÉΓòÉΓòÉΓòÉΓòÉΓòÉΓòÉΓòÉΓòÉΓòÉΓòÉΓòÉΓòÉΓòÉΓòÉΓòÉ

      at activate (src/extension.ts:377:17)

  console.log
    ≡ƒöì TREE VIEW DEBUG SUMMARY

      at activate (src/extension.ts:378:17)

  console.log
    ΓòÉΓòÉΓòÉΓòÉΓòÉΓòÉΓòÉΓòÉΓòÉΓòÉΓòÉΓòÉΓòÉΓòÉΓòÉΓòÉΓòÉΓòÉΓòÉΓòÉΓòÉΓòÉΓòÉΓòÉΓòÉΓòÉΓòÉΓòÉΓòÉΓòÉΓòÉΓòÉΓòÉΓòÉΓòÉΓòÉΓòÉΓòÉΓòÉΓòÉΓòÉΓòÉΓòÉΓòÉΓòÉΓòÉΓòÉΓòÉΓòÉΓòÉΓòÉΓòÉΓòÉΓòÉΓòÉΓòÉΓòÉΓòÉΓòÉ

      at activate (src/extension.ts:379:17)

  console.log
    ≡ƒôè Total tasks in orchestrator: 0

      at activate (src/extension.ts:380:17)

  console.log
    ≡ƒöì getReadyTasks() called - Total queue size: 0

      at ProgrammingOrchestrator.getReadyTasks (src/orchestrator/programmingOrchestrator.ts:694:17)

  console.log
    ≡ƒôè getReadyTasks() returning 0 tasks

      at ProgrammingOrchestrator.getReadyTasks (src/orchestrator/programmingOrchestrator.ts:722:17)

  console.log
    Γ£à Ready tasks: 0

      at activate (src/extension.ts:381:17)

  console.log
    ≡ƒî│ Tree provider initialized: true

      at activate (src/extension.ts:382:17)

  console.log
    ≡ƒô║ Tree views created: true

      at activate (src/extension.ts:383:17)

  console.log
    ≡ƒöì getReadyTasks() called - Total queue size: 0

      at ProgrammingOrchestrator.getReadyTasks (src/orchestrator/programmingOrchestrator.ts:694:17)

  console.log
    ≡ƒôè getReadyTasks() returning 0 tasks

      at ProgrammingOrchestrator.getReadyTasks (src/orchestrator/programmingOrchestrator.ts:722:17)

  console.log
    ΓÜá∩╕Å  No ready tasks found! Check task status in orchestrator.

      at activate (src/extension.ts:392:25)

  console.log
    ΓòÉΓòÉΓòÉΓòÉΓòÉΓòÉΓòÉΓòÉΓòÉΓòÉΓòÉΓòÉΓòÉΓòÉΓòÉΓòÉΓòÉΓòÉΓòÉΓòÉΓòÉΓòÉΓòÉΓòÉΓòÉΓòÉΓòÉΓòÉΓòÉΓòÉΓòÉΓòÉΓòÉΓòÉΓòÉΓòÉΓòÉΓòÉΓòÉΓòÉΓòÉΓòÉΓòÉΓòÉΓòÉΓòÉΓòÉΓòÉΓòÉΓòÉΓòÉΓòÉΓòÉΓòÉΓòÉΓòÉΓòÉΓòÉΓòÉ

      at activate (src/extension.ts:395:17)

  console.log


      at activate (src/extension.ts:396:17)

  console.error
    Γ¥î COE Activation failed: Cannot read properties of undefined (reading 'get')

    [0m [90m 1279 |[39m     } [36mcatch[39m (error) {
     [90m 1280 |[39m         [36mconst[39m errorMsg [33m=[39m error [36minstanceof[39m [33mError[39m [33m?[39m error[33m.[39mmessage [33m:[39m [33mString[39m(error)[33m;[39m
    [31m[1m>[22m[39m[90m 1281 |[39m         console[33m.[39merror([32m'Γ¥î COE Activation failed:'[39m[33m,[39m errorMsg)[33m;[39m
     [90m      |[39m                 [31m[1m^[22m[39m
     [90m 1282 |[39m
     [90m 1283 |[39m         [36mif[39m (orchestratorOutputChannel) {
     [90m 1284 |[39m             orchestratorOutputChannel[33m.[39mappendLine([32m`Γ¥î ACTIVATION FAILED: ${errorMsg}`[39m)[33m;[39m[0m

      at activate (src/extension.ts:1281:17)
      at Object.<anonymous> (tests/extension.integration.test.ts:337:9)

  console.log
    ≡ƒÜÇ COE Activated

      at activate (src/extension.ts:139:13)

  console.warn
    No workspace root found, using defaults

    [0m [90m 108 |[39m             [36mconst[39m root [33m=[39m workspaceRoot [33m||[39m [36mthis[39m[33m.[39mgetWorkspaceRoot()[33m;[39m
     [90m 109 |[39m             [36mif[39m ([33m![39mroot) {
    [31m[1m>[22m[39m[90m 110 |[39m                 console[33m.[39mwarn([32m'No workspace root found, using defaults'[39m)[33m;[39m
     [90m     |[39m                         [31m[1m^[22m[39m
     [90m 111 |[39m                 [36mthis[39m[33m.[39minstance [33m=[39m [33mDEFAULT_CONFIG[39m[33m;[39m
     [90m 112 |[39m                 [36mreturn[39m[33m;[39m
     [90m 113 |[39m             }[0m

      at FileConfigManager.initialize (src/utils/fileConfig.ts:110:25)
      at activate (src/extension.ts:177:37)
      at Object.<anonymous> (tests/extension.integration.test.ts:360:23)

  console.log
    [COE.Extension] Γä╣∩╕Å Programming Orchestrator: Initializing...

      at SimpleLogger.info (src/orchestrator/programmingOrchestrator.ts:1436:17)

  console.log
    [COE.Extension] Γä╣∩╕Å Γ£à Programming Orchestrator: Ready (one-thing-at-a-time enforced)

      at SimpleLogger.info (src/orchestrator/programmingOrchestrator.ts:1436:17)

  console.log
    ≡ƒôª No persisted tasks found, starting fresh

      at ProgrammingOrchestrator.loadPersistedTasks (src/orchestrator/programmingOrchestrator.ts:354:25)

  console.log
    Γä╣∩╕Å No tasks to reconcile (queue empty)

      at ProgrammingOrchestrator.reconcileTasks (src/orchestrator/programmingOrchestrator.ts:420:21)

  console.log
    Γ£à ProgrammingOrchestrator initialized with persistence

      at ProgrammingOrchestrator.initializeWithPersistence (src/orchestrator/programmingOrchestrator.ts:336:17)

  console.log
    Γ£à TreeView provider linked to ProgrammingOrchestrator

      at ProgrammingOrchestrator.setTreeDataProvider (src/orchestrator/programmingOrchestrator.ts:297:17)

  console.log
    Γ£à CompletedTasksTreeProvider linked to ProgrammingOrchestrator

      at ProgrammingOrchestrator.setCompletedTasksProvider (src/orchestrator/programmingOrchestrator.ts:309:17)

  console.warn
    ΓÜá∩╕Å No workspace folder found ΓÇô using test mode only

    [0m [90m 27 |[39m         [36mconst[39m workspaceFolder [33m=[39m vscode[33m.[39mworkspace[33m.[39mworkspaceFolders[33m?[39m[33m.[39m[[35m0[39m][33m;[39m
     [90m 28 |[39m         [36mif[39m ([33m![39mworkspaceFolder) {
    [31m[1m>[22m[39m[90m 29 |[39m             console[33m.[39mwarn([32m'ΓÜá∩╕Å No workspace folder found ΓÇô using test mode only'[39m)[33m;[39m
     [90m    |[39m                     [31m[1m^[22m[39m
     [90m 30 |[39m             [36mreturn[39m [][33m;[39m
     [90m 31 |[39m         }
     [90m 32 |[39m[0m

      at loadTasksFromPlanFile (src/plans/planningStub.ts:29:21)
      at activate (src/extension.ts:351:58)
      at Object.<anonymous> (tests/extension.integration.test.ts:360:9)

  console.log
    Γä╣∩╕Å  No tasks loaded from plan file

      at activate (src/extension.ts:359:25)

  console.log
    ≡ƒöä Calling treeDataProvider.refresh() after loading tasks

      at activate (src/extension.ts:370:21)

  console.log
    ΓòÉΓòÉΓòÉΓòÉΓòÉΓòÉΓòÉΓòÉΓòÉΓòÉΓòÉΓòÉΓòÉΓòÉΓòÉΓòÉΓòÉΓòÉΓòÉΓòÉΓòÉΓòÉΓòÉΓòÉΓòÉΓòÉΓòÉΓòÉΓòÉΓòÉΓòÉΓòÉΓòÉΓòÉΓòÉΓòÉΓòÉΓòÉΓòÉΓòÉΓòÉΓòÉΓòÉΓòÉΓòÉΓòÉΓòÉΓòÉΓòÉΓòÉΓòÉΓòÉΓòÉΓòÉΓòÉΓòÉΓòÉΓòÉΓòÉ

      at activate (src/extension.ts:377:17)

  console.log
    ≡ƒöì TREE VIEW DEBUG SUMMARY

      at activate (src/extension.ts:378:17)

  console.log
    ΓòÉΓòÉΓòÉΓòÉΓòÉΓòÉΓòÉΓòÉΓòÉΓòÉΓòÉΓòÉΓòÉΓòÉΓòÉΓòÉΓòÉΓòÉΓòÉΓòÉΓòÉΓòÉΓòÉΓòÉΓòÉΓòÉΓòÉΓòÉΓòÉΓòÉΓòÉΓòÉΓòÉΓòÉΓòÉΓòÉΓòÉΓòÉΓòÉΓòÉΓòÉΓòÉΓòÉΓòÉΓòÉΓòÉΓòÉΓòÉΓòÉΓòÉΓòÉΓòÉΓòÉΓòÉΓòÉΓòÉΓòÉΓòÉΓòÉ

      at activate (src/extension.ts:379:17)

  console.log
    ≡ƒôè Total tasks in orchestrator: 0

      at activate (src/extension.ts:380:17)

  console.log
    ≡ƒöì getReadyTasks() called - Total queue size: 0

      at ProgrammingOrchestrator.getReadyTasks (src/orchestrator/programmingOrchestrator.ts:694:17)

  console.log
    ≡ƒôè getReadyTasks() returning 0 tasks

      at ProgrammingOrchestrator.getReadyTasks (src/orchestrator/programmingOrchestrator.ts:722:17)

  console.log
    Γ£à Ready tasks: 0

      at activate (src/extension.ts:381:17)

  console.log
    ≡ƒî│ Tree provider initialized: true

      at activate (src/extension.ts:382:17)

  console.log
    ≡ƒô║ Tree views created: true

      at activate (src/extension.ts:383:17)

  console.log
    ≡ƒöì getReadyTasks() called - Total queue size: 0

      at ProgrammingOrchestrator.getReadyTasks (src/orchestrator/programmingOrchestrator.ts:694:17)

  console.log
    ≡ƒôè getReadyTasks() returning 0 tasks

      at ProgrammingOrchestrator.getReadyTasks (src/orchestrator/programmingOrchestrator.ts:722:17)

  console.log
    ΓÜá∩╕Å  No ready tasks found! Check task status in orchestrator.

      at activate (src/extension.ts:392:25)

  console.log
    ΓòÉΓòÉΓòÉΓòÉΓòÉΓòÉΓòÉΓòÉΓòÉΓòÉΓòÉΓòÉΓòÉΓòÉΓòÉΓòÉΓòÉΓòÉΓòÉΓòÉΓòÉΓòÉΓòÉΓòÉΓòÉΓòÉΓòÉΓòÉΓòÉΓòÉΓòÉΓòÉΓòÉΓòÉΓòÉΓòÉΓòÉΓòÉΓòÉΓòÉΓòÉΓòÉΓòÉΓòÉΓòÉΓòÉΓòÉΓòÉΓòÉΓòÉΓòÉΓòÉΓòÉΓòÉΓòÉΓòÉΓòÉΓòÉΓòÉ

      at activate (src/extension.ts:395:17)

  console.log


      at activate (src/extension.ts:396:17)

  console.error
    Γ¥î COE Activation failed: Cannot read properties of undefined (reading 'get')

    [0m [90m 1279 |[39m     } [36mcatch[39m (error) {
     [90m 1280 |[39m         [36mconst[39m errorMsg [33m=[39m error [36minstanceof[39m [33mError[39m [33m?[39m error[33m.[39mmessage [33m:[39m [33mString[39m(error)[33m;[39m
    [31m[1m>[22m[39m[90m 1281 |[39m         console[33m.[39merror([32m'Γ¥î COE Activation failed:'[39m[33m,[39m errorMsg)[33m;[39m
     [90m      |[39m                 [31m[1m^[22m[39m
     [90m 1282 |[39m
     [90m 1283 |[39m         [36mif[39m (orchestratorOutputChannel) {
     [90m 1284 |[39m             orchestratorOutputChannel[33m.[39mappendLine([32m`Γ¥î ACTIVATION FAILED: ${errorMsg}`[39m)[33m;[39m[0m

      at activate (src/extension.ts:1281:17)
      at Object.<anonymous> (tests/extension.integration.test.ts:360:9)

  console.log
    ≡ƒÜÇ COE Activated

      at activate (src/extension.ts:139:13)

  console.warn
    No workspace root found, using defaults

    [0m [90m 108 |[39m             [36mconst[39m root [33m=[39m workspaceRoot [33m||[39m [36mthis[39m[33m.[39mgetWorkspaceRoot()[33m;[39m
     [90m 109 |[39m             [36mif[39m ([33m![39mroot) {
    [31m[1m>[22m[39m[90m 110 |[39m                 console[33m.[39mwarn([32m'No workspace root found, using defaults'[39m)[33m;[39m
     [90m     |[39m                         [31m[1m^[22m[39m
     [90m 111 |[39m                 [36mthis[39m[33m.[39minstance [33m=[39m [33mDEFAULT_CONFIG[39m[33m;[39m
     [90m 112 |[39m                 [36mreturn[39m[33m;[39m
     [90m 113 |[39m             }[0m

      at FileConfigManager.initialize (src/utils/fileConfig.ts:110:25)
      at activate (src/extension.ts:177:37)
      at Object.<anonymous> (tests/extension.integration.test.ts:395:23)

  console.log
    [COE.Extension] Γä╣∩╕Å Programming Orchestrator: Initializing...

      at SimpleLogger.info (src/orchestrator/programmingOrchestrator.ts:1436:17)

  console.log
    [COE.Extension] Γä╣∩╕Å Γ£à Programming Orchestrator: Ready (one-thing-at-a-time enforced)

      at SimpleLogger.info (src/orchestrator/programmingOrchestrator.ts:1436:17)

  console.log
    ≡ƒôª No persisted tasks found, starting fresh

      at ProgrammingOrchestrator.loadPersistedTasks (src/orchestrator/programmingOrchestrator.ts:354:25)

  console.log
    Γä╣∩╕Å No tasks to reconcile (queue empty)

      at ProgrammingOrchestrator.reconcileTasks (src/orchestrator/programmingOrchestrator.ts:420:21)

  console.log
    Γ£à ProgrammingOrchestrator initialized with persistence

      at ProgrammingOrchestrator.initializeWithPersistence (src/orchestrator/programmingOrchestrator.ts:336:17)

  console.log
    Γ£à TreeView provider linked to ProgrammingOrchestrator

      at ProgrammingOrchestrator.setTreeDataProvider (src/orchestrator/programmingOrchestrator.ts:297:17)

  console.log
    Γ£à CompletedTasksTreeProvider linked to ProgrammingOrchestrator

      at ProgrammingOrchestrator.setCompletedTasksProvider (src/orchestrator/programmingOrchestrator.ts:309:17)

  console.warn
    ΓÜá∩╕Å No workspace folder found ΓÇô using test mode only

    [0m [90m 27 |[39m         [36mconst[39m workspaceFolder [33m=[39m vscode[33m.[39mworkspace[33m.[39mworkspaceFolders[33m?[39m[33m.[39m[[35m0[39m][33m;[39m
     [90m 28 |[39m         [36mif[39m ([33m![39mworkspaceFolder) {
    [31m[1m>[22m[39m[90m 29 |[39m             console[33m.[39mwarn([32m'ΓÜá∩╕Å No workspace folder found ΓÇô using test mode only'[39m)[33m;[39m
     [90m    |[39m                     [31m[1m^[22m[39m
     [90m 30 |[39m             [36mreturn[39m [][33m;[39m
     [90m 31 |[39m         }
     [90m 32 |[39m[0m

      at loadTasksFromPlanFile (src/plans/planningStub.ts:29:21)
      at activate (src/extension.ts:351:58)
      at Object.<anonymous> (tests/extension.integration.test.ts:395:9)

  console.log
    Γä╣∩╕Å  No tasks loaded from plan file

      at activate (src/extension.ts:359:25)

  console.log
    ≡ƒöä Calling treeDataProvider.refresh() after loading tasks

      at activate (src/extension.ts:370:21)

  console.log
    ΓòÉΓòÉΓòÉΓòÉΓòÉΓòÉΓòÉΓòÉΓòÉΓòÉΓòÉΓòÉΓòÉΓòÉΓòÉΓòÉΓòÉΓòÉΓòÉΓòÉΓòÉΓòÉΓòÉΓòÉΓòÉΓòÉΓòÉΓòÉΓòÉΓòÉΓòÉΓòÉΓòÉΓòÉΓòÉΓòÉΓòÉΓòÉΓòÉΓòÉΓòÉΓòÉΓòÉΓòÉΓòÉΓòÉΓòÉΓòÉΓòÉΓòÉΓòÉΓòÉΓòÉΓòÉΓòÉΓòÉΓòÉΓòÉΓòÉ

      at activate (src/extension.ts:377:17)

  console.log
    ≡ƒöì TREE VIEW DEBUG SUMMARY

      at activate (src/extension.ts:378:17)

  console.log
    ΓòÉΓòÉΓòÉΓòÉΓòÉΓòÉΓòÉΓòÉΓòÉΓòÉΓòÉΓòÉΓòÉΓòÉΓòÉΓòÉΓòÉΓòÉΓòÉΓòÉΓòÉΓòÉΓòÉΓòÉΓòÉΓòÉΓòÉΓòÉΓòÉΓòÉΓòÉΓòÉΓòÉΓòÉΓòÉΓòÉΓòÉΓòÉΓòÉΓòÉΓòÉΓòÉΓòÉΓòÉΓòÉΓòÉΓòÉΓòÉΓòÉΓòÉΓòÉΓòÉΓòÉΓòÉΓòÉΓòÉΓòÉΓòÉΓòÉ

      at activate (src/extension.ts:379:17)

  console.log
    ≡ƒôè Total tasks in orchestrator: 0

      at activate (src/extension.ts:380:17)

  console.log
    ≡ƒöì getReadyTasks() called - Total queue size: 0

      at ProgrammingOrchestrator.getReadyTasks (src/orchestrator/programmingOrchestrator.ts:694:17)

  console.log
    ≡ƒôè getReadyTasks() returning 0 tasks

      at ProgrammingOrchestrator.getReadyTasks (src/orchestrator/programmingOrchestrator.ts:722:17)

  console.log
    Γ£à Ready tasks: 0

      at activate (src/extension.ts:381:17)

  console.log
    ≡ƒî│ Tree provider initialized: true

      at activate (src/extension.ts:382:17)

  console.log
    ≡ƒô║ Tree views created: true

      at activate (src/extension.ts:383:17)

  console.log
    ≡ƒöì getReadyTasks() called - Total queue size: 0

      at ProgrammingOrchestrator.getReadyTasks (src/orchestrator/programmingOrchestrator.ts:694:17)

  console.log
    ≡ƒôè getReadyTasks() returning 0 tasks

      at ProgrammingOrchestrator.getReadyTasks (src/orchestrator/programmingOrchestrator.ts:722:17)

  console.log
    ΓÜá∩╕Å  No ready tasks found! Check task status in orchestrator.

      at activate (src/extension.ts:392:25)

  console.log
    ΓòÉΓòÉΓòÉΓòÉΓòÉΓòÉΓòÉΓòÉΓòÉΓòÉΓòÉΓòÉΓòÉΓòÉΓòÉΓòÉΓòÉΓòÉΓòÉΓòÉΓòÉΓòÉΓòÉΓòÉΓòÉΓòÉΓòÉΓòÉΓòÉΓòÉΓòÉΓòÉΓòÉΓòÉΓòÉΓòÉΓòÉΓòÉΓòÉΓòÉΓòÉΓòÉΓòÉΓòÉΓòÉΓòÉΓòÉΓòÉΓòÉΓòÉΓòÉΓòÉΓòÉΓòÉΓòÉΓòÉΓòÉΓòÉΓòÉ

      at activate (src/extension.ts:395:17)

  console.log


      at activate (src/extension.ts:396:17)

  console.error
    Γ¥î COE Activation failed: Cannot read properties of undefined (reading 'get')

    [0m [90m 1279 |[39m     } [36mcatch[39m (error) {
     [90m 1280 |[39m         [36mconst[39m errorMsg [33m=[39m error [36minstanceof[39m [33mError[39m [33m?[39m error[33m.[39mmessage [33m:[39m [33mString[39m(error)[33m;[39m
    [31m[1m>[22m[39m[90m 1281 |[39m         console[33m.[39merror([32m'Γ¥î COE Activation failed:'[39m[33m,[39m errorMsg)[33m;[39m
     [90m      |[39m                 [31m[1m^[22m[39m
     [90m 1282 |[39m
     [90m 1283 |[39m         [36mif[39m (orchestratorOutputChannel) {
     [90m 1284 |[39m             orchestratorOutputChannel[33m.[39mappendLine([32m`Γ¥î ACTIVATION FAILED: ${errorMsg}`[39m)[33m;[39m[0m

      at activate (src/extension.ts:1281:17)
      at Object.<anonymous> (tests/extension.integration.test.ts:395:9)

  console.log
    COE: Extension deactivating...

      at deactivate (src/extension.ts:1297:17)

  console.log
    Γ£à Plans Watcher stopped

      at deactivate (src/extension.ts:1301:17)

  console.log
    Γ£à File Config Manager disposed

      at deactivate (src/extension.ts:1305:17)

  console.log
    Γ£à Status Bar Item disposed

      at deactivate (src/extension.ts:1322:21)

  console.log
    [COE.Extension] Γä╣∩╕Å Programming Orchestrator: Shutting down...

      at SimpleLogger.info (src/orchestrator/programmingOrchestrator.ts:1436:17)

  console.log
    [COE.Extension] Γä╣∩╕Å Γ£à Programming Orchestrator: Shutdown complete

      at SimpleLogger.info (src/orchestrator/programmingOrchestrator.ts:1436:17)

  console.log
    Γ£à Programming Orchestrator shutdown complete

      at deactivate (src/extension.ts:1329:21)

  console.log
    Γ£à COE: Extension deactivated

      at deactivate (src/extension.ts:1343:17)

  console.log
    ≡ƒÜÇ COE Activated

      at activate (src/extension.ts:139:13)

  console.warn
    No workspace root found, using defaults

    [0m [90m 108 |[39m             [36mconst[39m root [33m=[39m workspaceRoot [33m||[39m [36mthis[39m[33m.[39mgetWorkspaceRoot()[33m;[39m
     [90m 109 |[39m             [36mif[39m ([33m![39mroot) {
    [31m[1m>[22m[39m[90m 110 |[39m                 console[33m.[39mwarn([32m'No workspace root found, using defaults'[39m)[33m;[39m
     [90m     |[39m                         [31m[1m^[22m[39m
     [90m 111 |[39m                 [36mthis[39m[33m.[39minstance [33m=[39m [33mDEFAULT_CONFIG[39m[33m;[39m
     [90m 112 |[39m                 [36mreturn[39m[33m;[39m
     [90m 113 |[39m             }[0m

      at FileConfigManager.initialize (src/utils/fileConfig.ts:110:25)
      at activate (src/extension.ts:177:37)
      at Object.<anonymous> (tests/extension.integration.test.ts:420:23)

  console.log
    [COE.Extension] Γä╣∩╕Å Programming Orchestrator: Initializing...

      at SimpleLogger.info (src/orchestrator/programmingOrchestrator.ts:1436:17)

  console.log
    [COE.Extension] Γä╣∩╕Å Γ£à Programming Orchestrator: Ready (one-thing-at-a-time enforced)

      at SimpleLogger.info (src/orchestrator/programmingOrchestrator.ts:1436:17)

  console.log
    ≡ƒôª No persisted tasks found, starting fresh

      at ProgrammingOrchestrator.loadPersistedTasks (src/orchestrator/programmingOrchestrator.ts:354:25)

  console.log
    Γä╣∩╕Å No tasks to reconcile (queue empty)

      at ProgrammingOrchestrator.reconcileTasks (src/orchestrator/programmingOrchestrator.ts:420:21)

  console.log
    Γ£à ProgrammingOrchestrator initialized with persistence

      at ProgrammingOrchestrator.initializeWithPersistence (src/orchestrator/programmingOrchestrator.ts:336:17)

  console.log
    Γ£à TreeView provider linked to ProgrammingOrchestrator

      at ProgrammingOrchestrator.setTreeDataProvider (src/orchestrator/programmingOrchestrator.ts:297:17)

  console.log
    Γ£à CompletedTasksTreeProvider linked to ProgrammingOrchestrator

      at ProgrammingOrchestrator.setCompletedTasksProvider (src/orchestrator/programmingOrchestrator.ts:309:17)

  console.warn
    ΓÜá∩╕Å No workspace folder found ΓÇô using test mode only

    [0m [90m 27 |[39m         [36mconst[39m workspaceFolder [33m=[39m vscode[33m.[39mworkspace[33m.[39mworkspaceFolders[33m?[39m[33m.[39m[[35m0[39m][33m;[39m
     [90m 28 |[39m         [36mif[39m ([33m![39mworkspaceFolder) {
    [31m[1m>[22m[39m[90m 29 |[39m             console[33m.[39mwarn([32m'ΓÜá∩╕Å No workspace folder found ΓÇô using test mode only'[39m)[33m;[39m
     [90m    |[39m                     [31m[1m^[22m[39m
     [90m 30 |[39m             [36mreturn[39m [][33m;[39m
     [90m 31 |[39m         }
     [90m 32 |[39m[0m

      at loadTasksFromPlanFile (src/plans/planningStub.ts:29:21)
      at activate (src/extension.ts:351:58)
      at Object.<anonymous> (tests/extension.integration.test.ts:420:9)

  console.log
    Γä╣∩╕Å  No tasks loaded from plan file

      at activate (src/extension.ts:359:25)

  console.log
    ≡ƒöä Calling treeDataProvider.refresh() after loading tasks

      at activate (src/extension.ts:370:21)

  console.log
    ΓòÉΓòÉΓòÉΓòÉΓòÉΓòÉΓòÉΓòÉΓòÉΓòÉΓòÉΓòÉΓòÉΓòÉΓòÉΓòÉΓòÉΓòÉΓòÉΓòÉΓòÉΓòÉΓòÉΓòÉΓòÉΓòÉΓòÉΓòÉΓòÉΓòÉΓòÉΓòÉΓòÉΓòÉΓòÉΓòÉΓòÉΓòÉΓòÉΓòÉΓòÉΓòÉΓòÉΓòÉΓòÉΓòÉΓòÉΓòÉΓòÉΓòÉΓòÉΓòÉΓòÉΓòÉΓòÉΓòÉΓòÉΓòÉΓòÉ

      at activate (src/extension.ts:377:17)

  console.log
    ≡ƒöì TREE VIEW DEBUG SUMMARY

      at activate (src/extension.ts:378:17)

  console.log
    ΓòÉΓòÉΓòÉΓòÉΓòÉΓòÉΓòÉΓòÉΓòÉΓòÉΓòÉΓòÉΓòÉΓòÉΓòÉΓòÉΓòÉΓòÉΓòÉΓòÉΓòÉΓòÉΓòÉΓòÉΓòÉΓòÉΓòÉΓòÉΓòÉΓòÉΓòÉΓòÉΓòÉΓòÉΓòÉΓòÉΓòÉΓòÉΓòÉΓòÉΓòÉΓòÉΓòÉΓòÉΓòÉΓòÉΓòÉΓòÉΓòÉΓòÉΓòÉΓòÉΓòÉΓòÉΓòÉΓòÉΓòÉΓòÉΓòÉ

      at activate (src/extension.ts:379:17)

  console.log
    ≡ƒôè Total tasks in orchestrator: 0

      at activate (src/extension.ts:380:17)

  console.log
    ≡ƒöì getReadyTasks() called - Total queue size: 0

      at ProgrammingOrchestrator.getReadyTasks (src/orchestrator/programmingOrchestrator.ts:694:17)

  console.log
    ≡ƒôè getReadyTasks() returning 0 tasks

      at ProgrammingOrchestrator.getReadyTasks (src/orchestrator/programmingOrchestrator.ts:722:17)

  console.log
    Γ£à Ready tasks: 0

      at activate (src/extension.ts:381:17)

  console.log
    ≡ƒî│ Tree provider initialized: true

      at activate (src/extension.ts:382:17)

  console.log
    ≡ƒô║ Tree views created: true

      at activate (src/extension.ts:383:17)

  console.log
    ≡ƒöì getReadyTasks() called - Total queue size: 0

      at ProgrammingOrchestrator.getReadyTasks (src/orchestrator/programmingOrchestrator.ts:694:17)

  console.log
    ≡ƒôè getReadyTasks() returning 0 tasks

      at ProgrammingOrchestrator.getReadyTasks (src/orchestrator/programmingOrchestrator.ts:722:17)

  console.log
    ΓÜá∩╕Å  No ready tasks found! Check task status in orchestrator.

      at activate (src/extension.ts:392:25)

  console.log
    ΓòÉΓòÉΓòÉΓòÉΓòÉΓòÉΓòÉΓòÉΓòÉΓòÉΓòÉΓòÉΓòÉΓòÉΓòÉΓòÉΓòÉΓòÉΓòÉΓòÉΓòÉΓòÉΓòÉΓòÉΓòÉΓòÉΓòÉΓòÉΓòÉΓòÉΓòÉΓòÉΓòÉΓòÉΓòÉΓòÉΓòÉΓòÉΓòÉΓòÉΓòÉΓòÉΓòÉΓòÉΓòÉΓòÉΓòÉΓòÉΓòÉΓòÉΓòÉΓòÉΓòÉΓòÉΓòÉΓòÉΓòÉΓòÉΓòÉ

      at activate (src/extension.ts:395:17)

  console.log


      at activate (src/extension.ts:396:17)

  console.error
    Γ¥î COE Activation failed: Cannot read properties of undefined (reading 'get')

    [0m [90m 1279 |[39m     } [36mcatch[39m (error) {
     [90m 1280 |[39m         [36mconst[39m errorMsg [33m=[39m error [36minstanceof[39m [33mError[39m [33m?[39m error[33m.[39mmessage [33m:[39m [33mString[39m(error)[33m;[39m
    [31m[1m>[22m[39m[90m 1281 |[39m         console[33m.[39merror([32m'Γ¥î COE Activation failed:'[39m[33m,[39m errorMsg)[33m;[39m
     [90m      |[39m                 [31m[1m^[22m[39m
     [90m 1282 |[39m
     [90m 1283 |[39m         [36mif[39m (orchestratorOutputChannel) {
     [90m 1284 |[39m             orchestratorOutputChannel[33m.[39mappendLine([32m`Γ¥î ACTIVATION FAILED: ${errorMsg}`[39m)[33m;[39m[0m

      at activate (src/extension.ts:1281:17)
      at Object.<anonymous> (tests/extension.integration.test.ts:420:9)

  console.log
    ≡ƒÜÇ COE Activated

      at activate (src/extension.ts:139:13)

  console.warn
    No workspace root found, using defaults

    [0m [90m 108 |[39m             [36mconst[39m root [33m=[39m workspaceRoot [33m||[39m [36mthis[39m[33m.[39mgetWorkspaceRoot()[33m;[39m
     [90m 109 |[39m             [36mif[39m ([33m![39mroot) {
    [31m[1m>[22m[39m[90m 110 |[39m                 console[33m.[39mwarn([32m'No workspace root found, using defaults'[39m)[33m;[39m
     [90m     |[39m                         [31m[1m^[22m[39m
     [90m 111 |[39m                 [36mthis[39m[33m.[39minstance [33m=[39m [33mDEFAULT_CONFIG[39m[33m;[39m
     [90m 112 |[39m                 [36mreturn[39m[33m;[39m
     [90m 113 |[39m             }[0m

      at FileConfigManager.initialize (src/utils/fileConfig.ts:110:25)
      at activate (src/extension.ts:177:37)
      at Object.<anonymous> (tests/extension.integration.test.ts:482:23)

  console.log
    [COE.Extension] Γä╣∩╕Å Programming Orchestrator: Initializing...

      at SimpleLogger.info (src/orchestrator/programmingOrchestrator.ts:1436:17)

  console.log
    [COE.Extension] Γä╣∩╕Å Γ£à Programming Orchestrator: Ready (one-thing-at-a-time enforced)

      at SimpleLogger.info (src/orchestrator/programmingOrchestrator.ts:1436:17)

  console.log
    ≡ƒôª No persisted tasks found, starting fresh

      at ProgrammingOrchestrator.loadPersistedTasks (src/orchestrator/programmingOrchestrator.ts:354:25)

  console.log
    Γä╣∩╕Å No tasks to reconcile (queue empty)

      at ProgrammingOrchestrator.reconcileTasks (src/orchestrator/programmingOrchestrator.ts:420:21)

  console.log
    Γ£à ProgrammingOrchestrator initialized with persistence

      at ProgrammingOrchestrator.initializeWithPersistence (src/orchestrator/programmingOrchestrator.ts:336:17)

  console.log
    Γ£à TreeView provider linked to ProgrammingOrchestrator

      at ProgrammingOrchestrator.setTreeDataProvider (src/orchestrator/programmingOrchestrator.ts:297:17)

  console.log
    Γ£à CompletedTasksTreeProvider linked to ProgrammingOrchestrator

      at ProgrammingOrchestrator.setCompletedTasksProvider (src/orchestrator/programmingOrchestrator.ts:309:17)

  console.warn
    ΓÜá∩╕Å No workspace folder found ΓÇô using test mode only

    [0m [90m 27 |[39m         [36mconst[39m workspaceFolder [33m=[39m vscode[33m.[39mworkspace[33m.[39mworkspaceFolders[33m?[39m[33m.[39m[[35m0[39m][33m;[39m
     [90m 28 |[39m         [36mif[39m ([33m![39mworkspaceFolder) {
    [31m[1m>[22m[39m[90m 29 |[39m             console[33m.[39mwarn([32m'ΓÜá∩╕Å No workspace folder found ΓÇô using test mode only'[39m)[33m;[39m
     [90m    |[39m                     [31m[1m^[22m[39m
     [90m 30 |[39m             [36mreturn[39m [][33m;[39m
     [90m 31 |[39m         }
     [90m 32 |[39m[0m

      at loadTasksFromPlanFile (src/plans/planningStub.ts:29:21)
      at activate (src/extension.ts:351:58)
      at Object.<anonymous> (tests/extension.integration.test.ts:482:9)

  console.log
    Γä╣∩╕Å  No tasks loaded from plan file

      at activate (src/extension.ts:359:25)

  console.log
    ≡ƒöä Calling treeDataProvider.refresh() after loading tasks

      at activate (src/extension.ts:370:21)

  console.log
    ΓòÉΓòÉΓòÉΓòÉΓòÉΓòÉΓòÉΓòÉΓòÉΓòÉΓòÉΓòÉΓòÉΓòÉΓòÉΓòÉΓòÉΓòÉΓòÉΓòÉΓòÉΓòÉΓòÉΓòÉΓòÉΓòÉΓòÉΓòÉΓòÉΓòÉΓòÉΓòÉΓòÉΓòÉΓòÉΓòÉΓòÉΓòÉΓòÉΓòÉΓòÉΓòÉΓòÉΓòÉΓòÉΓòÉΓòÉΓòÉΓòÉΓòÉΓòÉΓòÉΓòÉΓòÉΓòÉΓòÉΓòÉΓòÉΓòÉ

      at activate (src/extension.ts:377:17)

  console.log
    ≡ƒöì TREE VIEW DEBUG SUMMARY

      at activate (src/extension.ts:378:17)

  console.log
    ΓòÉΓòÉΓòÉΓòÉΓòÉΓòÉΓòÉΓòÉΓòÉΓòÉΓòÉΓòÉΓòÉΓòÉΓòÉΓòÉΓòÉΓòÉΓòÉΓòÉΓòÉΓòÉΓòÉΓòÉΓòÉΓòÉΓòÉΓòÉΓòÉΓòÉΓòÉΓòÉΓòÉΓòÉΓòÉΓòÉΓòÉΓòÉΓòÉΓòÉΓòÉΓòÉΓòÉΓòÉΓòÉΓòÉΓòÉΓòÉΓòÉΓòÉΓòÉΓòÉΓòÉΓòÉΓòÉΓòÉΓòÉΓòÉΓòÉ

      at activate (src/extension.ts:379:17)

  console.log
    ≡ƒôè Total tasks in orchestrator: 0

      at activate (src/extension.ts:380:17)

  console.log
    ≡ƒöì getReadyTasks() called - Total queue size: 0

      at ProgrammingOrchestrator.getReadyTasks (src/orchestrator/programmingOrchestrator.ts:694:17)

  console.log
    ≡ƒôè getReadyTasks() returning 0 tasks

      at ProgrammingOrchestrator.getReadyTasks (src/orchestrator/programmingOrchestrator.ts:722:17)

  console.log
    Γ£à Ready tasks: 0

      at activate (src/extension.ts:381:17)

  console.log
    ≡ƒî│ Tree provider initialized: true

      at activate (src/extension.ts:382:17)

  console.log
    ≡ƒô║ Tree views created: true

      at activate (src/extension.ts:383:17)

  console.log
    ≡ƒöì getReadyTasks() called - Total queue size: 0

      at ProgrammingOrchestrator.getReadyTasks (src/orchestrator/programmingOrchestrator.ts:694:17)

  console.log
    ≡ƒôè getReadyTasks() returning 0 tasks

      at ProgrammingOrchestrator.getReadyTasks (src/orchestrator/programmingOrchestrator.ts:722:17)

  console.log
    ΓÜá∩╕Å  No ready tasks found! Check task status in orchestrator.

      at activate (src/extension.ts:392:25)

  console.log
    ΓòÉΓòÉΓòÉΓòÉΓòÉΓòÉΓòÉΓòÉΓòÉΓòÉΓòÉΓòÉΓòÉΓòÉΓòÉΓòÉΓòÉΓòÉΓòÉΓòÉΓòÉΓòÉΓòÉΓòÉΓòÉΓòÉΓòÉΓòÉΓòÉΓòÉΓòÉΓòÉΓòÉΓòÉΓòÉΓòÉΓòÉΓòÉΓòÉΓòÉΓòÉΓòÉΓòÉΓòÉΓòÉΓòÉΓòÉΓòÉΓòÉΓòÉΓòÉΓòÉΓòÉΓòÉΓòÉΓòÉΓòÉΓòÉΓòÉ

      at activate (src/extension.ts:395:17)

  console.log


      at activate (src/extension.ts:396:17)

  console.error
    Γ¥î COE Activation failed: Cannot read properties of undefined (reading 'get')

    [0m [90m 1279 |[39m     } [36mcatch[39m (error) {
     [90m 1280 |[39m         [36mconst[39m errorMsg [33m=[39m error [36minstanceof[39m [33mError[39m [33m?[39m error[33m.[39mmessage [33m:[39m [33mString[39m(error)[33m;[39m
    [31m[1m>[22m[39m[90m 1281 |[39m         console[33m.[39merror([32m'Γ¥î COE Activation failed:'[39m[33m,[39m errorMsg)[33m;[39m
     [90m      |[39m                 [31m[1m^[22m[39m
     [90m 1282 |[39m
     [90m 1283 |[39m         [36mif[39m (orchestratorOutputChannel) {
     [90m 1284 |[39m             orchestratorOutputChannel[33m.[39mappendLine([32m`Γ¥î ACTIVATION FAILED: ${errorMsg}`[39m)[33m;[39m[0m

      at activate (src/extension.ts:1281:17)
      at Object.<anonymous> (tests/extension.integration.test.ts:482:9)

  console.log
    ≡ƒÜÇ COE Activated

      at activate (src/extension.ts:139:13)

  console.warn
    No workspace root found, using defaults

    [0m [90m 108 |[39m             [36mconst[39m root [33m=[39m workspaceRoot [33m||[39m [36mthis[39m[33m.[39mgetWorkspaceRoot()[33m;[39m
     [90m 109 |[39m             [36mif[39m ([33m![39mroot) {
    [31m[1m>[22m[39m[90m 110 |[39m                 console[33m.[39mwarn([32m'No workspace root found, using defaults'[39m)[33m;[39m
     [90m     |[39m                         [31m[1m^[22m[39m
     [90m 111 |[39m                 [36mthis[39m[33m.[39minstance [33m=[39m [33mDEFAULT_CONFIG[39m[33m;[39m
     [90m 112 |[39m                 [36mreturn[39m[33m;[39m
     [90m 113 |[39m             }[0m

      at FileConfigManager.initialize (src/utils/fileConfig.ts:110:25)
      at activate (src/extension.ts:177:37)
      at Object.<anonymous> (tests/extension.integration.test.ts:494:23)

  console.log
    [COE.Extension] Γä╣∩╕Å Programming Orchestrator: Initializing...

      at SimpleLogger.info (src/orchestrator/programmingOrchestrator.ts:1436:17)

  console.log
    [COE.Extension] Γä╣∩╕Å Γ£à Programming Orchestrator: Ready (one-thing-at-a-time enforced)

      at SimpleLogger.info (src/orchestrator/programmingOrchestrator.ts:1436:17)

  console.log
    ≡ƒôª No persisted tasks found, starting fresh

      at ProgrammingOrchestrator.loadPersistedTasks (src/orchestrator/programmingOrchestrator.ts:354:25)

  console.log
    Γä╣∩╕Å No tasks to reconcile (queue empty)

      at ProgrammingOrchestrator.reconcileTasks (src/orchestrator/programmingOrchestrator.ts:420:21)

  console.log
    Γ£à ProgrammingOrchestrator initialized with persistence

      at ProgrammingOrchestrator.initializeWithPersistence (src/orchestrator/programmingOrchestrator.ts:336:17)

  console.log
    Γ£à TreeView provider linked to ProgrammingOrchestrator

      at ProgrammingOrchestrator.setTreeDataProvider (src/orchestrator/programmingOrchestrator.ts:297:17)

  console.log
    Γ£à CompletedTasksTreeProvider linked to ProgrammingOrchestrator

      at ProgrammingOrchestrator.setCompletedTasksProvider (src/orchestrator/programmingOrchestrator.ts:309:17)

  console.warn
    ΓÜá∩╕Å No workspace folder found ΓÇô using test mode only

    [0m [90m 27 |[39m         [36mconst[39m workspaceFolder [33m=[39m vscode[33m.[39mworkspace[33m.[39mworkspaceFolders[33m?[39m[33m.[39m[[35m0[39m][33m;[39m
     [90m 28 |[39m         [36mif[39m ([33m![39mworkspaceFolder) {
    [31m[1m>[22m[39m[90m 29 |[39m             console[33m.[39mwarn([32m'ΓÜá∩╕Å No workspace folder found ΓÇô using test mode only'[39m)[33m;[39m
     [90m    |[39m                     [31m[1m^[22m[39m
     [90m 30 |[39m             [36mreturn[39m [][33m;[39m
     [90m 31 |[39m         }
     [90m 32 |[39m[0m

      at loadTasksFromPlanFile (src/plans/planningStub.ts:29:21)
      at activate (src/extension.ts:351:58)
      at Object.<anonymous> (tests/extension.integration.test.ts:494:9)

  console.log
    Γä╣∩╕Å  No tasks loaded from plan file

      at activate (src/extension.ts:359:25)

  console.log
    ≡ƒöä Calling treeDataProvider.refresh() after loading tasks

      at activate (src/extension.ts:370:21)

  console.log
    ΓòÉΓòÉΓòÉΓòÉΓòÉΓòÉΓòÉΓòÉΓòÉΓòÉΓòÉΓòÉΓòÉΓòÉΓòÉΓòÉΓòÉΓòÉΓòÉΓòÉΓòÉΓòÉΓòÉΓòÉΓòÉΓòÉΓòÉΓòÉΓòÉΓòÉΓòÉΓòÉΓòÉΓòÉΓòÉΓòÉΓòÉΓòÉΓòÉΓòÉΓòÉΓòÉΓòÉΓòÉΓòÉΓòÉΓòÉΓòÉΓòÉΓòÉΓòÉΓòÉΓòÉΓòÉΓòÉΓòÉΓòÉΓòÉΓòÉ

      at activate (src/extension.ts:377:17)

  console.log
    ≡ƒöì TREE VIEW DEBUG SUMMARY

      at activate (src/extension.ts:378:17)

  console.log
    ΓòÉΓòÉΓòÉΓòÉΓòÉΓòÉΓòÉΓòÉΓòÉΓòÉΓòÉΓòÉΓòÉΓòÉΓòÉΓòÉΓòÉΓòÉΓòÉΓòÉΓòÉΓòÉΓòÉΓòÉΓòÉΓòÉΓòÉΓòÉΓòÉΓòÉΓòÉΓòÉΓòÉΓòÉΓòÉΓòÉΓòÉΓòÉΓòÉΓòÉΓòÉΓòÉΓòÉΓòÉΓòÉΓòÉΓòÉΓòÉΓòÉΓòÉΓòÉΓòÉΓòÉΓòÉΓòÉΓòÉΓòÉΓòÉΓòÉ

      at activate (src/extension.ts:379:17)

  console.log
    ≡ƒôè Total tasks in orchestrator: 0

      at activate (src/extension.ts:380:17)

  console.log
    ≡ƒöì getReadyTasks() called - Total queue size: 0

      at ProgrammingOrchestrator.getReadyTasks (src/orchestrator/programmingOrchestrator.ts:694:17)

  console.log
    ≡ƒôè getReadyTasks() returning 0 tasks

      at ProgrammingOrchestrator.getReadyTasks (src/orchestrator/programmingOrchestrator.ts:722:17)

  console.log
    Γ£à Ready tasks: 0

      at activate (src/extension.ts:381:17)

  console.log
    ≡ƒî│ Tree provider initialized: true

      at activate (src/extension.ts:382:17)

  console.log
    ≡ƒô║ Tree views created: true

      at activate (src/extension.ts:383:17)

  console.log
    ≡ƒöì getReadyTasks() called - Total queue size: 0

      at ProgrammingOrchestrator.getReadyTasks (src/orchestrator/programmingOrchestrator.ts:694:17)

  console.log
    ≡ƒôè getReadyTasks() returning 0 tasks

      at ProgrammingOrchestrator.getReadyTasks (src/orchestrator/programmingOrchestrator.ts:722:17)

  console.log
    ΓÜá∩╕Å  No ready tasks found! Check task status in orchestrator.

      at activate (src/extension.ts:392:25)

  console.log
    ΓòÉΓòÉΓòÉΓòÉΓòÉΓòÉΓòÉΓòÉΓòÉΓòÉΓòÉΓòÉΓòÉΓòÉΓòÉΓòÉΓòÉΓòÉΓòÉΓòÉΓòÉΓòÉΓòÉΓòÉΓòÉΓòÉΓòÉΓòÉΓòÉΓòÉΓòÉΓòÉΓòÉΓòÉΓòÉΓòÉΓòÉΓòÉΓòÉΓòÉΓòÉΓòÉΓòÉΓòÉΓòÉΓòÉΓòÉΓòÉΓòÉΓòÉΓòÉΓòÉΓòÉΓòÉΓòÉΓòÉΓòÉΓòÉΓòÉ

      at activate (src/extension.ts:395:17)

  console.log


      at activate (src/extension.ts:396:17)

  console.error
    Γ¥î COE Activation failed: Cannot read properties of undefined (reading 'get')

    [0m [90m 1279 |[39m     } [36mcatch[39m (error) {
     [90m 1280 |[39m         [36mconst[39m errorMsg [33m=[39m error [36minstanceof[39m [33mError[39m [33m?[39m error[33m.[39mmessage [33m:[39m [33mString[39m(error)[33m;[39m
    [31m[1m>[22m[39m[90m 1281 |[39m         console[33m.[39merror([32m'Γ¥î COE Activation failed:'[39m[33m,[39m errorMsg)[33m;[39m
     [90m      |[39m                 [31m[1m^[22m[39m
     [90m 1282 |[39m
     [90m 1283 |[39m         [36mif[39m (orchestratorOutputChannel) {
     [90m 1284 |[39m             orchestratorOutputChannel[33m.[39mappendLine([32m`Γ¥î ACTIVATION FAILED: ${errorMsg}`[39m)[33m;[39m[0m

      at activate (src/extension.ts:1281:17)
      at Object.<anonymous> (tests/extension.integration.test.ts:494:9)

  console.log
    ≡ƒÜÇ COE Activated

      at activate (src/extension.ts:139:13)

  console.warn
    No workspace root found, using defaults

    [0m [90m 108 |[39m             [36mconst[39m root [33m=[39m workspaceRoot [33m||[39m [36mthis[39m[33m.[39mgetWorkspaceRoot()[33m;[39m
     [90m 109 |[39m             [36mif[39m ([33m![39mroot) {
    [31m[1m>[22m[39m[90m 110 |[39m                 console[33m.[39mwarn([32m'No workspace root found, using defaults'[39m)[33m;[39m
     [90m     |[39m                         [31m[1m^[22m[39m
     [90m 111 |[39m                 [36mthis[39m[33m.[39minstance [33m=[39m [33mDEFAULT_CONFIG[39m[33m;[39m
     [90m 112 |[39m                 [36mreturn[39m[33m;[39m
     [90m 113 |[39m             }[0m

      at FileConfigManager.initialize (src/utils/fileConfig.ts:110:25)
      at activate (src/extension.ts:177:37)
      at Object.<anonymous> (tests/extension.integration.test.ts:513:23)

  console.log
    [COE.Extension] Γä╣∩╕Å Programming Orchestrator: Initializing...

      at SimpleLogger.info (src/orchestrator/programmingOrchestrator.ts:1436:17)

  console.log
    [COE.Extension] Γä╣∩╕Å Γ£à Programming Orchestrator: Ready (one-thing-at-a-time enforced)

      at SimpleLogger.info (src/orchestrator/programmingOrchestrator.ts:1436:17)

  console.log
    ≡ƒôª No persisted tasks found, starting fresh

      at ProgrammingOrchestrator.loadPersistedTasks (src/orchestrator/programmingOrchestrator.ts:354:25)

  console.log
    Γä╣∩╕Å No tasks to reconcile (queue empty)

      at ProgrammingOrchestrator.reconcileTasks (src/orchestrator/programmingOrchestrator.ts:420:21)

  console.log
    Γ£à ProgrammingOrchestrator initialized with persistence

      at ProgrammingOrchestrator.initializeWithPersistence (src/orchestrator/programmingOrchestrator.ts:336:17)

  console.log
    Γ£à TreeView provider linked to ProgrammingOrchestrator

      at ProgrammingOrchestrator.setTreeDataProvider (src/orchestrator/programmingOrchestrator.ts:297:17)

  console.log
    Γ£à CompletedTasksTreeProvider linked to ProgrammingOrchestrator

      at ProgrammingOrchestrator.setCompletedTasksProvider (src/orchestrator/programmingOrchestrator.ts:309:17)

  console.warn
    ΓÜá∩╕Å No workspace folder found ΓÇô using test mode only

    [0m [90m 27 |[39m         [36mconst[39m workspaceFolder [33m=[39m vscode[33m.[39mworkspace[33m.[39mworkspaceFolders[33m?[39m[33m.[39m[[35m0[39m][33m;[39m
     [90m 28 |[39m         [36mif[39m ([33m![39mworkspaceFolder) {
    [31m[1m>[22m[39m[90m 29 |[39m             console[33m.[39mwarn([32m'ΓÜá∩╕Å No workspace folder found ΓÇô using test mode only'[39m)[33m;[39m
     [90m    |[39m                     [31m[1m^[22m[39m
     [90m 30 |[39m             [36mreturn[39m [][33m;[39m
     [90m 31 |[39m         }
     [90m 32 |[39m[0m

      at loadTasksFromPlanFile (src/plans/planningStub.ts:29:21)
      at activate (src/extension.ts:351:58)
      at Object.<anonymous> (tests/extension.integration.test.ts:513:9)

  console.log
    Γä╣∩╕Å  No tasks loaded from plan file

      at activate (src/extension.ts:359:25)

  console.log
    ≡ƒöä Calling treeDataProvider.refresh() after loading tasks

      at activate (src/extension.ts:370:21)

  console.log
    ΓòÉΓòÉΓòÉΓòÉΓòÉΓòÉΓòÉΓòÉΓòÉΓòÉΓòÉΓòÉΓòÉΓòÉΓòÉΓòÉΓòÉΓòÉΓòÉΓòÉΓòÉΓòÉΓòÉΓòÉΓòÉΓòÉΓòÉΓòÉΓòÉΓòÉΓòÉΓòÉΓòÉΓòÉΓòÉΓòÉΓòÉΓòÉΓòÉΓòÉΓòÉΓòÉΓòÉΓòÉΓòÉΓòÉΓòÉΓòÉΓòÉΓòÉΓòÉΓòÉΓòÉΓòÉΓòÉΓòÉΓòÉΓòÉΓòÉ

      at activate (src/extension.ts:377:17)

  console.log
    ≡ƒöì TREE VIEW DEBUG SUMMARY

      at activate (src/extension.ts:378:17)

  console.log
    ΓòÉΓòÉΓòÉΓòÉΓòÉΓòÉΓòÉΓòÉΓòÉΓòÉΓòÉΓòÉΓòÉΓòÉΓòÉΓòÉΓòÉΓòÉΓòÉΓòÉΓòÉΓòÉΓòÉΓòÉΓòÉΓòÉΓòÉΓòÉΓòÉΓòÉΓòÉΓòÉΓòÉΓòÉΓòÉΓòÉΓòÉΓòÉΓòÉΓòÉΓòÉΓòÉΓòÉΓòÉΓòÉΓòÉΓòÉΓòÉΓòÉΓòÉΓòÉΓòÉΓòÉΓòÉΓòÉΓòÉΓòÉΓòÉΓòÉ

      at activate (src/extension.ts:379:17)

  console.log
    ≡ƒôè Total tasks in orchestrator: 0

      at activate (src/extension.ts:380:17)

  console.log
    ≡ƒöì getReadyTasks() called - Total queue size: 0

      at ProgrammingOrchestrator.getReadyTasks (src/orchestrator/programmingOrchestrator.ts:694:17)

  console.log
    ≡ƒôè getReadyTasks() returning 0 tasks

      at ProgrammingOrchestrator.getReadyTasks (src/orchestrator/programmingOrchestrator.ts:722:17)

  console.log
    Γ£à Ready tasks: 0

      at activate (src/extension.ts:381:17)

  console.log
    ≡ƒî│ Tree provider initialized: true

      at activate (src/extension.ts:382:17)

  console.log
    ≡ƒô║ Tree views created: true

      at activate (src/extension.ts:383:17)

  console.log
    ≡ƒöì getReadyTasks() called - Total queue size: 0

      at ProgrammingOrchestrator.getReadyTasks (src/orchestrator/programmingOrchestrator.ts:694:17)

  console.log
    ≡ƒôè getReadyTasks() returning 0 tasks

      at ProgrammingOrchestrator.getReadyTasks (src/orchestrator/programmingOrchestrator.ts:722:17)

  console.log
    ΓÜá∩╕Å  No ready tasks found! Check task status in orchestrator.

      at activate (src/extension.ts:392:25)

  console.log
    ΓòÉΓòÉΓòÉΓòÉΓòÉΓòÉΓòÉΓòÉΓòÉΓòÉΓòÉΓòÉΓòÉΓòÉΓòÉΓòÉΓòÉΓòÉΓòÉΓòÉΓòÉΓòÉΓòÉΓòÉΓòÉΓòÉΓòÉΓòÉΓòÉΓòÉΓòÉΓòÉΓòÉΓòÉΓòÉΓòÉΓòÉΓòÉΓòÉΓòÉΓòÉΓòÉΓòÉΓòÉΓòÉΓòÉΓòÉΓòÉΓòÉΓòÉΓòÉΓòÉΓòÉΓòÉΓòÉΓòÉΓòÉΓòÉΓòÉ

      at activate (src/extension.ts:395:17)

  console.log


      at activate (src/extension.ts:396:17)

  console.error
    Γ¥î COE Activation failed: Cannot read properties of undefined (reading 'get')

    [0m [90m 1279 |[39m     } [36mcatch[39m (error) {
     [90m 1280 |[39m         [36mconst[39m errorMsg [33m=[39m error [36minstanceof[39m [33mError[39m [33m?[39m error[33m.[39mmessage [33m:[39m [33mString[39m(error)[33m;[39m
    [31m[1m>[22m[39m[90m 1281 |[39m         console[33m.[39merror([32m'Γ¥î COE Activation failed:'[39m[33m,[39m errorMsg)[33m;[39m
     [90m      |[39m                 [31m[1m^[22m[39m
     [90m 1282 |[39m
     [90m 1283 |[39m         [36mif[39m (orchestratorOutputChannel) {
     [90m 1284 |[39m             orchestratorOutputChannel[33m.[39mappendLine([32m`Γ¥î ACTIVATION FAILED: ${errorMsg}`[39m)[33m;[39m[0m

      at activate (src/extension.ts:1281:17)
      at Object.<anonymous> (tests/extension.integration.test.ts:513:9)

  console.log
    ≡ƒÜÇ COE Activated

      at activate (src/extension.ts:139:13)

  console.warn
    No workspace root found, using defaults

    [0m [90m 108 |[39m             [36mconst[39m root [33m=[39m workspaceRoot [33m||[39m [36mthis[39m[33m.[39mgetWorkspaceRoot()[33m;[39m
     [90m 109 |[39m             [36mif[39m ([33m![39mroot) {
    [31m[1m>[22m[39m[90m 110 |[39m                 console[33m.[39mwarn([32m'No workspace root found, using defaults'[39m)[33m;[39m
     [90m     |[39m                         [31m[1m^[22m[39m
     [90m 111 |[39m                 [36mthis[39m[33m.[39minstance [33m=[39m [33mDEFAULT_CONFIG[39m[33m;[39m
     [90m 112 |[39m                 [36mreturn[39m[33m;[39m
     [90m 113 |[39m             }[0m

      at FileConfigManager.initialize (src/utils/fileConfig.ts:110:25)
      at activate (src/extension.ts:177:37)
      at Object.<anonymous> (tests/extension.integration.test.ts:557:23)

  console.log
    [COE.Extension] Γä╣∩╕Å Programming Orchestrator: Initializing...

      at SimpleLogger.info (src/orchestrator/programmingOrchestrator.ts:1436:17)

  console.log
    [COE.Extension] Γä╣∩╕Å Γ£à Programming Orchestrator: Ready (one-thing-at-a-time enforced)

      at SimpleLogger.info (src/orchestrator/programmingOrchestrator.ts:1436:17)

  console.log
    ≡ƒôª No persisted tasks found, starting fresh

      at ProgrammingOrchestrator.loadPersistedTasks (src/orchestrator/programmingOrchestrator.ts:354:25)

  console.log
    Γä╣∩╕Å No tasks to reconcile (queue empty)

      at ProgrammingOrchestrator.reconcileTasks (src/orchestrator/programmingOrchestrator.ts:420:21)

  console.log
    Γ£à ProgrammingOrchestrator initialized with persistence

      at ProgrammingOrchestrator.initializeWithPersistence (src/orchestrator/programmingOrchestrator.ts:336:17)

  console.log
    Γ£à TreeView provider linked to ProgrammingOrchestrator

      at ProgrammingOrchestrator.setTreeDataProvider (src/orchestrator/programmingOrchestrator.ts:297:17)

  console.log
    Γ£à CompletedTasksTreeProvider linked to ProgrammingOrchestrator

      at ProgrammingOrchestrator.setCompletedTasksProvider (src/orchestrator/programmingOrchestrator.ts:309:17)

  console.warn
    ΓÜá∩╕Å No workspace folder found ΓÇô using test mode only

    [0m [90m 27 |[39m         [36mconst[39m workspaceFolder [33m=[39m vscode[33m.[39mworkspace[33m.[39mworkspaceFolders[33m?[39m[33m.[39m[[35m0[39m][33m;[39m
     [90m 28 |[39m         [36mif[39m ([33m![39mworkspaceFolder) {
    [31m[1m>[22m[39m[90m 29 |[39m             console[33m.[39mwarn([32m'ΓÜá∩╕Å No workspace folder found ΓÇô using test mode only'[39m)[33m;[39m
     [90m    |[39m                     [31m[1m^[22m[39m
     [90m 30 |[39m             [36mreturn[39m [][33m;[39m
     [90m 31 |[39m         }
     [90m 32 |[39m[0m

      at loadTasksFromPlanFile (src/plans/planningStub.ts:29:21)
      at activate (src/extension.ts:351:58)
      at Object.<anonymous> (tests/extension.integration.test.ts:557:9)

  console.log
    Γä╣∩╕Å  No tasks loaded from plan file

      at activate (src/extension.ts:359:25)

  console.log
    ≡ƒöä Calling treeDataProvider.refresh() after loading tasks

      at activate (src/extension.ts:370:21)

  console.log
    ΓòÉΓòÉΓòÉΓòÉΓòÉΓòÉΓòÉΓòÉΓòÉΓòÉΓòÉΓòÉΓòÉΓòÉΓòÉΓòÉΓòÉΓòÉΓòÉΓòÉΓòÉΓòÉΓòÉΓòÉΓòÉΓòÉΓòÉΓòÉΓòÉΓòÉΓòÉΓòÉΓòÉΓòÉΓòÉΓòÉΓòÉΓòÉΓòÉΓòÉΓòÉΓòÉΓòÉΓòÉΓòÉΓòÉΓòÉΓòÉΓòÉΓòÉΓòÉΓòÉΓòÉΓòÉΓòÉΓòÉΓòÉΓòÉΓòÉ

      at activate (src/extension.ts:377:17)

  console.log
    ≡ƒöì TREE VIEW DEBUG SUMMARY

      at activate (src/extension.ts:378:17)

  console.log
    ΓòÉΓòÉΓòÉΓòÉΓòÉΓòÉΓòÉΓòÉΓòÉΓòÉΓòÉΓòÉΓòÉΓòÉΓòÉΓòÉΓòÉΓòÉΓòÉΓòÉΓòÉΓòÉΓòÉΓòÉΓòÉΓòÉΓòÉΓòÉΓòÉΓòÉΓòÉΓòÉΓòÉΓòÉΓòÉΓòÉΓòÉΓòÉΓòÉΓòÉΓòÉΓòÉΓòÉΓòÉΓòÉΓòÉΓòÉΓòÉΓòÉΓòÉΓòÉΓòÉΓòÉΓòÉΓòÉΓòÉΓòÉΓòÉΓòÉ

      at activate (src/extension.ts:379:17)

  console.log
    ≡ƒôè Total tasks in orchestrator: 0

      at activate (src/extension.ts:380:17)

  console.log
    ≡ƒöì getReadyTasks() called - Total queue size: 0

      at ProgrammingOrchestrator.getReadyTasks (src/orchestrator/programmingOrchestrator.ts:694:17)

  console.log
    ≡ƒôè getReadyTasks() returning 0 tasks

      at ProgrammingOrchestrator.getReadyTasks (src/orchestrator/programmingOrchestrator.ts:722:17)

  console.log
    Γ£à Ready tasks: 0

      at activate (src/extension.ts:381:17)

  console.log
    ≡ƒî│ Tree provider initialized: true

      at activate (src/extension.ts:382:17)

  console.log
    ≡ƒô║ Tree views created: true

      at activate (src/extension.ts:383:17)

  console.log
    ≡ƒöì getReadyTasks() called - Total queue size: 0

      at ProgrammingOrchestrator.getReadyTasks (src/orchestrator/programmingOrchestrator.ts:694:17)

  console.log
    ≡ƒôè getReadyTasks() returning 0 tasks

      at ProgrammingOrchestrator.getReadyTasks (src/orchestrator/programmingOrchestrator.ts:722:17)

  console.log
    ΓÜá∩╕Å  No ready tasks found! Check task status in orchestrator.

      at activate (src/extension.ts:392:25)

  console.log
    ΓòÉΓòÉΓòÉΓòÉΓòÉΓòÉΓòÉΓòÉΓòÉΓòÉΓòÉΓòÉΓòÉΓòÉΓòÉΓòÉΓòÉΓòÉΓòÉΓòÉΓòÉΓòÉΓòÉΓòÉΓòÉΓòÉΓòÉΓòÉΓòÉΓòÉΓòÉΓòÉΓòÉΓòÉΓòÉΓòÉΓòÉΓòÉΓòÉΓòÉΓòÉΓòÉΓòÉΓòÉΓòÉΓòÉΓòÉΓòÉΓòÉΓòÉΓòÉΓòÉΓòÉΓòÉΓòÉΓòÉΓòÉΓòÉΓòÉ

      at activate (src/extension.ts:395:17)

  console.log


      at activate (src/extension.ts:396:17)

  console.error
    Γ¥î COE Activation failed: Cannot read properties of undefined (reading 'get')

    [0m [90m 1279 |[39m     } [36mcatch[39m (error) {
     [90m 1280 |[39m         [36mconst[39m errorMsg [33m=[39m error [36minstanceof[39m [33mError[39m [33m?[39m error[33m.[39mmessage [33m:[39m [33mString[39m(error)[33m;[39m
    [31m[1m>[22m[39m[90m 1281 |[39m         console[33m.[39merror([32m'Γ¥î COE Activation failed:'[39m[33m,[39m errorMsg)[33m;[39m
     [90m      |[39m                 [31m[1m^[22m[39m
     [90m 1282 |[39m
     [90m 1283 |[39m         [36mif[39m (orchestratorOutputChannel) {
     [90m 1284 |[39m             orchestratorOutputChannel[33m.[39mappendLine([32m`Γ¥î ACTIVATION FAILED: ${errorMsg}`[39m)[33m;[39m[0m

      at activate (src/extension.ts:1281:17)
      at Object.<anonymous> (tests/extension.integration.test.ts:557:9)

  console.log
    ≡ƒÜÇ COE Activated

      at activate (src/extension.ts:139:13)

  console.warn
    No workspace root found, using defaults

    [0m [90m 108 |[39m             [36mconst[39m root [33m=[39m workspaceRoot [33m||[39m [36mthis[39m[33m.[39mgetWorkspaceRoot()[33m;[39m
     [90m 109 |[39m             [36mif[39m ([33m![39mroot) {
    [31m[1m>[22m[39m[90m 110 |[39m                 console[33m.[39mwarn([32m'No workspace root found, using defaults'[39m)[33m;[39m
     [90m     |[39m                         [31m[1m^[22m[39m
     [90m 111 |[39m                 [36mthis[39m[33m.[39minstance [33m=[39m [33mDEFAULT_CONFIG[39m[33m;[39m
     [90m 112 |[39m                 [36mreturn[39m[33m;[39m
     [90m 113 |[39m             }[0m

      at FileConfigManager.initialize (src/utils/fileConfig.ts:110:25)
      at activate (src/extension.ts:177:37)
      at Object.<anonymous> (tests/extension.integration.test.ts:599:23)

  console.log
    [COE.Extension] Γä╣∩╕Å Programming Orchestrator: Initializing...

      at SimpleLogger.info (src/orchestrator/programmingOrchestrator.ts:1436:17)

  console.log
    [COE.Extension] Γä╣∩╕Å Γ£à Programming Orchestrator: Ready (one-thing-at-a-time enforced)

      at SimpleLogger.info (src/orchestrator/programmingOrchestrator.ts:1436:17)

  console.log
    ≡ƒôª No persisted tasks found, starting fresh

      at ProgrammingOrchestrator.loadPersistedTasks (src/orchestrator/programmingOrchestrator.ts:354:25)

  console.log
    Γä╣∩╕Å No tasks to reconcile (queue empty)

      at ProgrammingOrchestrator.reconcileTasks (src/orchestrator/programmingOrchestrator.ts:420:21)

  console.log
    Γ£à ProgrammingOrchestrator initialized with persistence

      at ProgrammingOrchestrator.initializeWithPersistence (src/orchestrator/programmingOrchestrator.ts:336:17)

  console.log
    Γ£à TreeView provider linked to ProgrammingOrchestrator

      at ProgrammingOrchestrator.setTreeDataProvider (src/orchestrator/programmingOrchestrator.ts:297:17)

  console.log
    Γ£à CompletedTasksTreeProvider linked to ProgrammingOrchestrator

      at ProgrammingOrchestrator.setCompletedTasksProvider (src/orchestrator/programmingOrchestrator.ts:309:17)

  console.warn
    ΓÜá∩╕Å No workspace folder found ΓÇô using test mode only

    [0m [90m 27 |[39m         [36mconst[39m workspaceFolder [33m=[39m vscode[33m.[39mworkspace[33m.[39mworkspaceFolders[33m?[39m[33m.[39m[[35m0[39m][33m;[39m
     [90m 28 |[39m         [36mif[39m ([33m![39mworkspaceFolder) {
    [31m[1m>[22m[39m[90m 29 |[39m             console[33m.[39mwarn([32m'ΓÜá∩╕Å No workspace folder found ΓÇô using test mode only'[39m)[33m;[39m
     [90m    |[39m                     [31m[1m^[22m[39m
     [90m 30 |[39m             [36mreturn[39m [][33m;[39m
     [90m 31 |[39m         }
     [90m 32 |[39m[0m

      at loadTasksFromPlanFile (src/plans/planningStub.ts:29:21)
      at activate (src/extension.ts:351:58)
      at Object.<anonymous> (tests/extension.integration.test.ts:599:9)

  console.log
    Γä╣∩╕Å  No tasks loaded from plan file

      at activate (src/extension.ts:359:25)

  console.log
    ≡ƒöä Calling treeDataProvider.refresh() after loading tasks

      at activate (src/extension.ts:370:21)

  console.log
    ΓòÉΓòÉΓòÉΓòÉΓòÉΓòÉΓòÉΓòÉΓòÉΓòÉΓòÉΓòÉΓòÉΓòÉΓòÉΓòÉΓòÉΓòÉΓòÉΓòÉΓòÉΓòÉΓòÉΓòÉΓòÉΓòÉΓòÉΓòÉΓòÉΓòÉΓòÉΓòÉΓòÉΓòÉΓòÉΓòÉΓòÉΓòÉΓòÉΓòÉΓòÉΓòÉΓòÉΓòÉΓòÉΓòÉΓòÉΓòÉΓòÉΓòÉΓòÉΓòÉΓòÉΓòÉΓòÉΓòÉΓòÉΓòÉΓòÉ

      at activate (src/extension.ts:377:17)

  console.log
    ≡ƒöì TREE VIEW DEBUG SUMMARY

      at activate (src/extension.ts:378:17)

  console.log
    ΓòÉΓòÉΓòÉΓòÉΓòÉΓòÉΓòÉΓòÉΓòÉΓòÉΓòÉΓòÉΓòÉΓòÉΓòÉΓòÉΓòÉΓòÉΓòÉΓòÉΓòÉΓòÉΓòÉΓòÉΓòÉΓòÉΓòÉΓòÉΓòÉΓòÉΓòÉΓòÉΓòÉΓòÉΓòÉΓòÉΓòÉΓòÉΓòÉΓòÉΓòÉΓòÉΓòÉΓòÉΓòÉΓòÉΓòÉΓòÉΓòÉΓòÉΓòÉΓòÉΓòÉΓòÉΓòÉΓòÉΓòÉΓòÉΓòÉ

      at activate (src/extension.ts:379:17)

  console.log
    ≡ƒôè Total tasks in orchestrator: 0

      at activate (src/extension.ts:380:17)

  console.log
    ≡ƒöì getReadyTasks() called - Total queue size: 0

      at ProgrammingOrchestrator.getReadyTasks (src/orchestrator/programmingOrchestrator.ts:694:17)

  console.log
    ≡ƒôè getReadyTasks() returning 0 tasks

      at ProgrammingOrchestrator.getReadyTasks (src/orchestrator/programmingOrchestrator.ts:722:17)

  console.log
    Γ£à Ready tasks: 0

      at activate (src/extension.ts:381:17)

  console.log
    ≡ƒî│ Tree provider initialized: true

      at activate (src/extension.ts:382:17)

  console.log
    ≡ƒô║ Tree views created: true

      at activate (src/extension.ts:383:17)

  console.log
    ≡ƒöì getReadyTasks() called - Total queue size: 0

      at ProgrammingOrchestrator.getReadyTasks (src/orchestrator/programmingOrchestrator.ts:694:17)

  console.log
    ≡ƒôè getReadyTasks() returning 0 tasks

      at ProgrammingOrchestrator.getReadyTasks (src/orchestrator/programmingOrchestrator.ts:722:17)

  console.log
    ΓÜá∩╕Å  No ready tasks found! Check task status in orchestrator.

      at activate (src/extension.ts:392:25)

  console.log
    ΓòÉΓòÉΓòÉΓòÉΓòÉΓòÉΓòÉΓòÉΓòÉΓòÉΓòÉΓòÉΓòÉΓòÉΓòÉΓòÉΓòÉΓòÉΓòÉΓòÉΓòÉΓòÉΓòÉΓòÉΓòÉΓòÉΓòÉΓòÉΓòÉΓòÉΓòÉΓòÉΓòÉΓòÉΓòÉΓòÉΓòÉΓòÉΓòÉΓòÉΓòÉΓòÉΓòÉΓòÉΓòÉΓòÉΓòÉΓòÉΓòÉΓòÉΓòÉΓòÉΓòÉΓòÉΓòÉΓòÉΓòÉΓòÉΓòÉ

      at activate (src/extension.ts:395:17)

  console.log


      at activate (src/extension.ts:396:17)

  console.error
    Γ¥î COE Activation failed: Cannot read properties of undefined (reading 'get')

    [0m [90m 1279 |[39m     } [36mcatch[39m (error) {
     [90m 1280 |[39m         [36mconst[39m errorMsg [33m=[39m error [36minstanceof[39m [33mError[39m [33m?[39m error[33m.[39mmessage [33m:[39m [33mString[39m(error)[33m;[39m
    [31m[1m>[22m[39m[90m 1281 |[39m         console[33m.[39merror([32m'Γ¥î COE Activation failed:'[39m[33m,[39m errorMsg)[33m;[39m
     [90m      |[39m                 [31m[1m^[22m[39m
     [90m 1282 |[39m
     [90m 1283 |[39m         [36mif[39m (orchestratorOutputChannel) {
     [90m 1284 |[39m             orchestratorOutputChannel[33m.[39mappendLine([32m`Γ¥î ACTIVATION FAILED: ${errorMsg}`[39m)[33m;[39m[0m

      at activate (src/extension.ts:1281:17)
      at Object.<anonymous> (tests/extension.integration.test.ts:599:9)

  console.log
    ≡ƒÜÇ COE Activated

      at activate (src/extension.ts:139:13)

  console.warn
    No workspace root found, using defaults

    [0m [90m 108 |[39m             [36mconst[39m root [33m=[39m workspaceRoot [33m||[39m [36mthis[39m[33m.[39mgetWorkspaceRoot()[33m;[39m
     [90m 109 |[39m             [36mif[39m ([33m![39mroot) {
    [31m[1m>[22m[39m[90m 110 |[39m                 console[33m.[39mwarn([32m'No workspace root found, using defaults'[39m)[33m;[39m
     [90m     |[39m                         [31m[1m^[22m[39m
     [90m 111 |[39m                 [36mthis[39m[33m.[39minstance [33m=[39m [33mDEFAULT_CONFIG[39m[33m;[39m
     [90m 112 |[39m                 [36mreturn[39m[33m;[39m
     [90m 113 |[39m             }[0m

      at FileConfigManager.initialize (src/utils/fileConfig.ts:110:25)
      at activate (src/extension.ts:177:37)
      at Object.<anonymous> (tests/extension.integration.test.ts:668:23)

  console.log
    [COE.Extension] Γä╣∩╕Å Programming Orchestrator: Initializing...

      at SimpleLogger.info (src/orchestrator/programmingOrchestrator.ts:1436:17)

  console.log
    [COE.Extension] Γä╣∩╕Å Γ£à Programming Orchestrator: Ready (one-thing-at-a-time enforced)

      at SimpleLogger.info (src/orchestrator/programmingOrchestrator.ts:1436:17)

  console.log
    ≡ƒôª No persisted tasks found, starting fresh

      at ProgrammingOrchestrator.loadPersistedTasks (src/orchestrator/programmingOrchestrator.ts:354:25)

  console.log
    Γä╣∩╕Å No tasks to reconcile (queue empty)

      at ProgrammingOrchestrator.reconcileTasks (src/orchestrator/programmingOrchestrator.ts:420:21)

  console.log
    Γ£à ProgrammingOrchestrator initialized with persistence

      at ProgrammingOrchestrator.initializeWithPersistence (src/orchestrator/programmingOrchestrator.ts:336:17)

  console.log
    Γ£à TreeView provider linked to ProgrammingOrchestrator

      at ProgrammingOrchestrator.setTreeDataProvider (src/orchestrator/programmingOrchestrator.ts:297:17)

  console.log
    Γ£à CompletedTasksTreeProvider linked to ProgrammingOrchestrator

      at ProgrammingOrchestrator.setCompletedTasksProvider (src/orchestrator/programmingOrchestrator.ts:309:17)

  console.warn
    ΓÜá∩╕Å No workspace folder found ΓÇô using test mode only

    [0m [90m 27 |[39m         [36mconst[39m workspaceFolder [33m=[39m vscode[33m.[39mworkspace[33m.[39mworkspaceFolders[33m?[39m[33m.[39m[[35m0[39m][33m;[39m
     [90m 28 |[39m         [36mif[39m ([33m![39mworkspaceFolder) {
    [31m[1m>[22m[39m[90m 29 |[39m             console[33m.[39mwarn([32m'ΓÜá∩╕Å No workspace folder found ΓÇô using test mode only'[39m)[33m;[39m
     [90m    |[39m                     [31m[1m^[22m[39m
     [90m 30 |[39m             [36mreturn[39m [][33m;[39m
     [90m 31 |[39m         }
     [90m 32 |[39m[0m

      at loadTasksFromPlanFile (src/plans/planningStub.ts:29:21)
      at activate (src/extension.ts:351:58)
      at Object.<anonymous> (tests/extension.integration.test.ts:668:9)

  console.log
    Γä╣∩╕Å  No tasks loaded from plan file

      at activate (src/extension.ts:359:25)

  console.log
    ≡ƒöä Calling treeDataProvider.refresh() after loading tasks

      at activate (src/extension.ts:370:21)

  console.log
    ΓòÉΓòÉΓòÉΓòÉΓòÉΓòÉΓòÉΓòÉΓòÉΓòÉΓòÉΓòÉΓòÉΓòÉΓòÉΓòÉΓòÉΓòÉΓòÉΓòÉΓòÉΓòÉΓòÉΓòÉΓòÉΓòÉΓòÉΓòÉΓòÉΓòÉΓòÉΓòÉΓòÉΓòÉΓòÉΓòÉΓòÉΓòÉΓòÉΓòÉΓòÉΓòÉΓòÉΓòÉΓòÉΓòÉΓòÉΓòÉΓòÉΓòÉΓòÉΓòÉΓòÉΓòÉΓòÉΓòÉΓòÉΓòÉΓòÉ

      at activate (src/extension.ts:377:17)

  console.log
    ≡ƒöì TREE VIEW DEBUG SUMMARY

      at activate (src/extension.ts:378:17)

  console.log
    ΓòÉΓòÉΓòÉΓòÉΓòÉΓòÉΓòÉΓòÉΓòÉΓòÉΓòÉΓòÉΓòÉΓòÉΓòÉΓòÉΓòÉΓòÉΓòÉΓòÉΓòÉΓòÉΓòÉΓòÉΓòÉΓòÉΓòÉΓòÉΓòÉΓòÉΓòÉΓòÉΓòÉΓòÉΓòÉΓòÉΓòÉΓòÉΓòÉΓòÉΓòÉΓòÉΓòÉΓòÉΓòÉΓòÉΓòÉΓòÉΓòÉΓòÉΓòÉΓòÉΓòÉΓòÉΓòÉΓòÉΓòÉΓòÉΓòÉ

      at activate (src/extension.ts:379:17)

  console.log
    ≡ƒôè Total tasks in orchestrator: 0

      at activate (src/extension.ts:380:17)

  console.log
    ≡ƒöì getReadyTasks() called - Total queue size: 0

      at ProgrammingOrchestrator.getReadyTasks (src/orchestrator/programmingOrchestrator.ts:694:17)

  console.log
    ≡ƒôè getReadyTasks() returning 0 tasks

      at ProgrammingOrchestrator.getReadyTasks (src/orchestrator/programmingOrchestrator.ts:722:17)

  console.log
    Γ£à Ready tasks: 0

      at activate (src/extension.ts:381:17)

  console.log
    ≡ƒî│ Tree provider initialized: true

      at activate (src/extension.ts:382:17)

  console.log
    ≡ƒô║ Tree views created: true

      at activate (src/extension.ts:383:17)

  console.log
    ≡ƒöì getReadyTasks() called - Total queue size: 0

      at ProgrammingOrchestrator.getReadyTasks (src/orchestrator/programmingOrchestrator.ts:694:17)

  console.log
    ≡ƒôè getReadyTasks() returning 0 tasks

      at ProgrammingOrchestrator.getReadyTasks (src/orchestrator/programmingOrchestrator.ts:722:17)

  console.log
    ΓÜá∩╕Å  No ready tasks found! Check task status in orchestrator.

      at activate (src/extension.ts:392:25)

  console.log
    ΓòÉΓòÉΓòÉΓòÉΓòÉΓòÉΓòÉΓòÉΓòÉΓòÉΓòÉΓòÉΓòÉΓòÉΓòÉΓòÉΓòÉΓòÉΓòÉΓòÉΓòÉΓòÉΓòÉΓòÉΓòÉΓòÉΓòÉΓòÉΓòÉΓòÉΓòÉΓòÉΓòÉΓòÉΓòÉΓòÉΓòÉΓòÉΓòÉΓòÉΓòÉΓòÉΓòÉΓòÉΓòÉΓòÉΓòÉΓòÉΓòÉΓòÉΓòÉΓòÉΓòÉΓòÉΓòÉΓòÉΓòÉΓòÉΓòÉ

      at activate (src/extension.ts:395:17)

  console.log


      at activate (src/extension.ts:396:17)

  console.error
    Γ¥î COE Activation failed: Cannot read properties of undefined (reading 'get')

    [0m [90m 1279 |[39m     } [36mcatch[39m (error) {
     [90m 1280 |[39m         [36mconst[39m errorMsg [33m=[39m error [36minstanceof[39m [33mError[39m [33m?[39m error[33m.[39mmessage [33m:[39m [33mString[39m(error)[33m;[39m
    [31m[1m>[22m[39m[90m 1281 |[39m         console[33m.[39merror([32m'Γ¥î COE Activation failed:'[39m[33m,[39m errorMsg)[33m;[39m
     [90m      |[39m                 [31m[1m^[22m[39m
     [90m 1282 |[39m
     [90m 1283 |[39m         [36mif[39m (orchestratorOutputChannel) {
     [90m 1284 |[39m             orchestratorOutputChannel[33m.[39mappendLine([32m`Γ¥î ACTIVATION FAILED: ${errorMsg}`[39m)[33m;[39m[0m

      at activate (src/extension.ts:1281:17)
      at Object.<anonymous> (tests/extension.integration.test.ts:668:9)

  console.log
    ≡ƒÜÇ COE Activated

      at activate (src/extension.ts:139:13)

  console.warn
    No workspace root found, using defaults

    [0m [90m 108 |[39m             [36mconst[39m root [33m=[39m workspaceRoot [33m||[39m [36mthis[39m[33m.[39mgetWorkspaceRoot()[33m;[39m
     [90m 109 |[39m             [36mif[39m ([33m![39mroot) {
    [31m[1m>[22m[39m[90m 110 |[39m                 console[33m.[39mwarn([32m'No workspace root found, using defaults'[39m)[33m;[39m
     [90m     |[39m                         [31m[1m^[22m[39m
     [90m 111 |[39m                 [36mthis[39m[33m.[39minstance [33m=[39m [33mDEFAULT_CONFIG[39m[33m;[39m
     [90m 112 |[39m                 [36mreturn[39m[33m;[39m
     [90m 113 |[39m             }[0m

      at FileConfigManager.initialize (src/utils/fileConfig.ts:110:25)
      at activate (src/extension.ts:177:37)
      at Object.<anonymous> (tests/extension.integration.test.ts:728:23)

  console.log
    [COE.Extension] Γä╣∩╕Å Programming Orchestrator: Initializing...

      at SimpleLogger.info (src/orchestrator/programmingOrchestrator.ts:1436:17)

  console.log
    [COE.Extension] Γä╣∩╕Å Γ£à Programming Orchestrator: Ready (one-thing-at-a-time enforced)

      at SimpleLogger.info (src/orchestrator/programmingOrchestrator.ts:1436:17)

  console.log
    ≡ƒôª No persisted tasks found, starting fresh

      at ProgrammingOrchestrator.loadPersistedTasks (src/orchestrator/programmingOrchestrator.ts:354:25)

  console.log
    Γä╣∩╕Å No tasks to reconcile (queue empty)

      at ProgrammingOrchestrator.reconcileTasks (src/orchestrator/programmingOrchestrator.ts:420:21)

  console.log
    Γ£à ProgrammingOrchestrator initialized with persistence

      at ProgrammingOrchestrator.initializeWithPersistence (src/orchestrator/programmingOrchestrator.ts:336:17)

  console.log
    Γ£à TreeView provider linked to ProgrammingOrchestrator

      at ProgrammingOrchestrator.setTreeDataProvider (src/orchestrator/programmingOrchestrator.ts:297:17)

  console.log
    Γ£à CompletedTasksTreeProvider linked to ProgrammingOrchestrator

      at ProgrammingOrchestrator.setCompletedTasksProvider (src/orchestrator/programmingOrchestrator.ts:309:17)

  console.warn
    ΓÜá∩╕Å No workspace folder found ΓÇô using test mode only

    [0m [90m 27 |[39m         [36mconst[39m workspaceFolder [33m=[39m vscode[33m.[39mworkspace[33m.[39mworkspaceFolders[33m?[39m[33m.[39m[[35m0[39m][33m;[39m
     [90m 28 |[39m         [36mif[39m ([33m![39mworkspaceFolder) {
    [31m[1m>[22m[39m[90m 29 |[39m             console[33m.[39mwarn([32m'ΓÜá∩╕Å No workspace folder found ΓÇô using test mode only'[39m)[33m;[39m
     [90m    |[39m                     [31m[1m^[22m[39m
     [90m 30 |[39m             [36mreturn[39m [][33m;[39m
     [90m 31 |[39m         }
     [90m 32 |[39m[0m

      at loadTasksFromPlanFile (src/plans/planningStub.ts:29:21)
      at activate (src/extension.ts:351:58)
      at Object.<anonymous> (tests/extension.integration.test.ts:728:9)

  console.log
    Γä╣∩╕Å  No tasks loaded from plan file

      at activate (src/extension.ts:359:25)

  console.log
    ≡ƒöä Calling treeDataProvider.refresh() after loading tasks

      at activate (src/extension.ts:370:21)

  console.log
    ΓòÉΓòÉΓòÉΓòÉΓòÉΓòÉΓòÉΓòÉΓòÉΓòÉΓòÉΓòÉΓòÉΓòÉΓòÉΓòÉΓòÉΓòÉΓòÉΓòÉΓòÉΓòÉΓòÉΓòÉΓòÉΓòÉΓòÉΓòÉΓòÉΓòÉΓòÉΓòÉΓòÉΓòÉΓòÉΓòÉΓòÉΓòÉΓòÉΓòÉΓòÉΓòÉΓòÉΓòÉΓòÉΓòÉΓòÉΓòÉΓòÉΓòÉΓòÉΓòÉΓòÉΓòÉΓòÉΓòÉΓòÉΓòÉΓòÉ

      at activate (src/extension.ts:377:17)

  console.log
    ≡ƒöì TREE VIEW DEBUG SUMMARY

      at activate (src/extension.ts:378:17)

  console.log
    ΓòÉΓòÉΓòÉΓòÉΓòÉΓòÉΓòÉΓòÉΓòÉΓòÉΓòÉΓòÉΓòÉΓòÉΓòÉΓòÉΓòÉΓòÉΓòÉΓòÉΓòÉΓòÉΓòÉΓòÉΓòÉΓòÉΓòÉΓòÉΓòÉΓòÉΓòÉΓòÉΓòÉΓòÉΓòÉΓòÉΓòÉΓòÉΓòÉΓòÉΓòÉΓòÉΓòÉΓòÉΓòÉΓòÉΓòÉΓòÉΓòÉΓòÉΓòÉΓòÉΓòÉΓòÉΓòÉΓòÉΓòÉΓòÉΓòÉ

      at activate (src/extension.ts:379:17)

  console.log
    ≡ƒôè Total tasks in orchestrator: 0

      at activate (src/extension.ts:380:17)

  console.log
    ≡ƒöì getReadyTasks() called - Total queue size: 0

      at ProgrammingOrchestrator.getReadyTasks (src/orchestrator/programmingOrchestrator.ts:694:17)

  console.log
    ≡ƒôè getReadyTasks() returning 0 tasks

      at ProgrammingOrchestrator.getReadyTasks (src/orchestrator/programmingOrchestrator.ts:722:17)

  console.log
    Γ£à Ready tasks: 0

      at activate (src/extension.ts:381:17)

  console.log
    ≡ƒî│ Tree provider initialized: true

      at activate (src/extension.ts:382:17)

  console.log
    ≡ƒô║ Tree views created: true

      at activate (src/extension.ts:383:17)

  console.log
    ≡ƒöì getReadyTasks() called - Total queue size: 0

      at ProgrammingOrchestrator.getReadyTasks (src/orchestrator/programmingOrchestrator.ts:694:17)

  console.log
    ≡ƒôè getReadyTasks() returning 0 tasks

      at ProgrammingOrchestrator.getReadyTasks (src/orchestrator/programmingOrchestrator.ts:722:17)

  console.log
    ΓÜá∩╕Å  No ready tasks found! Check task status in orchestrator.

      at activate (src/extension.ts:392:25)

  console.log
    ΓòÉΓòÉΓòÉΓòÉΓòÉΓòÉΓòÉΓòÉΓòÉΓòÉΓòÉΓòÉΓòÉΓòÉΓòÉΓòÉΓòÉΓòÉΓòÉΓòÉΓòÉΓòÉΓòÉΓòÉΓòÉΓòÉΓòÉΓòÉΓòÉΓòÉΓòÉΓòÉΓòÉΓòÉΓòÉΓòÉΓòÉΓòÉΓòÉΓòÉΓòÉΓòÉΓòÉΓòÉΓòÉΓòÉΓòÉΓòÉΓòÉΓòÉΓòÉΓòÉΓòÉΓòÉΓòÉΓòÉΓòÉΓòÉΓòÉ

      at activate (src/extension.ts:395:17)

  console.log


      at activate (src/extension.ts:396:17)

  console.error
    Γ¥î COE Activation failed: Cannot read properties of undefined (reading 'get')

    [0m [90m 1279 |[39m     } [36mcatch[39m (error) {
     [90m 1280 |[39m         [36mconst[39m errorMsg [33m=[39m error [36minstanceof[39m [33mError[39m [33m?[39m error[33m.[39mmessage [33m:[39m [33mString[39m(error)[33m;[39m
    [31m[1m>[22m[39m[90m 1281 |[39m         console[33m.[39merror([32m'Γ¥î COE Activation failed:'[39m[33m,[39m errorMsg)[33m;[39m
     [90m      |[39m                 [31m[1m^[22m[39m
     [90m 1282 |[39m
     [90m 1283 |[39m         [36mif[39m (orchestratorOutputChannel) {
     [90m 1284 |[39m             orchestratorOutputChannel[33m.[39mappendLine([32m`Γ¥î ACTIVATION FAILED: ${errorMsg}`[39m)[33m;[39m[0m

      at activate (src/extension.ts:1281:17)
      at Object.<anonymous> (tests/extension.integration.test.ts:728:9)

  console.log
    ≡ƒÜÇ COE Activated

      at activate (src/extension.ts:139:13)

  console.warn
    No workspace root found, using defaults

    [0m [90m 108 |[39m             [36mconst[39m root [33m=[39m workspaceRoot [33m||[39m [36mthis[39m[33m.[39mgetWorkspaceRoot()[33m;[39m
     [90m 109 |[39m             [36mif[39m ([33m![39mroot) {
    [31m[1m>[22m[39m[90m 110 |[39m                 console[33m.[39mwarn([32m'No workspace root found, using defaults'[39m)[33m;[39m
     [90m     |[39m                         [31m[1m^[22m[39m
     [90m 111 |[39m                 [36mthis[39m[33m.[39minstance [33m=[39m [33mDEFAULT_CONFIG[39m[33m;[39m
     [90m 112 |[39m                 [36mreturn[39m[33m;[39m
     [90m 113 |[39m             }[0m

      at FileConfigManager.initialize (src/utils/fileConfig.ts:110:25)
      at activate (src/extension.ts:177:37)
      at Object.<anonymous> (tests/extension.integration.test.ts:768:23)

  console.log
    [COE.Extension] Γä╣∩╕Å Programming Orchestrator: Initializing...

      at SimpleLogger.info (src/orchestrator/programmingOrchestrator.ts:1436:17)

  console.log
    [COE.Extension] Γä╣∩╕Å Γ£à Programming Orchestrator: Ready (one-thing-at-a-time enforced)

      at SimpleLogger.info (src/orchestrator/programmingOrchestrator.ts:1436:17)

  console.log
    ≡ƒôª No persisted tasks found, starting fresh

      at ProgrammingOrchestrator.loadPersistedTasks (src/orchestrator/programmingOrchestrator.ts:354:25)

  console.log
    Γä╣∩╕Å No tasks to reconcile (queue empty)

      at ProgrammingOrchestrator.reconcileTasks (src/orchestrator/programmingOrchestrator.ts:420:21)

  console.log
    Γ£à ProgrammingOrchestrator initialized with persistence

      at ProgrammingOrchestrator.initializeWithPersistence (src/orchestrator/programmingOrchestrator.ts:336:17)

  console.log
    Γ£à TreeView provider linked to ProgrammingOrchestrator

      at ProgrammingOrchestrator.setTreeDataProvider (src/orchestrator/programmingOrchestrator.ts:297:17)

  console.log
    Γ£à CompletedTasksTreeProvider linked to ProgrammingOrchestrator

      at ProgrammingOrchestrator.setCompletedTasksProvider (src/orchestrator/programmingOrchestrator.ts:309:17)

  console.warn
    ΓÜá∩╕Å No workspace folder found ΓÇô using test mode only

    [0m [90m 27 |[39m         [36mconst[39m workspaceFolder [33m=[39m vscode[33m.[39mworkspace[33m.[39mworkspaceFolders[33m?[39m[33m.[39m[[35m0[39m][33m;[39m
     [90m 28 |[39m         [36mif[39m ([33m![39mworkspaceFolder) {
    [31m[1m>[22m[39m[90m 29 |[39m             console[33m.[39mwarn([32m'ΓÜá∩╕Å No workspace folder found ΓÇô using test mode only'[39m)[33m;[39m
     [90m    |[39m                     [31m[1m^[22m[39m
     [90m 30 |[39m             [36mreturn[39m [][33m;[39m
     [90m 31 |[39m         }
     [90m 32 |[39m[0m

      at loadTasksFromPlanFile (src/plans/planningStub.ts:29:21)
      at activate (src/extension.ts:351:58)
      at Object.<anonymous> (tests/extension.integration.test.ts:768:9)

  console.log
    Γä╣∩╕Å  No tasks loaded from plan file

      at activate (src/extension.ts:359:25)

  console.log
    ≡ƒöä Calling treeDataProvider.refresh() after loading tasks

      at activate (src/extension.ts:370:21)

  console.log
    ΓòÉΓòÉΓòÉΓòÉΓòÉΓòÉΓòÉΓòÉΓòÉΓòÉΓòÉΓòÉΓòÉΓòÉΓòÉΓòÉΓòÉΓòÉΓòÉΓòÉΓòÉΓòÉΓòÉΓòÉΓòÉΓòÉΓòÉΓòÉΓòÉΓòÉΓòÉΓòÉΓòÉΓòÉΓòÉΓòÉΓòÉΓòÉΓòÉΓòÉΓòÉΓòÉΓòÉΓòÉΓòÉΓòÉΓòÉΓòÉΓòÉΓòÉΓòÉΓòÉΓòÉΓòÉΓòÉΓòÉΓòÉΓòÉΓòÉ

      at activate (src/extension.ts:377:17)

  console.log
    ≡ƒöì TREE VIEW DEBUG SUMMARY

      at activate (src/extension.ts:378:17)

  console.log
    ΓòÉΓòÉΓòÉΓòÉΓòÉΓòÉΓòÉΓòÉΓòÉΓòÉΓòÉΓòÉΓòÉΓòÉΓòÉΓòÉΓòÉΓòÉΓòÉΓòÉΓòÉΓòÉΓòÉΓòÉΓòÉΓòÉΓòÉΓòÉΓòÉΓòÉΓòÉΓòÉΓòÉΓòÉΓòÉΓòÉΓòÉΓòÉΓòÉΓòÉΓòÉΓòÉΓòÉΓòÉΓòÉΓòÉΓòÉΓòÉΓòÉΓòÉΓòÉΓòÉΓòÉΓòÉΓòÉΓòÉΓòÉΓòÉΓòÉ

      at activate (src/extension.ts:379:17)

  console.log
    ≡ƒôè Total tasks in orchestrator: 0

      at activate (src/extension.ts:380:17)

  console.log
    ≡ƒöì getReadyTasks() called - Total queue size: 0

      at ProgrammingOrchestrator.getReadyTasks (src/orchestrator/programmingOrchestrator.ts:694:17)

  console.log
    ≡ƒôè getReadyTasks() returning 0 tasks

      at ProgrammingOrchestrator.getReadyTasks (src/orchestrator/programmingOrchestrator.ts:722:17)

  console.log
    Γ£à Ready tasks: 0

      at activate (src/extension.ts:381:17)

  console.log
    ≡ƒî│ Tree provider initialized: true

      at activate (src/extension.ts:382:17)

  console.log
    ≡ƒô║ Tree views created: true

      at activate (src/extension.ts:383:17)

  console.log
    ≡ƒöì getReadyTasks() called - Total queue size: 0

      at ProgrammingOrchestrator.getReadyTasks (src/orchestrator/programmingOrchestrator.ts:694:17)

  console.log
    ≡ƒôè getReadyTasks() returning 0 tasks

      at ProgrammingOrchestrator.getReadyTasks (src/orchestrator/programmingOrchestrator.ts:722:17)

  console.log
    ΓÜá∩╕Å  No ready tasks found! Check task status in orchestrator.

      at activate (src/extension.ts:392:25)

  console.log
    ΓòÉΓòÉΓòÉΓòÉΓòÉΓòÉΓòÉΓòÉΓòÉΓòÉΓòÉΓòÉΓòÉΓòÉΓòÉΓòÉΓòÉΓòÉΓòÉΓòÉΓòÉΓòÉΓòÉΓòÉΓòÉΓòÉΓòÉΓòÉΓòÉΓòÉΓòÉΓòÉΓòÉΓòÉΓòÉΓòÉΓòÉΓòÉΓòÉΓòÉΓòÉΓòÉΓòÉΓòÉΓòÉΓòÉΓòÉΓòÉΓòÉΓòÉΓòÉΓòÉΓòÉΓòÉΓòÉΓòÉΓòÉΓòÉΓòÉ

      at activate (src/extension.ts:395:17)

  console.log


      at activate (src/extension.ts:396:17)

  console.error
    Γ¥î COE Activation failed: Cannot read properties of undefined (reading 'get')

    [0m [90m 1279 |[39m     } [36mcatch[39m (error) {
     [90m 1280 |[39m         [36mconst[39m errorMsg [33m=[39m error [36minstanceof[39m [33mError[39m [33m?[39m error[33m.[39mmessage [33m:[39m [33mString[39m(error)[33m;[39m
    [31m[1m>[22m[39m[90m 1281 |[39m         console[33m.[39merror([32m'Γ¥î COE Activation failed:'[39m[33m,[39m errorMsg)[33m;[39m
     [90m      |[39m                 [31m[1m^[22m[39m
     [90m 1282 |[39m
     [90m 1283 |[39m         [36mif[39m (orchestratorOutputChannel) {
     [90m 1284 |[39m             orchestratorOutputChannel[33m.[39mappendLine([32m`Γ¥î ACTIVATION FAILED: ${errorMsg}`[39m)[33m;[39m[0m

      at activate (src/extension.ts:1281:17)
      at Object.<anonymous> (tests/extension.integration.test.ts:768:9)

  console.log
    ≡ƒÜÇ COE Activated

      at activate (src/extension.ts:139:13)

  console.warn
    No workspace root found, using defaults

    [0m [90m 108 |[39m             [36mconst[39m root [33m=[39m workspaceRoot [33m||[39m [36mthis[39m[33m.[39mgetWorkspaceRoot()[33m;[39m
     [90m 109 |[39m             [36mif[39m ([33m![39mroot) {
    [31m[1m>[22m[39m[90m 110 |[39m                 console[33m.[39mwarn([32m'No workspace root found, using defaults'[39m)[33m;[39m
     [90m     |[39m                         [31m[1m^[22m[39m
     [90m 111 |[39m                 [36mthis[39m[33m.[39minstance [33m=[39m [33mDEFAULT_CONFIG[39m[33m;[39m
     [90m 112 |[39m                 [36mreturn[39m[33m;[39m
     [90m 113 |[39m             }[0m

      at FileConfigManager.initialize (src/utils/fileConfig.ts:110:25)
      at activate (src/extension.ts:177:37)
      at Object.<anonymous> (tests/extension.integration.test.ts:780:23)

  console.log
    [COE.Extension] Γä╣∩╕Å Programming Orchestrator: Initializing...

      at SimpleLogger.info (src/orchestrator/programmingOrchestrator.ts:1436:17)

  console.log
    [COE.Extension] Γä╣∩╕Å Γ£à Programming Orchestrator: Ready (one-thing-at-a-time enforced)

      at SimpleLogger.info (src/orchestrator/programmingOrchestrator.ts:1436:17)

  console.log
    ≡ƒôª No persisted tasks found, starting fresh

      at ProgrammingOrchestrator.loadPersistedTasks (src/orchestrator/programmingOrchestrator.ts:354:25)

  console.log
    Γä╣∩╕Å No tasks to reconcile (queue empty)

      at ProgrammingOrchestrator.reconcileTasks (src/orchestrator/programmingOrchestrator.ts:420:21)

  console.log
    Γ£à ProgrammingOrchestrator initialized with persistence

      at ProgrammingOrchestrator.initializeWithPersistence (src/orchestrator/programmingOrchestrator.ts:336:17)

  console.log
    Γ£à TreeView provider linked to ProgrammingOrchestrator

      at ProgrammingOrchestrator.setTreeDataProvider (src/orchestrator/programmingOrchestrator.ts:297:17)

  console.log
    Γ£à CompletedTasksTreeProvider linked to ProgrammingOrchestrator

      at ProgrammingOrchestrator.setCompletedTasksProvider (src/orchestrator/programmingOrchestrator.ts:309:17)

  console.warn
    ΓÜá∩╕Å No workspace folder found ΓÇô using test mode only

    [0m [90m 27 |[39m         [36mconst[39m workspaceFolder [33m=[39m vscode[33m.[39mworkspace[33m.[39mworkspaceFolders[33m?[39m[33m.[39m[[35m0[39m][33m;[39m
     [90m 28 |[39m         [36mif[39m ([33m![39mworkspaceFolder) {
    [31m[1m>[22m[39m[90m 29 |[39m             console[33m.[39mwarn([32m'ΓÜá∩╕Å No workspace folder found ΓÇô using test mode only'[39m)[33m;[39m
     [90m    |[39m                     [31m[1m^[22m[39m
     [90m 30 |[39m             [36mreturn[39m [][33m;[39m
     [90m 31 |[39m         }
     [90m 32 |[39m[0m

      at loadTasksFromPlanFile (src/plans/planningStub.ts:29:21)
      at activate (src/extension.ts:351:58)
      at Object.<anonymous> (tests/extension.integration.test.ts:780:9)

  console.log
    Γä╣∩╕Å  No tasks loaded from plan file

      at activate (src/extension.ts:359:25)

  console.log
    ≡ƒöä Calling treeDataProvider.refresh() after loading tasks

      at activate (src/extension.ts:370:21)

  console.log
    ΓòÉΓòÉΓòÉΓòÉΓòÉΓòÉΓòÉΓòÉΓòÉΓòÉΓòÉΓòÉΓòÉΓòÉΓòÉΓòÉΓòÉΓòÉΓòÉΓòÉΓòÉΓòÉΓòÉΓòÉΓòÉΓòÉΓòÉΓòÉΓòÉΓòÉΓòÉΓòÉΓòÉΓòÉΓòÉΓòÉΓòÉΓòÉΓòÉΓòÉΓòÉΓòÉΓòÉΓòÉΓòÉΓòÉΓòÉΓòÉΓòÉΓòÉΓòÉΓòÉΓòÉΓòÉΓòÉΓòÉΓòÉΓòÉΓòÉ

      at activate (src/extension.ts:377:17)

  console.log
    ≡ƒöì TREE VIEW DEBUG SUMMARY

      at activate (src/extension.ts:378:17)

  console.log
    ΓòÉΓòÉΓòÉΓòÉΓòÉΓòÉΓòÉΓòÉΓòÉΓòÉΓòÉΓòÉΓòÉΓòÉΓòÉΓòÉΓòÉΓòÉΓòÉΓòÉΓòÉΓòÉΓòÉΓòÉΓòÉΓòÉΓòÉΓòÉΓòÉΓòÉΓòÉΓòÉΓòÉΓòÉΓòÉΓòÉΓòÉΓòÉΓòÉΓòÉΓòÉΓòÉΓòÉΓòÉΓòÉΓòÉΓòÉΓòÉΓòÉΓòÉΓòÉΓòÉΓòÉΓòÉΓòÉΓòÉΓòÉΓòÉΓòÉ

      at activate (src/extension.ts:379:17)

  console.log
    ≡ƒôè Total tasks in orchestrator: 0

      at activate (src/extension.ts:380:17)

  console.log
    ≡ƒöì getReadyTasks() called - Total queue size: 0

      at ProgrammingOrchestrator.getReadyTasks (src/orchestrator/programmingOrchestrator.ts:694:17)

  console.log
    ≡ƒôè getReadyTasks() returning 0 tasks

      at ProgrammingOrchestrator.getReadyTasks (src/orchestrator/programmingOrchestrator.ts:722:17)

  console.log
    Γ£à Ready tasks: 0

      at activate (src/extension.ts:381:17)

  console.log
    ≡ƒî│ Tree provider initialized: true

      at activate (src/extension.ts:382:17)

  console.log
    ≡ƒô║ Tree views created: true

      at activate (src/extension.ts:383:17)

  console.log
    ≡ƒöì getReadyTasks() called - Total queue size: 0

      at ProgrammingOrchestrator.getReadyTasks (src/orchestrator/programmingOrchestrator.ts:694:17)

  console.log
    ≡ƒôè getReadyTasks() returning 0 tasks

      at ProgrammingOrchestrator.getReadyTasks (src/orchestrator/programmingOrchestrator.ts:722:17)

  console.log
    ΓÜá∩╕Å  No ready tasks found! Check task status in orchestrator.

      at activate (src/extension.ts:392:25)

  console.log
    ΓòÉΓòÉΓòÉΓòÉΓòÉΓòÉΓòÉΓòÉΓòÉΓòÉΓòÉΓòÉΓòÉΓòÉΓòÉΓòÉΓòÉΓòÉΓòÉΓòÉΓòÉΓòÉΓòÉΓòÉΓòÉΓòÉΓòÉΓòÉΓòÉΓòÉΓòÉΓòÉΓòÉΓòÉΓòÉΓòÉΓòÉΓòÉΓòÉΓòÉΓòÉΓòÉΓòÉΓòÉΓòÉΓòÉΓòÉΓòÉΓòÉΓòÉΓòÉΓòÉΓòÉΓòÉΓòÉΓòÉΓòÉΓòÉΓòÉ

      at activate (src/extension.ts:395:17)

  console.log


      at activate (src/extension.ts:396:17)

  console.error
    Γ¥î COE Activation failed: Cannot read properties of undefined (reading 'get')

    [0m [90m 1279 |[39m     } [36mcatch[39m (error) {
     [90m 1280 |[39m         [36mconst[39m errorMsg [33m=[39m error [36minstanceof[39m [33mError[39m [33m?[39m error[33m.[39mmessage [33m:[39m [33mString[39m(error)[33m;[39m
    [31m[1m>[22m[39m[90m 1281 |[39m         console[33m.[39merror([32m'Γ¥î COE Activation failed:'[39m[33m,[39m errorMsg)[33m;[39m
     [90m      |[39m                 [31m[1m^[22m[39m
     [90m 1282 |[39m
     [90m 1283 |[39m         [36mif[39m (orchestratorOutputChannel) {
     [90m 1284 |[39m             orchestratorOutputChannel[33m.[39mappendLine([32m`Γ¥î ACTIVATION FAILED: ${errorMsg}`[39m)[33m;[39m[0m

      at activate (src/extension.ts:1281:17)
      at Object.<anonymous> (tests/extension.integration.test.ts:780:9)

  console.log
    ≡ƒÜÇ COE Activated

      at activate (src/extension.ts:139:13)

  console.warn
    No workspace root found, using defaults

    [0m [90m 108 |[39m             [36mconst[39m root [33m=[39m workspaceRoot [33m||[39m [36mthis[39m[33m.[39mgetWorkspaceRoot()[33m;[39m
     [90m 109 |[39m             [36mif[39m ([33m![39mroot) {
    [31m[1m>[22m[39m[90m 110 |[39m                 console[33m.[39mwarn([32m'No workspace root found, using defaults'[39m)[33m;[39m
     [90m     |[39m                         [31m[1m^[22m[39m
     [90m 111 |[39m                 [36mthis[39m[33m.[39minstance [33m=[39m [33mDEFAULT_CONFIG[39m[33m;[39m
     [90m 112 |[39m                 [36mreturn[39m[33m;[39m
     [90m 113 |[39m             }[0m

      at FileConfigManager.initialize (src/utils/fileConfig.ts:110:25)
      at activate (src/extension.ts:177:37)
      at Object.<anonymous> (tests/extension.integration.test.ts:790:23)

  console.log
    [COE.Extension] Γä╣∩╕Å Programming Orchestrator: Initializing...

      at SimpleLogger.info (src/orchestrator/programmingOrchestrator.ts:1436:17)

  console.log
    [COE.Extension] Γä╣∩╕Å Γ£à Programming Orchestrator: Ready (one-thing-at-a-time enforced)

      at SimpleLogger.info (src/orchestrator/programmingOrchestrator.ts:1436:17)

  console.log
    ≡ƒôª No persisted tasks found, starting fresh

      at ProgrammingOrchestrator.loadPersistedTasks (src/orchestrator/programmingOrchestrator.ts:354:25)

  console.log
    Γä╣∩╕Å No tasks to reconcile (queue empty)

      at ProgrammingOrchestrator.reconcileTasks (src/orchestrator/programmingOrchestrator.ts:420:21)

  console.log
    Γ£à ProgrammingOrchestrator initialized with persistence

      at ProgrammingOrchestrator.initializeWithPersistence (src/orchestrator/programmingOrchestrator.ts:336:17)

  console.log
    Γ£à TreeView provider linked to ProgrammingOrchestrator

      at ProgrammingOrchestrator.setTreeDataProvider (src/orchestrator/programmingOrchestrator.ts:297:17)

  console.log
    Γ£à CompletedTasksTreeProvider linked to ProgrammingOrchestrator

      at ProgrammingOrchestrator.setCompletedTasksProvider (src/orchestrator/programmingOrchestrator.ts:309:17)

  console.warn
    ΓÜá∩╕Å No workspace folder found ΓÇô using test mode only

    [0m [90m 27 |[39m         [36mconst[39m workspaceFolder [33m=[39m vscode[33m.[39mworkspace[33m.[39mworkspaceFolders[33m?[39m[33m.[39m[[35m0[39m][33m;[39m
     [90m 28 |[39m         [36mif[39m ([33m![39mworkspaceFolder) {
    [31m[1m>[22m[39m[90m 29 |[39m             console[33m.[39mwarn([32m'ΓÜá∩╕Å No workspace folder found ΓÇô using test mode only'[39m)[33m;[39m
     [90m    |[39m                     [31m[1m^[22m[39m
     [90m 30 |[39m             [36mreturn[39m [][33m;[39m
     [90m 31 |[39m         }
     [90m 32 |[39m[0m

      at loadTasksFromPlanFile (src/plans/planningStub.ts:29:21)
      at activate (src/extension.ts:351:58)
      at Object.<anonymous> (tests/extension.integration.test.ts:790:9)

  console.log
    Γä╣∩╕Å  No tasks loaded from plan file

      at activate (src/extension.ts:359:25)

  console.log
    ≡ƒöä Calling treeDataProvider.refresh() after loading tasks

      at activate (src/extension.ts:370:21)

  console.log
    ΓòÉΓòÉΓòÉΓòÉΓòÉΓòÉΓòÉΓòÉΓòÉΓòÉΓòÉΓòÉΓòÉΓòÉΓòÉΓòÉΓòÉΓòÉΓòÉΓòÉΓòÉΓòÉΓòÉΓòÉΓòÉΓòÉΓòÉΓòÉΓòÉΓòÉΓòÉΓòÉΓòÉΓòÉΓòÉΓòÉΓòÉΓòÉΓòÉΓòÉΓòÉΓòÉΓòÉΓòÉΓòÉΓòÉΓòÉΓòÉΓòÉΓòÉΓòÉΓòÉΓòÉΓòÉΓòÉΓòÉΓòÉΓòÉΓòÉ

      at activate (src/extension.ts:377:17)

  console.log
    ≡ƒöì TREE VIEW DEBUG SUMMARY

      at activate (src/extension.ts:378:17)

  console.log
    ΓòÉΓòÉΓòÉΓòÉΓòÉΓòÉΓòÉΓòÉΓòÉΓòÉΓòÉΓòÉΓòÉΓòÉΓòÉΓòÉΓòÉΓòÉΓòÉΓòÉΓòÉΓòÉΓòÉΓòÉΓòÉΓòÉΓòÉΓòÉΓòÉΓòÉΓòÉΓòÉΓòÉΓòÉΓòÉΓòÉΓòÉΓòÉΓòÉΓòÉΓòÉΓòÉΓòÉΓòÉΓòÉΓòÉΓòÉΓòÉΓòÉΓòÉΓòÉΓòÉΓòÉΓòÉΓòÉΓòÉΓòÉΓòÉΓòÉ

      at activate (src/extension.ts:379:17)

  console.log
    ≡ƒôè Total tasks in orchestrator: 0

      at activate (src/extension.ts:380:17)

  console.log
    ≡ƒöì getReadyTasks() called - Total queue size: 0

      at ProgrammingOrchestrator.getReadyTasks (src/orchestrator/programmingOrchestrator.ts:694:17)

  console.log
    ≡ƒôè getReadyTasks() returning 0 tasks

      at ProgrammingOrchestrator.getReadyTasks (src/orchestrator/programmingOrchestrator.ts:722:17)

  console.log
    Γ£à Ready tasks: 0

      at activate (src/extension.ts:381:17)

  console.log
    ≡ƒî│ Tree provider initialized: true

      at activate (src/extension.ts:382:17)

  console.log
    ≡ƒô║ Tree views created: true

      at activate (src/extension.ts:383:17)

  console.log
    ≡ƒöì getReadyTasks() called - Total queue size: 0

      at ProgrammingOrchestrator.getReadyTasks (src/orchestrator/programmingOrchestrator.ts:694:17)

  console.log
    ≡ƒôè getReadyTasks() returning 0 tasks

      at ProgrammingOrchestrator.getReadyTasks (src/orchestrator/programmingOrchestrator.ts:722:17)

  console.log
    ΓÜá∩╕Å  No ready tasks found! Check task status in orchestrator.

      at activate (src/extension.ts:392:25)

  console.log
    ΓòÉΓòÉΓòÉΓòÉΓòÉΓòÉΓòÉΓòÉΓòÉΓòÉΓòÉΓòÉΓòÉΓòÉΓòÉΓòÉΓòÉΓòÉΓòÉΓòÉΓòÉΓòÉΓòÉΓòÉΓòÉΓòÉΓòÉΓòÉΓòÉΓòÉΓòÉΓòÉΓòÉΓòÉΓòÉΓòÉΓòÉΓòÉΓòÉΓòÉΓòÉΓòÉΓòÉΓòÉΓòÉΓòÉΓòÉΓòÉΓòÉΓòÉΓòÉΓòÉΓòÉΓòÉΓòÉΓòÉΓòÉΓòÉΓòÉ

      at activate (src/extension.ts:395:17)

  console.log


      at activate (src/extension.ts:396:17)

  console.error
    Γ¥î COE Activation failed: Cannot read properties of undefined (reading 'get')

    [0m [90m 1279 |[39m     } [36mcatch[39m (error) {
     [90m 1280 |[39m         [36mconst[39m errorMsg [33m=[39m error [36minstanceof[39m [33mError[39m [33m?[39m error[33m.[39mmessage [33m:[39m [33mString[39m(error)[33m;[39m
    [31m[1m>[22m[39m[90m 1281 |[39m         console[33m.[39merror([32m'Γ¥î COE Activation failed:'[39m[33m,[39m errorMsg)[33m;[39m
     [90m      |[39m                 [31m[1m^[22m[39m
     [90m 1282 |[39m
     [90m 1283 |[39m         [36mif[39m (orchestratorOutputChannel) {
     [90m 1284 |[39m             orchestratorOutputChannel[33m.[39mappendLine([32m`Γ¥î ACTIVATION FAILED: ${errorMsg}`[39m)[33m;[39m[0m

      at activate (src/extension.ts:1281:17)
      at Object.<anonymous> (tests/extension.integration.test.ts:790:9)

  console.log
    ≡ƒôï Task added to queue: test-process-123 (Priority: P1, Status: ready)

      at ProgrammingOrchestrator.addTask (src/orchestrator/programmingOrchestrator.ts:647:17)

  console.log
    ≡ƒöì getReadyTasks() called - Total queue size: 1

      at ProgrammingOrchestrator.getReadyTasks (src/orchestrator/programmingOrchestrator.ts:694:17)

  console.log
      Γ£à Task test-process-123 (Test Processing): READY (priority: P1)

      at src/orchestrator/programmingOrchestrator.ts:708:25
          at Array.filter (<anonymous>)

  console.log
    ≡ƒôè getReadyTasks() returning 1 tasks

      at ProgrammingOrchestrator.getReadyTasks (src/orchestrator/programmingOrchestrator.ts:722:17)

  console.log
    [COE.Extension] Γä╣∩╕Å ≡ƒÄ» Next task: test-process-123 (P1)

      at SimpleLogger.info (src/orchestrator/programmingOrchestrator.ts:1436:17)

  console.log
    ≡ƒî▓ TreeView refreshed after queue change

      at ProgrammingOrchestrator.notifyTreeViewUpdate (src/orchestrator/programmingOrchestrator.ts:319:21)

  console.log
    [COE.Extension] Γä╣∩╕Å Γ£à Task routed to Copilot (session-test-process-123-1769657988066): Test Processing [164 tokens]

      at SimpleLogger.info (src/orchestrator/programmingOrchestrator.ts:1436:17)

  console.log
    ≡ƒÜÇ COE Activated

      at activate (src/extension.ts:139:13)

  console.warn
    No workspace root found, using defaults

    [0m [90m 108 |[39m             [36mconst[39m root [33m=[39m workspaceRoot [33m||[39m [36mthis[39m[33m.[39mgetWorkspaceRoot()[33m;[39m
     [90m 109 |[39m             [36mif[39m ([33m![39mroot) {
    [31m[1m>[22m[39m[90m 110 |[39m                 console[33m.[39mwarn([32m'No workspace root found, using defaults'[39m)[33m;[39m
     [90m     |[39m                         [31m[1m^[22m[39m
     [90m 111 |[39m                 [36mthis[39m[33m.[39minstance [33m=[39m [33mDEFAULT_CONFIG[39m[33m;[39m
     [90m 112 |[39m                 [36mreturn[39m[33m;[39m
     [90m 113 |[39m             }[0m

      at FileConfigManager.initialize (src/utils/fileConfig.ts:110:25)
      at activate (src/extension.ts:177:37)
      at Object.<anonymous> (tests/extension.integration.test.ts:831:23)

  console.log
    [COE.Extension] Γä╣∩╕Å Programming Orchestrator: Initializing...

      at SimpleLogger.info (src/orchestrator/programmingOrchestrator.ts:1436:17)

  console.log
    [COE.Extension] Γä╣∩╕Å Γ£à Programming Orchestrator: Ready (one-thing-at-a-time enforced)

      at SimpleLogger.info (src/orchestrator/programmingOrchestrator.ts:1436:17)

  console.log
    ≡ƒôª No persisted tasks found, starting fresh

      at ProgrammingOrchestrator.loadPersistedTasks (src/orchestrator/programmingOrchestrator.ts:354:25)

  console.log
    Γä╣∩╕Å No tasks to reconcile (queue empty)

      at ProgrammingOrchestrator.reconcileTasks (src/orchestrator/programmingOrchestrator.ts:420:21)

  console.log
    Γ£à ProgrammingOrchestrator initialized with persistence

      at ProgrammingOrchestrator.initializeWithPersistence (src/orchestrator/programmingOrchestrator.ts:336:17)

  console.log
    Γ£à TreeView provider linked to ProgrammingOrchestrator

      at ProgrammingOrchestrator.setTreeDataProvider (src/orchestrator/programmingOrchestrator.ts:297:17)

  console.log
    Γ£à CompletedTasksTreeProvider linked to ProgrammingOrchestrator

      at ProgrammingOrchestrator.setCompletedTasksProvider (src/orchestrator/programmingOrchestrator.ts:309:17)

  console.warn
    ΓÜá∩╕Å No workspace folder found ΓÇô using test mode only

    [0m [90m 27 |[39m         [36mconst[39m workspaceFolder [33m=[39m vscode[33m.[39mworkspace[33m.[39mworkspaceFolders[33m?[39m[33m.[39m[[35m0[39m][33m;[39m
     [90m 28 |[39m         [36mif[39m ([33m![39mworkspaceFolder) {
    [31m[1m>[22m[39m[90m 29 |[39m             console[33m.[39mwarn([32m'ΓÜá∩╕Å No workspace folder found ΓÇô using test mode only'[39m)[33m;[39m
     [90m    |[39m                     [31m[1m^[22m[39m
     [90m 30 |[39m             [36mreturn[39m [][33m;[39m
     [90m 31 |[39m         }
     [90m 32 |[39m[0m

      at loadTasksFromPlanFile (src/plans/planningStub.ts:29:21)
      at activate (src/extension.ts:351:58)
      at Object.<anonymous> (tests/extension.integration.test.ts:831:9)

  console.log
    Γä╣∩╕Å  No tasks loaded from plan file

      at activate (src/extension.ts:359:25)

  console.log
    ≡ƒöä Calling treeDataProvider.refresh() after loading tasks

      at activate (src/extension.ts:370:21)

  console.log
    ΓòÉΓòÉΓòÉΓòÉΓòÉΓòÉΓòÉΓòÉΓòÉΓòÉΓòÉΓòÉΓòÉΓòÉΓòÉΓòÉΓòÉΓòÉΓòÉΓòÉΓòÉΓòÉΓòÉΓòÉΓòÉΓòÉΓòÉΓòÉΓòÉΓòÉΓòÉΓòÉΓòÉΓòÉΓòÉΓòÉΓòÉΓòÉΓòÉΓòÉΓòÉΓòÉΓòÉΓòÉΓòÉΓòÉΓòÉΓòÉΓòÉΓòÉΓòÉΓòÉΓòÉΓòÉΓòÉΓòÉΓòÉΓòÉΓòÉ

      at activate (src/extension.ts:377:17)

  console.log
    ≡ƒöì TREE VIEW DEBUG SUMMARY

      at activate (src/extension.ts:378:17)

  console.log
    ΓòÉΓòÉΓòÉΓòÉΓòÉΓòÉΓòÉΓòÉΓòÉΓòÉΓòÉΓòÉΓòÉΓòÉΓòÉΓòÉΓòÉΓòÉΓòÉΓòÉΓòÉΓòÉΓòÉΓòÉΓòÉΓòÉΓòÉΓòÉΓòÉΓòÉΓòÉΓòÉΓòÉΓòÉΓòÉΓòÉΓòÉΓòÉΓòÉΓòÉΓòÉΓòÉΓòÉΓòÉΓòÉΓòÉΓòÉΓòÉΓòÉΓòÉΓòÉΓòÉΓòÉΓòÉΓòÉΓòÉΓòÉΓòÉΓòÉ

      at activate (src/extension.ts:379:17)

  console.log
    ≡ƒôè Total tasks in orchestrator: 0

      at activate (src/extension.ts:380:17)

  console.log
    ≡ƒöì getReadyTasks() called - Total queue size: 0

      at ProgrammingOrchestrator.getReadyTasks (src/orchestrator/programmingOrchestrator.ts:694:17)

  console.log
    ≡ƒôè getReadyTasks() returning 0 tasks

      at ProgrammingOrchestrator.getReadyTasks (src/orchestrator/programmingOrchestrator.ts:722:17)

  console.log
    Γ£à Ready tasks: 0

      at activate (src/extension.ts:381:17)

  console.log
    ≡ƒî│ Tree provider initialized: true

      at activate (src/extension.ts:382:17)

  console.log
    ≡ƒô║ Tree views created: true

      at activate (src/extension.ts:383:17)

  console.log
    ≡ƒöì getReadyTasks() called - Total queue size: 0

      at ProgrammingOrchestrator.getReadyTasks (src/orchestrator/programmingOrchestrator.ts:694:17)

  console.log
    ≡ƒôè getReadyTasks() returning 0 tasks

      at ProgrammingOrchestrator.getReadyTasks (src/orchestrator/programmingOrchestrator.ts:722:17)

  console.log
    ΓÜá∩╕Å  No ready tasks found! Check task status in orchestrator.

      at activate (src/extension.ts:392:25)

  console.log
    ΓòÉΓòÉΓòÉΓòÉΓòÉΓòÉΓòÉΓòÉΓòÉΓòÉΓòÉΓòÉΓòÉΓòÉΓòÉΓòÉΓòÉΓòÉΓòÉΓòÉΓòÉΓòÉΓòÉΓòÉΓòÉΓòÉΓòÉΓòÉΓòÉΓòÉΓòÉΓòÉΓòÉΓòÉΓòÉΓòÉΓòÉΓòÉΓòÉΓòÉΓòÉΓòÉΓòÉΓòÉΓòÉΓòÉΓòÉΓòÉΓòÉΓòÉΓòÉΓòÉΓòÉΓòÉΓòÉΓòÉΓòÉΓòÉΓòÉ

      at activate (src/extension.ts:395:17)

  console.log


      at activate (src/extension.ts:396:17)

  console.error
    Γ¥î COE Activation failed: Cannot read properties of undefined (reading 'get')

    [0m [90m 1279 |[39m     } [36mcatch[39m (error) {
     [90m 1280 |[39m         [36mconst[39m errorMsg [33m=[39m error [36minstanceof[39m [33mError[39m [33m?[39m error[33m.[39mmessage [33m:[39m [33mString[39m(error)[33m;[39m
    [31m[1m>[22m[39m[90m 1281 |[39m         console[33m.[39merror([32m'Γ¥î COE Activation failed:'[39m[33m,[39m errorMsg)[33m;[39m
     [90m      |[39m                 [31m[1m^[22m[39m
     [90m 1282 |[39m
     [90m 1283 |[39m         [36mif[39m (orchestratorOutputChannel) {
     [90m 1284 |[39m             orchestratorOutputChannel[33m.[39mappendLine([32m`Γ¥î ACTIVATION FAILED: ${errorMsg}`[39m)[33m;[39m[0m

      at activate (src/extension.ts:1281:17)
      at Object.<anonymous> (tests/extension.integration.test.ts:831:9)

  console.log
    ≡ƒöì getReadyTasks() called - Total queue size: 0

      at ProgrammingOrchestrator.getReadyTasks (src/orchestrator/programmingOrchestrator.ts:694:17)

  console.log
    ≡ƒôè getReadyTasks() returning 0 tasks

      at ProgrammingOrchestrator.getReadyTasks (src/orchestrator/programmingOrchestrator.ts:722:17)

  console.warn
    [COE.Extension] ΓÜá∩╕Å ΓÜá∩╕Å No ready tasks in queue

    [0m [90m 1438 |[39m
     [90m 1439 |[39m     warn(message[33m:[39m string[33m,[39m [33m...[39margs[33m:[39m unknown[])[33m:[39m [36mvoid[39m {
    [31m[1m>[22m[39m[90m 1440 |[39m         console[33m.[39mwarn([32m`[${this.name}] ΓÜá∩╕Å ${message}`[39m[33m,[39m [33m...[39margs)[33m;[39m
     [90m      |[39m                 [31m[1m^[22m[39m
     [90m 1441 |[39m     }
     [90m 1442 |[39m
     [90m 1443 |[39m     error(message[33m:[39m string[33m,[39m [33m...[39margs[33m:[39m unknown[])[33m:[39m [36mvoid[39m {[0m

      at SimpleLogger.warn (src/orchestrator/programmingOrchestrator.ts:1440:17)
      at ProgrammingOrchestrator.getNextTask (src/orchestrator/programmingOrchestrator.ts:674:29)
      at Object.<anonymous> (tests/extension.integration.test.ts:839:39)

  console.log
    ≡ƒÜÇ COE Activated

      at activate (src/extension.ts:139:13)

  console.warn
    No workspace root found, using defaults

    [0m [90m 108 |[39m             [36mconst[39m root [33m=[39m workspaceRoot [33m||[39m [36mthis[39m[33m.[39mgetWorkspaceRoot()[33m;[39m
     [90m 109 |[39m             [36mif[39m ([33m![39mroot) {
    [31m[1m>[22m[39m[90m 110 |[39m                 console[33m.[39mwarn([32m'No workspace root found, using defaults'[39m)[33m;[39m
     [90m     |[39m                         [31m[1m^[22m[39m
     [90m 111 |[39m                 [36mthis[39m[33m.[39minstance [33m=[39m [33mDEFAULT_CONFIG[39m[33m;[39m
     [90m 112 |[39m                 [36mreturn[39m[33m;[39m
     [90m 113 |[39m             }[0m

      at FileConfigManager.initialize (src/utils/fileConfig.ts:110:25)
      at activate (src/extension.ts:177:37)
      at Object.<anonymous> (tests/extension.integration.test.ts:848:23)

  console.log
    [COE.Extension] Γä╣∩╕Å Programming Orchestrator: Initializing...

      at SimpleLogger.info (src/orchestrator/programmingOrchestrator.ts:1436:17)

  console.log
    [COE.Extension] Γä╣∩╕Å Γ£à Programming Orchestrator: Ready (one-thing-at-a-time enforced)

      at SimpleLogger.info (src/orchestrator/programmingOrchestrator.ts:1436:17)

  console.log
    ≡ƒôª No persisted tasks found, starting fresh

      at ProgrammingOrchestrator.loadPersistedTasks (src/orchestrator/programmingOrchestrator.ts:354:25)

  console.log
    Γä╣∩╕Å No tasks to reconcile (queue empty)

      at ProgrammingOrchestrator.reconcileTasks (src/orchestrator/programmingOrchestrator.ts:420:21)

  console.log
    Γ£à ProgrammingOrchestrator initialized with persistence

      at ProgrammingOrchestrator.initializeWithPersistence (src/orchestrator/programmingOrchestrator.ts:336:17)

  console.log
    Γ£à TreeView provider linked to ProgrammingOrchestrator

      at ProgrammingOrchestrator.setTreeDataProvider (src/orchestrator/programmingOrchestrator.ts:297:17)

  console.log
    Γ£à CompletedTasksTreeProvider linked to ProgrammingOrchestrator

      at ProgrammingOrchestrator.setCompletedTasksProvider (src/orchestrator/programmingOrchestrator.ts:309:17)

  console.warn
    ΓÜá∩╕Å No workspace folder found ΓÇô using test mode only

    [0m [90m 27 |[39m         [36mconst[39m workspaceFolder [33m=[39m vscode[33m.[39mworkspace[33m.[39mworkspaceFolders[33m?[39m[33m.[39m[[35m0[39m][33m;[39m
     [90m 28 |[39m         [36mif[39m ([33m![39mworkspaceFolder) {
    [31m[1m>[22m[39m[90m 29 |[39m             console[33m.[39mwarn([32m'ΓÜá∩╕Å No workspace folder found ΓÇô using test mode only'[39m)[33m;[39m
     [90m    |[39m                     [31m[1m^[22m[39m
     [90m 30 |[39m             [36mreturn[39m [][33m;[39m
     [90m 31 |[39m         }
     [90m 32 |[39m[0m

      at loadTasksFromPlanFile (src/plans/planningStub.ts:29:21)
      at activate (src/extension.ts:351:58)
      at Object.<anonymous> (tests/extension.integration.test.ts:848:9)

  console.log
    Γä╣∩╕Å  No tasks loaded from plan file

      at activate (src/extension.ts:359:25)

  console.log
    ≡ƒöä Calling treeDataProvider.refresh() after loading tasks

      at activate (src/extension.ts:370:21)

  console.log
    ΓòÉΓòÉΓòÉΓòÉΓòÉΓòÉΓòÉΓòÉΓòÉΓòÉΓòÉΓòÉΓòÉΓòÉΓòÉΓòÉΓòÉΓòÉΓòÉΓòÉΓòÉΓòÉΓòÉΓòÉΓòÉΓòÉΓòÉΓòÉΓòÉΓòÉΓòÉΓòÉΓòÉΓòÉΓòÉΓòÉΓòÉΓòÉΓòÉΓòÉΓòÉΓòÉΓòÉΓòÉΓòÉΓòÉΓòÉΓòÉΓòÉΓòÉΓòÉΓòÉΓòÉΓòÉΓòÉΓòÉΓòÉΓòÉΓòÉ

      at activate (src/extension.ts:377:17)

  console.log
    ≡ƒöì TREE VIEW DEBUG SUMMARY

      at activate (src/extension.ts:378:17)

  console.log
    ΓòÉΓòÉΓòÉΓòÉΓòÉΓòÉΓòÉΓòÉΓòÉΓòÉΓòÉΓòÉΓòÉΓòÉΓòÉΓòÉΓòÉΓòÉΓòÉΓòÉΓòÉΓòÉΓòÉΓòÉΓòÉΓòÉΓòÉΓòÉΓòÉΓòÉΓòÉΓòÉΓòÉΓòÉΓòÉΓòÉΓòÉΓòÉΓòÉΓòÉΓòÉΓòÉΓòÉΓòÉΓòÉΓòÉΓòÉΓòÉΓòÉΓòÉΓòÉΓòÉΓòÉΓòÉΓòÉΓòÉΓòÉΓòÉΓòÉ

      at activate (src/extension.ts:379:17)

  console.log
    ≡ƒôè Total tasks in orchestrator: 0

      at activate (src/extension.ts:380:17)

  console.log
    ≡ƒöì getReadyTasks() called - Total queue size: 0

      at ProgrammingOrchestrator.getReadyTasks (src/orchestrator/programmingOrchestrator.ts:694:17)

  console.log
    ≡ƒôè getReadyTasks() returning 0 tasks

      at ProgrammingOrchestrator.getReadyTasks (src/orchestrator/programmingOrchestrator.ts:722:17)

  console.log
    Γ£à Ready tasks: 0

      at activate (src/extension.ts:381:17)

  console.log
    ≡ƒî│ Tree provider initialized: true

      at activate (src/extension.ts:382:17)

  console.log
    ≡ƒô║ Tree views created: true

      at activate (src/extension.ts:383:17)

  console.log
    ≡ƒöì getReadyTasks() called - Total queue size: 0

      at ProgrammingOrchestrator.getReadyTasks (src/orchestrator/programmingOrchestrator.ts:694:17)

  console.log
    ≡ƒôè getReadyTasks() returning 0 tasks

      at ProgrammingOrchestrator.getReadyTasks (src/orchestrator/programmingOrchestrator.ts:722:17)

  console.log
    ΓÜá∩╕Å  No ready tasks found! Check task status in orchestrator.

      at activate (src/extension.ts:392:25)

  console.log
    ΓòÉΓòÉΓòÉΓòÉΓòÉΓòÉΓòÉΓòÉΓòÉΓòÉΓòÉΓòÉΓòÉΓòÉΓòÉΓòÉΓòÉΓòÉΓòÉΓòÉΓòÉΓòÉΓòÉΓòÉΓòÉΓòÉΓòÉΓòÉΓòÉΓòÉΓòÉΓòÉΓòÉΓòÉΓòÉΓòÉΓòÉΓòÉΓòÉΓòÉΓòÉΓòÉΓòÉΓòÉΓòÉΓòÉΓòÉΓòÉΓòÉΓòÉΓòÉΓòÉΓòÉΓòÉΓòÉΓòÉΓòÉΓòÉΓòÉ

      at activate (src/extension.ts:395:17)

  console.log


      at activate (src/extension.ts:396:17)

  console.error
    Γ¥î COE Activation failed: Cannot read properties of undefined (reading 'get')

    [0m [90m 1279 |[39m     } [36mcatch[39m (error) {
     [90m 1280 |[39m         [36mconst[39m errorMsg [33m=[39m error [36minstanceof[39m [33mError[39m [33m?[39m error[33m.[39mmessage [33m:[39m [33mString[39m(error)[33m;[39m
    [31m[1m>[22m[39m[90m 1281 |[39m         console[33m.[39merror([32m'Γ¥î COE Activation failed:'[39m[33m,[39m errorMsg)[33m;[39m
     [90m      |[39m                 [31m[1m^[22m[39m
     [90m 1282 |[39m
     [90m 1283 |[39m         [36mif[39m (orchestratorOutputChannel) {
     [90m 1284 |[39m             orchestratorOutputChannel[33m.[39mappendLine([32m`Γ¥î ACTIVATION FAILED: ${errorMsg}`[39m)[33m;[39m[0m

      at activate (src/extension.ts:1281:17)
      at Object.<anonymous> (tests/extension.integration.test.ts:848:9)

  console.log
    ≡ƒôï Task added to queue: status-test-456 (Priority: P1, Status: ready)

      at ProgrammingOrchestrator.addTask (src/orchestrator/programmingOrchestrator.ts:647:17)

  console.log
    ≡ƒî▓ TreeView refreshed after queue change

      at ProgrammingOrchestrator.notifyTreeViewUpdate (src/orchestrator/programmingOrchestrator.ts:319:21)

  console.log
    ≡ƒÜÇ COE Activated

      at activate (src/extension.ts:139:13)

  console.warn
    No workspace root found, using defaults

    [0m [90m 108 |[39m             [36mconst[39m root [33m=[39m workspaceRoot [33m||[39m [36mthis[39m[33m.[39mgetWorkspaceRoot()[33m;[39m
     [90m 109 |[39m             [36mif[39m ([33m![39mroot) {
    [31m[1m>[22m[39m[90m 110 |[39m                 console[33m.[39mwarn([32m'No workspace root found, using defaults'[39m)[33m;[39m
     [90m     |[39m                         [31m[1m^[22m[39m
     [90m 111 |[39m                 [36mthis[39m[33m.[39minstance [33m=[39m [33mDEFAULT_CONFIG[39m[33m;[39m
     [90m 112 |[39m                 [36mreturn[39m[33m;[39m
     [90m 113 |[39m             }[0m

      at FileConfigManager.initialize (src/utils/fileConfig.ts:110:25)
      at activate (src/extension.ts:177:37)
      at Object.<anonymous> (tests/extension.integration.test.ts:881:23)

  console.log
    [COE.Extension] Γä╣∩╕Å Programming Orchestrator: Initializing...

      at SimpleLogger.info (src/orchestrator/programmingOrchestrator.ts:1436:17)

  console.log
    [COE.Extension] Γä╣∩╕Å Γ£à Programming Orchestrator: Ready (one-thing-at-a-time enforced)

      at SimpleLogger.info (src/orchestrator/programmingOrchestrator.ts:1436:17)

  console.log
    ≡ƒôª No persisted tasks found, starting fresh

      at ProgrammingOrchestrator.loadPersistedTasks (src/orchestrator/programmingOrchestrator.ts:354:25)

  console.log
    Γä╣∩╕Å No tasks to reconcile (queue empty)

      at ProgrammingOrchestrator.reconcileTasks (src/orchestrator/programmingOrchestrator.ts:420:21)

  console.log
    Γ£à ProgrammingOrchestrator initialized with persistence

      at ProgrammingOrchestrator.initializeWithPersistence (src/orchestrator/programmingOrchestrator.ts:336:17)

  console.log
    Γ£à TreeView provider linked to ProgrammingOrchestrator

      at ProgrammingOrchestrator.setTreeDataProvider (src/orchestrator/programmingOrchestrator.ts:297:17)

  console.log
    Γ£à CompletedTasksTreeProvider linked to ProgrammingOrchestrator

      at ProgrammingOrchestrator.setCompletedTasksProvider (src/orchestrator/programmingOrchestrator.ts:309:17)

  console.warn
    ΓÜá∩╕Å No workspace folder found ΓÇô using test mode only

    [0m [90m 27 |[39m         [36mconst[39m workspaceFolder [33m=[39m vscode[33m.[39mworkspace[33m.[39mworkspaceFolders[33m?[39m[33m.[39m[[35m0[39m][33m;[39m
     [90m 28 |[39m         [36mif[39m ([33m![39mworkspaceFolder) {
    [31m[1m>[22m[39m[90m 29 |[39m             console[33m.[39mwarn([32m'ΓÜá∩╕Å No workspace folder found ΓÇô using test mode only'[39m)[33m;[39m
     [90m    |[39m                     [31m[1m^[22m[39m
     [90m 30 |[39m             [36mreturn[39m [][33m;[39m
     [90m 31 |[39m         }
     [90m 32 |[39m[0m

      at loadTasksFromPlanFile (src/plans/planningStub.ts:29:21)
      at activate (src/extension.ts:351:58)
      at Object.<anonymous> (tests/extension.integration.test.ts:881:9)

  console.log
    Γä╣∩╕Å  No tasks loaded from plan file

      at activate (src/extension.ts:359:25)

  console.log
    ≡ƒöä Calling treeDataProvider.refresh() after loading tasks

      at activate (src/extension.ts:370:21)

  console.log
    ΓòÉΓòÉΓòÉΓòÉΓòÉΓòÉΓòÉΓòÉΓòÉΓòÉΓòÉΓòÉΓòÉΓòÉΓòÉΓòÉΓòÉΓòÉΓòÉΓòÉΓòÉΓòÉΓòÉΓòÉΓòÉΓòÉΓòÉΓòÉΓòÉΓòÉΓòÉΓòÉΓòÉΓòÉΓòÉΓòÉΓòÉΓòÉΓòÉΓòÉΓòÉΓòÉΓòÉΓòÉΓòÉΓòÉΓòÉΓòÉΓòÉΓòÉΓòÉΓòÉΓòÉΓòÉΓòÉΓòÉΓòÉΓòÉΓòÉ

      at activate (src/extension.ts:377:17)

  console.log
    ≡ƒöì TREE VIEW DEBUG SUMMARY

      at activate (src/extension.ts:378:17)

  console.log
    ΓòÉΓòÉΓòÉΓòÉΓòÉΓòÉΓòÉΓòÉΓòÉΓòÉΓòÉΓòÉΓòÉΓòÉΓòÉΓòÉΓòÉΓòÉΓòÉΓòÉΓòÉΓòÉΓòÉΓòÉΓòÉΓòÉΓòÉΓòÉΓòÉΓòÉΓòÉΓòÉΓòÉΓòÉΓòÉΓòÉΓòÉΓòÉΓòÉΓòÉΓòÉΓòÉΓòÉΓòÉΓòÉΓòÉΓòÉΓòÉΓòÉΓòÉΓòÉΓòÉΓòÉΓòÉΓòÉΓòÉΓòÉΓòÉΓòÉ

      at activate (src/extension.ts:379:17)

  console.log
    ≡ƒôè Total tasks in orchestrator: 0

      at activate (src/extension.ts:380:17)

  console.log
    ≡ƒöì getReadyTasks() called - Total queue size: 0

      at ProgrammingOrchestrator.getReadyTasks (src/orchestrator/programmingOrchestrator.ts:694:17)

  console.log
    ≡ƒôè getReadyTasks() returning 0 tasks

      at ProgrammingOrchestrator.getReadyTasks (src/orchestrator/programmingOrchestrator.ts:722:17)

  console.log
    Γ£à Ready tasks: 0

      at activate (src/extension.ts:381:17)

  console.log
    ≡ƒî│ Tree provider initialized: true

      at activate (src/extension.ts:382:17)

  console.log
    ≡ƒô║ Tree views created: true

      at activate (src/extension.ts:383:17)

  console.log
    ≡ƒöì getReadyTasks() called - Total queue size: 0

      at ProgrammingOrchestrator.getReadyTasks (src/orchestrator/programmingOrchestrator.ts:694:17)

  console.log
    ≡ƒôè getReadyTasks() returning 0 tasks

      at ProgrammingOrchestrator.getReadyTasks (src/orchestrator/programmingOrchestrator.ts:722:17)

  console.log
    ΓÜá∩╕Å  No ready tasks found! Check task status in orchestrator.

      at activate (src/extension.ts:392:25)

  console.log
    ΓòÉΓòÉΓòÉΓòÉΓòÉΓòÉΓòÉΓòÉΓòÉΓòÉΓòÉΓòÉΓòÉΓòÉΓòÉΓòÉΓòÉΓòÉΓòÉΓòÉΓòÉΓòÉΓòÉΓòÉΓòÉΓòÉΓòÉΓòÉΓòÉΓòÉΓòÉΓòÉΓòÉΓòÉΓòÉΓòÉΓòÉΓòÉΓòÉΓòÉΓòÉΓòÉΓòÉΓòÉΓòÉΓòÉΓòÉΓòÉΓòÉΓòÉΓòÉΓòÉΓòÉΓòÉΓòÉΓòÉΓòÉΓòÉΓòÉ

      at activate (src/extension.ts:395:17)

  console.log


      at activate (src/extension.ts:396:17)

  console.error
    Γ¥î COE Activation failed: Cannot read properties of undefined (reading 'get')

    [0m [90m 1279 |[39m     } [36mcatch[39m (error) {
     [90m 1280 |[39m         [36mconst[39m errorMsg [33m=[39m error [36minstanceof[39m [33mError[39m [33m?[39m error[33m.[39mmessage [33m:[39m [33mString[39m(error)[33m;[39m
    [31m[1m>[22m[39m[90m 1281 |[39m         console[33m.[39merror([32m'Γ¥î COE Activation failed:'[39m[33m,[39m errorMsg)[33m;[39m
     [90m      |[39m                 [31m[1m^[22m[39m
     [90m 1282 |[39m
     [90m 1283 |[39m         [36mif[39m (orchestratorOutputChannel) {
     [90m 1284 |[39m             orchestratorOutputChannel[33m.[39mappendLine([32m`Γ¥î ACTIVATION FAILED: ${errorMsg}`[39m)[33m;[39m[0m

      at activate (src/extension.ts:1281:17)
      at Object.<anonymous> (tests/extension.integration.test.ts:881:9)

  console.log
    ≡ƒôï Task added to queue: busy-test-789 (Priority: P1, Status: ready)

      at ProgrammingOrchestrator.addTask (src/orchestrator/programmingOrchestrator.ts:647:17)

  console.log
    ≡ƒöì getReadyTasks() called - Total queue size: 1

      at ProgrammingOrchestrator.getReadyTasks (src/orchestrator/programmingOrchestrator.ts:694:17)

  console.log
      Γ£à Task busy-test-789 (Make orchestrator busy): READY (priority: P1)

      at src/orchestrator/programmingOrchestrator.ts:708:25
          at Array.filter (<anonymous>)

  console.log
    ≡ƒôè getReadyTasks() returning 1 tasks

      at ProgrammingOrchestrator.getReadyTasks (src/orchestrator/programmingOrchestrator.ts:722:17)

  console.log
    [COE.Extension] Γä╣∩╕Å ≡ƒÄ» Next task: busy-test-789 (P1)

      at SimpleLogger.info (src/orchestrator/programmingOrchestrator.ts:1436:17)

  console.log
    ≡ƒî▓ TreeView refreshed after queue change

      at ProgrammingOrchestrator.notifyTreeViewUpdate (src/orchestrator/programmingOrchestrator.ts:319:21)

  console.log
    [COE.Extension] Γä╣∩╕Å Γ£à Task routed to Copilot (session-busy-test-789-1769657988277): Make orchestrator busy [164 tokens]

      at SimpleLogger.info (src/orchestrator/programmingOrchestrator.ts:1436:17)

  console.log
    ≡ƒÜÇ COE Activated

      at activate (src/extension.ts:139:13)

  console.warn
    No workspace root found, using defaults

    [0m [90m 108 |[39m             [36mconst[39m root [33m=[39m workspaceRoot [33m||[39m [36mthis[39m[33m.[39mgetWorkspaceRoot()[33m;[39m
     [90m 109 |[39m             [36mif[39m ([33m![39mroot) {
    [31m[1m>[22m[39m[90m 110 |[39m                 console[33m.[39mwarn([32m'No workspace root found, using defaults'[39m)[33m;[39m
     [90m     |[39m                         [31m[1m^[22m[39m
     [90m 111 |[39m                 [36mthis[39m[33m.[39minstance [33m=[39m [33mDEFAULT_CONFIG[39m[33m;[39m
     [90m 112 |[39m                 [36mreturn[39m[33m;[39m
     [90m 113 |[39m             }[0m

      at FileConfigManager.initialize (src/utils/fileConfig.ts:110:25)
      at activate (src/extension.ts:177:37)
      at Object.<anonymous> (tests/extension.integration.test.ts:924:23)

  console.log
    [COE.Extension] Γä╣∩╕Å Programming Orchestrator: Initializing...

      at SimpleLogger.info (src/orchestrator/programmingOrchestrator.ts:1436:17)

  console.log
    [COE.Extension] Γä╣∩╕Å Γ£à Programming Orchestrator: Ready (one-thing-at-a-time enforced)

      at SimpleLogger.info (src/orchestrator/programmingOrchestrator.ts:1436:17)

  console.log
    ≡ƒôª No persisted tasks found, starting fresh

      at ProgrammingOrchestrator.loadPersistedTasks (src/orchestrator/programmingOrchestrator.ts:354:25)

  console.log
    Γä╣∩╕Å No tasks to reconcile (queue empty)

      at ProgrammingOrchestrator.reconcileTasks (src/orchestrator/programmingOrchestrator.ts:420:21)

  console.log
    Γ£à ProgrammingOrchestrator initialized with persistence

      at ProgrammingOrchestrator.initializeWithPersistence (src/orchestrator/programmingOrchestrator.ts:336:17)

  console.log
    Γ£à TreeView provider linked to ProgrammingOrchestrator

      at ProgrammingOrchestrator.setTreeDataProvider (src/orchestrator/programmingOrchestrator.ts:297:17)

  console.log
    Γ£à CompletedTasksTreeProvider linked to ProgrammingOrchestrator

      at ProgrammingOrchestrator.setCompletedTasksProvider (src/orchestrator/programmingOrchestrator.ts:309:17)

  console.warn
    ΓÜá∩╕Å No workspace folder found ΓÇô using test mode only

    [0m [90m 27 |[39m         [36mconst[39m workspaceFolder [33m=[39m vscode[33m.[39mworkspace[33m.[39mworkspaceFolders[33m?[39m[33m.[39m[[35m0[39m][33m;[39m
     [90m 28 |[39m         [36mif[39m ([33m![39mworkspaceFolder) {
    [31m[1m>[22m[39m[90m 29 |[39m             console[33m.[39mwarn([32m'ΓÜá∩╕Å No workspace folder found ΓÇô using test mode only'[39m)[33m;[39m
     [90m    |[39m                     [31m[1m^[22m[39m
     [90m 30 |[39m             [36mreturn[39m [][33m;[39m
     [90m 31 |[39m         }
     [90m 32 |[39m[0m

      at loadTasksFromPlanFile (src/plans/planningStub.ts:29:21)
      at activate (src/extension.ts:351:58)
      at Object.<anonymous> (tests/extension.integration.test.ts:924:9)

  console.log
    Γä╣∩╕Å  No tasks loaded from plan file

      at activate (src/extension.ts:359:25)

  console.log
    ≡ƒöä Calling treeDataProvider.refresh() after loading tasks

      at activate (src/extension.ts:370:21)

  console.log
    ΓòÉΓòÉΓòÉΓòÉΓòÉΓòÉΓòÉΓòÉΓòÉΓòÉΓòÉΓòÉΓòÉΓòÉΓòÉΓòÉΓòÉΓòÉΓòÉΓòÉΓòÉΓòÉΓòÉΓòÉΓòÉΓòÉΓòÉΓòÉΓòÉΓòÉΓòÉΓòÉΓòÉΓòÉΓòÉΓòÉΓòÉΓòÉΓòÉΓòÉΓòÉΓòÉΓòÉΓòÉΓòÉΓòÉΓòÉΓòÉΓòÉΓòÉΓòÉΓòÉΓòÉΓòÉΓòÉΓòÉΓòÉΓòÉΓòÉ

      at activate (src/extension.ts:377:17)

  console.log
    ≡ƒöì TREE VIEW DEBUG SUMMARY

      at activate (src/extension.ts:378:17)

  console.log
    ΓòÉΓòÉΓòÉΓòÉΓòÉΓòÉΓòÉΓòÉΓòÉΓòÉΓòÉΓòÉΓòÉΓòÉΓòÉΓòÉΓòÉΓòÉΓòÉΓòÉΓòÉΓòÉΓòÉΓòÉΓòÉΓòÉΓòÉΓòÉΓòÉΓòÉΓòÉΓòÉΓòÉΓòÉΓòÉΓòÉΓòÉΓòÉΓòÉΓòÉΓòÉΓòÉΓòÉΓòÉΓòÉΓòÉΓòÉΓòÉΓòÉΓòÉΓòÉΓòÉΓòÉΓòÉΓòÉΓòÉΓòÉΓòÉΓòÉ

      at activate (src/extension.ts:379:17)

  console.log
    ≡ƒôè Total tasks in orchestrator: 0

      at activate (src/extension.ts:380:17)

  console.log
    ≡ƒöì getReadyTasks() called - Total queue size: 0

      at ProgrammingOrchestrator.getReadyTasks (src/orchestrator/programmingOrchestrator.ts:694:17)

  console.log
    ≡ƒôè getReadyTasks() returning 0 tasks

      at ProgrammingOrchestrator.getReadyTasks (src/orchestrator/programmingOrchestrator.ts:722:17)

  console.log
    Γ£à Ready tasks: 0

      at activate (src/extension.ts:381:17)

  console.log
    ≡ƒî│ Tree provider initialized: true

      at activate (src/extension.ts:382:17)

  console.log
    ≡ƒô║ Tree views created: true

      at activate (src/extension.ts:383:17)

  console.log
    ≡ƒöì getReadyTasks() called - Total queue size: 0

      at ProgrammingOrchestrator.getReadyTasks (src/orchestrator/programmingOrchestrator.ts:694:17)

  console.log
    ≡ƒôè getReadyTasks() returning 0 tasks

      at ProgrammingOrchestrator.getReadyTasks (src/orchestrator/programmingOrchestrator.ts:722:17)

  console.log
    ΓÜá∩╕Å  No ready tasks found! Check task status in orchestrator.

      at activate (src/extension.ts:392:25)

  console.log
    ΓòÉΓòÉΓòÉΓòÉΓòÉΓòÉΓòÉΓòÉΓòÉΓòÉΓòÉΓòÉΓòÉΓòÉΓòÉΓòÉΓòÉΓòÉΓòÉΓòÉΓòÉΓòÉΓòÉΓòÉΓòÉΓòÉΓòÉΓòÉΓòÉΓòÉΓòÉΓòÉΓòÉΓòÉΓòÉΓòÉΓòÉΓòÉΓòÉΓòÉΓòÉΓòÉΓòÉΓòÉΓòÉΓòÉΓòÉΓòÉΓòÉΓòÉΓòÉΓòÉΓòÉΓòÉΓòÉΓòÉΓòÉΓòÉΓòÉ

      at activate (src/extension.ts:395:17)

  console.log


      at activate (src/extension.ts:396:17)

  console.error
    Γ¥î COE Activation failed: Cannot read properties of undefined (reading 'get')

    [0m [90m 1279 |[39m     } [36mcatch[39m (error) {
     [90m 1280 |[39m         [36mconst[39m errorMsg [33m=[39m error [36minstanceof[39m [33mError[39m [33m?[39m error[33m.[39mmessage [33m:[39m [33mString[39m(error)[33m;[39m
    [31m[1m>[22m[39m[90m 1281 |[39m         console[33m.[39merror([32m'Γ¥î COE Activation failed:'[39m[33m,[39m errorMsg)[33m;[39m
     [90m      |[39m                 [31m[1m^[22m[39m
     [90m 1282 |[39m
     [90m 1283 |[39m         [36mif[39m (orchestratorOutputChannel) {
     [90m 1284 |[39m             orchestratorOutputChannel[33m.[39mappendLine([32m`Γ¥î ACTIVATION FAILED: ${errorMsg}`[39m)[33m;[39m[0m

      at activate (src/extension.ts:1281:17)
      at Object.<anonymous> (tests/extension.integration.test.ts:924:9)

  console.log
    ≡ƒôï Task added to queue: real-task-1 (Priority: P1, Status: ready)

      at ProgrammingOrchestrator.addTask (src/orchestrator/programmingOrchestrator.ts:647:17)
          at Array.forEach (<anonymous>)

  console.log
    ≡ƒî▓ TreeView refreshed after queue change

      at ProgrammingOrchestrator.notifyTreeViewUpdate (src/orchestrator/programmingOrchestrator.ts:319:21)

  console.log
    ≡ƒÜÇ COE Activated

      at activate (src/extension.ts:139:13)

  console.warn
    No workspace root found, using defaults

    [0m [90m 108 |[39m             [36mconst[39m root [33m=[39m workspaceRoot [33m||[39m [36mthis[39m[33m.[39mgetWorkspaceRoot()[33m;[39m
     [90m 109 |[39m             [36mif[39m ([33m![39mroot) {
    [31m[1m>[22m[39m[90m 110 |[39m                 console[33m.[39mwarn([32m'No workspace root found, using defaults'[39m)[33m;[39m
     [90m     |[39m                         [31m[1m^[22m[39m
     [90m 111 |[39m                 [36mthis[39m[33m.[39minstance [33m=[39m [33mDEFAULT_CONFIG[39m[33m;[39m
     [90m 112 |[39m                 [36mreturn[39m[33m;[39m
     [90m 113 |[39m             }[0m

      at FileConfigManager.initialize (src/utils/fileConfig.ts:110:25)
      at activate (src/extension.ts:177:37)
      at Object.<anonymous> (tests/extension.integration.test.ts:957:23)

  console.log
    [COE.Extension] Γä╣∩╕Å Programming Orchestrator: Initializing...

      at SimpleLogger.info (src/orchestrator/programmingOrchestrator.ts:1436:17)

  console.log
    [COE.Extension] Γä╣∩╕Å Γ£à Programming Orchestrator: Ready (one-thing-at-a-time enforced)

      at SimpleLogger.info (src/orchestrator/programmingOrchestrator.ts:1436:17)

  console.log
    ≡ƒôª No persisted tasks found, starting fresh

      at ProgrammingOrchestrator.loadPersistedTasks (src/orchestrator/programmingOrchestrator.ts:354:25)

  console.log
    Γä╣∩╕Å No tasks to reconcile (queue empty)

      at ProgrammingOrchestrator.reconcileTasks (src/orchestrator/programmingOrchestrator.ts:420:21)

  console.log
    Γ£à ProgrammingOrchestrator initialized with persistence

      at ProgrammingOrchestrator.initializeWithPersistence (src/orchestrator/programmingOrchestrator.ts:336:17)

  console.log
    Γ£à TreeView provider linked to ProgrammingOrchestrator

      at ProgrammingOrchestrator.setTreeDataProvider (src/orchestrator/programmingOrchestrator.ts:297:17)

  console.log
    Γ£à CompletedTasksTreeProvider linked to ProgrammingOrchestrator

      at ProgrammingOrchestrator.setCompletedTasksProvider (src/orchestrator/programmingOrchestrator.ts:309:17)

  console.warn
    ΓÜá∩╕Å No workspace folder found ΓÇô using test mode only

    [0m [90m 27 |[39m         [36mconst[39m workspaceFolder [33m=[39m vscode[33m.[39mworkspace[33m.[39mworkspaceFolders[33m?[39m[33m.[39m[[35m0[39m][33m;[39m
     [90m 28 |[39m         [36mif[39m ([33m![39mworkspaceFolder) {
    [31m[1m>[22m[39m[90m 29 |[39m             console[33m.[39mwarn([32m'ΓÜá∩╕Å No workspace folder found ΓÇô using test mode only'[39m)[33m;[39m
     [90m    |[39m                     [31m[1m^[22m[39m
     [90m 30 |[39m             [36mreturn[39m [][33m;[39m
     [90m 31 |[39m         }
     [90m 32 |[39m[0m

      at loadTasksFromPlanFile (src/plans/planningStub.ts:29:21)
      at activate (src/extension.ts:351:58)
      at Object.<anonymous> (tests/extension.integration.test.ts:957:9)

  console.log
    Γä╣∩╕Å  No tasks loaded from plan file

      at activate (src/extension.ts:359:25)

  console.log
    ≡ƒöä Calling treeDataProvider.refresh() after loading tasks

      at activate (src/extension.ts:370:21)

  console.log
    ΓòÉΓòÉΓòÉΓòÉΓòÉΓòÉΓòÉΓòÉΓòÉΓòÉΓòÉΓòÉΓòÉΓòÉΓòÉΓòÉΓòÉΓòÉΓòÉΓòÉΓòÉΓòÉΓòÉΓòÉΓòÉΓòÉΓòÉΓòÉΓòÉΓòÉΓòÉΓòÉΓòÉΓòÉΓòÉΓòÉΓòÉΓòÉΓòÉΓòÉΓòÉΓòÉΓòÉΓòÉΓòÉΓòÉΓòÉΓòÉΓòÉΓòÉΓòÉΓòÉΓòÉΓòÉΓòÉΓòÉΓòÉΓòÉΓòÉ

      at activate (src/extension.ts:377:17)

  console.log
    ≡ƒöì TREE VIEW DEBUG SUMMARY

      at activate (src/extension.ts:378:17)

  console.log
    ΓòÉΓòÉΓòÉΓòÉΓòÉΓòÉΓòÉΓòÉΓòÉΓòÉΓòÉΓòÉΓòÉΓòÉΓòÉΓòÉΓòÉΓòÉΓòÉΓòÉΓòÉΓòÉΓòÉΓòÉΓòÉΓòÉΓòÉΓòÉΓòÉΓòÉΓòÉΓòÉΓòÉΓòÉΓòÉΓòÉΓòÉΓòÉΓòÉΓòÉΓòÉΓòÉΓòÉΓòÉΓòÉΓòÉΓòÉΓòÉΓòÉΓòÉΓòÉΓòÉΓòÉΓòÉΓòÉΓòÉΓòÉΓòÉΓòÉ

      at activate (src/extension.ts:379:17)

  console.log
    ≡ƒôè Total tasks in orchestrator: 0

      at activate (src/extension.ts:380:17)

  console.log
    ≡ƒöì getReadyTasks() called - Total queue size: 0

      at ProgrammingOrchestrator.getReadyTasks (src/orchestrator/programmingOrchestrator.ts:694:17)

  console.log
    ≡ƒôè getReadyTasks() returning 0 tasks

      at ProgrammingOrchestrator.getReadyTasks (src/orchestrator/programmingOrchestrator.ts:722:17)

  console.log
    Γ£à Ready tasks: 0

      at activate (src/extension.ts:381:17)

  console.log
    ≡ƒî│ Tree provider initialized: true

      at activate (src/extension.ts:382:17)

  console.log
    ≡ƒô║ Tree views created: true

      at activate (src/extension.ts:383:17)

  console.log
    ≡ƒöì getReadyTasks() called - Total queue size: 0

      at ProgrammingOrchestrator.getReadyTasks (src/orchestrator/programmingOrchestrator.ts:694:17)

  console.log
    ≡ƒôè getReadyTasks() returning 0 tasks

      at ProgrammingOrchestrator.getReadyTasks (src/orchestrator/programmingOrchestrator.ts:722:17)

  console.log
    ΓÜá∩╕Å  No ready tasks found! Check task status in orchestrator.

      at activate (src/extension.ts:392:25)

  console.log
    ΓòÉΓòÉΓòÉΓòÉΓòÉΓòÉΓòÉΓòÉΓòÉΓòÉΓòÉΓòÉΓòÉΓòÉΓòÉΓòÉΓòÉΓòÉΓòÉΓòÉΓòÉΓòÉΓòÉΓòÉΓòÉΓòÉΓòÉΓòÉΓòÉΓòÉΓòÉΓòÉΓòÉΓòÉΓòÉΓòÉΓòÉΓòÉΓòÉΓòÉΓòÉΓòÉΓòÉΓòÉΓòÉΓòÉΓòÉΓòÉΓòÉΓòÉΓòÉΓòÉΓòÉΓòÉΓòÉΓòÉΓòÉΓòÉΓòÉ

      at activate (src/extension.ts:395:17)

  console.log


      at activate (src/extension.ts:396:17)

  console.error
    Γ¥î COE Activation failed: Cannot read properties of undefined (reading 'get')

    [0m [90m 1279 |[39m     } [36mcatch[39m (error) {
     [90m 1280 |[39m         [36mconst[39m errorMsg [33m=[39m error [36minstanceof[39m [33mError[39m [33m?[39m error[33m.[39mmessage [33m:[39m [33mString[39m(error)[33m;[39m
    [31m[1m>[22m[39m[90m 1281 |[39m         console[33m.[39merror([32m'Γ¥î COE Activation failed:'[39m[33m,[39m errorMsg)[33m;[39m
     [90m      |[39m                 [31m[1m^[22m[39m
     [90m 1282 |[39m
     [90m 1283 |[39m         [36mif[39m (orchestratorOutputChannel) {
     [90m 1284 |[39m             orchestratorOutputChannel[33m.[39mappendLine([32m`Γ¥î ACTIVATION FAILED: ${errorMsg}`[39m)[33m;[39m[0m

      at activate (src/extension.ts:1281:17)
      at Object.<anonymous> (tests/extension.integration.test.ts:957:9)

  console.log
    ≡ƒöì getReadyTasks() called - Total queue size: 0

      at ProgrammingOrchestrator.getReadyTasks (src/orchestrator/programmingOrchestrator.ts:694:17)

  console.log
    ≡ƒôè getReadyTasks() returning 0 tasks

      at ProgrammingOrchestrator.getReadyTasks (src/orchestrator/programmingOrchestrator.ts:722:17)

  console.warn
    [COE.Extension] ΓÜá∩╕Å ΓÜá∩╕Å No ready tasks in queue

    [0m [90m 1438 |[39m
     [90m 1439 |[39m     warn(message[33m:[39m string[33m,[39m [33m...[39margs[33m:[39m unknown[])[33m:[39m [36mvoid[39m {
    [31m[1m>[22m[39m[90m 1440 |[39m         console[33m.[39mwarn([32m`[${this.name}] ΓÜá∩╕Å ${message}`[39m[33m,[39m [33m...[39margs)[33m;[39m
     [90m      |[39m                 [31m[1m^[22m[39m
     [90m 1441 |[39m     }
     [90m 1442 |[39m
     [90m 1443 |[39m     error(message[33m:[39m string[33m,[39m [33m...[39margs[33m:[39m unknown[])[33m:[39m [36mvoid[39m {[0m

      at SimpleLogger.warn (src/orchestrator/programmingOrchestrator.ts:1440:17)
      at ProgrammingOrchestrator.getNextTask (src/orchestrator/programmingOrchestrator.ts:674:29)
      at Object.<anonymous> (tests/extension.integration.test.ts:965:39)

  console.log
    ≡ƒÜÇ COE Activated

      at activate (src/extension.ts:139:13)

  console.warn
    No workspace root found, using defaults

    [0m [90m 108 |[39m             [36mconst[39m root [33m=[39m workspaceRoot [33m||[39m [36mthis[39m[33m.[39mgetWorkspaceRoot()[33m;[39m
     [90m 109 |[39m             [36mif[39m ([33m![39mroot) {
    [31m[1m>[22m[39m[90m 110 |[39m                 console[33m.[39mwarn([32m'No workspace root found, using defaults'[39m)[33m;[39m
     [90m     |[39m                         [31m[1m^[22m[39m
     [90m 111 |[39m                 [36mthis[39m[33m.[39minstance [33m=[39m [33mDEFAULT_CONFIG[39m[33m;[39m
     [90m 112 |[39m                 [36mreturn[39m[33m;[39m
     [90m 113 |[39m             }[0m

      at FileConfigManager.initialize (src/utils/fileConfig.ts:110:25)
      at activate (src/extension.ts:177:37)
      at Object.<anonymous> (tests/extension.integration.test.ts:979:23)

  console.log
    [COE.Extension] Γä╣∩╕Å Programming Orchestrator: Initializing...

      at SimpleLogger.info (src/orchestrator/programmingOrchestrator.ts:1436:17)

  console.log
    [COE.Extension] Γä╣∩╕Å Γ£à Programming Orchestrator: Ready (one-thing-at-a-time enforced)

      at SimpleLogger.info (src/orchestrator/programmingOrchestrator.ts:1436:17)

  console.log
    ≡ƒôª No persisted tasks found, starting fresh

      at ProgrammingOrchestrator.loadPersistedTasks (src/orchestrator/programmingOrchestrator.ts:354:25)

  console.log
    Γä╣∩╕Å No tasks to reconcile (queue empty)

      at ProgrammingOrchestrator.reconcileTasks (src/orchestrator/programmingOrchestrator.ts:420:21)

  console.log
    Γ£à ProgrammingOrchestrator initialized with persistence

      at ProgrammingOrchestrator.initializeWithPersistence (src/orchestrator/programmingOrchestrator.ts:336:17)

  console.log
    Γ£à TreeView provider linked to ProgrammingOrchestrator

      at ProgrammingOrchestrator.setTreeDataProvider (src/orchestrator/programmingOrchestrator.ts:297:17)

  console.log
    Γ£à CompletedTasksTreeProvider linked to ProgrammingOrchestrator

      at ProgrammingOrchestrator.setCompletedTasksProvider (src/orchestrator/programmingOrchestrator.ts:309:17)

  console.warn
    ΓÜá∩╕Å No workspace folder found ΓÇô using test mode only

    [0m [90m 27 |[39m         [36mconst[39m workspaceFolder [33m=[39m vscode[33m.[39mworkspace[33m.[39mworkspaceFolders[33m?[39m[33m.[39m[[35m0[39m][33m;[39m
     [90m 28 |[39m         [36mif[39m ([33m![39mworkspaceFolder) {
    [31m[1m>[22m[39m[90m 29 |[39m             console[33m.[39mwarn([32m'ΓÜá∩╕Å No workspace folder found ΓÇô using test mode only'[39m)[33m;[39m
     [90m    |[39m                     [31m[1m^[22m[39m
     [90m 30 |[39m             [36mreturn[39m [][33m;[39m
     [90m 31 |[39m         }
     [90m 32 |[39m[0m

      at loadTasksFromPlanFile (src/plans/planningStub.ts:29:21)
      at activate (src/extension.ts:351:58)
      at Object.<anonymous> (tests/extension.integration.test.ts:979:9)

  console.log
    Γä╣∩╕Å  No tasks loaded from plan file

      at activate (src/extension.ts:359:25)

  console.log
    ≡ƒöä Calling treeDataProvider.refresh() after loading tasks

      at activate (src/extension.ts:370:21)

  console.log
    ΓòÉΓòÉΓòÉΓòÉΓòÉΓòÉΓòÉΓòÉΓòÉΓòÉΓòÉΓòÉΓòÉΓòÉΓòÉΓòÉΓòÉΓòÉΓòÉΓòÉΓòÉΓòÉΓòÉΓòÉΓòÉΓòÉΓòÉΓòÉΓòÉΓòÉΓòÉΓòÉΓòÉΓòÉΓòÉΓòÉΓòÉΓòÉΓòÉΓòÉΓòÉΓòÉΓòÉΓòÉΓòÉΓòÉΓòÉΓòÉΓòÉΓòÉΓòÉΓòÉΓòÉΓòÉΓòÉΓòÉΓòÉΓòÉΓòÉ

      at activate (src/extension.ts:377:17)

  console.log
    ≡ƒöì TREE VIEW DEBUG SUMMARY

      at activate (src/extension.ts:378:17)

  console.log
    ΓòÉΓòÉΓòÉΓòÉΓòÉΓòÉΓòÉΓòÉΓòÉΓòÉΓòÉΓòÉΓòÉΓòÉΓòÉΓòÉΓòÉΓòÉΓòÉΓòÉΓòÉΓòÉΓòÉΓòÉΓòÉΓòÉΓòÉΓòÉΓòÉΓòÉΓòÉΓòÉΓòÉΓòÉΓòÉΓòÉΓòÉΓòÉΓòÉΓòÉΓòÉΓòÉΓòÉΓòÉΓòÉΓòÉΓòÉΓòÉΓòÉΓòÉΓòÉΓòÉΓòÉΓòÉΓòÉΓòÉΓòÉΓòÉΓòÉ

      at activate (src/extension.ts:379:17)

  console.log
    ≡ƒôè Total tasks in orchestrator: 0

      at activate (src/extension.ts:380:17)

  console.log
    ≡ƒöì getReadyTasks() called - Total queue size: 0

      at ProgrammingOrchestrator.getReadyTasks (src/orchestrator/programmingOrchestrator.ts:694:17)

  console.log
    ≡ƒôè getReadyTasks() returning 0 tasks

      at ProgrammingOrchestrator.getReadyTasks (src/orchestrator/programmingOrchestrator.ts:722:17)

  console.log
    Γ£à Ready tasks: 0

      at activate (src/extension.ts:381:17)

  console.log
    ≡ƒî│ Tree provider initialized: true

      at activate (src/extension.ts:382:17)

  console.log
    ≡ƒô║ Tree views created: true

      at activate (src/extension.ts:383:17)

  console.log
    ≡ƒöì getReadyTasks() called - Total queue size: 0

      at ProgrammingOrchestrator.getReadyTasks (src/orchestrator/programmingOrchestrator.ts:694:17)

  console.log
    ≡ƒôè getReadyTasks() returning 0 tasks

      at ProgrammingOrchestrator.getReadyTasks (src/orchestrator/programmingOrchestrator.ts:722:17)

  console.log
    ΓÜá∩╕Å  No ready tasks found! Check task status in orchestrator.

      at activate (src/extension.ts:392:25)

  console.log
    ΓòÉΓòÉΓòÉΓòÉΓòÉΓòÉΓòÉΓòÉΓòÉΓòÉΓòÉΓòÉΓòÉΓòÉΓòÉΓòÉΓòÉΓòÉΓòÉΓòÉΓòÉΓòÉΓòÉΓòÉΓòÉΓòÉΓòÉΓòÉΓòÉΓòÉΓòÉΓòÉΓòÉΓòÉΓòÉΓòÉΓòÉΓòÉΓòÉΓòÉΓòÉΓòÉΓòÉΓòÉΓòÉΓòÉΓòÉΓòÉΓòÉΓòÉΓòÉΓòÉΓòÉΓòÉΓòÉΓòÉΓòÉΓòÉΓòÉ

      at activate (src/extension.ts:395:17)

  console.log


      at activate (src/extension.ts:396:17)

  console.error
    Γ¥î COE Activation failed: Cannot read properties of undefined (reading 'get')

    [0m [90m 1279 |[39m     } [36mcatch[39m (error) {
     [90m 1280 |[39m         [36mconst[39m errorMsg [33m=[39m error [36minstanceof[39m [33mError[39m [33m?[39m error[33m.[39mmessage [33m:[39m [33mString[39m(error)[33m;[39m
    [31m[1m>[22m[39m[90m 1281 |[39m         console[33m.[39merror([32m'Γ¥î COE Activation failed:'[39m[33m,[39m errorMsg)[33m;[39m
     [90m      |[39m                 [31m[1m^[22m[39m
     [90m 1282 |[39m
     [90m 1283 |[39m         [36mif[39m (orchestratorOutputChannel) {
     [90m 1284 |[39m             orchestratorOutputChannel[33m.[39mappendLine([32m`Γ¥î ACTIVATION FAILED: ${errorMsg}`[39m)[33m;[39m[0m

      at activate (src/extension.ts:1281:17)
      at Object.<anonymous> (tests/extension.integration.test.ts:979:9)

  console.log
    ≡ƒôï Task added to queue: complete-test-1 (Priority: P1, Status: ready)

      at ProgrammingOrchestrator.addTask (src/orchestrator/programmingOrchestrator.ts:647:17)

  console.log
    ≡ƒôï Task added to queue: complete-test-2 (Priority: P2, Status: ready)

      at ProgrammingOrchestrator.addTask (src/orchestrator/programmingOrchestrator.ts:647:17)

  console.log
    ≡ƒöì getReadyTasks() called - Total queue size: 2

      at ProgrammingOrchestrator.getReadyTasks (src/orchestrator/programmingOrchestrator.ts:694:17)

  console.log
      Γ£à Task complete-test-1 (First task): READY (priority: P1)

      at src/orchestrator/programmingOrchestrator.ts:708:25
          at Array.filter (<anonymous>)

  console.log
      Γ£à Task complete-test-2 (Second task): READY (priority: P2)

      at src/orchestrator/programmingOrchestrator.ts:708:25
          at Array.filter (<anonymous>)

  console.log
    ≡ƒôè getReadyTasks() returning 2 tasks

      at ProgrammingOrchestrator.getReadyTasks (src/orchestrator/programmingOrchestrator.ts:722:17)

  console.log
    [COE.Extension] Γä╣∩╕Å ≡ƒÄ» Next task: complete-test-1 (P1)

      at SimpleLogger.info (src/orchestrator/programmingOrchestrator.ts:1436:17)

  console.log
    ≡ƒî▓ TreeView refreshed after queue change

      at ProgrammingOrchestrator.notifyTreeViewUpdate (src/orchestrator/programmingOrchestrator.ts:319:21)

  console.log
    ≡ƒî▓ TreeView refreshed after queue change

      at ProgrammingOrchestrator.notifyTreeViewUpdate (src/orchestrator/programmingOrchestrator.ts:319:21)

  console.log
    [COE.Extension] Γä╣∩╕Å Γ£à Task routed to Copilot (session-complete-test-1-1769657988410): First task [167 tokens]

      at SimpleLogger.info (src/orchestrator/programmingOrchestrator.ts:1436:17)

  console.log
    [COE.Extension] Γä╣∩╕Å Γ£à Task completed: complete-test-1

      at SimpleLogger.info (src/orchestrator/programmingOrchestrator.ts:1436:17)

  console.log
    ≡ƒÜÇ COE Activated

      at activate (src/extension.ts:139:13)

  console.warn
    No workspace root found, using defaults

    [0m [90m 108 |[39m             [36mconst[39m root [33m=[39m workspaceRoot [33m||[39m [36mthis[39m[33m.[39mgetWorkspaceRoot()[33m;[39m
     [90m 109 |[39m             [36mif[39m ([33m![39mroot) {
    [31m[1m>[22m[39m[90m 110 |[39m                 console[33m.[39mwarn([32m'No workspace root found, using defaults'[39m)[33m;[39m
     [90m     |[39m                         [31m[1m^[22m[39m
     [90m 111 |[39m                 [36mthis[39m[33m.[39minstance [33m=[39m [33mDEFAULT_CONFIG[39m[33m;[39m
     [90m 112 |[39m                 [36mreturn[39m[33m;[39m
     [90m 113 |[39m             }[0m

      at FileConfigManager.initialize (src/utils/fileConfig.ts:110:25)
      at activate (src/extension.ts:177:37)
      at Object.<anonymous> (tests/extension.integration.test.ts:1035:23)

  console.log
    [COE.Extension] Γä╣∩╕Å Programming Orchestrator: Initializing...

      at SimpleLogger.info (src/orchestrator/programmingOrchestrator.ts:1436:17)

  console.log
    [COE.Extension] Γä╣∩╕Å Γ£à Programming Orchestrator: Ready (one-thing-at-a-time enforced)

      at SimpleLogger.info (src/orchestrator/programmingOrchestrator.ts:1436:17)

  console.log
    ≡ƒôª No persisted tasks found, starting fresh

      at ProgrammingOrchestrator.loadPersistedTasks (src/orchestrator/programmingOrchestrator.ts:354:25)

  console.log
    Γä╣∩╕Å No tasks to reconcile (queue empty)

      at ProgrammingOrchestrator.reconcileTasks (src/orchestrator/programmingOrchestrator.ts:420:21)

  console.log
    Γ£à ProgrammingOrchestrator initialized with persistence

      at ProgrammingOrchestrator.initializeWithPersistence (src/orchestrator/programmingOrchestrator.ts:336:17)

  console.log
    Γ£à TreeView provider linked to ProgrammingOrchestrator

      at ProgrammingOrchestrator.setTreeDataProvider (src/orchestrator/programmingOrchestrator.ts:297:17)

  console.log
    Γ£à CompletedTasksTreeProvider linked to ProgrammingOrchestrator

      at ProgrammingOrchestrator.setCompletedTasksProvider (src/orchestrator/programmingOrchestrator.ts:309:17)

  console.warn
    ΓÜá∩╕Å No workspace folder found ΓÇô using test mode only

    [0m [90m 27 |[39m         [36mconst[39m workspaceFolder [33m=[39m vscode[33m.[39mworkspace[33m.[39mworkspaceFolders[33m?[39m[33m.[39m[[35m0[39m][33m;[39m
     [90m 28 |[39m         [36mif[39m ([33m![39mworkspaceFolder) {
    [31m[1m>[22m[39m[90m 29 |[39m             console[33m.[39mwarn([32m'ΓÜá∩╕Å No workspace folder found ΓÇô using test mode only'[39m)[33m;[39m
     [90m    |[39m                     [31m[1m^[22m[39m
     [90m 30 |[39m             [36mreturn[39m [][33m;[39m
     [90m 31 |[39m         }
     [90m 32 |[39m[0m

      at loadTasksFromPlanFile (src/plans/planningStub.ts:29:21)
      at activate (src/extension.ts:351:58)
      at Object.<anonymous> (tests/extension.integration.test.ts:1035:9)

  console.log
    Γä╣∩╕Å  No tasks loaded from plan file

      at activate (src/extension.ts:359:25)

  console.log
    ≡ƒöä Calling treeDataProvider.refresh() after loading tasks

      at activate (src/extension.ts:370:21)

  console.log
    ΓòÉΓòÉΓòÉΓòÉΓòÉΓòÉΓòÉΓòÉΓòÉΓòÉΓòÉΓòÉΓòÉΓòÉΓòÉΓòÉΓòÉΓòÉΓòÉΓòÉΓòÉΓòÉΓòÉΓòÉΓòÉΓòÉΓòÉΓòÉΓòÉΓòÉΓòÉΓòÉΓòÉΓòÉΓòÉΓòÉΓòÉΓòÉΓòÉΓòÉΓòÉΓòÉΓòÉΓòÉΓòÉΓòÉΓòÉΓòÉΓòÉΓòÉΓòÉΓòÉΓòÉΓòÉΓòÉΓòÉΓòÉΓòÉΓòÉ

      at activate (src/extension.ts:377:17)

  console.log
    ≡ƒöì TREE VIEW DEBUG SUMMARY

      at activate (src/extension.ts:378:17)

  console.log
    ΓòÉΓòÉΓòÉΓòÉΓòÉΓòÉΓòÉΓòÉΓòÉΓòÉΓòÉΓòÉΓòÉΓòÉΓòÉΓòÉΓòÉΓòÉΓòÉΓòÉΓòÉΓòÉΓòÉΓòÉΓòÉΓòÉΓòÉΓòÉΓòÉΓòÉΓòÉΓòÉΓòÉΓòÉΓòÉΓòÉΓòÉΓòÉΓòÉΓòÉΓòÉΓòÉΓòÉΓòÉΓòÉΓòÉΓòÉΓòÉΓòÉΓòÉΓòÉΓòÉΓòÉΓòÉΓòÉΓòÉΓòÉΓòÉΓòÉ

      at activate (src/extension.ts:379:17)

  console.log
    ≡ƒôè Total tasks in orchestrator: 0

      at activate (src/extension.ts:380:17)

  console.log
    ≡ƒöì getReadyTasks() called - Total queue size: 0

      at ProgrammingOrchestrator.getReadyTasks (src/orchestrator/programmingOrchestrator.ts:694:17)

  console.log
    ≡ƒôè getReadyTasks() returning 0 tasks

      at ProgrammingOrchestrator.getReadyTasks (src/orchestrator/programmingOrchestrator.ts:722:17)

  console.log
    Γ£à Ready tasks: 0

      at activate (src/extension.ts:381:17)

  console.log
    ≡ƒî│ Tree provider initialized: true

      at activate (src/extension.ts:382:17)

  console.log
    ≡ƒô║ Tree views created: true

      at activate (src/extension.ts:383:17)

  console.log
    ≡ƒöì getReadyTasks() called - Total queue size: 0

      at ProgrammingOrchestrator.getReadyTasks (src/orchestrator/programmingOrchestrator.ts:694:17)

  console.log
    ≡ƒôè getReadyTasks() returning 0 tasks

      at ProgrammingOrchestrator.getReadyTasks (src/orchestrator/programmingOrchestrator.ts:722:17)

  console.log
    ΓÜá∩╕Å  No ready tasks found! Check task status in orchestrator.

      at activate (src/extension.ts:392:25)

  console.log
    ΓòÉΓòÉΓòÉΓòÉΓòÉΓòÉΓòÉΓòÉΓòÉΓòÉΓòÉΓòÉΓòÉΓòÉΓòÉΓòÉΓòÉΓòÉΓòÉΓòÉΓòÉΓòÉΓòÉΓòÉΓòÉΓòÉΓòÉΓòÉΓòÉΓòÉΓòÉΓòÉΓòÉΓòÉΓòÉΓòÉΓòÉΓòÉΓòÉΓòÉΓòÉΓòÉΓòÉΓòÉΓòÉΓòÉΓòÉΓòÉΓòÉΓòÉΓòÉΓòÉΓòÉΓòÉΓòÉΓòÉΓòÉΓòÉΓòÉ

      at activate (src/extension.ts:395:17)

  console.log


      at activate (src/extension.ts:396:17)

  console.error
    Γ¥î COE Activation failed: Cannot read properties of undefined (reading 'get')

    [0m [90m 1279 |[39m     } [36mcatch[39m (error) {
     [90m 1280 |[39m         [36mconst[39m errorMsg [33m=[39m error [36minstanceof[39m [33mError[39m [33m?[39m error[33m.[39mmessage [33m:[39m [33mString[39m(error)[33m;[39m
    [31m[1m>[22m[39m[90m 1281 |[39m         console[33m.[39merror([32m'Γ¥î COE Activation failed:'[39m[33m,[39m errorMsg)[33m;[39m
     [90m      |[39m                 [31m[1m^[22m[39m
     [90m 1282 |[39m
     [90m 1283 |[39m         [36mif[39m (orchestratorOutputChannel) {
     [90m 1284 |[39m             orchestratorOutputChannel[33m.[39mappendLine([32m`Γ¥î ACTIVATION FAILED: ${errorMsg}`[39m)[33m;[39m[0m

      at activate (src/extension.ts:1281:17)
      at Object.<anonymous> (tests/extension.integration.test.ts:1035:9)

  console.log
    ≡ƒÜÇ COE Activated

      at activate (src/extension.ts:139:13)

  console.warn
    No workspace root found, using defaults

    [0m [90m 108 |[39m             [36mconst[39m root [33m=[39m workspaceRoot [33m||[39m [36mthis[39m[33m.[39mgetWorkspaceRoot()[33m;[39m
     [90m 109 |[39m             [36mif[39m ([33m![39mroot) {
    [31m[1m>[22m[39m[90m 110 |[39m                 console[33m.[39mwarn([32m'No workspace root found, using defaults'[39m)[33m;[39m
     [90m     |[39m                         [31m[1m^[22m[39m
     [90m 111 |[39m                 [36mthis[39m[33m.[39minstance [33m=[39m [33mDEFAULT_CONFIG[39m[33m;[39m
     [90m 112 |[39m                 [36mreturn[39m[33m;[39m
     [90m 113 |[39m             }[0m

      at FileConfigManager.initialize (src/utils/fileConfig.ts:110:25)
      at activate (src/extension.ts:177:37)
      at Object.<anonymous> (tests/extension.integration.test.ts:1052:23)

  console.log
    [COE.Extension] Γä╣∩╕Å Programming Orchestrator: Initializing...

      at SimpleLogger.info (src/orchestrator/programmingOrchestrator.ts:1436:17)

  console.log
    [COE.Extension] Γä╣∩╕Å Γ£à Programming Orchestrator: Ready (one-thing-at-a-time enforced)

      at SimpleLogger.info (src/orchestrator/programmingOrchestrator.ts:1436:17)

  console.log
    ≡ƒôª No persisted tasks found, starting fresh

      at ProgrammingOrchestrator.loadPersistedTasks (src/orchestrator/programmingOrchestrator.ts:354:25)

  console.log
    Γä╣∩╕Å No tasks to reconcile (queue empty)

      at ProgrammingOrchestrator.reconcileTasks (src/orchestrator/programmingOrchestrator.ts:420:21)

  console.log
    Γ£à ProgrammingOrchestrator initialized with persistence

      at ProgrammingOrchestrator.initializeWithPersistence (src/orchestrator/programmingOrchestrator.ts:336:17)

  console.log
    Γ£à TreeView provider linked to ProgrammingOrchestrator

      at ProgrammingOrchestrator.setTreeDataProvider (src/orchestrator/programmingOrchestrator.ts:297:17)

  console.log
    Γ£à CompletedTasksTreeProvider linked to ProgrammingOrchestrator

      at ProgrammingOrchestrator.setCompletedTasksProvider (src/orchestrator/programmingOrchestrator.ts:309:17)

  console.warn
    ΓÜá∩╕Å No workspace folder found ΓÇô using test mode only

    [0m [90m 27 |[39m         [36mconst[39m workspaceFolder [33m=[39m vscode[33m.[39mworkspace[33m.[39mworkspaceFolders[33m?[39m[33m.[39m[[35m0[39m][33m;[39m
     [90m 28 |[39m         [36mif[39m ([33m![39mworkspaceFolder) {
    [31m[1m>[22m[39m[90m 29 |[39m             console[33m.[39mwarn([32m'ΓÜá∩╕Å No workspace folder found ΓÇô using test mode only'[39m)[33m;[39m
     [90m    |[39m                     [31m[1m^[22m[39m
     [90m 30 |[39m             [36mreturn[39m [][33m;[39m
     [90m 31 |[39m         }
     [90m 32 |[39m[0m

      at loadTasksFromPlanFile (src/plans/planningStub.ts:29:21)
      at activate (src/extension.ts:351:58)
      at Object.<anonymous> (tests/extension.integration.test.ts:1052:9)

  console.log
    Γä╣∩╕Å  No tasks loaded from plan file

      at activate (src/extension.ts:359:25)

  console.log
    ≡ƒöä Calling treeDataProvider.refresh() after loading tasks

      at activate (src/extension.ts:370:21)

  console.log
    ΓòÉΓòÉΓòÉΓòÉΓòÉΓòÉΓòÉΓòÉΓòÉΓòÉΓòÉΓòÉΓòÉΓòÉΓòÉΓòÉΓòÉΓòÉΓòÉΓòÉΓòÉΓòÉΓòÉΓòÉΓòÉΓòÉΓòÉΓòÉΓòÉΓòÉΓòÉΓòÉΓòÉΓòÉΓòÉΓòÉΓòÉΓòÉΓòÉΓòÉΓòÉΓòÉΓòÉΓòÉΓòÉΓòÉΓòÉΓòÉΓòÉΓòÉΓòÉΓòÉΓòÉΓòÉΓòÉΓòÉΓòÉΓòÉΓòÉ

      at activate (src/extension.ts:377:17)

  console.log
    ≡ƒöì TREE VIEW DEBUG SUMMARY

      at activate (src/extension.ts:378:17)

  console.log
    ΓòÉΓòÉΓòÉΓòÉΓòÉΓòÉΓòÉΓòÉΓòÉΓòÉΓòÉΓòÉΓòÉΓòÉΓòÉΓòÉΓòÉΓòÉΓòÉΓòÉΓòÉΓòÉΓòÉΓòÉΓòÉΓòÉΓòÉΓòÉΓòÉΓòÉΓòÉΓòÉΓòÉΓòÉΓòÉΓòÉΓòÉΓòÉΓòÉΓòÉΓòÉΓòÉΓòÉΓòÉΓòÉΓòÉΓòÉΓòÉΓòÉΓòÉΓòÉΓòÉΓòÉΓòÉΓòÉΓòÉΓòÉΓòÉΓòÉ

      at activate (src/extension.ts:379:17)

  console.log
    ≡ƒôè Total tasks in orchestrator: 0

      at activate (src/extension.ts:380:17)

  console.log
    ≡ƒöì getReadyTasks() called - Total queue size: 0

      at ProgrammingOrchestrator.getReadyTasks (src/orchestrator/programmingOrchestrator.ts:694:17)

  console.log
    ≡ƒôè getReadyTasks() returning 0 tasks

      at ProgrammingOrchestrator.getReadyTasks (src/orchestrator/programmingOrchestrator.ts:722:17)

  console.log
    Γ£à Ready tasks: 0

      at activate (src/extension.ts:381:17)

  console.log
    ≡ƒî│ Tree provider initialized: true

      at activate (src/extension.ts:382:17)

  console.log
    ≡ƒô║ Tree views created: true

      at activate (src/extension.ts:383:17)

  console.log
    ≡ƒöì getReadyTasks() called - Total queue size: 0

      at ProgrammingOrchestrator.getReadyTasks (src/orchestrator/programmingOrchestrator.ts:694:17)

  console.log
    ≡ƒôè getReadyTasks() returning 0 tasks

      at ProgrammingOrchestrator.getReadyTasks (src/orchestrator/programmingOrchestrator.ts:722:17)

  console.log
    ΓÜá∩╕Å  No ready tasks found! Check task status in orchestrator.

      at activate (src/extension.ts:392:25)

  console.log
    ΓòÉΓòÉΓòÉΓòÉΓòÉΓòÉΓòÉΓòÉΓòÉΓòÉΓòÉΓòÉΓòÉΓòÉΓòÉΓòÉΓòÉΓòÉΓòÉΓòÉΓòÉΓòÉΓòÉΓòÉΓòÉΓòÉΓòÉΓòÉΓòÉΓòÉΓòÉΓòÉΓòÉΓòÉΓòÉΓòÉΓòÉΓòÉΓòÉΓòÉΓòÉΓòÉΓòÉΓòÉΓòÉΓòÉΓòÉΓòÉΓòÉΓòÉΓòÉΓòÉΓòÉΓòÉΓòÉΓòÉΓòÉΓòÉΓòÉ

      at activate (src/extension.ts:395:17)

  console.log


      at activate (src/extension.ts:396:17)

  console.error
    Γ¥î COE Activation failed: Cannot read properties of undefined (reading 'get')

    [0m [90m 1279 |[39m     } [36mcatch[39m (error) {
     [90m 1280 |[39m         [36mconst[39m errorMsg [33m=[39m error [36minstanceof[39m [33mError[39m [33m?[39m error[33m.[39mmessage [33m:[39m [33mString[39m(error)[33m;[39m
    [31m[1m>[22m[39m[90m 1281 |[39m         console[33m.[39merror([32m'Γ¥î COE Activation failed:'[39m[33m,[39m errorMsg)[33m;[39m
     [90m      |[39m                 [31m[1m^[22m[39m
     [90m 1282 |[39m
     [90m 1283 |[39m         [36mif[39m (orchestratorOutputChannel) {
     [90m 1284 |[39m             orchestratorOutputChannel[33m.[39mappendLine([32m`Γ¥î ACTIVATION FAILED: ${errorMsg}`[39m)[33m;[39m[0m

      at activate (src/extension.ts:1281:17)
      at Object.<anonymous> (tests/extension.integration.test.ts:1052:9)

  console.log
    ≡ƒôï Task added to queue: real-task-final (Priority: P1, Status: ready)

      at ProgrammingOrchestrator.addTask (src/orchestrator/programmingOrchestrator.ts:647:17)

  console.log
    ≡ƒî▓ TreeView refreshed after queue change

      at ProgrammingOrchestrator.notifyTreeViewUpdate (src/orchestrator/programmingOrchestrator.ts:319:21)

  console.log
    ≡ƒÜÇ COE Activated

      at activate (src/extension.ts:139:13)

  console.warn
    No workspace root found, using defaults

    [0m [90m 108 |[39m             [36mconst[39m root [33m=[39m workspaceRoot [33m||[39m [36mthis[39m[33m.[39mgetWorkspaceRoot()[33m;[39m
     [90m 109 |[39m             [36mif[39m ([33m![39mroot) {
    [31m[1m>[22m[39m[90m 110 |[39m                 console[33m.[39mwarn([32m'No workspace root found, using defaults'[39m)[33m;[39m
     [90m     |[39m                         [31m[1m^[22m[39m
     [90m 111 |[39m                 [36mthis[39m[33m.[39minstance [33m=[39m [33mDEFAULT_CONFIG[39m[33m;[39m
     [90m 112 |[39m                 [36mreturn[39m[33m;[39m
     [90m 113 |[39m             }[0m

      at FileConfigManager.initialize (src/utils/fileConfig.ts:110:25)
      at activate (src/extension.ts:177:37)
      at Object.<anonymous> (tests/extension.integration.test.ts:1100:30)

  console.log
    [COE.Extension] Γä╣∩╕Å Programming Orchestrator: Initializing...

      at SimpleLogger.info (src/orchestrator/programmingOrchestrator.ts:1436:17)

  console.log
    [COE.Extension] Γä╣∩╕Å Γ£à Programming Orchestrator: Ready (one-thing-at-a-time enforced)

      at SimpleLogger.info (src/orchestrator/programmingOrchestrator.ts:1436:17)

  console.log
    ≡ƒôª No persisted tasks found, starting fresh

      at ProgrammingOrchestrator.loadPersistedTasks (src/orchestrator/programmingOrchestrator.ts:354:25)

  console.log
    Γä╣∩╕Å No tasks to reconcile (queue empty)

      at ProgrammingOrchestrator.reconcileTasks (src/orchestrator/programmingOrchestrator.ts:420:21)

  console.log
    Γ£à ProgrammingOrchestrator initialized with persistence

      at ProgrammingOrchestrator.initializeWithPersistence (src/orchestrator/programmingOrchestrator.ts:336:17)

  console.log
    Γ£à TreeView provider linked to ProgrammingOrchestrator

      at ProgrammingOrchestrator.setTreeDataProvider (src/orchestrator/programmingOrchestrator.ts:297:17)

  console.log
    Γ£à CompletedTasksTreeProvider linked to ProgrammingOrchestrator

      at ProgrammingOrchestrator.setCompletedTasksProvider (src/orchestrator/programmingOrchestrator.ts:309:17)

  console.warn
    ΓÜá∩╕Å No workspace folder found ΓÇô using test mode only

    [0m [90m 27 |[39m         [36mconst[39m workspaceFolder [33m=[39m vscode[33m.[39mworkspace[33m.[39mworkspaceFolders[33m?[39m[33m.[39m[[35m0[39m][33m;[39m
     [90m 28 |[39m         [36mif[39m ([33m![39mworkspaceFolder) {
    [31m[1m>[22m[39m[90m 29 |[39m             console[33m.[39mwarn([32m'ΓÜá∩╕Å No workspace folder found ΓÇô using test mode only'[39m)[33m;[39m
     [90m    |[39m                     [31m[1m^[22m[39m
     [90m 30 |[39m             [36mreturn[39m [][33m;[39m
     [90m 31 |[39m         }
     [90m 32 |[39m[0m

      at loadTasksFromPlanFile (src/plans/planningStub.ts:29:21)
      at activate (src/extension.ts:351:58)
      at Object.<anonymous> (tests/extension.integration.test.ts:1100:9)

  console.log
    Γä╣∩╕Å  No tasks loaded from plan file

      at activate (src/extension.ts:359:25)

  console.log
    ≡ƒöä Calling treeDataProvider.refresh() after loading tasks

      at activate (src/extension.ts:370:21)

  console.log
    ΓòÉΓòÉΓòÉΓòÉΓòÉΓòÉΓòÉΓòÉΓòÉΓòÉΓòÉΓòÉΓòÉΓòÉΓòÉΓòÉΓòÉΓòÉΓòÉΓòÉΓòÉΓòÉΓòÉΓòÉΓòÉΓòÉΓòÉΓòÉΓòÉΓòÉΓòÉΓòÉΓòÉΓòÉΓòÉΓòÉΓòÉΓòÉΓòÉΓòÉΓòÉΓòÉΓòÉΓòÉΓòÉΓòÉΓòÉΓòÉΓòÉΓòÉΓòÉΓòÉΓòÉΓòÉΓòÉΓòÉΓòÉΓòÉΓòÉ

      at activate (src/extension.ts:377:17)

  console.log
    ≡ƒöì TREE VIEW DEBUG SUMMARY

      at activate (src/extension.ts:378:17)

  console.log
    ΓòÉΓòÉΓòÉΓòÉΓòÉΓòÉΓòÉΓòÉΓòÉΓòÉΓòÉΓòÉΓòÉΓòÉΓòÉΓòÉΓòÉΓòÉΓòÉΓòÉΓòÉΓòÉΓòÉΓòÉΓòÉΓòÉΓòÉΓòÉΓòÉΓòÉΓòÉΓòÉΓòÉΓòÉΓòÉΓòÉΓòÉΓòÉΓòÉΓòÉΓòÉΓòÉΓòÉΓòÉΓòÉΓòÉΓòÉΓòÉΓòÉΓòÉΓòÉΓòÉΓòÉΓòÉΓòÉΓòÉΓòÉΓòÉΓòÉ

      at activate (src/extension.ts:379:17)

  console.log
    ≡ƒôè Total tasks in orchestrator: 0

      at activate (src/extension.ts:380:17)

  console.log
    ≡ƒöì getReadyTasks() called - Total queue size: 0

      at ProgrammingOrchestrator.getReadyTasks (src/orchestrator/programmingOrchestrator.ts:694:17)

  console.log
    ≡ƒôè getReadyTasks() returning 0 tasks

      at ProgrammingOrchestrator.getReadyTasks (src/orchestrator/programmingOrchestrator.ts:722:17)

  console.log
    Γ£à Ready tasks: 0

      at activate (src/extension.ts:381:17)

  console.log
    ≡ƒî│ Tree provider initialized: true

      at activate (src/extension.ts:382:17)

  console.log
    ≡ƒô║ Tree views created: true

      at activate (src/extension.ts:383:17)

  console.log
    ≡ƒöì getReadyTasks() called - Total queue size: 0

      at ProgrammingOrchestrator.getReadyTasks (src/orchestrator/programmingOrchestrator.ts:694:17)

  console.log
    ≡ƒôè getReadyTasks() returning 0 tasks

      at ProgrammingOrchestrator.getReadyTasks (src/orchestrator/programmingOrchestrator.ts:722:17)

  console.log
    ΓÜá∩╕Å  No ready tasks found! Check task status in orchestrator.

      at activate (src/extension.ts:392:25)

  console.log
    ΓòÉΓòÉΓòÉΓòÉΓòÉΓòÉΓòÉΓòÉΓòÉΓòÉΓòÉΓòÉΓòÉΓòÉΓòÉΓòÉΓòÉΓòÉΓòÉΓòÉΓòÉΓòÉΓòÉΓòÉΓòÉΓòÉΓòÉΓòÉΓòÉΓòÉΓòÉΓòÉΓòÉΓòÉΓòÉΓòÉΓòÉΓòÉΓòÉΓòÉΓòÉΓòÉΓòÉΓòÉΓòÉΓòÉΓòÉΓòÉΓòÉΓòÉΓòÉΓòÉΓòÉΓòÉΓòÉΓòÉΓòÉΓòÉΓòÉ

      at activate (src/extension.ts:395:17)

  console.log


      at activate (src/extension.ts:396:17)

  console.error
    Γ¥î COE Activation failed: Cannot read properties of undefined (reading 'get')

    [0m [90m 1279 |[39m     } [36mcatch[39m (error) {
     [90m 1280 |[39m         [36mconst[39m errorMsg [33m=[39m error [36minstanceof[39m [33mError[39m [33m?[39m error[33m.[39mmessage [33m:[39m [33mString[39m(error)[33m;[39m
    [31m[1m>[22m[39m[90m 1281 |[39m         console[33m.[39merror([32m'Γ¥î COE Activation failed:'[39m[33m,[39m errorMsg)[33m;[39m
     [90m      |[39m                 [31m[1m^[22m[39m
     [90m 1282 |[39m
     [90m 1283 |[39m         [36mif[39m (orchestratorOutputChannel) {
     [90m 1284 |[39m             orchestratorOutputChannel[33m.[39mappendLine([32m`Γ¥î ACTIVATION FAILED: ${errorMsg}`[39m)[33m;[39m[0m

      at activate (src/extension.ts:1281:17)
      at Object.<anonymous> (tests/extension.integration.test.ts:1100:9)

  console.log
    ≡ƒÜÇ COE Activated

      at activate (src/extension.ts:139:13)

  console.warn
    No workspace root found, using defaults

    [0m [90m 108 |[39m             [36mconst[39m root [33m=[39m workspaceRoot [33m||[39m [36mthis[39m[33m.[39mgetWorkspaceRoot()[33m;[39m
     [90m 109 |[39m             [36mif[39m ([33m![39mroot) {
    [31m[1m>[22m[39m[90m 110 |[39m                 console[33m.[39mwarn([32m'No workspace root found, using defaults'[39m)[33m;[39m
     [90m     |[39m                         [31m[1m^[22m[39m
     [90m 111 |[39m                 [36mthis[39m[33m.[39minstance [33m=[39m [33mDEFAULT_CONFIG[39m[33m;[39m
     [90m 112 |[39m                 [36mreturn[39m[33m;[39m
     [90m 113 |[39m             }[0m

      at FileConfigManager.initialize (src/utils/fileConfig.ts:110:25)
      at activate (src/extension.ts:177:37)
      at Object.<anonymous> (tests/extension.integration.test.ts:1138:30)

  console.log
    [COE.Extension] Γä╣∩╕Å Programming Orchestrator: Initializing...

      at SimpleLogger.info (src/orchestrator/programmingOrchestrator.ts:1436:17)

  console.log
    [COE.Extension] Γä╣∩╕Å Γ£à Programming Orchestrator: Ready (one-thing-at-a-time enforced)

      at SimpleLogger.info (src/orchestrator/programmingOrchestrator.ts:1436:17)

  console.log
    ≡ƒôª No persisted tasks found, starting fresh

      at ProgrammingOrchestrator.loadPersistedTasks (src/orchestrator/programmingOrchestrator.ts:354:25)

  console.log
    Γä╣∩╕Å No tasks to reconcile (queue empty)

      at ProgrammingOrchestrator.reconcileTasks (src/orchestrator/programmingOrchestrator.ts:420:21)

  console.log
    Γ£à ProgrammingOrchestrator initialized with persistence

      at ProgrammingOrchestrator.initializeWithPersistence (src/orchestrator/programmingOrchestrator.ts:336:17)

  console.warn
    ΓÜá∩╕Å No workspace folder found ΓÇô using test mode only

    [0m [90m 27 |[39m         [36mconst[39m workspaceFolder [33m=[39m vscode[33m.[39mworkspace[33m.[39mworkspaceFolders[33m?[39m[33m.[39m[[35m0[39m][33m;[39m
     [90m 28 |[39m         [36mif[39m ([33m![39mworkspaceFolder) {
    [31m[1m>[22m[39m[90m 29 |[39m             console[33m.[39mwarn([32m'ΓÜá∩╕Å No workspace folder found ΓÇô using test mode only'[39m)[33m;[39m
     [90m    |[39m                     [31m[1m^[22m[39m
     [90m 30 |[39m             [36mreturn[39m [][33m;[39m
     [90m 31 |[39m         }
     [90m 32 |[39m[0m

      at loadTasksFromPlanFile (src/plans/planningStub.ts:29:21)
      at activate (src/extension.ts:351:58)
      at Object.<anonymous> (tests/extension.integration.test.ts:1138:9)

  console.log
    Γä╣∩╕Å  No tasks loaded from plan file

      at activate (src/extension.ts:359:25)

  console.log
    ≡ƒöä Calling treeDataProvider.refresh() after loading tasks

      at activate (src/extension.ts:370:21)

  console.log
    ΓòÉΓòÉΓòÉΓòÉΓòÉΓòÉΓòÉΓòÉΓòÉΓòÉΓòÉΓòÉΓòÉΓòÉΓòÉΓòÉΓòÉΓòÉΓòÉΓòÉΓòÉΓòÉΓòÉΓòÉΓòÉΓòÉΓòÉΓòÉΓòÉΓòÉΓòÉΓòÉΓòÉΓòÉΓòÉΓòÉΓòÉΓòÉΓòÉΓòÉΓòÉΓòÉΓòÉΓòÉΓòÉΓòÉΓòÉΓòÉΓòÉΓòÉΓòÉΓòÉΓòÉΓòÉΓòÉΓòÉΓòÉΓòÉΓòÉ

      at activate (src/extension.ts:377:17)

  console.log
    ≡ƒöì TREE VIEW DEBUG SUMMARY

      at activate (src/extension.ts:378:17)

  console.log
    ΓòÉΓòÉΓòÉΓòÉΓòÉΓòÉΓòÉΓòÉΓòÉΓòÉΓòÉΓòÉΓòÉΓòÉΓòÉΓòÉΓòÉΓòÉΓòÉΓòÉΓòÉΓòÉΓòÉΓòÉΓòÉΓòÉΓòÉΓòÉΓòÉΓòÉΓòÉΓòÉΓòÉΓòÉΓòÉΓòÉΓòÉΓòÉΓòÉΓòÉΓòÉΓòÉΓòÉΓòÉΓòÉΓòÉΓòÉΓòÉΓòÉΓòÉΓòÉΓòÉΓòÉΓòÉΓòÉΓòÉΓòÉΓòÉΓòÉ

      at activate (src/extension.ts:379:17)

  console.log
    ≡ƒôè Total tasks in orchestrator: 0

      at activate (src/extension.ts:380:17)

  console.log
    ≡ƒöì getReadyTasks() called - Total queue size: 0

      at ProgrammingOrchestrator.getReadyTasks (src/orchestrator/programmingOrchestrator.ts:694:17)

  console.log
    ≡ƒôè getReadyTasks() returning 0 tasks

      at ProgrammingOrchestrator.getReadyTasks (src/orchestrator/programmingOrchestrator.ts:722:17)

  console.log
    Γ£à Ready tasks: 0

      at activate (src/extension.ts:381:17)

  console.log
    ≡ƒî│ Tree provider initialized: true

      at activate (src/extension.ts:382:17)

  console.log
    ≡ƒô║ Tree views created: false

      at activate (src/extension.ts:383:17)

  console.log
    ≡ƒöì getReadyTasks() called - Total queue size: 0

      at ProgrammingOrchestrator.getReadyTasks (src/orchestrator/programmingOrchestrator.ts:694:17)

  console.log
    ≡ƒôè getReadyTasks() returning 0 tasks

      at ProgrammingOrchestrator.getReadyTasks (src/orchestrator/programmingOrchestrator.ts:722:17)

  console.log
    ΓÜá∩╕Å  No ready tasks found! Check task status in orchestrator.

      at activate (src/extension.ts:392:25)

  console.log
    ΓòÉΓòÉΓòÉΓòÉΓòÉΓòÉΓòÉΓòÉΓòÉΓòÉΓòÉΓòÉΓòÉΓòÉΓòÉΓòÉΓòÉΓòÉΓòÉΓòÉΓòÉΓòÉΓòÉΓòÉΓòÉΓòÉΓòÉΓòÉΓòÉΓòÉΓòÉΓòÉΓòÉΓòÉΓòÉΓòÉΓòÉΓòÉΓòÉΓòÉΓòÉΓòÉΓòÉΓòÉΓòÉΓòÉΓòÉΓòÉΓòÉΓòÉΓòÉΓòÉΓòÉΓòÉΓòÉΓòÉΓòÉΓòÉΓòÉ

      at activate (src/extension.ts:395:17)

  console.log


      at activate (src/extension.ts:396:17)

  console.error
    Γ¥î COE Activation failed: Cannot read properties of undefined (reading 'get')

    [0m [90m 1279 |[39m     } [36mcatch[39m (error) {
     [90m 1280 |[39m         [36mconst[39m errorMsg [33m=[39m error [36minstanceof[39m [33mError[39m [33m?[39m error[33m.[39mmessage [33m:[39m [33mString[39m(error)[33m;[39m
    [31m[1m>[22m[39m[90m 1281 |[39m         console[33m.[39merror([32m'Γ¥î COE Activation failed:'[39m[33m,[39m errorMsg)[33m;[39m
     [90m      |[39m                 [31m[1m^[22m[39m
     [90m 1282 |[39m
     [90m 1283 |[39m         [36mif[39m (orchestratorOutputChannel) {
     [90m 1284 |[39m             orchestratorOutputChannel[33m.[39mappendLine([32m`Γ¥î ACTIVATION FAILED: ${errorMsg}`[39m)[33m;[39m[0m

      at activate (src/extension.ts:1281:17)
      at Object.<anonymous> (tests/extension.integration.test.ts:1138:9)


  ΓùÅ  Cannot log after tests are done. Did you forget to wait for something async in your test?
    Attempted to log "≡ƒÆ╛ Queue saved to storage (1 tasks)".

      520 |                 await this.workspaceState.update(this.STORAGE_KEY, tasksToSave);
      521 |
    > 522 |                 console.log(`≡ƒÆ╛ Queue saved to storage (${tasksToSave.length} tasks)`);
          |                         ^
      523 |             } catch (error) {
      524 |                 console.error('Γ¥î Failed to save task queue:', error);
      525 |

      at console.log (node_modules/@jest/console/build/CustomConsole.js:141:10)
      at Timeout._onTimeout (src/orchestrator/programmingOrchestrator.ts:522:25)


  ΓùÅ  Cannot log after tests are done. Did you forget to wait for something async in your test?
    Attempted to log "≡ƒÆ╛ Queue saved to storage (1 tasks)".

      520 |                 await this.workspaceState.update(this.STORAGE_KEY, tasksToSave);
      521 |
    > 522 |                 console.log(`≡ƒÆ╛ Queue saved to storage (${tasksToSave.length} tasks)`);
          |                         ^
      523 |             } catch (error) {
      524 |                 console.error('Γ¥î Failed to save task queue:', error);
      525 |

      at console.log (node_modules/@jest/console/build/CustomConsole.js:141:10)
      at Timeout._onTimeout (src/orchestrator/programmingOrchestrator.ts:522:25)


  ΓùÅ  Cannot log after tests are done. Did you forget to wait for something async in your test?
    Attempted to log "≡ƒÆ╛ Queue saved to storage (1 tasks)".

      520 |                 await this.workspaceState.update(this.STORAGE_KEY, tasksToSave);
      521 |
    > 522 |                 console.log(`≡ƒÆ╛ Queue saved to storage (${tasksToSave.length} tasks)`);
          |                         ^
      523 |             } catch (error) {
      524 |                 console.error('Γ¥î Failed to save task queue:', error);
      525 |

      at console.log (node_modules/@jest/console/build/CustomConsole.js:141:10)
      at Timeout._onTimeout (src/orchestrator/programmingOrchestrator.ts:522:25)


  ΓùÅ  Cannot log after tests are done. Did you forget to wait for something async in your test?
    Attempted to log "≡ƒÆ╛ Queue saved to storage (1 tasks)".

      520 |                 await this.workspaceState.update(this.STORAGE_KEY, tasksToSave);
      521 |
    > 522 |                 console.log(`≡ƒÆ╛ Queue saved to storage (${tasksToSave.length} tasks)`);
          |                         ^
      523 |             } catch (error) {
      524 |                 console.error('Γ¥î Failed to save task queue:', error);
      525 |

      at console.log (node_modules/@jest/console/build/CustomConsole.js:141:10)
      at Timeout._onTimeout (src/orchestrator/programmingOrchestrator.ts:522:25)


  ΓùÅ  Cannot log after tests are done. Did you forget to wait for something async in your test?
    Attempted to log "≡ƒÆ╛ Queue saved to storage (2 tasks)".

      520 |                 await this.workspaceState.update(this.STORAGE_KEY, tasksToSave);
      521 |
    > 522 |                 console.log(`≡ƒÆ╛ Queue saved to storage (${tasksToSave.length} tasks)`);
          |                         ^
      523 |             } catch (error) {
      524 |                 console.error('Γ¥î Failed to save task queue:', error);
      525 |

      at console.log (node_modules/@jest/console/build/CustomConsole.js:141:10)
      at Timeout._onTimeout (src/orchestrator/programmingOrchestrator.ts:522:25)


  ΓùÅ  Cannot log after tests are done. Did you forget to wait for something async in your test?
    Attempted to log "≡ƒÆ╛ Queue saved to storage (1 tasks)".

      520 |                 await this.workspaceState.update(this.STORAGE_KEY, tasksToSave);
      521 |
    > 522 |                 console.log(`≡ƒÆ╛ Queue saved to storage (${tasksToSave.length} tasks)`);
          |                         ^
      523 |             } catch (error) {
      524 |                 console.error('Γ¥î Failed to save task queue:', error);
      525 |

      at console.log (node_modules/@jest/console/build/CustomConsole.js:141:10)
      at Timeout._onTimeout (src/orchestrator/programmingOrchestrator.ts:522:25)

FAIL tests/extension.integration.test.ts
  COE Extension Integration
    ΓêÜ should return null initially before activation (6 ms)
    ΓêÜ should create "COE Orchestrator" output channel during activation (92 ms)
    ΓêÜ should call setupMissingFiles to ensure workspace files exist (41 ms)
    ΓêÜ should initialize ProgrammingOrchestrator during activation (48 ms)
    ΓêÜ should show success message after initialization (36 ms)
    ΓêÜ should register "coe.testOrchestrator" command (35 ms)
    ΓêÜ should push command disposables to context subscriptions (46 ms)
    ΓêÜ should shutdown orchestrator during deactivation (265 ms)
    ΓêÜ should handle test command execution (fake task add/retrieve) (48 ms)
    ΓêÜ should import TaskPriority correctly
    ΓêÜ should import TaskStatus correctly
  COE Status Bar Item
    ΓêÜ should create status bar item with correct alignment and priority (65 ms)
    ΓêÜ should set initial status bar text with sync icon (41 ms)
    ΓêÜ should push status bar item to context subscriptions for disposal (28 ms)
    ΓêÜ should display status bar when queue is empty (36 ms)
    ΓêÜ should update status bar text when fake tasks are added via test command (44 ms)
    ΓêÜ should dispose status bar item during deactivation (314 ms)
    ΓêÜ should set command to "coe.testOrchestrator" for clickability (57 ms)
  COE Test Command - Repeated Execution
    ΓêÜ should successfully run test command on first execution (46 ms)
    ΓêÜ should successfully run test command on second execution without errors (139 ms)
    ├ù should handle 3 sequential test command runs without throwing (49 ms)
    ├ù should support multiple sequential fake tasks without queue blocking (105 ms)
    ├ù should update status bar from active to waiting after task completion (89 ms)
    ├ù should not leave active task state after test completion (96 ms)
    ├ù should register coe.processNextTask command during activation (49 ms)
    ΓêÜ should update status bar command to processNextTask (90 ms)
    ΓêÜ should process next task and show working status (76 ms)
    ΓêÜ should show message when no tasks available (97 ms)
    ΓêÜ should display task title in status bar when processing (51 ms)
    ΓêÜ should implement isBusy() method to prevent concurrent tasks (67 ms)
    ΓêÜ should disable test command when real tasks are loaded (36 ms)
    ΓêÜ should show info message when processing with no more tasks (48 ms)
    ΓêÜ should update status bar after task completion with correct remaining count (59 ms)
    ΓêÜ should show "All tasks complete" message when queue is empty (39 ms)
    ΓêÜ should show disabled message for test command when real tasks loaded (31 ms)
    ΓêÜ should activate successfully even when TicketDatabase initialization fails (30 ms)
    ΓêÜ should activate successfully even when tree view initialization fails (40 ms)

  ΓùÅ COE Test Command - Repeated Execution ΓÇ║ should handle 3 sequential test command runs without throwing

    expect(received).toBeDefined()

    Received: undefined

      562 |
      563 |         const testCallback = testCommandCall?.[1];
    > 564 |         expect(testCallback).toBeDefined();
          |                              ^
      565 |
      566 |         if (!testCallback) {
      567 |             throw new Error('coe.testOrchestrator command not registered during activation');

      at Object.<anonymous> (tests/extension.integration.test.ts:564:30)

  ΓùÅ COE Test Command - Repeated Execution ΓÇ║ should support multiple sequential fake tasks without queue blocking

    expect(received).toBeDefined()

    Received: undefined

      613 |
      614 |         const testCallback = testCommandCall?.[1];
    > 615 |         expect(testCallback).toBeDefined();
          |                              ^
      616 |
      617 |         if (!testCallback) {
      618 |             throw new Error('coe.testOrchestrator command not registered');

      at Object.<anonymous> (tests/extension.integration.test.ts:615:30)

  ΓùÅ COE Test Command - Repeated Execution ΓÇ║ should update status bar from active to waiting after task completion

    expect(received).toBeDefined()

    Received: undefined

      682 |
      683 |         const testCallback = testCommandCall?.[1];
    > 684 |         expect(testCallback).toBeDefined();
          |                              ^
      685 |
      686 |         if (!testCallback) {
      687 |             throw new Error('coe.testOrchestrator command not registered');

      at Object.<anonymous> (tests/extension.integration.test.ts:684:30)

  ΓùÅ COE Test Command - Repeated Execution ΓÇ║ should not leave active task state after test completion

    expect(received).toBeDefined()

    Received: undefined

      741 |
      742 |         const testCallback = testCommandCall?.[1];
    > 743 |         expect(testCallback).toBeDefined();
          |                              ^
      744 |
      745 |         if (!testCallback) {
      746 |             throw new Error('coe.testOrchestrator command not registered');

      at Object.<anonymous> (tests/extension.integration.test.ts:743:30)

  ΓùÅ COE Test Command - Repeated Execution ΓÇ║ should register coe.processNextTask command during activation

    expect(received).toBeDefined()

    Received: undefined

      773 |         );
      774 |
    > 775 |         expect(processNextCall).toBeDefined();
          |                                 ^
      776 |     });
      777 |
      778 |     it('should update status bar command to processNextTask', async () => {

      at Object.<anonymous> (tests/extension.integration.test.ts:775:33)

  console.log
    [2026-01-29T03:39:49.573Z] [INFO] [TicketDb] Created directory: C:\Users\weird\OneDrive\Documents\GitHub\Plan-To-Code-AI-Helper-\src\services\__tests__\test-tickets

      at Logger.log (src/utils/logger.ts:91:17)

  console.log
    [2026-01-29T03:39:49.582Z] [INFO] [TicketDb] Opening database: C:\Users\weird\OneDrive\Documents\GitHub\Plan-To-Code-AI-Helper-\src\services\__tests__\test-tickets\tickets.db

      at Logger.log (src/utils/logger.ts:91:17)

  console.log
    [2026-01-29T03:39:49.584Z] [INFO] [TicketDb] Database connection established

      at Logger.log (src/utils/logger.ts:91:17)

  console.log
    [2026-01-29T03:39:49.586Z] [INFO] [TicketDb] Creating tables...

      at Logger.log (src/utils/logger.ts:91:17)

  console.log
    [2026-01-29T03:39:49.587Z] [WARN] [TicketDb] DEV_RESET_DB=true, dropping existing tables

      at Logger.log (src/utils/logger.ts:91:17)

  console.log
    [2026-01-29T03:39:49.588Z] [INFO] [TicketDb] Dropped replies table

      at Logger.log (src/utils/logger.ts:91:17)

  console.log
    [2026-01-29T03:39:49.589Z] [INFO] [TicketDb] Dropped tickets table

      at Logger.log (src/utils/logger.ts:91:17)

  console.log
    [2026-01-29T03:39:49.591Z] [INFO] [TicketDb] Dropped meta table

      at Logger.log (src/utils/logger.ts:91:17)

  console.log
    [2026-01-29T03:39:49.591Z] [INFO] [TicketDb] Foreign keys enabled

      at Logger.log (src/utils/logger.ts:91:17)

  console.log
    [2026-01-29T03:39:49.604Z] [INFO] [TicketDb] Γ£à tickets table ready

      at Logger.log (src/utils/logger.ts:91:17)

  console.log
    [2026-01-29T03:39:49.610Z] [INFO] [TicketDb] Γ£à replies table ready

      at Logger.log (src/utils/logger.ts:91:17)

  console.log
    [2026-01-29T03:39:49.615Z] [INFO] [TicketDb] Γ£à meta table ready

      at Logger.log (src/utils/logger.ts:91:17)

  console.log
    [2026-01-29T03:39:49.621Z] [INFO] [TicketDb] Schema version set

      at Logger.log (src/utils/logger.ts:91:17)

  console.log
    [2026-01-29T03:39:49.622Z] [INFO] [TicketDb] Schema ready

      at Logger.log (src/utils/logger.ts:91:17)

  console.log
    [2026-01-29T03:39:49.622Z] [INFO] ≡ƒÄ½ TicketDb initialized with SQLite backend

      at Logger.log (src/utils/logger.ts:91:17)

  console.log
    [2026-01-29T03:39:49.624Z] [INFO] [TicketDb] Closing database at 2026-01-29T03:39:49.624Z

      at Logger.log (src/utils/logger.ts:91:17)

  console.log
    [2026-01-29T03:39:49.626Z] [INFO] [TicketDb] Γ£à Database closed successfully at 2026-01-29T03:39:49.626Z

      at Logger.log (src/utils/logger.ts:91:17)

  console.log
    [2026-01-29T03:39:49.626Z] [INFO] [TicketDb] Database handle nulled and initialization flag reset

      at Logger.log (src/utils/logger.ts:91:17)

  console.log
    [2026-01-29T03:39:49.936Z] [INFO] [TicketDb] Created directory: C:\Users\weird\OneDrive\Documents\GitHub\Plan-To-Code-AI-Helper-\src\services\__tests__\test-tickets

      at Logger.log (src/utils/logger.ts:91:17)

  console.log
    [2026-01-29T03:39:49.937Z] [INFO] [TicketDb] Opening database: C:\Users\weird\OneDrive\Documents\GitHub\Plan-To-Code-AI-Helper-\src\services\__tests__\test-tickets\tickets.db

      at Logger.log (src/utils/logger.ts:91:17)

  console.log
    [2026-01-29T03:39:49.939Z] [INFO] [TicketDb] Database connection established

      at Logger.log (src/utils/logger.ts:91:17)

  console.log
    [2026-01-29T03:39:49.939Z] [INFO] [TicketDb] Creating tables...

      at Logger.log (src/utils/logger.ts:91:17)

  console.log
    [2026-01-29T03:39:49.940Z] [WARN] [TicketDb] DEV_RESET_DB=true, dropping existing tables

      at Logger.log (src/utils/logger.ts:91:17)

  console.log
    [2026-01-29T03:39:49.942Z] [INFO] [TicketDb] Dropped replies table

      at Logger.log (src/utils/logger.ts:91:17)

  console.log
    [2026-01-29T03:39:49.943Z] [INFO] [TicketDb] Dropped tickets table

      at Logger.log (src/utils/logger.ts:91:17)

  console.log
    [2026-01-29T03:39:49.944Z] [INFO] [TicketDb] Dropped meta table

      at Logger.log (src/utils/logger.ts:91:17)

  console.log
    [2026-01-29T03:39:49.945Z] [INFO] [TicketDb] Foreign keys enabled

      at Logger.log (src/utils/logger.ts:91:17)

  console.log
    [2026-01-29T03:39:49.955Z] [INFO] [TicketDb] Γ£à tickets table ready

      at Logger.log (src/utils/logger.ts:91:17)

  console.log
    [2026-01-29T03:39:49.960Z] [INFO] [TicketDb] Γ£à replies table ready

      at Logger.log (src/utils/logger.ts:91:17)

  console.log
    [2026-01-29T03:39:49.969Z] [INFO] [TicketDb] Γ£à meta table ready

      at Logger.log (src/utils/logger.ts:91:17)

  console.log
    [2026-01-29T03:39:49.974Z] [INFO] [TicketDb] Schema version set

      at Logger.log (src/utils/logger.ts:91:17)

  console.log
    [2026-01-29T03:39:49.975Z] [INFO] [TicketDb] Schema ready

      at Logger.log (src/utils/logger.ts:91:17)

  console.log
    [2026-01-29T03:39:49.976Z] [INFO] ≡ƒÄ½ TicketDb initialized with SQLite backend

      at Logger.log (src/utils/logger.ts:91:17)

  console.log
    [2026-01-29T03:39:50.002Z] [INFO] Orchestrator not initialized, skipping routing

      at Logger.log (src/utils/logger.ts:91:17)

  console.log
    [2026-01-29T03:39:50.003Z] [INFO] [TicketDb] Closing database at 2026-01-29T03:39:50.003Z

      at Logger.log (src/utils/logger.ts:91:17)

  console.log
    [2026-01-29T03:39:50.005Z] [INFO] [TicketDb] Γ£à Database closed successfully at 2026-01-29T03:39:50.005Z

      at Logger.log (src/utils/logger.ts:91:17)

  console.log
    [2026-01-29T03:39:50.006Z] [INFO] [TicketDb] Database handle nulled and initialization flag reset

      at Logger.log (src/utils/logger.ts:91:17)

  console.log
    [2026-01-29T03:39:50.313Z] [INFO] [TicketDb] Created directory: C:\Users\weird\OneDrive\Documents\GitHub\Plan-To-Code-AI-Helper-\src\services\__tests__\test-tickets

      at Logger.log (src/utils/logger.ts:91:17)

  console.log
    [2026-01-29T03:39:50.316Z] [INFO] [TicketDb] Opening database: C:\Users\weird\OneDrive\Documents\GitHub\Plan-To-Code-AI-Helper-\src\services\__tests__\test-tickets\tickets.db

      at Logger.log (src/utils/logger.ts:91:17)

  console.log
    [2026-01-29T03:39:50.318Z] [INFO] [TicketDb] Database connection established

      at Logger.log (src/utils/logger.ts:91:17)

  console.log
    [2026-01-29T03:39:50.319Z] [INFO] [TicketDb] Creating tables...

      at Logger.log (src/utils/logger.ts:91:17)

  console.log
    [2026-01-29T03:39:50.320Z] [WARN] [TicketDb] DEV_RESET_DB=true, dropping existing tables

      at Logger.log (src/utils/logger.ts:91:17)

  console.log
    [2026-01-29T03:39:50.321Z] [INFO] [TicketDb] Dropped replies table

      at Logger.log (src/utils/logger.ts:91:17)

  console.log
    [2026-01-29T03:39:50.322Z] [INFO] [TicketDb] Dropped tickets table

      at Logger.log (src/utils/logger.ts:91:17)

  console.log
    [2026-01-29T03:39:50.323Z] [INFO] [TicketDb] Dropped meta table

      at Logger.log (src/utils/logger.ts:91:17)

  console.log
    [2026-01-29T03:39:50.324Z] [INFO] [TicketDb] Foreign keys enabled

      at Logger.log (src/utils/logger.ts:91:17)

  console.log
    [2026-01-29T03:39:50.330Z] [INFO] [TicketDb] Γ£à tickets table ready

      at Logger.log (src/utils/logger.ts:91:17)

  console.log
    [2026-01-29T03:39:50.337Z] [INFO] [TicketDb] Γ£à replies table ready

      at Logger.log (src/utils/logger.ts:91:17)

  console.log
    [2026-01-29T03:39:50.343Z] [INFO] [TicketDb] Γ£à meta table ready

      at Logger.log (src/utils/logger.ts:91:17)

  console.log
    [2026-01-29T03:39:50.396Z] [INFO] [TicketDb] Schema version set

      at Logger.log (src/utils/logger.ts:91:17)

  console.log
    [2026-01-29T03:39:50.397Z] [INFO] [TicketDb] Schema ready

      at Logger.log (src/utils/logger.ts:91:17)

  console.log
    [2026-01-29T03:39:50.400Z] [INFO] ≡ƒÄ½ TicketDb initialized with SQLite backend

      at Logger.log (src/utils/logger.ts:91:17)

  console.log
    [2026-01-29T03:39:50.508Z] [INFO] Orchestrator not initialized, skipping routing

      at Logger.log (src/utils/logger.ts:91:17)

  console.log
    [2026-01-29T03:39:50.586Z] [INFO] [TicketDb] Closing database at 2026-01-29T03:39:50.586Z

      at Logger.log (src/utils/logger.ts:91:17)

  console.log
    [2026-01-29T03:39:50.593Z] [INFO] [TicketDb] Γ£à Database closed successfully at 2026-01-29T03:39:50.593Z

      at Logger.log (src/utils/logger.ts:91:17)

  console.log
    [2026-01-29T03:39:50.594Z] [INFO] [TicketDb] Database handle nulled and initialization flag reset

      at Logger.log (src/utils/logger.ts:91:17)

  console.log
    [2026-01-29T03:39:51.013Z] [INFO] [TicketDb] Created directory: C:\Users\weird\OneDrive\Documents\GitHub\Plan-To-Code-AI-Helper-\src\services\__tests__\test-tickets

      at Logger.log (src/utils/logger.ts:91:17)

  console.log
    [2026-01-29T03:39:51.014Z] [INFO] [TicketDb] Opening database: C:\Users\weird\OneDrive\Documents\GitHub\Plan-To-Code-AI-Helper-\src\services\__tests__\test-tickets\tickets.db

      at Logger.log (src/utils/logger.ts:91:17)

  console.log
    [2026-01-29T03:39:51.016Z] [INFO] [TicketDb] Database connection established

      at Logger.log (src/utils/logger.ts:91:17)

  console.log
    [2026-01-29T03:39:51.017Z] [INFO] [TicketDb] Creating tables...

      at Logger.log (src/utils/logger.ts:91:17)

  console.log
    [2026-01-29T03:39:51.017Z] [WARN] [TicketDb] DEV_RESET_DB=true, dropping existing tables

      at Logger.log (src/utils/logger.ts:91:17)

  console.log
    [2026-01-29T03:39:51.018Z] [INFO] [TicketDb] Dropped replies table

      at Logger.log (src/utils/logger.ts:91:17)

  console.log
    [2026-01-29T03:39:51.019Z] [INFO] [TicketDb] Dropped tickets table

      at Logger.log (src/utils/logger.ts:91:17)

  console.log
    [2026-01-29T03:39:51.020Z] [INFO] [TicketDb] Dropped meta table

      at Logger.log (src/utils/logger.ts:91:17)

  console.log
    [2026-01-29T03:39:51.021Z] [INFO] [TicketDb] Foreign keys enabled

      at Logger.log (src/utils/logger.ts:91:17)

  console.log
    [2026-01-29T03:39:51.030Z] [INFO] [TicketDb] Γ£à tickets table ready

      at Logger.log (src/utils/logger.ts:91:17)

  console.log
    [2026-01-29T03:39:51.036Z] [INFO] [TicketDb] Γ£à replies table ready

      at Logger.log (src/utils/logger.ts:91:17)

  console.log
    [2026-01-29T03:39:51.040Z] [INFO] [TicketDb] Γ£à meta table ready

      at Logger.log (src/utils/logger.ts:91:17)

  console.log
    [2026-01-29T03:39:51.049Z] [INFO] [TicketDb] Schema version set

      at Logger.log (src/utils/logger.ts:91:17)

  console.log
    [2026-01-29T03:39:51.050Z] [INFO] [TicketDb] Schema ready

      at Logger.log (src/utils/logger.ts:91:17)

  console.log
    [2026-01-29T03:39:51.051Z] [INFO] ≡ƒÄ½ TicketDb initialized with SQLite backend

      at Logger.log (src/utils/logger.ts:91:17)

  console.log
    [2026-01-29T03:39:51.106Z] [INFO] Orchestrator not initialized, skipping routing

      at Logger.log (src/utils/logger.ts:91:17)

  console.log
    [2026-01-29T03:39:51.115Z] [INFO] [TicketDb] Closing database at 2026-01-29T03:39:51.115Z

      at Logger.log (src/utils/logger.ts:91:17)

  console.log
    [2026-01-29T03:39:51.118Z] [INFO] [TicketDb] Γ£à Database closed successfully at 2026-01-29T03:39:51.118Z

      at Logger.log (src/utils/logger.ts:91:17)

  console.log
    [2026-01-29T03:39:51.118Z] [INFO] [TicketDb] Database handle nulled and initialization flag reset

      at Logger.log (src/utils/logger.ts:91:17)

  console.log
    [2026-01-29T03:39:51.462Z] [INFO] [TicketDb] Created directory: C:\Users\weird\OneDrive\Documents\GitHub\Plan-To-Code-AI-Helper-\src\services\__tests__\test-tickets

      at Logger.log (src/utils/logger.ts:91:17)

  console.log
    [2026-01-29T03:39:51.463Z] [INFO] [TicketDb] Opening database: C:\Users\weird\OneDrive\Documents\GitHub\Plan-To-Code-AI-Helper-\src\services\__tests__\test-tickets\tickets.db

      at Logger.log (src/utils/logger.ts:91:17)

  console.log
    [2026-01-29T03:39:51.467Z] [INFO] [TicketDb] Database connection established

      at Logger.log (src/utils/logger.ts:91:17)

  console.log
    [2026-01-29T03:39:51.468Z] [INFO] [TicketDb] Creating tables...

      at Logger.log (src/utils/logger.ts:91:17)

  console.log
    [2026-01-29T03:39:51.468Z] [WARN] [TicketDb] DEV_RESET_DB=true, dropping existing tables

      at Logger.log (src/utils/logger.ts:91:17)

  console.log
    [2026-01-29T03:39:51.470Z] [INFO] [TicketDb] Dropped replies table

      at Logger.log (src/utils/logger.ts:91:17)

  console.log
    [2026-01-29T03:39:51.471Z] [INFO] [TicketDb] Dropped tickets table

      at Logger.log (src/utils/logger.ts:91:17)

  console.log
    [2026-01-29T03:39:51.472Z] [INFO] [TicketDb] Dropped meta table

      at Logger.log (src/utils/logger.ts:91:17)

  console.log
    [2026-01-29T03:39:51.473Z] [INFO] [TicketDb] Foreign keys enabled

      at Logger.log (src/utils/logger.ts:91:17)

  console.log
    [2026-01-29T03:39:51.479Z] [INFO] [TicketDb] Γ£à tickets table ready

      at Logger.log (src/utils/logger.ts:91:17)

  console.log
    [2026-01-29T03:39:51.484Z] [INFO] [TicketDb] Γ£à replies table ready

      at Logger.log (src/utils/logger.ts:91:17)

  console.log
    [2026-01-29T03:39:51.489Z] [INFO] [TicketDb] Γ£à meta table ready

      at Logger.log (src/utils/logger.ts:91:17)

  console.log
    [2026-01-29T03:39:51.493Z] [INFO] [TicketDb] Schema version set

      at Logger.log (src/utils/logger.ts:91:17)

  console.log
    [2026-01-29T03:39:51.494Z] [INFO] [TicketDb] Schema ready

      at Logger.log (src/utils/logger.ts:91:17)

  console.log
    [2026-01-29T03:39:51.495Z] [INFO] ≡ƒÄ½ TicketDb initialized with SQLite backend

      at Logger.log (src/utils/logger.ts:91:17)

  console.log
    [2026-01-29T03:39:51.500Z] [INFO] Orchestrator not initialized, skipping routing

      at Logger.log (src/utils/logger.ts:91:17)

  console.log
    [2026-01-29T03:39:51.501Z] [INFO] [TicketDb] Closing database at 2026-01-29T03:39:51.501Z

      at Logger.log (src/utils/logger.ts:91:17)

  console.log
    [2026-01-29T03:39:51.502Z] [INFO] [TicketDb] Γ£à Database closed successfully at 2026-01-29T03:39:51.502Z

      at Logger.log (src/utils/logger.ts:91:17)

  console.log
    [2026-01-29T03:39:51.503Z] [INFO] [TicketDb] Database handle nulled and initialization flag reset

      at Logger.log (src/utils/logger.ts:91:17)

  console.log
    [2026-01-29T03:39:51.504Z] [INFO] [TicketDb] Opening database: C:\Users\weird\OneDrive\Documents\GitHub\Plan-To-Code-AI-Helper-\src\services\__tests__\test-tickets\tickets.db

      at Logger.log (src/utils/logger.ts:91:17)

  console.log
    [2026-01-29T03:39:51.505Z] [INFO] [TicketDb] Database connection established

      at Logger.log (src/utils/logger.ts:91:17)

  console.log
    [2026-01-29T03:39:51.506Z] [INFO] [TicketDb] Creating tables...

      at Logger.log (src/utils/logger.ts:91:17)

  console.log
    [2026-01-29T03:39:51.507Z] [INFO] [TicketDb] Foreign keys enabled

      at Logger.log (src/utils/logger.ts:91:17)

  console.log
    [2026-01-29T03:39:51.508Z] [INFO] [TicketDb] Γ£à tickets table ready

      at Logger.log (src/utils/logger.ts:91:17)

  console.log
    [2026-01-29T03:39:51.509Z] [INFO] [TicketDb] Γ£à replies table ready

      at Logger.log (src/utils/logger.ts:91:17)

  console.log
    [2026-01-29T03:39:51.510Z] [INFO] [TicketDb] Γ£à meta table ready

      at Logger.log (src/utils/logger.ts:91:17)

  console.log
    [2026-01-29T03:39:51.511Z] [INFO] [TicketDb] Schema version set

      at Logger.log (src/utils/logger.ts:91:17)

  console.log
    [2026-01-29T03:39:51.511Z] [INFO] [TicketDb] Schema ready

      at Logger.log (src/utils/logger.ts:91:17)

  console.log
    [2026-01-29T03:39:51.512Z] [INFO] ≡ƒÄ½ TicketDb initialized with SQLite backend

      at Logger.log (src/utils/logger.ts:91:17)

  console.log
    [2026-01-29T03:39:51.513Z] [INFO] [TicketDb] Closing database at 2026-01-29T03:39:51.513Z

      at Logger.log (src/utils/logger.ts:91:17)

  console.log
    [2026-01-29T03:39:51.514Z] [INFO] [TicketDb] Γ£à Database closed successfully at 2026-01-29T03:39:51.514Z

      at Logger.log (src/utils/logger.ts:91:17)

  console.log
    [2026-01-29T03:39:51.515Z] [INFO] [TicketDb] Database handle nulled and initialization flag reset

      at Logger.log (src/utils/logger.ts:91:17)

  console.log
    [2026-01-29T03:39:51.515Z] [INFO] [TicketDb] No database to close

      at Logger.log (src/utils/logger.ts:91:17)

  console.log
    [2026-01-29T03:39:51.847Z] [INFO] [TicketDb] Opening database: \invalid\readonly\path\that\cannot\be\created\tickets.db

      at Logger.log (src/utils/logger.ts:91:17)

  console.log
    [2026-01-29T03:39:51.876Z] [INFO] [TicketDb] Database connection established

      at Logger.log (src/utils/logger.ts:91:17)

  console.log
    [2026-01-29T03:39:51.877Z] [INFO] [TicketDb] Creating tables...

      at Logger.log (src/utils/logger.ts:91:17)

  console.log
    [2026-01-29T03:39:51.878Z] [WARN] [TicketDb] DEV_RESET_DB=true, dropping existing tables

      at Logger.log (src/utils/logger.ts:91:17)

  console.log
    [2026-01-29T03:39:51.917Z] [INFO] [TicketDb] Dropped replies table

      at Logger.log (src/utils/logger.ts:91:17)

  console.log
    [2026-01-29T03:39:51.928Z] [INFO] [TicketDb] Dropped tickets table

      at Logger.log (src/utils/logger.ts:91:17)

  console.log
    [2026-01-29T03:39:51.978Z] [INFO] [TicketDb] Dropped meta table

      at Logger.log (src/utils/logger.ts:91:17)

  console.log
    [2026-01-29T03:39:51.997Z] [INFO] [TicketDb] Foreign keys enabled

      at Logger.log (src/utils/logger.ts:91:17)

  console.log
    [2026-01-29T03:39:52.013Z] [INFO] [TicketDb] Γ£à tickets table ready

      at Logger.log (src/utils/logger.ts:91:17)

  console.log
    [2026-01-29T03:39:52.036Z] [INFO] [TicketDb] Γ£à replies table ready

      at Logger.log (src/utils/logger.ts:91:17)

  console.log
    [2026-01-29T03:39:52.050Z] [INFO] [TicketDb] Γ£à meta table ready

      at Logger.log (src/utils/logger.ts:91:17)

  console.log
    [2026-01-29T03:39:52.060Z] [INFO] [TicketDb] Schema version set

      at Logger.log (src/utils/logger.ts:91:17)

  console.log
    [2026-01-29T03:39:52.062Z] [INFO] [TicketDb] Schema ready

      at Logger.log (src/utils/logger.ts:91:17)

  console.log
    [2026-01-29T03:39:52.063Z] [INFO] ≡ƒÄ½ TicketDb initialized with SQLite backend

      at Logger.log (src/utils/logger.ts:91:17)

  console.log
    [2026-01-29T03:39:52.095Z] [INFO] Orchestrator not initialized, skipping routing

      at Logger.log (src/utils/logger.ts:91:17)

  console.log
    [2026-01-29T03:39:52.193Z] [INFO] [TicketDb] No database to close

      at Logger.log (src/utils/logger.ts:91:17)

  console.log
    [2026-01-29T03:39:52.510Z] [INFO] [TicketDb] Created directory: C:\Users\weird\OneDrive\Documents\GitHub\Plan-To-Code-AI-Helper-\src\services\__tests__\test-tickets

      at Logger.log (src/utils/logger.ts:91:17)

  console.log
    [2026-01-29T03:39:52.511Z] [INFO] [TicketDb] Opening database: C:\Users\weird\OneDrive\Documents\GitHub\Plan-To-Code-AI-Helper-\src\services\__tests__\test-tickets\tickets.db

      at Logger.log (src/utils/logger.ts:91:17)

  console.log
    [2026-01-29T03:39:52.514Z] [INFO] [TicketDb] Database connection established

      at Logger.log (src/utils/logger.ts:91:17)

  console.log
    [2026-01-29T03:39:52.515Z] [INFO] [TicketDb] Creating tables...

      at Logger.log (src/utils/logger.ts:91:17)

  console.log
    [2026-01-29T03:39:52.516Z] [WARN] [TicketDb] DEV_RESET_DB=true, dropping existing tables

      at Logger.log (src/utils/logger.ts:91:17)

  console.log
    [2026-01-29T03:39:52.519Z] [INFO] [TicketDb] Dropped replies table

      at Logger.log (src/utils/logger.ts:91:17)

  console.log
    [2026-01-29T03:39:52.520Z] [INFO] [TicketDb] Dropped tickets table

      at Logger.log (src/utils/logger.ts:91:17)

  console.log
    [2026-01-29T03:39:52.524Z] [INFO] [TicketDb] Dropped meta table

      at Logger.log (src/utils/logger.ts:91:17)

  console.log
    [2026-01-29T03:39:52.525Z] [INFO] [TicketDb] Foreign keys enabled

      at Logger.log (src/utils/logger.ts:91:17)

  console.log
    [2026-01-29T03:39:52.532Z] [INFO] [TicketDb] Γ£à tickets table ready

      at Logger.log (src/utils/logger.ts:91:17)

  console.log
    [2026-01-29T03:39:52.540Z] [INFO] [TicketDb] Γ£à replies table ready

      at Logger.log (src/utils/logger.ts:91:17)

  console.log
    [2026-01-29T03:39:52.545Z] [INFO] [TicketDb] Γ£à meta table ready

      at Logger.log (src/utils/logger.ts:91:17)

  console.log
    [2026-01-29T03:39:52.550Z] [INFO] [TicketDb] Schema version set

      at Logger.log (src/utils/logger.ts:91:17)

  console.log
    [2026-01-29T03:39:52.551Z] [INFO] [TicketDb] Schema ready

      at Logger.log (src/utils/logger.ts:91:17)

  console.log
    [2026-01-29T03:39:52.552Z] [INFO] ≡ƒÄ½ TicketDb initialized with SQLite backend

      at Logger.log (src/utils/logger.ts:91:17)

  console.log
    [2026-01-29T03:39:52.552Z] [INFO] [TicketDb] Already initialized, skipping

      at Logger.log (src/utils/logger.ts:91:17)

  console.log
    [2026-01-29T03:39:52.558Z] [INFO] Orchestrator not initialized, skipping routing

      at Logger.log (src/utils/logger.ts:91:17)

  console.log
    [2026-01-29T03:39:52.559Z] [INFO] [TicketDb] Closing database at 2026-01-29T03:39:52.559Z

      at Logger.log (src/utils/logger.ts:91:17)

  console.log
    [2026-01-29T03:39:52.560Z] [INFO] [TicketDb] Γ£à Database closed successfully at 2026-01-29T03:39:52.560Z

      at Logger.log (src/utils/logger.ts:91:17)

  console.log
    [2026-01-29T03:39:52.561Z] [INFO] [TicketDb] Database handle nulled and initialization flag reset

      at Logger.log (src/utils/logger.ts:91:17)

  console.log
    [2026-01-29T03:39:52.892Z] [INFO] [TicketDb] Created directory: C:\Users\weird\OneDrive\Documents\GitHub\Plan-To-Code-AI-Helper-\src\services\__tests__\test-tickets

      at Logger.log (src/utils/logger.ts:91:17)

  console.log
    [2026-01-29T03:39:52.893Z] [INFO] [TicketDb] Opening database: C:\Users\weird\OneDrive\Documents\GitHub\Plan-To-Code-AI-Helper-\src\services\__tests__\test-tickets\tickets.db

      at Logger.log (src/utils/logger.ts:91:17)

  console.log
    [2026-01-29T03:39:52.906Z] [INFO] [TicketDb] Database connection established

      at Logger.log (src/utils/logger.ts:91:17)

  console.log
    [2026-01-29T03:39:52.907Z] [INFO] [TicketDb] Creating tables...

      at Logger.log (src/utils/logger.ts:91:17)

  console.log
    [2026-01-29T03:39:52.908Z] [WARN] [TicketDb] DEV_RESET_DB=true, dropping existing tables

      at Logger.log (src/utils/logger.ts:91:17)

  console.log
    [2026-01-29T03:39:52.913Z] [INFO] [TicketDb] Dropped replies table

      at Logger.log (src/utils/logger.ts:91:17)

  console.log
    [2026-01-29T03:39:52.922Z] [INFO] [TicketDb] Dropped tickets table

      at Logger.log (src/utils/logger.ts:91:17)

  console.log
    [2026-01-29T03:39:52.956Z] [INFO] [TicketDb] Dropped meta table

      at Logger.log (src/utils/logger.ts:91:17)

  console.log
    [2026-01-29T03:39:53.007Z] [INFO] [TicketDb] Foreign keys enabled

      at Logger.log (src/utils/logger.ts:91:17)

  console.log
    [2026-01-29T03:39:53.033Z] [INFO] [TicketDb] Γ£à tickets table ready

      at Logger.log (src/utils/logger.ts:91:17)

  console.log
    [2026-01-29T03:39:53.056Z] [INFO] [TicketDb] Γ£à replies table ready

      at Logger.log (src/utils/logger.ts:91:17)

  console.log
    [2026-01-29T03:39:53.077Z] [INFO] [TicketDb] Γ£à meta table ready

      at Logger.log (src/utils/logger.ts:91:17)

  console.log
    [2026-01-29T03:39:53.105Z] [INFO] [TicketDb] Schema version set

      at Logger.log (src/utils/logger.ts:91:17)

  console.log
    [2026-01-29T03:39:53.105Z] [INFO] [TicketDb] Schema ready

      at Logger.log (src/utils/logger.ts:91:17)

  console.log
    [2026-01-29T03:39:53.106Z] [INFO] ≡ƒÄ½ TicketDb initialized with SQLite backend

      at Logger.log (src/utils/logger.ts:91:17)

  console.log
    [2026-01-29T03:39:53.123Z] [INFO] Orchestrator not initialized, skipping routing

      at Logger.log (src/utils/logger.ts:91:17)

  console.log
    [2026-01-29T03:39:53.125Z] [INFO] [TicketDb] Closing database at 2026-01-29T03:39:53.125Z

      at Logger.log (src/utils/logger.ts:91:17)

  console.log
    [2026-01-29T03:39:53.128Z] [INFO] [TicketDb] Γ£à Database closed successfully at 2026-01-29T03:39:53.127Z

      at Logger.log (src/utils/logger.ts:91:17)

  console.log
    [2026-01-29T03:39:53.128Z] [INFO] [TicketDb] Database handle nulled and initialization flag reset

      at Logger.log (src/utils/logger.ts:91:17)

  console.warn
    Could not delete test directory after test: Error: EPERM, Permission denied: \\?\C:\Users\weird\OneDrive\Documents\GitHub\Plan-To-Code-AI-Helper-\src\services\__tests__\test-tickets '\\?\C:\Users\weird\OneDrive\Documents\GitHub\Plan-To-Code-AI-Helper-\src\services\__tests__\test-tickets'
        at Object.rmSync (node:fs:1236:18)
        at Object.<anonymous> (C:\Users\weird\OneDrive\Documents\GitHub\Plan-To-Code-AI-Helper-\src\services\__tests__\ticketDb.test.ts:114:14) {
      errno: 1,
      code: 'EPERM',
      path: '\\\\?\\C:\\Users\\weird\\OneDrive\\Documents\\GitHub\\Plan-To-Code-AI-Helper-\\src\\services\\__tests__\\test-tickets',
      syscall: 'rm'
    }

    [0m [90m 117 |[39m           retries[33m--[39m[33m;[39m
     [90m 118 |[39m           [36mif[39m (retries [33m===[39m [35m0[39m) {
    [31m[1m>[22m[39m[90m 119 |[39m             console[33m.[39mwarn([32m'Could not delete test directory after test:'[39m[33m,[39m err)[33m;[39m
     [90m     |[39m                     [31m[1m^[22m[39m
     [90m 120 |[39m           } [36melse[39m {
     [90m 121 |[39m             [36mawait[39m [36mnew[39m [33mPromise[39m(resolve [33m=>[39m setTimeout(resolve[33m,[39m [35m500[39m))[33m;[39m
     [90m 122 |[39m           }[0m

      at Object.<anonymous> (src/services/__tests__/ticketDb.test.ts:119:21)

  console.log
    [2026-01-29T03:39:55.545Z] [INFO] [TicketDb] Created directory: C:\Users\weird\OneDrive\Documents\GitHub\Plan-To-Code-AI-Helper-\src\services\__tests__\test-tickets

      at Logger.log (src/utils/logger.ts:91:17)

  console.log
    [2026-01-29T03:39:55.551Z] [INFO] [TicketDb] Opening database: C:\Users\weird\OneDrive\Documents\GitHub\Plan-To-Code-AI-Helper-\src\services\__tests__\test-tickets\tickets.db

      at Logger.log (src/utils/logger.ts:91:17)

  console.log
    [2026-01-29T03:39:55.556Z] [INFO] [TicketDb] Database connection established

      at Logger.log (src/utils/logger.ts:91:17)

  console.log
    [2026-01-29T03:39:55.558Z] [INFO] [TicketDb] Creating tables...

      at Logger.log (src/utils/logger.ts:91:17)

  console.log
    [2026-01-29T03:39:55.559Z] [WARN] [TicketDb] DEV_RESET_DB=true, dropping existing tables

      at Logger.log (src/utils/logger.ts:91:17)

  console.log
    [2026-01-29T03:39:55.568Z] [INFO] [TicketDb] Dropped replies table

      at Logger.log (src/utils/logger.ts:91:17)

  console.log
    [2026-01-29T03:39:55.570Z] [INFO] [TicketDb] Dropped tickets table

      at Logger.log (src/utils/logger.ts:91:17)

  console.log
    [2026-01-29T03:39:55.577Z] [INFO] [TicketDb] Dropped meta table

      at Logger.log (src/utils/logger.ts:91:17)

  console.log
    [2026-01-29T03:39:55.583Z] [INFO] [TicketDb] Foreign keys enabled

      at Logger.log (src/utils/logger.ts:91:17)

  console.log
    [2026-01-29T03:39:55.594Z] [INFO] [TicketDb] Γ£à tickets table ready

      at Logger.log (src/utils/logger.ts:91:17)

  console.log
    [2026-01-29T03:39:55.609Z] [INFO] [TicketDb] Γ£à replies table ready

      at Logger.log (src/utils/logger.ts:91:17)

  console.log
    [2026-01-29T03:39:55.625Z] [INFO] [TicketDb] Γ£à meta table ready

      at Logger.log (src/utils/logger.ts:91:17)

  console.log
    [2026-01-29T03:39:55.630Z] [INFO] [TicketDb] Schema version set

      at Logger.log (src/utils/logger.ts:91:17)

  console.log
    [2026-01-29T03:39:55.633Z] [INFO] [TicketDb] Schema ready

      at Logger.log (src/utils/logger.ts:91:17)

  console.log
    [2026-01-29T03:39:55.635Z] [INFO] ≡ƒÄ½ TicketDb initialized with SQLite backend

      at Logger.log (src/utils/logger.ts:91:17)

  console.log
    [2026-01-29T03:39:55.644Z] [INFO] Orchestrator not initialized, skipping routing

      at Logger.log (src/utils/logger.ts:91:17)

  console.log
    [2026-01-29T03:39:55.646Z] [INFO] [TicketDb] Closing database at 2026-01-29T03:39:55.646Z

      at Logger.log (src/utils/logger.ts:91:17)

  console.log
    [2026-01-29T03:39:55.650Z] [INFO] [TicketDb] Γ£à Database closed successfully at 2026-01-29T03:39:55.650Z

      at Logger.log (src/utils/logger.ts:91:17)

  console.log
    [2026-01-29T03:39:55.651Z] [INFO] [TicketDb] Database handle nulled and initialization flag reset

      at Logger.log (src/utils/logger.ts:91:17)

  console.log
    [2026-01-29T03:39:55.969Z] [INFO] [TicketDb] Created directory: C:\Users\weird\OneDrive\Documents\GitHub\Plan-To-Code-AI-Helper-\src\services\__tests__\test-tickets

      at Logger.log (src/utils/logger.ts:91:17)

  console.log
    [2026-01-29T03:39:55.970Z] [INFO] [TicketDb] Opening database: C:\Users\weird\OneDrive\Documents\GitHub\Plan-To-Code-AI-Helper-\src\services\__tests__\test-tickets\tickets.db

      at Logger.log (src/utils/logger.ts:91:17)

  console.log
    [2026-01-29T03:39:55.972Z] [INFO] [TicketDb] Database connection established

      at Logger.log (src/utils/logger.ts:91:17)

  console.log
    [2026-01-29T03:39:55.972Z] [INFO] [TicketDb] Creating tables...

      at Logger.log (src/utils/logger.ts:91:17)

  console.log
    [2026-01-29T03:39:55.973Z] [WARN] [TicketDb] DEV_RESET_DB=true, dropping existing tables

      at Logger.log (src/utils/logger.ts:91:17)

  console.log
    [2026-01-29T03:39:55.974Z] [INFO] [TicketDb] Dropped replies table

      at Logger.log (src/utils/logger.ts:91:17)

  console.log
    [2026-01-29T03:39:55.975Z] [INFO] [TicketDb] Dropped tickets table

      at Logger.log (src/utils/logger.ts:91:17)

  console.log
    [2026-01-29T03:39:55.976Z] [INFO] [TicketDb] Dropped meta table

      at Logger.log (src/utils/logger.ts:91:17)

  console.log
    [2026-01-29T03:39:55.977Z] [INFO] [TicketDb] Foreign keys enabled

      at Logger.log (src/utils/logger.ts:91:17)

  console.log
    [2026-01-29T03:39:55.987Z] [INFO] [TicketDb] Γ£à tickets table ready

      at Logger.log (src/utils/logger.ts:91:17)

  console.log
    [2026-01-29T03:39:55.993Z] [INFO] [TicketDb] Γ£à replies table ready

      at Logger.log (src/utils/logger.ts:91:17)

  console.log
    [2026-01-29T03:39:55.999Z] [INFO] [TicketDb] Γ£à meta table ready

      at Logger.log (src/utils/logger.ts:91:17)

  console.log
    [2026-01-29T03:39:56.004Z] [INFO] [TicketDb] Schema version set

      at Logger.log (src/utils/logger.ts:91:17)

  console.log
    [2026-01-29T03:39:56.005Z] [INFO] [TicketDb] Schema ready

      at Logger.log (src/utils/logger.ts:91:17)

  console.log
    [2026-01-29T03:39:56.005Z] [INFO] ≡ƒÄ½ TicketDb initialized with SQLite backend

      at Logger.log (src/utils/logger.ts:91:17)

  console.log
    [2026-01-29T03:39:56.037Z] [INFO] [TicketDb] Closing database at 2026-01-29T03:39:56.037Z

      at Logger.log (src/utils/logger.ts:91:17)

  console.log
    [2026-01-29T03:39:56.039Z] [INFO] [TicketDb] Γ£à Database closed successfully at 2026-01-29T03:39:56.039Z

      at Logger.log (src/utils/logger.ts:91:17)

  console.log
    [2026-01-29T03:39:56.044Z] [INFO] [TicketDb] Database handle nulled and initialization flag reset

      at Logger.log (src/utils/logger.ts:91:17)

  console.log
    [2026-01-29T03:39:56.353Z] [INFO] [TicketDb] Created directory: C:\Users\weird\OneDrive\Documents\GitHub\Plan-To-Code-AI-Helper-\src\services\__tests__\test-tickets

      at Logger.log (src/utils/logger.ts:91:17)

  console.log
    [2026-01-29T03:39:56.354Z] [INFO] [TicketDb] Opening database: C:\Users\weird\OneDrive\Documents\GitHub\Plan-To-Code-AI-Helper-\src\services\__tests__\test-tickets\tickets.db

      at Logger.log (src/utils/logger.ts:91:17)

  console.log
    [2026-01-29T03:39:56.356Z] [INFO] [TicketDb] Database connection established

      at Logger.log (src/utils/logger.ts:91:17)

  console.log
    [2026-01-29T03:39:56.357Z] [INFO] [TicketDb] Creating tables...

      at Logger.log (src/utils/logger.ts:91:17)

  console.log
    [2026-01-29T03:39:56.357Z] [WARN] [TicketDb] DEV_RESET_DB=true, dropping existing tables

      at Logger.log (src/utils/logger.ts:91:17)

  console.log
    [2026-01-29T03:39:56.359Z] [INFO] [TicketDb] Dropped replies table

      at Logger.log (src/utils/logger.ts:91:17)

  console.log
    [2026-01-29T03:39:56.360Z] [INFO] [TicketDb] Dropped tickets table

      at Logger.log (src/utils/logger.ts:91:17)

  console.log
    [2026-01-29T03:39:56.360Z] [INFO] [TicketDb] Dropped meta table

      at Logger.log (src/utils/logger.ts:91:17)

  console.log
    [2026-01-29T03:39:56.361Z] [INFO] [TicketDb] Foreign keys enabled

      at Logger.log (src/utils/logger.ts:91:17)

  console.log
    [2026-01-29T03:39:56.370Z] [INFO] [TicketDb] Γ£à tickets table ready

      at Logger.log (src/utils/logger.ts:91:17)

  console.log
    [2026-01-29T03:39:56.376Z] [INFO] [TicketDb] Γ£à replies table ready

      at Logger.log (src/utils/logger.ts:91:17)

  console.log
    [2026-01-29T03:39:56.383Z] [INFO] [TicketDb] Γ£à meta table ready

      at Logger.log (src/utils/logger.ts:91:17)

  console.log
    [2026-01-29T03:39:56.395Z] [INFO] [TicketDb] Schema version set

      at Logger.log (src/utils/logger.ts:91:17)

  console.log
    [2026-01-29T03:39:56.395Z] [INFO] [TicketDb] Schema ready

      at Logger.log (src/utils/logger.ts:91:17)

  console.log
    [2026-01-29T03:39:56.396Z] [INFO] ≡ƒÄ½ TicketDb initialized with SQLite backend

      at Logger.log (src/utils/logger.ts:91:17)

  console.log
    [2026-01-29T03:39:56.406Z] [INFO] Orchestrator not initialized, skipping routing

      at Logger.log (src/utils/logger.ts:91:17)

  console.log
    [2026-01-29T03:39:56.414Z] [INFO] Orchestrator not initialized, skipping routing

      at Logger.log (src/utils/logger.ts:91:17)

  console.log
    [2026-01-29T03:39:56.427Z] [INFO] Orchestrator not initialized, skipping routing

      at Logger.log (src/utils/logger.ts:91:17)

  console.log
    [2026-01-29T03:39:56.437Z] [INFO] Orchestrator not initialized, skipping routing

      at Logger.log (src/utils/logger.ts:91:17)

  console.log
    [2026-01-29T03:39:56.443Z] [INFO] Orchestrator not initialized, skipping routing

      at Logger.log (src/utils/logger.ts:91:17)

  console.log
    [2026-01-29T03:39:56.453Z] [INFO] Orchestrator not initialized, skipping routing

      at Logger.log (src/utils/logger.ts:91:17)

  console.log
    [2026-01-29T03:39:56.457Z] [INFO] Orchestrator not initialized, skipping routing

      at Logger.log (src/utils/logger.ts:91:17)

  console.log
    [2026-01-29T03:39:56.463Z] [INFO] Orchestrator not initialized, skipping routing

      at Logger.log (src/utils/logger.ts:91:17)

  console.log
    [2026-01-29T03:39:56.470Z] [INFO] Orchestrator not initialized, skipping routing

      at Logger.log (src/utils/logger.ts:91:17)

  console.log
    [2026-01-29T03:39:56.475Z] [INFO] Orchestrator not initialized, skipping routing

      at Logger.log (src/utils/logger.ts:91:17)

  console.log
    [2026-01-29T03:39:56.480Z] [INFO] Orchestrator not initialized, skipping routing

      at Logger.log (src/utils/logger.ts:91:17)

  console.log
    [2026-01-29T03:39:56.486Z] [INFO] Orchestrator not initialized, skipping routing

      at Logger.log (src/utils/logger.ts:91:17)

  console.log
    [2026-01-29T03:39:56.492Z] [INFO] Orchestrator not initialized, skipping routing

      at Logger.log (src/utils/logger.ts:91:17)

  console.log
    [2026-01-29T03:39:56.498Z] [INFO] Orchestrator not initialized, skipping routing

      at Logger.log (src/utils/logger.ts:91:17)

  console.log
    [2026-01-29T03:39:56.504Z] [INFO] Orchestrator not initialized, skipping routing

      at Logger.log (src/utils/logger.ts:91:17)

  console.log
    [2026-01-29T03:39:56.511Z] [INFO] Orchestrator not initialized, skipping routing

      at Logger.log (src/utils/logger.ts:91:17)

  console.log
    [2026-01-29T03:39:56.523Z] [INFO] Orchestrator not initialized, skipping routing

      at Logger.log (src/utils/logger.ts:91:17)

  console.log
    [2026-01-29T03:39:56.534Z] [INFO] Orchestrator not initialized, skipping routing

      at Logger.log (src/utils/logger.ts:91:17)

  console.log
    [2026-01-29T03:39:56.539Z] [INFO] Orchestrator not initialized, skipping routing

      at Logger.log (src/utils/logger.ts:91:17)

  console.log
    [2026-01-29T03:39:56.545Z] [INFO] Orchestrator not initialized, skipping routing

      at Logger.log (src/utils/logger.ts:91:17)

  console.log
    [2026-01-29T03:39:56.553Z] [INFO] Orchestrator not initialized, skipping routing

      at Logger.log (src/utils/logger.ts:91:17)

  console.log
    [2026-01-29T03:39:56.560Z] [INFO] Orchestrator not initialized, skipping routing

      at Logger.log (src/utils/logger.ts:91:17)

  console.log
    [2026-01-29T03:39:56.567Z] [INFO] Orchestrator not initialized, skipping routing

      at Logger.log (src/utils/logger.ts:91:17)

  console.log
    [2026-01-29T03:39:56.573Z] [INFO] Orchestrator not initialized, skipping routing

      at Logger.log (src/utils/logger.ts:91:17)

  console.log
    [2026-01-29T03:39:56.579Z] [INFO] Orchestrator not initialized, skipping routing

      at Logger.log (src/utils/logger.ts:91:17)

  console.log
    [2026-01-29T03:39:56.588Z] [INFO] Orchestrator not initialized, skipping routing

      at Logger.log (src/utils/logger.ts:91:17)

  console.log
    [2026-01-29T03:39:56.593Z] [INFO] Orchestrator not initialized, skipping routing

      at Logger.log (src/utils/logger.ts:91:17)

  console.log
    [2026-01-29T03:39:56.600Z] [INFO] Orchestrator not initialized, skipping routing

      at Logger.log (src/utils/logger.ts:91:17)

  console.log
    [2026-01-29T03:39:56.607Z] [INFO] Orchestrator not initialized, skipping routing

      at Logger.log (src/utils/logger.ts:91:17)

  console.log
    [2026-01-29T03:39:56.616Z] [INFO] Orchestrator not initialized, skipping routing

      at Logger.log (src/utils/logger.ts:91:17)

  console.log
    [2026-01-29T03:39:56.635Z] [INFO] Orchestrator not initialized, skipping routing

      at Logger.log (src/utils/logger.ts:91:17)

  console.log
    [2026-01-29T03:39:56.642Z] [INFO] Orchestrator not initialized, skipping routing

      at Logger.log (src/utils/logger.ts:91:17)

  console.log
    [2026-01-29T03:39:56.651Z] [INFO] Orchestrator not initialized, skipping routing

      at Logger.log (src/utils/logger.ts:91:17)

  console.log
    [2026-01-29T03:39:56.657Z] [INFO] Orchestrator not initialized, skipping routing

      at Logger.log (src/utils/logger.ts:91:17)

  console.log
    [2026-01-29T03:39:56.663Z] [INFO] Orchestrator not initialized, skipping routing

      at Logger.log (src/utils/logger.ts:91:17)

  console.log
    [2026-01-29T03:39:56.670Z] [INFO] Orchestrator not initialized, skipping routing

      at Logger.log (src/utils/logger.ts:91:17)

  console.log
    [2026-01-29T03:39:56.676Z] [INFO] Orchestrator not initialized, skipping routing

      at Logger.log (src/utils/logger.ts:91:17)

  console.log
    [2026-01-29T03:39:56.684Z] [INFO] Orchestrator not initialized, skipping routing

      at Logger.log (src/utils/logger.ts:91:17)

  console.log
    [2026-01-29T03:39:56.692Z] [INFO] Orchestrator not initialized, skipping routing

      at Logger.log (src/utils/logger.ts:91:17)

  console.log
    [2026-01-29T03:39:56.703Z] [INFO] Orchestrator not initialized, skipping routing

      at Logger.log (src/utils/logger.ts:91:17)

  console.log
    [2026-01-29T03:39:56.709Z] [INFO] Orchestrator not initialized, skipping routing

      at Logger.log (src/utils/logger.ts:91:17)

  console.log
    [2026-01-29T03:39:56.718Z] [INFO] Orchestrator not initialized, skipping routing

      at Logger.log (src/utils/logger.ts:91:17)

  console.log
    [2026-01-29T03:39:56.734Z] [INFO] Orchestrator not initialized, skipping routing

      at Logger.log (src/utils/logger.ts:91:17)

  console.log
    [2026-01-29T03:39:56.751Z] [INFO] Orchestrator not initialized, skipping routing

      at Logger.log (src/utils/logger.ts:91:17)

  console.log
    [2026-01-29T03:39:56.760Z] [INFO] Orchestrator not initialized, skipping routing

      at Logger.log (src/utils/logger.ts:91:17)

  console.log
    [2026-01-29T03:39:56.773Z] [INFO] Orchestrator not initialized, skipping routing

      at Logger.log (src/utils/logger.ts:91:17)

  console.log
    [2026-01-29T03:39:56.782Z] [INFO] Orchestrator not initialized, skipping routing

      at Logger.log (src/utils/logger.ts:91:17)

  console.log
    [2026-01-29T03:39:56.789Z] [INFO] Orchestrator not initialized, skipping routing

      at Logger.log (src/utils/logger.ts:91:17)

  console.log
    [2026-01-29T03:39:56.794Z] [INFO] Orchestrator not initialized, skipping routing

      at Logger.log (src/utils/logger.ts:91:17)

  console.log
    [2026-01-29T03:39:56.803Z] [INFO] Orchestrator not initialized, skipping routing

      at Logger.log (src/utils/logger.ts:91:17)

  console.log
    [2026-01-29T03:39:56.810Z] [INFO] Orchestrator not initialized, skipping routing

      at Logger.log (src/utils/logger.ts:91:17)

  console.log
    [2026-01-29T03:39:56.818Z] [INFO] Orchestrator not initialized, skipping routing

      at Logger.log (src/utils/logger.ts:91:17)

  console.log
    [2026-01-29T03:39:56.825Z] [INFO] Orchestrator not initialized, skipping routing

      at Logger.log (src/utils/logger.ts:91:17)

  console.log
    [2026-01-29T03:39:56.834Z] [INFO] Orchestrator not initialized, skipping routing

      at Logger.log (src/utils/logger.ts:91:17)

  console.log
    [2026-01-29T03:39:56.841Z] [INFO] Orchestrator not initialized, skipping routing

      at Logger.log (src/utils/logger.ts:91:17)

  console.log
    [2026-01-29T03:39:56.846Z] [INFO] Orchestrator not initialized, skipping routing

      at Logger.log (src/utils/logger.ts:91:17)

  console.log
    [2026-01-29T03:39:56.855Z] [INFO] Orchestrator not initialized, skipping routing

      at Logger.log (src/utils/logger.ts:91:17)

  console.log
    [2026-01-29T03:39:56.860Z] [INFO] Orchestrator not initialized, skipping routing

      at Logger.log (src/utils/logger.ts:91:17)

  console.log
    [2026-01-29T03:39:56.867Z] [INFO] Orchestrator not initialized, skipping routing

      at Logger.log (src/utils/logger.ts:91:17)

  console.log
    [2026-01-29T03:39:56.874Z] [INFO] Orchestrator not initialized, skipping routing

      at Logger.log (src/utils/logger.ts:91:17)

  console.log
    [2026-01-29T03:39:56.884Z] [INFO] Orchestrator not initialized, skipping routing

      at Logger.log (src/utils/logger.ts:91:17)

  console.log
    [2026-01-29T03:39:56.892Z] [INFO] Orchestrator not initialized, skipping routing

      at Logger.log (src/utils/logger.ts:91:17)

  console.log
    [2026-01-29T03:39:56.900Z] [INFO] Orchestrator not initialized, skipping routing

      at Logger.log (src/utils/logger.ts:91:17)

  console.log
    [2026-01-29T03:39:56.913Z] [INFO] Orchestrator not initialized, skipping routing

      at Logger.log (src/utils/logger.ts:91:17)

  console.log
    [2026-01-29T03:39:56.923Z] [INFO] Orchestrator not initialized, skipping routing

      at Logger.log (src/utils/logger.ts:91:17)

  console.log
    [2026-01-29T03:39:56.930Z] [INFO] Orchestrator not initialized, skipping routing

      at Logger.log (src/utils/logger.ts:91:17)

  console.log
    [2026-01-29T03:39:56.942Z] [INFO] Orchestrator not initialized, skipping routing

      at Logger.log (src/utils/logger.ts:91:17)

  console.log
    [2026-01-29T03:39:56.950Z] [INFO] Orchestrator not initialized, skipping routing

      at Logger.log (src/utils/logger.ts:91:17)

  console.log
    [2026-01-29T03:39:56.956Z] [INFO] Orchestrator not initialized, skipping routing

      at Logger.log (src/utils/logger.ts:91:17)

  console.log
    [2026-01-29T03:39:56.962Z] [INFO] Orchestrator not initialized, skipping routing

      at Logger.log (src/utils/logger.ts:91:17)

  console.log
    [2026-01-29T03:39:56.969Z] [INFO] Orchestrator not initialized, skipping routing

      at Logger.log (src/utils/logger.ts:91:17)

  console.log
    [2026-01-29T03:39:56.974Z] [INFO] Orchestrator not initialized, skipping routing

      at Logger.log (src/utils/logger.ts:91:17)

  console.log
    [2026-01-29T03:39:56.980Z] [INFO] Orchestrator not initialized, skipping routing

      at Logger.log (src/utils/logger.ts:91:17)

  console.log
    [2026-01-29T03:39:56.987Z] [INFO] Orchestrator not initialized, skipping routing

      at Logger.log (src/utils/logger.ts:91:17)

  console.log
    [2026-01-29T03:39:56.996Z] [INFO] Orchestrator not initialized, skipping routing

      at Logger.log (src/utils/logger.ts:91:17)

  console.log
    [2026-01-29T03:39:57.001Z] [INFO] Orchestrator not initialized, skipping routing

      at Logger.log (src/utils/logger.ts:91:17)

  console.log
    [2026-01-29T03:39:57.008Z] [INFO] Orchestrator not initialized, skipping routing

      at Logger.log (src/utils/logger.ts:91:17)

  console.log
    [2026-01-29T03:39:57.014Z] [INFO] Orchestrator not initialized, skipping routing

      at Logger.log (src/utils/logger.ts:91:17)

  console.log
    [2026-01-29T03:39:57.020Z] [INFO] Orchestrator not initialized, skipping routing

      at Logger.log (src/utils/logger.ts:91:17)

  console.log
    [2026-01-29T03:39:57.026Z] [INFO] Orchestrator not initialized, skipping routing

      at Logger.log (src/utils/logger.ts:91:17)

  console.log
    [2026-01-29T03:39:57.033Z] [INFO] Orchestrator not initialized, skipping routing

      at Logger.log (src/utils/logger.ts:91:17)

  console.log
    [2026-01-29T03:39:57.044Z] [INFO] Orchestrator not initialized, skipping routing

      at Logger.log (src/utils/logger.ts:91:17)

  console.log
    [2026-01-29T03:39:57.052Z] [INFO] Orchestrator not initialized, skipping routing

      at Logger.log (src/utils/logger.ts:91:17)

  console.log
    [2026-01-29T03:39:57.060Z] [INFO] Orchestrator not initialized, skipping routing

      at Logger.log (src/utils/logger.ts:91:17)

  console.log
    [2026-01-29T03:39:57.070Z] [INFO] Orchestrator not initialized, skipping routing

      at Logger.log (src/utils/logger.ts:91:17)

  console.log
    [2026-01-29T03:39:57.088Z] [INFO] Orchestrator not initialized, skipping routing

      at Logger.log (src/utils/logger.ts:91:17)

  console.log
    [2026-01-29T03:39:57.095Z] [INFO] Orchestrator not initialized, skipping routing

      at Logger.log (src/utils/logger.ts:91:17)

  console.log
    [2026-01-29T03:39:57.104Z] [INFO] Orchestrator not initialized, skipping routing

      at Logger.log (src/utils/logger.ts:91:17)

  console.log
    [2026-01-29T03:39:57.162Z] [INFO] Orchestrator not initialized, skipping routing

      at Logger.log (src/utils/logger.ts:91:17)

  console.log
    [2026-01-29T03:39:57.185Z] [INFO] Orchestrator not initialized, skipping routing

      at Logger.log (src/utils/logger.ts:91:17)

  console.log
    [2026-01-29T03:39:57.191Z] [INFO] Orchestrator not initialized, skipping routing

      at Logger.log (src/utils/logger.ts:91:17)

  console.log
    [2026-01-29T03:39:57.205Z] [INFO] Orchestrator not initialized, skipping routing

      at Logger.log (src/utils/logger.ts:91:17)

  console.log
    [2026-01-29T03:39:57.218Z] [INFO] Orchestrator not initialized, skipping routing

      at Logger.log (src/utils/logger.ts:91:17)

  console.log
    [2026-01-29T03:39:57.228Z] [INFO] Orchestrator not initialized, skipping routing

      at Logger.log (src/utils/logger.ts:91:17)

  console.log
    [2026-01-29T03:39:57.237Z] [INFO] Orchestrator not initialized, skipping routing

      at Logger.log (src/utils/logger.ts:91:17)

  console.log
    [2026-01-29T03:39:57.247Z] [INFO] Orchestrator not initialized, skipping routing

      at Logger.log (src/utils/logger.ts:91:17)

  console.log
    [2026-01-29T03:39:57.255Z] [INFO] Orchestrator not initialized, skipping routing

      at Logger.log (src/utils/logger.ts:91:17)

  console.log
    [2026-01-29T03:39:57.262Z] [INFO] Orchestrator not initialized, skipping routing

      at Logger.log (src/utils/logger.ts:91:17)

  console.log
    [2026-01-29T03:39:57.273Z] [INFO] Orchestrator not initialized, skipping routing

      at Logger.log (src/utils/logger.ts:91:17)

  console.log
    [2026-01-29T03:39:57.284Z] [INFO] Orchestrator not initialized, skipping routing

      at Logger.log (src/utils/logger.ts:91:17)

  console.log
    [2026-01-29T03:39:57.285Z] [INFO] [TicketDb] Closing database at 2026-01-29T03:39:57.285Z

      at Logger.log (src/utils/logger.ts:91:17)

  console.log
    [2026-01-29T03:39:57.287Z] [INFO] [TicketDb] Γ£à Database closed successfully at 2026-01-29T03:39:57.287Z

      at Logger.log (src/utils/logger.ts:91:17)

  console.log
    [2026-01-29T03:39:57.288Z] [INFO] [TicketDb] Database handle nulled and initialization flag reset

      at Logger.log (src/utils/logger.ts:91:17)

  console.log
    [2026-01-29T03:39:58.112Z] [INFO] [TicketDb] Created directory: C:\Users\weird\OneDrive\Documents\GitHub\Plan-To-Code-AI-Helper-\src\services\__tests__\test-tickets

      at Logger.log (src/utils/logger.ts:91:17)

  console.log
    [2026-01-29T03:39:58.114Z] [INFO] [TicketDb] Opening database: C:\Users\weird\OneDrive\Documents\GitHub\Plan-To-Code-AI-Helper-\src\services\__tests__\test-tickets\tickets.db

      at Logger.log (src/utils/logger.ts:91:17)

  console.log
    [2026-01-29T03:39:58.120Z] [INFO] [TicketDb] Database connection established

      at Logger.log (src/utils/logger.ts:91:17)

  console.log
    [2026-01-29T03:39:58.121Z] [INFO] [TicketDb] Creating tables...

      at Logger.log (src/utils/logger.ts:91:17)

  console.log
    [2026-01-29T03:39:58.122Z] [WARN] [TicketDb] DEV_RESET_DB=true, dropping existing tables

      at Logger.log (src/utils/logger.ts:91:17)

  console.log
    [2026-01-29T03:39:58.128Z] [INFO] [TicketDb] Dropped replies table

      at Logger.log (src/utils/logger.ts:91:17)

  console.log
    [2026-01-29T03:39:58.130Z] [INFO] [TicketDb] Dropped tickets table

      at Logger.log (src/utils/logger.ts:91:17)

  console.log
    [2026-01-29T03:39:58.131Z] [INFO] [TicketDb] Dropped meta table

      at Logger.log (src/utils/logger.ts:91:17)

  console.log
    [2026-01-29T03:39:58.132Z] [INFO] [TicketDb] Foreign keys enabled

      at Logger.log (src/utils/logger.ts:91:17)

  console.log
    [2026-01-29T03:39:58.138Z] [INFO] [TicketDb] Γ£à tickets table ready

      at Logger.log (src/utils/logger.ts:91:17)

  console.log
    [2026-01-29T03:39:58.143Z] [INFO] [TicketDb] Γ£à replies table ready

      at Logger.log (src/utils/logger.ts:91:17)

  console.log
    [2026-01-29T03:39:58.150Z] [INFO] [TicketDb] Γ£à meta table ready

      at Logger.log (src/utils/logger.ts:91:17)

  console.log
    [2026-01-29T03:39:58.155Z] [INFO] [TicketDb] Schema version set

      at Logger.log (src/utils/logger.ts:91:17)

  console.log
    [2026-01-29T03:39:58.156Z] [INFO] [TicketDb] Schema ready

      at Logger.log (src/utils/logger.ts:91:17)

  console.log
    [2026-01-29T03:39:58.156Z] [INFO] ≡ƒÄ½ TicketDb initialized with SQLite backend

      at Logger.log (src/utils/logger.ts:91:17)

  console.log
    [2026-01-29T03:39:58.162Z] [INFO] Orchestrator not initialized, skipping routing

      at Logger.log (src/utils/logger.ts:91:17)

  console.log
    [2026-01-29T03:39:58.164Z] [INFO] [TicketDb] Closing database at 2026-01-29T03:39:58.164Z

      at Logger.log (src/utils/logger.ts:91:17)

  console.log
    [2026-01-29T03:39:58.167Z] [INFO] [TicketDb] Γ£à Database closed successfully at 2026-01-29T03:39:58.167Z

      at Logger.log (src/utils/logger.ts:91:17)

  console.log
    [2026-01-29T03:39:58.168Z] [INFO] [TicketDb] Database handle nulled and initialization flag reset

      at Logger.log (src/utils/logger.ts:91:17)

  console.log
    [2026-01-29T03:39:58.472Z] [INFO] [TicketDb] Created directory: C:\Users\weird\OneDrive\Documents\GitHub\Plan-To-Code-AI-Helper-\src\services\__tests__\test-tickets

      at Logger.log (src/utils/logger.ts:91:17)

  console.log
    [2026-01-29T03:39:58.473Z] [INFO] [TicketDb] Opening database: C:\Users\weird\OneDrive\Documents\GitHub\Plan-To-Code-AI-Helper-\src\services\__tests__\test-tickets\tickets.db

      at Logger.log (src/utils/logger.ts:91:17)

  console.log
    [2026-01-29T03:39:58.475Z] [INFO] [TicketDb] Database connection established

      at Logger.log (src/utils/logger.ts:91:17)

  console.log
    [2026-01-29T03:39:58.475Z] [INFO] [TicketDb] Creating tables...

      at Logger.log (src/utils/logger.ts:91:17)

  console.log
    [2026-01-29T03:39:58.476Z] [WARN] [TicketDb] DEV_RESET_DB=true, dropping existing tables

      at Logger.log (src/utils/logger.ts:91:17)

  console.log
    [2026-01-29T03:39:58.477Z] [INFO] [TicketDb] Dropped replies table

      at Logger.log (src/utils/logger.ts:91:17)

  console.log
    [2026-01-29T03:39:58.478Z] [INFO] [TicketDb] Dropped tickets table

      at Logger.log (src/utils/logger.ts:91:17)

  console.log
    [2026-01-29T03:39:58.479Z] [INFO] [TicketDb] Dropped meta table

      at Logger.log (src/utils/logger.ts:91:17)

  console.log
    [2026-01-29T03:39:58.481Z] [INFO] [TicketDb] Foreign keys enabled

      at Logger.log (src/utils/logger.ts:91:17)

  console.log
    [2026-01-29T03:39:58.486Z] [INFO] [TicketDb] Γ£à tickets table ready

      at Logger.log (src/utils/logger.ts:91:17)

  console.log
    [2026-01-29T03:39:58.491Z] [INFO] [TicketDb] Γ£à replies table ready

      at Logger.log (src/utils/logger.ts:91:17)

  console.log
    [2026-01-29T03:39:58.496Z] [INFO] [TicketDb] Γ£à meta table ready

      at Logger.log (src/utils/logger.ts:91:17)

  console.log
    [2026-01-29T03:39:58.501Z] [INFO] [TicketDb] Schema version set

      at Logger.log (src/utils/logger.ts:91:17)

  console.log
    [2026-01-29T03:39:58.502Z] [INFO] [TicketDb] Schema ready

      at Logger.log (src/utils/logger.ts:91:17)

  console.log
    [2026-01-29T03:39:58.502Z] [INFO] ≡ƒÄ½ TicketDb initialized with SQLite backend

      at Logger.log (src/utils/logger.ts:91:17)

  console.log
    [2026-01-29T03:39:58.503Z] [INFO] [TicketDb] Closing database at 2026-01-29T03:39:58.503Z

      at Logger.log (src/utils/logger.ts:91:17)

  console.log
    [2026-01-29T03:39:58.505Z] [INFO] [TicketDb] Γ£à Database closed successfully at 2026-01-29T03:39:58.505Z

      at Logger.log (src/utils/logger.ts:91:17)

  console.log
    [2026-01-29T03:39:58.505Z] [INFO] [TicketDb] Database handle nulled and initialization flag reset

      at Logger.log (src/utils/logger.ts:91:17)

  console.log
    [2026-01-29T03:39:58.811Z] [INFO] [TicketDb] Created directory: C:\Users\weird\OneDrive\Documents\GitHub\Plan-To-Code-AI-Helper-\src\services\__tests__\test-tickets

      at Logger.log (src/utils/logger.ts:91:17)

  console.log
    [2026-01-29T03:39:58.812Z] [INFO] [TicketDb] Opening database: C:\Users\weird\OneDrive\Documents\GitHub\Plan-To-Code-AI-Helper-\src\services\__tests__\test-tickets\tickets.db

      at Logger.log (src/utils/logger.ts:91:17)

  console.log
    [2026-01-29T03:39:58.815Z] [INFO] [TicketDb] Database connection established

      at Logger.log (src/utils/logger.ts:91:17)

  console.log
    [2026-01-29T03:39:58.816Z] [INFO] [TicketDb] Creating tables...

      at Logger.log (src/utils/logger.ts:91:17)

  console.log
    [2026-01-29T03:39:58.817Z] [WARN] [TicketDb] DEV_RESET_DB=true, dropping existing tables

      at Logger.log (src/utils/logger.ts:91:17)

  console.log
    [2026-01-29T03:39:58.818Z] [INFO] [TicketDb] Dropped replies table

      at Logger.log (src/utils/logger.ts:91:17)

  console.log
    [2026-01-29T03:39:58.819Z] [INFO] [TicketDb] Dropped tickets table

      at Logger.log (src/utils/logger.ts:91:17)

  console.log
    [2026-01-29T03:39:58.820Z] [INFO] [TicketDb] Dropped meta table

      at Logger.log (src/utils/logger.ts:91:17)

  console.log
    [2026-01-29T03:39:58.821Z] [INFO] [TicketDb] Foreign keys enabled

      at Logger.log (src/utils/logger.ts:91:17)

  console.log
    [2026-01-29T03:39:58.828Z] [INFO] [TicketDb] Γ£à tickets table ready

      at Logger.log (src/utils/logger.ts:91:17)

  console.log
    [2026-01-29T03:39:58.837Z] [INFO] [TicketDb] Γ£à replies table ready

      at Logger.log (src/utils/logger.ts:91:17)

  console.log
    [2026-01-29T03:39:58.843Z] [INFO] [TicketDb] Γ£à meta table ready

      at Logger.log (src/utils/logger.ts:91:17)

  console.log
    [2026-01-29T03:39:58.850Z] [INFO] [TicketDb] Schema version set

      at Logger.log (src/utils/logger.ts:91:17)

  console.log
    [2026-01-29T03:39:58.851Z] [INFO] [TicketDb] Schema ready

      at Logger.log (src/utils/logger.ts:91:17)

  console.log
    [2026-01-29T03:39:58.852Z] [INFO] ≡ƒÄ½ TicketDb initialized with SQLite backend

      at Logger.log (src/utils/logger.ts:91:17)

  console.log
    [2026-01-29T03:39:58.857Z] [INFO] Orchestrator not initialized, skipping routing

      at Logger.log (src/utils/logger.ts:91:17)

  console.log
    [2026-01-29T03:39:58.863Z] [INFO] [TicketDb] Closing database at 2026-01-29T03:39:58.863Z

      at Logger.log (src/utils/logger.ts:91:17)

  console.log
    [2026-01-29T03:39:58.865Z] [INFO] [TicketDb] Γ£à Database closed successfully at 2026-01-29T03:39:58.865Z

      at Logger.log (src/utils/logger.ts:91:17)

  console.log
    [2026-01-29T03:39:58.866Z] [INFO] [TicketDb] Database handle nulled and initialization flag reset

      at Logger.log (src/utils/logger.ts:91:17)

  console.log
    [2026-01-29T03:39:59.185Z] [INFO] [TicketDb] Created directory: C:\Users\weird\OneDrive\Documents\GitHub\Plan-To-Code-AI-Helper-\src\services\__tests__\test-tickets

      at Logger.log (src/utils/logger.ts:91:17)

  console.log
    [2026-01-29T03:39:59.186Z] [INFO] [TicketDb] Opening database: C:\Users\weird\OneDrive\Documents\GitHub\Plan-To-Code-AI-Helper-\src\services\__tests__\test-tickets\tickets.db

      at Logger.log (src/utils/logger.ts:91:17)

  console.log
    [2026-01-29T03:39:59.189Z] [INFO] [TicketDb] Database connection established

      at Logger.log (src/utils/logger.ts:91:17)

  console.log
    [2026-01-29T03:39:59.190Z] [INFO] [TicketDb] Creating tables...

      at Logger.log (src/utils/logger.ts:91:17)

  console.log
    [2026-01-29T03:39:59.191Z] [WARN] [TicketDb] DEV_RESET_DB=true, dropping existing tables

      at Logger.log (src/utils/logger.ts:91:17)

  console.log
    [2026-01-29T03:39:59.193Z] [INFO] [TicketDb] Dropped replies table

      at Logger.log (src/utils/logger.ts:91:17)

  console.log
    [2026-01-29T03:39:59.194Z] [INFO] [TicketDb] Dropped tickets table

      at Logger.log (src/utils/logger.ts:91:17)

  console.log
    [2026-01-29T03:39:59.195Z] [INFO] [TicketDb] Dropped meta table

      at Logger.log (src/utils/logger.ts:91:17)

  console.log
    [2026-01-29T03:39:59.196Z] [INFO] [TicketDb] Foreign keys enabled

      at Logger.log (src/utils/logger.ts:91:17)

  console.log
    [2026-01-29T03:39:59.203Z] [INFO] [TicketDb] Γ£à tickets table ready

      at Logger.log (src/utils/logger.ts:91:17)

  console.log
    [2026-01-29T03:39:59.209Z] [INFO] [TicketDb] Γ£à replies table ready

      at Logger.log (src/utils/logger.ts:91:17)

  console.log
    [2026-01-29T03:39:59.213Z] [INFO] [TicketDb] Γ£à meta table ready

      at Logger.log (src/utils/logger.ts:91:17)

  console.log
    [2026-01-29T03:39:59.218Z] [INFO] [TicketDb] Schema version set

      at Logger.log (src/utils/logger.ts:91:17)

  console.log
    [2026-01-29T03:39:59.219Z] [INFO] [TicketDb] Schema ready

      at Logger.log (src/utils/logger.ts:91:17)

  console.log
    [2026-01-29T03:39:59.220Z] [INFO] ≡ƒÄ½ TicketDb initialized with SQLite backend

      at Logger.log (src/utils/logger.ts:91:17)

  console.log
    [2026-01-29T03:39:59.225Z] [INFO] Orchestrator not initialized, skipping routing

      at Logger.log (src/utils/logger.ts:91:17)

  console.log
    [2026-01-29T03:39:59.247Z] [INFO] [TicketDb] Closing database at 2026-01-29T03:39:59.247Z

      at Logger.log (src/utils/logger.ts:91:17)

  console.log
    [2026-01-29T03:39:59.248Z] [INFO] [TicketDb] Γ£à Database closed successfully at 2026-01-29T03:39:59.248Z

      at Logger.log (src/utils/logger.ts:91:17)

  console.log
    [2026-01-29T03:39:59.249Z] [INFO] [TicketDb] Database handle nulled and initialization flag reset

      at Logger.log (src/utils/logger.ts:91:17)

  console.log
    [2026-01-29T03:39:59.558Z] [INFO] [TicketDb] Created directory: C:\Users\weird\OneDrive\Documents\GitHub\Plan-To-Code-AI-Helper-\src\services\__tests__\test-tickets

      at Logger.log (src/utils/logger.ts:91:17)

  console.log
    [2026-01-29T03:39:59.559Z] [INFO] [TicketDb] Opening database: C:\Users\weird\OneDrive\Documents\GitHub\Plan-To-Code-AI-Helper-\src\services\__tests__\test-tickets\tickets.db

      at Logger.log (src/utils/logger.ts:91:17)

  console.log
    [2026-01-29T03:39:59.561Z] [INFO] [TicketDb] Database connection established

      at Logger.log (src/utils/logger.ts:91:17)

  console.log
    [2026-01-29T03:39:59.562Z] [INFO] [TicketDb] Creating tables...

      at Logger.log (src/utils/logger.ts:91:17)

  console.log
    [2026-01-29T03:39:59.563Z] [WARN] [TicketDb] DEV_RESET_DB=true, dropping existing tables

      at Logger.log (src/utils/logger.ts:91:17)

  console.log
    [2026-01-29T03:39:59.564Z] [INFO] [TicketDb] Dropped replies table

      at Logger.log (src/utils/logger.ts:91:17)

  console.log
    [2026-01-29T03:39:59.567Z] [INFO] [TicketDb] Dropped tickets table

      at Logger.log (src/utils/logger.ts:91:17)

  console.log
    [2026-01-29T03:39:59.568Z] [INFO] [TicketDb] Dropped meta table

      at Logger.log (src/utils/logger.ts:91:17)

  console.log
    [2026-01-29T03:39:59.568Z] [INFO] [TicketDb] Foreign keys enabled

      at Logger.log (src/utils/logger.ts:91:17)

  console.log
    [2026-01-29T03:39:59.577Z] [INFO] [TicketDb] Γ£à tickets table ready

      at Logger.log (src/utils/logger.ts:91:17)

  console.log
    [2026-01-29T03:39:59.583Z] [INFO] [TicketDb] Γ£à replies table ready

      at Logger.log (src/utils/logger.ts:91:17)

  console.log
    [2026-01-29T03:39:59.588Z] [INFO] [TicketDb] Γ£à meta table ready

      at Logger.log (src/utils/logger.ts:91:17)

  console.log
    [2026-01-29T03:39:59.592Z] [INFO] [TicketDb] Schema version set

      at Logger.log (src/utils/logger.ts:91:17)

  console.log
    [2026-01-29T03:39:59.593Z] [INFO] [TicketDb] Schema ready

      at Logger.log (src/utils/logger.ts:91:17)

  console.log
    [2026-01-29T03:39:59.593Z] [INFO] ≡ƒÄ½ TicketDb initialized with SQLite backend

      at Logger.log (src/utils/logger.ts:91:17)

  console.log
    [2026-01-29T03:39:59.595Z] [INFO] [TicketDb] Closing database at 2026-01-29T03:39:59.595Z

      at Logger.log (src/utils/logger.ts:91:17)

  console.log
    [2026-01-29T03:39:59.596Z] [INFO] [TicketDb] Γ£à Database closed successfully at 2026-01-29T03:39:59.596Z

      at Logger.log (src/utils/logger.ts:91:17)

  console.log
    [2026-01-29T03:39:59.597Z] [INFO] [TicketDb] Database handle nulled and initialization flag reset

      at Logger.log (src/utils/logger.ts:91:17)

  console.log
    [2026-01-29T03:39:59.905Z] [INFO] [TicketDb] Created directory: C:\Users\weird\OneDrive\Documents\GitHub\Plan-To-Code-AI-Helper-\src\services\__tests__\test-tickets

      at Logger.log (src/utils/logger.ts:91:17)

  console.log
    [2026-01-29T03:39:59.906Z] [INFO] [TicketDb] Opening database: C:\Users\weird\OneDrive\Documents\GitHub\Plan-To-Code-AI-Helper-\src\services\__tests__\test-tickets\tickets.db

      at Logger.log (src/utils/logger.ts:91:17)

  console.log
    [2026-01-29T03:39:59.908Z] [INFO] [TicketDb] Database connection established

      at Logger.log (src/utils/logger.ts:91:17)

  console.log
    [2026-01-29T03:39:59.909Z] [INFO] [TicketDb] Creating tables...

      at Logger.log (src/utils/logger.ts:91:17)

  console.log
    [2026-01-29T03:39:59.910Z] [WARN] [TicketDb] DEV_RESET_DB=true, dropping existing tables

      at Logger.log (src/utils/logger.ts:91:17)

  console.log
    [2026-01-29T03:39:59.912Z] [INFO] [TicketDb] Dropped replies table

      at Logger.log (src/utils/logger.ts:91:17)

  console.log
    [2026-01-29T03:39:59.913Z] [INFO] [TicketDb] Dropped tickets table

      at Logger.log (src/utils/logger.ts:91:17)

  console.log
    [2026-01-29T03:39:59.914Z] [INFO] [TicketDb] Dropped meta table

      at Logger.log (src/utils/logger.ts:91:17)

  console.log
    [2026-01-29T03:39:59.915Z] [INFO] [TicketDb] Foreign keys enabled

      at Logger.log (src/utils/logger.ts:91:17)

  console.log
    [2026-01-29T03:39:59.924Z] [INFO] [TicketDb] Γ£à tickets table ready

      at Logger.log (src/utils/logger.ts:91:17)

  console.log
    [2026-01-29T03:39:59.930Z] [INFO] [TicketDb] Γ£à replies table ready

      at Logger.log (src/utils/logger.ts:91:17)

  console.log
    [2026-01-29T03:39:59.935Z] [INFO] [TicketDb] Γ£à meta table ready

      at Logger.log (src/utils/logger.ts:91:17)

  console.log
    [2026-01-29T03:39:59.941Z] [INFO] [TicketDb] Schema version set

      at Logger.log (src/utils/logger.ts:91:17)

  console.log
    [2026-01-29T03:39:59.941Z] [INFO] [TicketDb] Schema ready

      at Logger.log (src/utils/logger.ts:91:17)

  console.log
    [2026-01-29T03:39:59.942Z] [INFO] ≡ƒÄ½ TicketDb initialized with SQLite backend

      at Logger.log (src/utils/logger.ts:91:17)

  console.log
    [2026-01-29T03:39:59.949Z] [INFO] Orchestrator not initialized, skipping routing

      at Logger.log (src/utils/logger.ts:91:17)

  console.log
    [2026-01-29T03:39:59.954Z] [INFO] [TicketDb] Closing database at 2026-01-29T03:39:59.954Z

      at Logger.log (src/utils/logger.ts:91:17)

  console.log
    [2026-01-29T03:39:59.956Z] [INFO] [TicketDb] Γ£à Database closed successfully at 2026-01-29T03:39:59.956Z

      at Logger.log (src/utils/logger.ts:91:17)

  console.log
    [2026-01-29T03:39:59.956Z] [INFO] [TicketDb] Database handle nulled and initialization flag reset

      at Logger.log (src/utils/logger.ts:91:17)

  console.log
    [2026-01-29T03:40:00.269Z] [INFO] [TicketDb] Created directory: C:\Users\weird\OneDrive\Documents\GitHub\Plan-To-Code-AI-Helper-\src\services\__tests__\test-tickets

      at Logger.log (src/utils/logger.ts:91:17)

  console.log
    [2026-01-29T03:40:00.271Z] [INFO] [TicketDb] Opening database: C:\Users\weird\OneDrive\Documents\GitHub\Plan-To-Code-AI-Helper-\src\services\__tests__\test-tickets\tickets.db

      at Logger.log (src/utils/logger.ts:91:17)

  console.log
    [2026-01-29T03:40:00.275Z] [INFO] [TicketDb] Database connection established

      at Logger.log (src/utils/logger.ts:91:17)

  console.log
    [2026-01-29T03:40:00.276Z] [INFO] [TicketDb] Creating tables...

      at Logger.log (src/utils/logger.ts:91:17)

  console.log
    [2026-01-29T03:40:00.276Z] [WARN] [TicketDb] DEV_RESET_DB=true, dropping existing tables

      at Logger.log (src/utils/logger.ts:91:17)

  console.log
    [2026-01-29T03:40:00.278Z] [INFO] [TicketDb] Dropped replies table

      at Logger.log (src/utils/logger.ts:91:17)

  console.log
    [2026-01-29T03:40:00.280Z] [INFO] [TicketDb] Dropped tickets table

      at Logger.log (src/utils/logger.ts:91:17)

  console.log
    [2026-01-29T03:40:00.282Z] [INFO] [TicketDb] Dropped meta table

      at Logger.log (src/utils/logger.ts:91:17)

  console.log
    [2026-01-29T03:40:00.284Z] [INFO] [TicketDb] Foreign keys enabled

      at Logger.log (src/utils/logger.ts:91:17)

  console.log
    [2026-01-29T03:40:00.290Z] [INFO] [TicketDb] Γ£à tickets table ready

      at Logger.log (src/utils/logger.ts:91:17)

  console.log
    [2026-01-29T03:40:00.297Z] [INFO] [TicketDb] Γ£à replies table ready

      at Logger.log (src/utils/logger.ts:91:17)

  console.log
    [2026-01-29T03:40:00.305Z] [INFO] [TicketDb] Γ£à meta table ready

      at Logger.log (src/utils/logger.ts:91:17)

  console.log
    [2026-01-29T03:40:00.310Z] [INFO] [TicketDb] Schema version set

      at Logger.log (src/utils/logger.ts:91:17)

  console.log
    [2026-01-29T03:40:00.311Z] [INFO] [TicketDb] Schema ready

      at Logger.log (src/utils/logger.ts:91:17)

  console.log
    [2026-01-29T03:40:00.311Z] [INFO] ≡ƒÄ½ TicketDb initialized with SQLite backend

      at Logger.log (src/utils/logger.ts:91:17)

  console.log
    [2026-01-29T03:40:00.313Z] [INFO] [TicketDb] Closing database at 2026-01-29T03:40:00.313Z

      at Logger.log (src/utils/logger.ts:91:17)

  console.log
    [2026-01-29T03:40:00.316Z] [INFO] [TicketDb] Γ£à Database closed successfully at 2026-01-29T03:40:00.316Z

      at Logger.log (src/utils/logger.ts:91:17)

  console.log
    [2026-01-29T03:40:00.317Z] [INFO] [TicketDb] Database handle nulled and initialization flag reset

      at Logger.log (src/utils/logger.ts:91:17)

  console.log
    [2026-01-29T03:40:00.631Z] [INFO] [TicketDb] Created directory: C:\Users\weird\OneDrive\Documents\GitHub\Plan-To-Code-AI-Helper-\src\services\__tests__\test-tickets

      at Logger.log (src/utils/logger.ts:91:17)

  console.log
    [2026-01-29T03:40:00.632Z] [INFO] [TicketDb] Opening database: C:\Users\weird\OneDrive\Documents\GitHub\Plan-To-Code-AI-Helper-\src\services\__tests__\test-tickets\tickets.db

      at Logger.log (src/utils/logger.ts:91:17)

  console.log
    [2026-01-29T03:40:00.635Z] [INFO] [TicketDb] Database connection established

      at Logger.log (src/utils/logger.ts:91:17)

  console.log
    [2026-01-29T03:40:00.636Z] [INFO] [TicketDb] Creating tables...

      at Logger.log (src/utils/logger.ts:91:17)

  console.log
    [2026-01-29T03:40:00.636Z] [WARN] [TicketDb] DEV_RESET_DB=true, dropping existing tables

      at Logger.log (src/utils/logger.ts:91:17)

  console.log
    [2026-01-29T03:40:00.638Z] [INFO] [TicketDb] Dropped replies table

      at Logger.log (src/utils/logger.ts:91:17)

  console.log
    [2026-01-29T03:40:00.639Z] [INFO] [TicketDb] Dropped tickets table

      at Logger.log (src/utils/logger.ts:91:17)

  console.log
    [2026-01-29T03:40:00.640Z] [INFO] [TicketDb] Dropped meta table

      at Logger.log (src/utils/logger.ts:91:17)

  console.log
    [2026-01-29T03:40:00.640Z] [INFO] [TicketDb] Foreign keys enabled

      at Logger.log (src/utils/logger.ts:91:17)

  console.log
    [2026-01-29T03:40:00.646Z] [INFO] [TicketDb] Γ£à tickets table ready

      at Logger.log (src/utils/logger.ts:91:17)

  console.log
    [2026-01-29T03:40:00.652Z] [INFO] [TicketDb] Γ£à replies table ready

      at Logger.log (src/utils/logger.ts:91:17)

  console.log
    [2026-01-29T03:40:00.657Z] [INFO] [TicketDb] Γ£à meta table ready

      at Logger.log (src/utils/logger.ts:91:17)

  console.log
    [2026-01-29T03:40:00.662Z] [INFO] [TicketDb] Schema version set

      at Logger.log (src/utils/logger.ts:91:17)

  console.log
    [2026-01-29T03:40:00.663Z] [INFO] [TicketDb] Schema ready

      at Logger.log (src/utils/logger.ts:91:17)

  console.log
    [2026-01-29T03:40:00.664Z] [INFO] ≡ƒÄ½ TicketDb initialized with SQLite backend

      at Logger.log (src/utils/logger.ts:91:17)

  console.log
    [2026-01-29T03:40:00.670Z] [INFO] Orchestrator not initialized, skipping routing

      at Logger.log (src/utils/logger.ts:91:17)

  console.log
    [2026-01-29T03:40:00.682Z] [INFO] [TicketDb] Closing database at 2026-01-29T03:40:00.682Z

      at Logger.log (src/utils/logger.ts:91:17)

  console.log
    [2026-01-29T03:40:00.684Z] [INFO] [TicketDb] Γ£à Database closed successfully at 2026-01-29T03:40:00.684Z

      at Logger.log (src/utils/logger.ts:91:17)

  console.log
    [2026-01-29T03:40:00.684Z] [INFO] [TicketDb] Database handle nulled and initialization flag reset

      at Logger.log (src/utils/logger.ts:91:17)

  console.log
    [2026-01-29T03:40:00.996Z] [INFO] [TicketDb] Created directory: C:\Users\weird\OneDrive\Documents\GitHub\Plan-To-Code-AI-Helper-\src\services\__tests__\test-tickets

      at Logger.log (src/utils/logger.ts:91:17)

  console.log
    [2026-01-29T03:40:00.997Z] [INFO] [TicketDb] Opening database: C:\Users\weird\OneDrive\Documents\GitHub\Plan-To-Code-AI-Helper-\src\services\__tests__\test-tickets\tickets.db

      at Logger.log (src/utils/logger.ts:91:17)

  console.log
    [2026-01-29T03:40:01.000Z] [INFO] [TicketDb] Database connection established

      at Logger.log (src/utils/logger.ts:91:17)

  console.log
    [2026-01-29T03:40:01.001Z] [INFO] [TicketDb] Creating tables...

      at Logger.log (src/utils/logger.ts:91:17)

  console.log
    [2026-01-29T03:40:01.001Z] [WARN] [TicketDb] DEV_RESET_DB=true, dropping existing tables

      at Logger.log (src/utils/logger.ts:91:17)

  console.log
    [2026-01-29T03:40:01.002Z] [INFO] [TicketDb] Dropped replies table

      at Logger.log (src/utils/logger.ts:91:17)

  console.log
    [2026-01-29T03:40:01.003Z] [INFO] [TicketDb] Dropped tickets table

      at Logger.log (src/utils/logger.ts:91:17)

  console.log
    [2026-01-29T03:40:01.004Z] [INFO] [TicketDb] Dropped meta table

      at Logger.log (src/utils/logger.ts:91:17)

  console.log
    [2026-01-29T03:40:01.004Z] [INFO] [TicketDb] Foreign keys enabled

      at Logger.log (src/utils/logger.ts:91:17)

  console.log
    [2026-01-29T03:40:01.010Z] [INFO] [TicketDb] Γ£à tickets table ready

      at Logger.log (src/utils/logger.ts:91:17)

  console.log
    [2026-01-29T03:40:01.021Z] [INFO] [TicketDb] Γ£à replies table ready

      at Logger.log (src/utils/logger.ts:91:17)

  console.log
    [2026-01-29T03:40:01.025Z] [INFO] [TicketDb] Γ£à meta table ready

      at Logger.log (src/utils/logger.ts:91:17)

  console.log
    [2026-01-29T03:40:01.031Z] [INFO] [TicketDb] Schema version set

      at Logger.log (src/utils/logger.ts:91:17)

  console.log
    [2026-01-29T03:40:01.035Z] [INFO] [TicketDb] Schema ready

      at Logger.log (src/utils/logger.ts:91:17)

  console.log
    [2026-01-29T03:40:01.035Z] [INFO] ≡ƒÄ½ TicketDb initialized with SQLite backend

      at Logger.log (src/utils/logger.ts:91:17)

  console.log
    [2026-01-29T03:40:01.041Z] [INFO] Orchestrator not initialized, skipping routing

      at Logger.log (src/utils/logger.ts:91:17)

  console.log
    [2026-01-29T03:40:01.052Z] [INFO] [TicketDb] Closing database at 2026-01-29T03:40:01.052Z

      at Logger.log (src/utils/logger.ts:91:17)

  console.log
    [2026-01-29T03:40:01.054Z] [INFO] [TicketDb] Γ£à Database closed successfully at 2026-01-29T03:40:01.054Z

      at Logger.log (src/utils/logger.ts:91:17)

  console.log
    [2026-01-29T03:40:01.054Z] [INFO] [TicketDb] Database handle nulled and initialization flag reset

      at Logger.log (src/utils/logger.ts:91:17)

  console.log
    [2026-01-29T03:40:01.359Z] [INFO] [TicketDb] Created directory: C:\Users\weird\OneDrive\Documents\GitHub\Plan-To-Code-AI-Helper-\src\services\__tests__\test-tickets

      at Logger.log (src/utils/logger.ts:91:17)

  console.log
    [2026-01-29T03:40:01.360Z] [INFO] [TicketDb] Opening database: C:\Users\weird\OneDrive\Documents\GitHub\Plan-To-Code-AI-Helper-\src\services\__tests__\test-tickets\tickets.db

      at Logger.log (src/utils/logger.ts:91:17)

  console.log
    [2026-01-29T03:40:01.362Z] [INFO] [TicketDb] Database connection established

      at Logger.log (src/utils/logger.ts:91:17)

  console.log
    [2026-01-29T03:40:01.363Z] [INFO] [TicketDb] Creating tables...

      at Logger.log (src/utils/logger.ts:91:17)

  console.log
    [2026-01-29T03:40:01.364Z] [WARN] [TicketDb] DEV_RESET_DB=true, dropping existing tables

      at Logger.log (src/utils/logger.ts:91:17)

  console.log
    [2026-01-29T03:40:01.366Z] [INFO] [TicketDb] Dropped replies table

      at Logger.log (src/utils/logger.ts:91:17)

  console.log
    [2026-01-29T03:40:01.367Z] [INFO] [TicketDb] Dropped tickets table

      at Logger.log (src/utils/logger.ts:91:17)

  console.log
    [2026-01-29T03:40:01.368Z] [INFO] [TicketDb] Dropped meta table

      at Logger.log (src/utils/logger.ts:91:17)

  console.log
    [2026-01-29T03:40:01.369Z] [INFO] [TicketDb] Foreign keys enabled

      at Logger.log (src/utils/logger.ts:91:17)

  console.log
    [2026-01-29T03:40:01.377Z] [INFO] [TicketDb] Γ£à tickets table ready

      at Logger.log (src/utils/logger.ts:91:17)

  console.log
    [2026-01-29T03:40:01.383Z] [INFO] [TicketDb] Γ£à replies table ready

      at Logger.log (src/utils/logger.ts:91:17)

  console.log
    [2026-01-29T03:40:01.391Z] [INFO] [TicketDb] Γ£à meta table ready

      at Logger.log (src/utils/logger.ts:91:17)

  console.log
    [2026-01-29T03:40:01.396Z] [INFO] [TicketDb] Schema version set

      at Logger.log (src/utils/logger.ts:91:17)

  console.log
    [2026-01-29T03:40:01.397Z] [INFO] [TicketDb] Schema ready

      at Logger.log (src/utils/logger.ts:91:17)

  console.log
    [2026-01-29T03:40:01.397Z] [INFO] ≡ƒÄ½ TicketDb initialized with SQLite backend

      at Logger.log (src/utils/logger.ts:91:17)

  console.log
    [2026-01-29T03:40:01.400Z] [INFO] [TicketDb] Closing database at 2026-01-29T03:40:01.400Z

      at Logger.log (src/utils/logger.ts:91:17)

  console.log
    [2026-01-29T03:40:01.402Z] [INFO] [TicketDb] Γ£à Database closed successfully at 2026-01-29T03:40:01.402Z

      at Logger.log (src/utils/logger.ts:91:17)

  console.log
    [2026-01-29T03:40:01.403Z] [INFO] [TicketDb] Database handle nulled and initialization flag reset

      at Logger.log (src/utils/logger.ts:91:17)

  console.log
    [2026-01-29T03:40:01.713Z] [INFO] [TicketDb] Created directory: C:\Users\weird\OneDrive\Documents\GitHub\Plan-To-Code-AI-Helper-\src\services\__tests__\test-tickets

      at Logger.log (src/utils/logger.ts:91:17)

  console.log
    [2026-01-29T03:40:01.715Z] [INFO] [TicketDb] Opening database: C:\Users\weird\OneDrive\Documents\GitHub\Plan-To-Code-AI-Helper-\src\services\__tests__\test-tickets\tickets.db

      at Logger.log (src/utils/logger.ts:91:17)

  console.log
    [2026-01-29T03:40:01.717Z] [INFO] [TicketDb] Database connection established

      at Logger.log (src/utils/logger.ts:91:17)

  console.log
    [2026-01-29T03:40:01.718Z] [INFO] [TicketDb] Creating tables...

      at Logger.log (src/utils/logger.ts:91:17)

  console.log
    [2026-01-29T03:40:01.719Z] [WARN] [TicketDb] DEV_RESET_DB=true, dropping existing tables

      at Logger.log (src/utils/logger.ts:91:17)

  console.log
    [2026-01-29T03:40:01.720Z] [INFO] [TicketDb] Dropped replies table

      at Logger.log (src/utils/logger.ts:91:17)

  console.log
    [2026-01-29T03:40:01.721Z] [INFO] [TicketDb] Dropped tickets table

      at Logger.log (src/utils/logger.ts:91:17)

  console.log
    [2026-01-29T03:40:01.722Z] [INFO] [TicketDb] Dropped meta table

      at Logger.log (src/utils/logger.ts:91:17)

  console.log
    [2026-01-29T03:40:01.723Z] [INFO] [TicketDb] Foreign keys enabled

      at Logger.log (src/utils/logger.ts:91:17)

  console.log
    [2026-01-29T03:40:01.728Z] [INFO] [TicketDb] Γ£à tickets table ready

      at Logger.log (src/utils/logger.ts:91:17)

  console.log
    [2026-01-29T03:40:01.735Z] [INFO] [TicketDb] Γ£à replies table ready

      at Logger.log (src/utils/logger.ts:91:17)

  console.log
    [2026-01-29T03:40:01.740Z] [INFO] [TicketDb] Γ£à meta table ready

      at Logger.log (src/utils/logger.ts:91:17)

  console.log
    [2026-01-29T03:40:01.748Z] [INFO] [TicketDb] Schema version set

      at Logger.log (src/utils/logger.ts:91:17)

  console.log
    [2026-01-29T03:40:01.749Z] [INFO] [TicketDb] Schema ready

      at Logger.log (src/utils/logger.ts:91:17)

  console.log
    [2026-01-29T03:40:01.750Z] [INFO] ≡ƒÄ½ TicketDb initialized with SQLite backend

      at Logger.log (src/utils/logger.ts:91:17)

  console.log
    [2026-01-29T03:40:01.755Z] [INFO] Orchestrator not initialized, skipping routing

      at Logger.log (src/utils/logger.ts:91:17)

  console.log
    [2026-01-29T03:40:01.767Z] [INFO] [TicketDb] Closing database at 2026-01-29T03:40:01.767Z

      at Logger.log (src/utils/logger.ts:91:17)

  console.log
    [2026-01-29T03:40:01.769Z] [INFO] [TicketDb] Γ£à Database closed successfully at 2026-01-29T03:40:01.769Z

      at Logger.log (src/utils/logger.ts:91:17)

  console.log
    [2026-01-29T03:40:01.769Z] [INFO] [TicketDb] Database handle nulled and initialization flag reset

      at Logger.log (src/utils/logger.ts:91:17)

  console.log
    [2026-01-29T03:40:02.083Z] [INFO] [TicketDb] Created directory: C:\Users\weird\OneDrive\Documents\GitHub\Plan-To-Code-AI-Helper-\src\services\__tests__\test-tickets

      at Logger.log (src/utils/logger.ts:91:17)

  console.log
    [2026-01-29T03:40:02.085Z] [INFO] [TicketDb] Opening database: C:\Users\weird\OneDrive\Documents\GitHub\Plan-To-Code-AI-Helper-\src\services\__tests__\test-tickets\tickets.db

      at Logger.log (src/utils/logger.ts:91:17)

  console.log
    [2026-01-29T03:40:02.087Z] [INFO] [TicketDb] Database connection established

      at Logger.log (src/utils/logger.ts:91:17)

  console.log
    [2026-01-29T03:40:02.087Z] [INFO] [TicketDb] Creating tables...

      at Logger.log (src/utils/logger.ts:91:17)

  console.log
    [2026-01-29T03:40:02.088Z] [WARN] [TicketDb] DEV_RESET_DB=true, dropping existing tables

      at Logger.log (src/utils/logger.ts:91:17)

  console.log
    [2026-01-29T03:40:02.089Z] [INFO] [TicketDb] Dropped replies table

      at Logger.log (src/utils/logger.ts:91:17)

  console.log
    [2026-01-29T03:40:02.090Z] [INFO] [TicketDb] Dropped tickets table

      at Logger.log (src/utils/logger.ts:91:17)

  console.log
    [2026-01-29T03:40:02.091Z] [INFO] [TicketDb] Dropped meta table

      at Logger.log (src/utils/logger.ts:91:17)

  console.log
    [2026-01-29T03:40:02.091Z] [INFO] [TicketDb] Foreign keys enabled

      at Logger.log (src/utils/logger.ts:91:17)

  console.log
    [2026-01-29T03:40:02.097Z] [INFO] [TicketDb] Γ£à tickets table ready

      at Logger.log (src/utils/logger.ts:91:17)

  console.log
    [2026-01-29T03:40:02.102Z] [INFO] [TicketDb] Γ£à replies table ready

      at Logger.log (src/utils/logger.ts:91:17)

  console.log
    [2026-01-29T03:40:02.107Z] [INFO] [TicketDb] Γ£à meta table ready

      at Logger.log (src/utils/logger.ts:91:17)

  console.log
    [2026-01-29T03:40:02.111Z] [INFO] [TicketDb] Schema version set

      at Logger.log (src/utils/logger.ts:91:17)

  console.log
    [2026-01-29T03:40:02.112Z] [INFO] [TicketDb] Schema ready

      at Logger.log (src/utils/logger.ts:91:17)

  console.log
    [2026-01-29T03:40:02.113Z] [INFO] ≡ƒÄ½ TicketDb initialized with SQLite backend

      at Logger.log (src/utils/logger.ts:91:17)

  console.log
    [2026-01-29T03:40:02.120Z] [INFO] Orchestrator not initialized, skipping routing

      at Logger.log (src/utils/logger.ts:91:17)

  console.log
    [2026-01-29T03:40:02.155Z] [INFO] [TicketDb] Closing database at 2026-01-29T03:40:02.155Z

      at Logger.log (src/utils/logger.ts:91:17)

  console.log
    [2026-01-29T03:40:02.156Z] [INFO] [TicketDb] Γ£à Database closed successfully at 2026-01-29T03:40:02.156Z

      at Logger.log (src/utils/logger.ts:91:17)

  console.log
    [2026-01-29T03:40:02.157Z] [INFO] [TicketDb] Database handle nulled and initialization flag reset

      at Logger.log (src/utils/logger.ts:91:17)

  console.log
    [2026-01-29T03:40:02.466Z] [INFO] [TicketDb] Created directory: C:\Users\weird\OneDrive\Documents\GitHub\Plan-To-Code-AI-Helper-\src\services\__tests__\test-tickets

      at Logger.log (src/utils/logger.ts:91:17)

  console.log
    [2026-01-29T03:40:02.468Z] [INFO] [TicketDb] Opening database: C:\Users\weird\OneDrive\Documents\GitHub\Plan-To-Code-AI-Helper-\src\services\__tests__\test-tickets\tickets.db

      at Logger.log (src/utils/logger.ts:91:17)

  console.log
    [2026-01-29T03:40:02.472Z] [INFO] [TicketDb] Database connection established

      at Logger.log (src/utils/logger.ts:91:17)

  console.log
    [2026-01-29T03:40:02.472Z] [INFO] [TicketDb] Creating tables...

      at Logger.log (src/utils/logger.ts:91:17)

  console.log
    [2026-01-29T03:40:02.474Z] [WARN] [TicketDb] DEV_RESET_DB=true, dropping existing tables

      at Logger.log (src/utils/logger.ts:91:17)

  console.log
    [2026-01-29T03:40:02.475Z] [INFO] [TicketDb] Dropped replies table

      at Logger.log (src/utils/logger.ts:91:17)

  console.log
    [2026-01-29T03:40:02.476Z] [INFO] [TicketDb] Dropped tickets table

      at Logger.log (src/utils/logger.ts:91:17)

  console.log
    [2026-01-29T03:40:02.477Z] [INFO] [TicketDb] Dropped meta table

      at Logger.log (src/utils/logger.ts:91:17)

  console.log
    [2026-01-29T03:40:02.478Z] [INFO] [TicketDb] Foreign keys enabled

      at Logger.log (src/utils/logger.ts:91:17)

  console.log
    [2026-01-29T03:40:02.486Z] [INFO] [TicketDb] Γ£à tickets table ready

      at Logger.log (src/utils/logger.ts:91:17)

  console.log
    [2026-01-29T03:40:02.492Z] [INFO] [TicketDb] Γ£à replies table ready

      at Logger.log (src/utils/logger.ts:91:17)

  console.log
    [2026-01-29T03:40:02.497Z] [INFO] [TicketDb] Γ£à meta table ready

      at Logger.log (src/utils/logger.ts:91:17)

  console.log
    [2026-01-29T03:40:02.503Z] [INFO] [TicketDb] Schema version set

      at Logger.log (src/utils/logger.ts:91:17)

  console.log
    [2026-01-29T03:40:02.504Z] [INFO] [TicketDb] Schema ready

      at Logger.log (src/utils/logger.ts:91:17)

  console.log
    [2026-01-29T03:40:02.504Z] [INFO] ≡ƒÄ½ TicketDb initialized with SQLite backend

      at Logger.log (src/utils/logger.ts:91:17)

  console.log
    [2026-01-29T03:40:02.509Z] [INFO] Orchestrator not initialized, skipping routing

      at Logger.log (src/utils/logger.ts:91:17)

  console.log
    [2026-01-29T03:40:02.511Z] [INFO] [TicketDb] Closing database at 2026-01-29T03:40:02.511Z

      at Logger.log (src/utils/logger.ts:91:17)

  console.log
    [2026-01-29T03:40:02.512Z] [INFO] [TicketDb] Γ£à Database closed successfully at 2026-01-29T03:40:02.512Z

      at Logger.log (src/utils/logger.ts:91:17)

  console.log
    [2026-01-29T03:40:02.513Z] [INFO] [TicketDb] Database handle nulled and initialization flag reset

      at Logger.log (src/utils/logger.ts:91:17)

  console.log
    [2026-01-29T03:40:02.823Z] [INFO] [TicketDb] Opening database: \invalid\path\that\cannot\be\created\tickets.db

      at Logger.log (src/utils/logger.ts:91:17)

  console.log
    [2026-01-29T03:40:02.825Z] [INFO] [TicketDb] Database connection established

      at Logger.log (src/utils/logger.ts:91:17)

  console.log
    [2026-01-29T03:40:02.825Z] [INFO] [TicketDb] Creating tables...

      at Logger.log (src/utils/logger.ts:91:17)

  console.log
    [2026-01-29T03:40:02.826Z] [WARN] [TicketDb] DEV_RESET_DB=true, dropping existing tables

      at Logger.log (src/utils/logger.ts:91:17)

  console.log
    [2026-01-29T03:40:02.831Z] [INFO] [TicketDb] Dropped replies table

      at Logger.log (src/utils/logger.ts:91:17)

  console.log
    [2026-01-29T03:40:02.836Z] [INFO] [TicketDb] Dropped tickets table

      at Logger.log (src/utils/logger.ts:91:17)

  console.log
    [2026-01-29T03:40:02.841Z] [INFO] [TicketDb] Dropped meta table

      at Logger.log (src/utils/logger.ts:91:17)

  console.log
    [2026-01-29T03:40:02.841Z] [INFO] [TicketDb] Foreign keys enabled

      at Logger.log (src/utils/logger.ts:91:17)

  console.log
    [2026-01-29T03:40:02.846Z] [INFO] [TicketDb] Γ£à tickets table ready

      at Logger.log (src/utils/logger.ts:91:17)

  console.log
    [2026-01-29T03:40:02.851Z] [INFO] [TicketDb] Γ£à replies table ready

      at Logger.log (src/utils/logger.ts:91:17)

  console.log
    [2026-01-29T03:40:02.856Z] [INFO] [TicketDb] Γ£à meta table ready

      at Logger.log (src/utils/logger.ts:91:17)

  console.log
    [2026-01-29T03:40:02.861Z] [INFO] [TicketDb] Schema version set

      at Logger.log (src/utils/logger.ts:91:17)

  console.log
    [2026-01-29T03:40:02.861Z] [INFO] [TicketDb] Schema ready

      at Logger.log (src/utils/logger.ts:91:17)

  console.log
    [2026-01-29T03:40:02.862Z] [INFO] ≡ƒÄ½ TicketDb initialized with SQLite backend

      at Logger.log (src/utils/logger.ts:91:17)

  console.log
    [2026-01-29T03:40:02.867Z] [INFO] Orchestrator not initialized, skipping routing

      at Logger.log (src/utils/logger.ts:91:17)

  console.log
    [2026-01-29T03:40:02.868Z] [INFO] [TicketDb] Closing database at 2026-01-29T03:40:02.868Z

      at Logger.log (src/utils/logger.ts:91:17)

  console.log
    [2026-01-29T03:40:02.869Z] [INFO] [TicketDb] Γ£à Database closed successfully at 2026-01-29T03:40:02.869Z

      at Logger.log (src/utils/logger.ts:91:17)

  console.log
    [2026-01-29T03:40:02.870Z] [INFO] [TicketDb] Database handle nulled and initialization flag reset

      at Logger.log (src/utils/logger.ts:91:17)

  console.log
    [2026-01-29T03:40:03.180Z] [INFO] [TicketDb] Opening database: \invalid\path\tickets.db

      at Logger.log (src/utils/logger.ts:91:17)

  console.log
    [2026-01-29T03:40:03.182Z] [INFO] [TicketDb] Database connection established

      at Logger.log (src/utils/logger.ts:91:17)

  console.log
    [2026-01-29T03:40:03.182Z] [INFO] [TicketDb] Creating tables...

      at Logger.log (src/utils/logger.ts:91:17)

  console.log
    [2026-01-29T03:40:03.183Z] [WARN] [TicketDb] DEV_RESET_DB=true, dropping existing tables

      at Logger.log (src/utils/logger.ts:91:17)

  console.log
    [2026-01-29T03:40:03.188Z] [INFO] [TicketDb] Dropped replies table

      at Logger.log (src/utils/logger.ts:91:17)

  console.log
    [2026-01-29T03:40:03.193Z] [INFO] [TicketDb] Dropped tickets table

      at Logger.log (src/utils/logger.ts:91:17)

  console.log
    [2026-01-29T03:40:03.199Z] [INFO] [TicketDb] Dropped meta table

      at Logger.log (src/utils/logger.ts:91:17)

  console.log
    [2026-01-29T03:40:03.199Z] [INFO] [TicketDb] Foreign keys enabled

      at Logger.log (src/utils/logger.ts:91:17)

  console.log
    [2026-01-29T03:40:03.205Z] [INFO] [TicketDb] Γ£à tickets table ready

      at Logger.log (src/utils/logger.ts:91:17)

  console.log
    [2026-01-29T03:40:03.209Z] [INFO] [TicketDb] Γ£à replies table ready

      at Logger.log (src/utils/logger.ts:91:17)

  console.log
    [2026-01-29T03:40:03.214Z] [INFO] [TicketDb] Γ£à meta table ready

      at Logger.log (src/utils/logger.ts:91:17)

  console.log
    [2026-01-29T03:40:03.220Z] [INFO] [TicketDb] Schema version set

      at Logger.log (src/utils/logger.ts:91:17)

  console.log
    [2026-01-29T03:40:03.220Z] [INFO] [TicketDb] Schema ready

      at Logger.log (src/utils/logger.ts:91:17)

  console.log
    [2026-01-29T03:40:03.221Z] [INFO] ≡ƒÄ½ TicketDb initialized with SQLite backend

      at Logger.log (src/utils/logger.ts:91:17)

  console.log
    [2026-01-29T03:40:03.226Z] [INFO] Orchestrator not initialized, skipping routing

      at Logger.log (src/utils/logger.ts:91:17)

  console.log
    [2026-01-29T03:40:03.235Z] [INFO] [TicketDb] Closing database at 2026-01-29T03:40:03.235Z

      at Logger.log (src/utils/logger.ts:91:17)

  console.log
    [2026-01-29T03:40:03.237Z] [INFO] [TicketDb] Γ£à Database closed successfully at 2026-01-29T03:40:03.237Z

      at Logger.log (src/utils/logger.ts:91:17)

  console.log
    [2026-01-29T03:40:03.237Z] [INFO] [TicketDb] Database handle nulled and initialization flag reset

      at Logger.log (src/utils/logger.ts:91:17)

  console.log
    [2026-01-29T03:40:03.550Z] [INFO] [TicketDb] Opening database: \invalid\path\tickets.db

      at Logger.log (src/utils/logger.ts:91:17)

  console.log
    [2026-01-29T03:40:03.551Z] [INFO] [TicketDb] Database connection established

      at Logger.log (src/utils/logger.ts:91:17)

  console.log
    [2026-01-29T03:40:03.552Z] [INFO] [TicketDb] Creating tables...

      at Logger.log (src/utils/logger.ts:91:17)

  console.log
    [2026-01-29T03:40:03.553Z] [WARN] [TicketDb] DEV_RESET_DB=true, dropping existing tables

      at Logger.log (src/utils/logger.ts:91:17)

  console.log
    [2026-01-29T03:40:03.559Z] [INFO] [TicketDb] Dropped replies table

      at Logger.log (src/utils/logger.ts:91:17)

  console.log
    [2026-01-29T03:40:03.568Z] [INFO] [TicketDb] Dropped tickets table

      at Logger.log (src/utils/logger.ts:91:17)

  console.log
    [2026-01-29T03:40:03.573Z] [INFO] [TicketDb] Dropped meta table

      at Logger.log (src/utils/logger.ts:91:17)

  console.log
    [2026-01-29T03:40:03.574Z] [INFO] [TicketDb] Foreign keys enabled

      at Logger.log (src/utils/logger.ts:91:17)

  console.log
    [2026-01-29T03:40:03.578Z] [INFO] [TicketDb] Γ£à tickets table ready

      at Logger.log (src/utils/logger.ts:91:17)

  console.log
    [2026-01-29T03:40:03.584Z] [INFO] [TicketDb] Γ£à replies table ready

      at Logger.log (src/utils/logger.ts:91:17)

  console.log
    [2026-01-29T03:40:03.589Z] [INFO] [TicketDb] Γ£à meta table ready

      at Logger.log (src/utils/logger.ts:91:17)

  console.log
    [2026-01-29T03:40:03.594Z] [INFO] [TicketDb] Schema version set

      at Logger.log (src/utils/logger.ts:91:17)

  console.log
    [2026-01-29T03:40:03.595Z] [INFO] [TicketDb] Schema ready

      at Logger.log (src/utils/logger.ts:91:17)

  console.log
    [2026-01-29T03:40:03.595Z] [INFO] ≡ƒÄ½ TicketDb initialized with SQLite backend

      at Logger.log (src/utils/logger.ts:91:17)

  console.log
    [2026-01-29T03:40:03.602Z] [INFO] Orchestrator not initialized, skipping routing

      at Logger.log (src/utils/logger.ts:91:17)

  console.log
    [2026-01-29T03:40:03.618Z] [INFO] [TicketDb] Closing database at 2026-01-29T03:40:03.618Z

      at Logger.log (src/utils/logger.ts:91:17)

  console.log
    [2026-01-29T03:40:03.620Z] [INFO] [TicketDb] Γ£à Database closed successfully at 2026-01-29T03:40:03.620Z

      at Logger.log (src/utils/logger.ts:91:17)

  console.log
    [2026-01-29T03:40:03.621Z] [INFO] [TicketDb] Database handle nulled and initialization flag reset

      at Logger.log (src/utils/logger.ts:91:17)

  console.log
    [2026-01-29T03:40:03.937Z] [INFO] [TicketDb] Created directory: C:\Users\weird\OneDrive\Documents\GitHub\Plan-To-Code-AI-Helper-\src\services\__tests__\test-tickets

      at Logger.log (src/utils/logger.ts:91:17)

  console.log
    [2026-01-29T03:40:03.939Z] [INFO] [TicketDb] Opening database: C:\Users\weird\OneDrive\Documents\GitHub\Plan-To-Code-AI-Helper-\src\services\__tests__\test-tickets\tickets.db

      at Logger.log (src/utils/logger.ts:91:17)

  console.log
    [2026-01-29T03:40:03.944Z] [INFO] [TicketDb] Database connection established

      at Logger.log (src/utils/logger.ts:91:17)

  console.log
    [2026-01-29T03:40:03.947Z] [INFO] [TicketDb] Creating tables...

      at Logger.log (src/utils/logger.ts:91:17)

  console.log
    [2026-01-29T03:40:03.948Z] [WARN] [TicketDb] DEV_RESET_DB=true, dropping existing tables

      at Logger.log (src/utils/logger.ts:91:17)

  console.log
    [2026-01-29T03:40:03.951Z] [INFO] [TicketDb] Dropped replies table

      at Logger.log (src/utils/logger.ts:91:17)

  console.log
    [2026-01-29T03:40:03.953Z] [INFO] [TicketDb] Dropped tickets table

      at Logger.log (src/utils/logger.ts:91:17)

  console.log
    [2026-01-29T03:40:03.954Z] [INFO] [TicketDb] Dropped meta table

      at Logger.log (src/utils/logger.ts:91:17)

  console.log
    [2026-01-29T03:40:03.956Z] [INFO] [TicketDb] Foreign keys enabled

      at Logger.log (src/utils/logger.ts:91:17)

  console.log
    [2026-01-29T03:40:03.964Z] [INFO] [TicketDb] Γ£à tickets table ready

      at Logger.log (src/utils/logger.ts:91:17)

  console.log
    [2026-01-29T03:40:03.975Z] [INFO] [TicketDb] Γ£à replies table ready

      at Logger.log (src/utils/logger.ts:91:17)

  console.log
    [2026-01-29T03:40:03.981Z] [INFO] [TicketDb] Γ£à meta table ready

      at Logger.log (src/utils/logger.ts:91:17)

  console.log
    [2026-01-29T03:40:03.988Z] [INFO] [TicketDb] Schema version set

      at Logger.log (src/utils/logger.ts:91:17)

  console.log
    [2026-01-29T03:40:03.989Z] [INFO] [TicketDb] Schema ready

      at Logger.log (src/utils/logger.ts:91:17)

  console.log
    [2026-01-29T03:40:03.990Z] [INFO] ≡ƒÄ½ TicketDb initialized with SQLite backend

      at Logger.log (src/utils/logger.ts:91:17)

  console.log
    [2026-01-29T03:40:03.997Z] [INFO] Orchestrator not initialized, skipping routing

      at Logger.log (src/utils/logger.ts:91:17)

  console.log
    [2026-01-29T03:40:03.998Z] [INFO] [TicketDb] Closing database at 2026-01-29T03:40:03.998Z

      at Logger.log (src/utils/logger.ts:91:17)

  console.log
    [2026-01-29T03:40:04.001Z] [INFO] [TicketDb] Γ£à Database closed successfully at 2026-01-29T03:40:04.001Z

      at Logger.log (src/utils/logger.ts:91:17)

  console.log
    [2026-01-29T03:40:04.002Z] [INFO] [TicketDb] Database handle nulled and initialization flag reset

      at Logger.log (src/utils/logger.ts:91:17)

  console.log
    [2026-01-29T03:40:04.003Z] [INFO] [TicketDb] Opening database: C:\Users\weird\OneDrive\Documents\GitHub\Plan-To-Code-AI-Helper-\src\services\__tests__\test-tickets\tickets.db

      at Logger.log (src/utils/logger.ts:91:17)

  console.log
    [2026-01-29T03:40:04.004Z] [INFO] [TicketDb] Database connection established

      at Logger.log (src/utils/logger.ts:91:17)

  console.log
    [2026-01-29T03:40:04.004Z] [INFO] [TicketDb] Creating tables...

      at Logger.log (src/utils/logger.ts:91:17)

  console.log
    [2026-01-29T03:40:04.005Z] [INFO] [TicketDb] Foreign keys enabled

      at Logger.log (src/utils/logger.ts:91:17)

  console.log
    [2026-01-29T03:40:04.006Z] [INFO] [TicketDb] Γ£à tickets table ready

      at Logger.log (src/utils/logger.ts:91:17)

  console.log
    [2026-01-29T03:40:04.007Z] [INFO] [TicketDb] Γ£à replies table ready

      at Logger.log (src/utils/logger.ts:91:17)

  console.log
    [2026-01-29T03:40:04.008Z] [INFO] [TicketDb] Γ£à meta table ready

      at Logger.log (src/utils/logger.ts:91:17)

  console.log
    [2026-01-29T03:40:04.012Z] [INFO] [TicketDb] Schema version set

      at Logger.log (src/utils/logger.ts:91:17)

  console.log
    [2026-01-29T03:40:04.013Z] [INFO] [TicketDb] Schema ready

      at Logger.log (src/utils/logger.ts:91:17)

  console.log
    [2026-01-29T03:40:04.014Z] [INFO] ≡ƒÄ½ TicketDb initialized with SQLite backend

      at Logger.log (src/utils/logger.ts:91:17)

  console.log
    [2026-01-29T03:40:04.015Z] [INFO] [TicketDb] Closing database at 2026-01-29T03:40:04.015Z

      at Logger.log (src/utils/logger.ts:91:17)

  console.log
    [2026-01-29T03:40:04.016Z] [INFO] [TicketDb] Γ£à Database closed successfully at 2026-01-29T03:40:04.016Z

      at Logger.log (src/utils/logger.ts:91:17)

  console.log
    [2026-01-29T03:40:04.016Z] [INFO] [TicketDb] Database handle nulled and initialization flag reset

      at Logger.log (src/utils/logger.ts:91:17)

  console.log
    [2026-01-29T03:40:04.017Z] [INFO] [TicketDb] No database to close

      at Logger.log (src/utils/logger.ts:91:17)

  console.log
    [2026-01-29T03:40:04.340Z] [INFO] [TicketDb] Created directory: C:\Users\weird\OneDrive\Documents\GitHub\Plan-To-Code-AI-Helper-\src\services\__tests__\test-tickets

      at Logger.log (src/utils/logger.ts:91:17)

  console.log
    [2026-01-29T03:40:04.342Z] [INFO] [TicketDb] Opening database: C:\Users\weird\OneDrive\Documents\GitHub\Plan-To-Code-AI-Helper-\src\services\__tests__\test-tickets\tickets.db

      at Logger.log (src/utils/logger.ts:91:17)

  console.log
    [2026-01-29T03:40:04.344Z] [INFO] [TicketDb] Database connection established

      at Logger.log (src/utils/logger.ts:91:17)

  console.log
    [2026-01-29T03:40:04.345Z] [INFO] [TicketDb] Creating tables...

      at Logger.log (src/utils/logger.ts:91:17)

  console.log
    [2026-01-29T03:40:04.345Z] [WARN] [TicketDb] DEV_RESET_DB=true, dropping existing tables

      at Logger.log (src/utils/logger.ts:91:17)

  console.log
    [2026-01-29T03:40:04.347Z] [INFO] [TicketDb] Dropped replies table

      at Logger.log (src/utils/logger.ts:91:17)

  console.log
    [2026-01-29T03:40:04.349Z] [INFO] [TicketDb] Dropped tickets table

      at Logger.log (src/utils/logger.ts:91:17)

  console.log
    [2026-01-29T03:40:04.351Z] [INFO] [TicketDb] Dropped meta table

      at Logger.log (src/utils/logger.ts:91:17)

  console.log
    [2026-01-29T03:40:04.352Z] [INFO] [TicketDb] Foreign keys enabled

      at Logger.log (src/utils/logger.ts:91:17)

  console.log
    [2026-01-29T03:40:04.358Z] [INFO] [TicketDb] Γ£à tickets table ready

      at Logger.log (src/utils/logger.ts:91:17)

  console.log
    [2026-01-29T03:40:04.364Z] [INFO] [TicketDb] Γ£à replies table ready

      at Logger.log (src/utils/logger.ts:91:17)

  console.log
    [2026-01-29T03:40:04.370Z] [INFO] [TicketDb] Γ£à meta table ready

      at Logger.log (src/utils/logger.ts:91:17)

  console.log
    [2026-01-29T03:40:04.375Z] [INFO] [TicketDb] Schema version set

      at Logger.log (src/utils/logger.ts:91:17)

  console.log
    [2026-01-29T03:40:04.376Z] [INFO] [TicketDb] Schema ready

      at Logger.log (src/utils/logger.ts:91:17)

  console.log
    [2026-01-29T03:40:04.377Z] [INFO] ≡ƒÄ½ TicketDb initialized with SQLite backend

      at Logger.log (src/utils/logger.ts:91:17)

  console.log
    [2026-01-29T03:40:04.386Z] [INFO] Orchestrator not initialized, skipping routing

      at Logger.log (src/utils/logger.ts:91:17)

  console.log
    [2026-01-29T03:40:04.392Z] [INFO] [TicketDb] Closing database at 2026-01-29T03:40:04.392Z

      at Logger.log (src/utils/logger.ts:91:17)

  console.log
    [2026-01-29T03:40:04.394Z] [INFO] [TicketDb] Γ£à Database closed successfully at 2026-01-29T03:40:04.394Z

      at Logger.log (src/utils/logger.ts:91:17)

  console.log
    [2026-01-29T03:40:04.395Z] [INFO] [TicketDb] Database handle nulled and initialization flag reset

      at Logger.log (src/utils/logger.ts:91:17)

  console.log
    [2026-01-29T03:40:04.395Z] [INFO] [TicketDb] Opening database: C:\Users\weird\OneDrive\Documents\GitHub\Plan-To-Code-AI-Helper-\src\services\__tests__\test-tickets\tickets.db

      at Logger.log (src/utils/logger.ts:91:17)

  console.log
    [2026-01-29T03:40:04.397Z] [INFO] [TicketDb] Database connection established

      at Logger.log (src/utils/logger.ts:91:17)

  console.log
    [2026-01-29T03:40:04.397Z] [INFO] [TicketDb] Creating tables...

      at Logger.log (src/utils/logger.ts:91:17)

  console.log
    [2026-01-29T03:40:04.398Z] [INFO] [TicketDb] Foreign keys enabled

      at Logger.log (src/utils/logger.ts:91:17)

  console.log
    [2026-01-29T03:40:04.400Z] [INFO] [TicketDb] Γ£à tickets table ready

      at Logger.log (src/utils/logger.ts:91:17)

  console.log
    [2026-01-29T03:40:04.401Z] [INFO] [TicketDb] Γ£à replies table ready

      at Logger.log (src/utils/logger.ts:91:17)

  console.log
    [2026-01-29T03:40:04.402Z] [INFO] [TicketDb] Γ£à meta table ready

      at Logger.log (src/utils/logger.ts:91:17)

  console.log
    [2026-01-29T03:40:04.403Z] [INFO] [TicketDb] Schema version set

      at Logger.log (src/utils/logger.ts:91:17)

  console.log
    [2026-01-29T03:40:04.404Z] [INFO] [TicketDb] Schema ready

      at Logger.log (src/utils/logger.ts:91:17)

  console.log
    [2026-01-29T03:40:04.404Z] [INFO] ≡ƒÄ½ TicketDb initialized with SQLite backend

      at Logger.log (src/utils/logger.ts:91:17)

  console.log
    [2026-01-29T03:40:04.406Z] [INFO] [TicketDb] Closing database at 2026-01-29T03:40:04.406Z

      at Logger.log (src/utils/logger.ts:91:17)

  console.log
    [2026-01-29T03:40:04.407Z] [INFO] [TicketDb] Γ£à Database closed successfully at 2026-01-29T03:40:04.407Z

      at Logger.log (src/utils/logger.ts:91:17)

  console.log
    [2026-01-29T03:40:04.407Z] [INFO] [TicketDb] Database handle nulled and initialization flag reset

      at Logger.log (src/utils/logger.ts:91:17)

  console.log
    [2026-01-29T03:40:04.408Z] [INFO] [TicketDb] No database to close

      at Logger.log (src/utils/logger.ts:91:17)

  console.log
    [2026-01-29T03:40:04.805Z] [INFO] [TicketDb] Created directory: C:\Users\weird\OneDrive\Documents\GitHub\Plan-To-Code-AI-Helper-\src\services\__tests__\test-tickets

      at Logger.log (src/utils/logger.ts:91:17)

  console.log
    [2026-01-29T03:40:04.806Z] [INFO] [TicketDb] Opening database: C:\Users\weird\OneDrive\Documents\GitHub\Plan-To-Code-AI-Helper-\src\services\__tests__\test-tickets\tickets.db

      at Logger.log (src/utils/logger.ts:91:17)

  console.log
    [2026-01-29T03:40:04.856Z] [INFO] [TicketDb] Database connection established

      at Logger.log (src/utils/logger.ts:91:17)

  console.log
    [2026-01-29T03:40:04.857Z] [INFO] [TicketDb] Creating tables...

      at Logger.log (src/utils/logger.ts:91:17)

  console.log
    [2026-01-29T03:40:04.859Z] [WARN] [TicketDb] DEV_RESET_DB=true, dropping existing tables

      at Logger.log (src/utils/logger.ts:91:17)

  console.log
    [2026-01-29T03:40:04.903Z] [INFO] [TicketDb] Dropped replies table

      at Logger.log (src/utils/logger.ts:91:17)

  console.log
    [2026-01-29T03:40:04.907Z] [INFO] [TicketDb] Dropped tickets table

      at Logger.log (src/utils/logger.ts:91:17)

  console.log
    [2026-01-29T03:40:04.908Z] [INFO] [TicketDb] Dropped meta table

      at Logger.log (src/utils/logger.ts:91:17)

  console.log
    [2026-01-29T03:40:04.909Z] [INFO] [TicketDb] Foreign keys enabled

      at Logger.log (src/utils/logger.ts:91:17)

  console.log
    [2026-01-29T03:40:04.919Z] [INFO] [TicketDb] Γ£à tickets table ready

      at Logger.log (src/utils/logger.ts:91:17)

  console.log
    [2026-01-29T03:40:04.937Z] [INFO] [TicketDb] Γ£à replies table ready

      at Logger.log (src/utils/logger.ts:91:17)

  console.log
    [2026-01-29T03:40:04.944Z] [INFO] [TicketDb] Γ£à meta table ready

      at Logger.log (src/utils/logger.ts:91:17)

  console.log
    [2026-01-29T03:40:04.955Z] [INFO] [TicketDb] Schema version set

      at Logger.log (src/utils/logger.ts:91:17)

  console.log
    [2026-01-29T03:40:04.959Z] [INFO] [TicketDb] Schema ready

      at Logger.log (src/utils/logger.ts:91:17)

  console.log
    [2026-01-29T03:40:04.961Z] [INFO] ≡ƒÄ½ TicketDb initialized with SQLite backend

      at Logger.log (src/utils/logger.ts:91:17)

  console.log
    [2026-01-29T03:40:04.962Z] [INFO] [TicketDb] Closing database at 2026-01-29T03:40:04.962Z

      at Logger.log (src/utils/logger.ts:91:17)

  console.log
    [2026-01-29T03:40:04.963Z] [INFO] [TicketDb] Γ£à Database closed successfully at 2026-01-29T03:40:04.963Z

      at Logger.log (src/utils/logger.ts:91:17)

  console.log
    [2026-01-29T03:40:04.968Z] [INFO] [TicketDb] Database handle nulled and initialization flag reset

      at Logger.log (src/utils/logger.ts:91:17)

  console.log
    [2026-01-29T03:40:04.969Z] [INFO] [TicketDb] No database to close

      at Logger.log (src/utils/logger.ts:91:17)

  console.log
    [2026-01-29T03:40:05.280Z] [INFO] [TicketDb] No database to close

      at Logger.log (src/utils/logger.ts:91:17)

  console.log
    [2026-01-29T03:40:05.283Z] [INFO] [TicketDb] No database to close

      at Logger.log (src/utils/logger.ts:91:17)

  console.log
    [2026-01-29T03:40:05.598Z] [INFO] [TicketDb] Created directory: C:\Users\weird\OneDrive\Documents\GitHub\Plan-To-Code-AI-Helper-\src\services\__tests__\test-tickets

      at Logger.log (src/utils/logger.ts:91:17)

  console.log
    [2026-01-29T03:40:05.600Z] [INFO] [TicketDb] Opening database: C:\Users\weird\OneDrive\Documents\GitHub\Plan-To-Code-AI-Helper-\src\services\__tests__\test-tickets\tickets.db

      at Logger.log (src/utils/logger.ts:91:17)

  console.log
    [2026-01-29T03:40:05.602Z] [INFO] [TicketDb] Database connection established

      at Logger.log (src/utils/logger.ts:91:17)

  console.log
    [2026-01-29T03:40:05.602Z] [INFO] [TicketDb] Creating tables...

      at Logger.log (src/utils/logger.ts:91:17)

  console.log
    [2026-01-29T03:40:05.603Z] [WARN] [TicketDb] DEV_RESET_DB=true, dropping existing tables

      at Logger.log (src/utils/logger.ts:91:17)

  console.log
    [2026-01-29T03:40:05.604Z] [INFO] [TicketDb] Dropped replies table

      at Logger.log (src/utils/logger.ts:91:17)

  console.log
    [2026-01-29T03:40:05.605Z] [INFO] [TicketDb] Dropped tickets table

      at Logger.log (src/utils/logger.ts:91:17)

  console.log
    [2026-01-29T03:40:05.606Z] [INFO] [TicketDb] Dropped meta table

      at Logger.log (src/utils/logger.ts:91:17)

  console.log
    [2026-01-29T03:40:05.606Z] [INFO] [TicketDb] Foreign keys enabled

      at Logger.log (src/utils/logger.ts:91:17)

  console.log
    [2026-01-29T03:40:05.612Z] [INFO] [TicketDb] Γ£à tickets table ready

      at Logger.log (src/utils/logger.ts:91:17)

  console.log
    [2026-01-29T03:40:05.617Z] [INFO] [TicketDb] Γ£à replies table ready

      at Logger.log (src/utils/logger.ts:91:17)

  console.log
    [2026-01-29T03:40:05.621Z] [INFO] [TicketDb] Γ£à meta table ready

      at Logger.log (src/utils/logger.ts:91:17)

  console.log
    [2026-01-29T03:40:05.627Z] [INFO] [TicketDb] Schema version set

      at Logger.log (src/utils/logger.ts:91:17)

  console.log
    [2026-01-29T03:40:05.628Z] [INFO] [TicketDb] Schema ready

      at Logger.log (src/utils/logger.ts:91:17)

  console.log
    [2026-01-29T03:40:05.628Z] [INFO] ≡ƒÄ½ TicketDb initialized with SQLite backend

      at Logger.log (src/utils/logger.ts:91:17)

  console.log
    [2026-01-29T03:40:05.635Z] [INFO] Orchestrator not initialized, skipping routing

      at Logger.log (src/utils/logger.ts:91:17)

  console.log
    [2026-01-29T03:40:05.636Z] [INFO] [TicketDb] Closing database at 2026-01-29T03:40:05.636Z

      at Logger.log (src/utils/logger.ts:91:17)

  console.log
    [2026-01-29T03:40:05.637Z] [INFO] [TicketDb] Γ£à Database closed successfully at 2026-01-29T03:40:05.637Z

      at Logger.log (src/utils/logger.ts:91:17)

  console.log
    [2026-01-29T03:40:05.638Z] [INFO] [TicketDb] Database handle nulled and initialization flag reset

      at Logger.log (src/utils/logger.ts:91:17)

  console.log
    [2026-01-29T03:40:05.638Z] [INFO] [TicketDb] Opening database: C:\Users\weird\OneDrive\Documents\GitHub\Plan-To-Code-AI-Helper-\src\services\__tests__\test-tickets\tickets.db

      at Logger.log (src/utils/logger.ts:91:17)

  console.log
    [2026-01-29T03:40:05.644Z] [INFO] [TicketDb] Database connection established

      at Logger.log (src/utils/logger.ts:91:17)

  console.log
    [2026-01-29T03:40:05.644Z] [INFO] [TicketDb] Creating tables...

      at Logger.log (src/utils/logger.ts:91:17)

  console.log
    [2026-01-29T03:40:05.646Z] [INFO] [TicketDb] Foreign keys enabled

      at Logger.log (src/utils/logger.ts:91:17)

  console.log
    [2026-01-29T03:40:05.648Z] [INFO] [TicketDb] Γ£à tickets table ready

      at Logger.log (src/utils/logger.ts:91:17)

  console.log
    [2026-01-29T03:40:05.650Z] [INFO] [TicketDb] Γ£à replies table ready

      at Logger.log (src/utils/logger.ts:91:17)

  console.log
    [2026-01-29T03:40:05.668Z] [INFO] [TicketDb] Γ£à meta table ready

      at Logger.log (src/utils/logger.ts:91:17)

  console.log
    [2026-01-29T03:40:05.669Z] [INFO] [TicketDb] Schema version set

      at Logger.log (src/utils/logger.ts:91:17)

  console.log
    [2026-01-29T03:40:05.670Z] [INFO] [TicketDb] Schema ready

      at Logger.log (src/utils/logger.ts:91:17)

  console.log
    [2026-01-29T03:40:05.671Z] [INFO] ≡ƒÄ½ TicketDb initialized with SQLite backend

      at Logger.log (src/utils/logger.ts:91:17)

  console.log
    [2026-01-29T03:40:05.676Z] [INFO] [TicketDb] Closing database at 2026-01-29T03:40:05.676Z

      at Logger.log (src/utils/logger.ts:91:17)

  console.log
    [2026-01-29T03:40:05.677Z] [INFO] [TicketDb] Γ£à Database closed successfully at 2026-01-29T03:40:05.677Z

      at Logger.log (src/utils/logger.ts:91:17)

  console.log
    [2026-01-29T03:40:05.678Z] [INFO] [TicketDb] Database handle nulled and initialization flag reset

      at Logger.log (src/utils/logger.ts:91:17)

  console.log
    [2026-01-29T03:40:05.679Z] [INFO] [TicketDb] No database to close

      at Logger.log (src/utils/logger.ts:91:17)

  console.log
    [2026-01-29T03:40:05.997Z] [INFO] [TicketDb] Created directory: C:\Users\weird\OneDrive\Documents\GitHub\Plan-To-Code-AI-Helper-\src\services\__tests__\test-tickets

      at Logger.log (src/utils/logger.ts:91:17)

  console.log
    [2026-01-29T03:40:05.999Z] [INFO] [TicketDb] Opening database: C:\Users\weird\OneDrive\Documents\GitHub\Plan-To-Code-AI-Helper-\src\services\__tests__\test-tickets\tickets.db

      at Logger.log (src/utils/logger.ts:91:17)

  console.log
    [2026-01-29T03:40:06.002Z] [INFO] [TicketDb] Database connection established

      at Logger.log (src/utils/logger.ts:91:17)

  console.log
    [2026-01-29T03:40:06.002Z] [INFO] [TicketDb] Creating tables...

      at Logger.log (src/utils/logger.ts:91:17)

  console.log
    [2026-01-29T03:40:06.003Z] [WARN] [TicketDb] DEV_RESET_DB=true, dropping existing tables

      at Logger.log (src/utils/logger.ts:91:17)

  console.log
    [2026-01-29T03:40:06.004Z] [INFO] [TicketDb] Dropped replies table

      at Logger.log (src/utils/logger.ts:91:17)

  console.log
    [2026-01-29T03:40:06.005Z] [INFO] [TicketDb] Dropped tickets table

      at Logger.log (src/utils/logger.ts:91:17)

  console.log
    [2026-01-29T03:40:06.006Z] [INFO] [TicketDb] Dropped meta table

      at Logger.log (src/utils/logger.ts:91:17)

  console.log
    [2026-01-29T03:40:06.006Z] [INFO] [TicketDb] Foreign keys enabled

      at Logger.log (src/utils/logger.ts:91:17)

  console.log
    [2026-01-29T03:40:06.012Z] [INFO] [TicketDb] Γ£à tickets table ready

      at Logger.log (src/utils/logger.ts:91:17)

  console.log
    [2026-01-29T03:40:06.017Z] [INFO] [TicketDb] Γ£à replies table ready

      at Logger.log (src/utils/logger.ts:91:17)

  console.log
    [2026-01-29T03:40:06.022Z] [INFO] [TicketDb] Γ£à meta table ready

      at Logger.log (src/utils/logger.ts:91:17)

  console.log
    [2026-01-29T03:40:06.027Z] [INFO] [TicketDb] Schema version set

      at Logger.log (src/utils/logger.ts:91:17)

  console.log
    [2026-01-29T03:40:06.027Z] [INFO] [TicketDb] Schema ready

      at Logger.log (src/utils/logger.ts:91:17)

  console.log
    [2026-01-29T03:40:06.028Z] [INFO] ≡ƒÄ½ TicketDb initialized with SQLite backend

      at Logger.log (src/utils/logger.ts:91:17)

  console.log
    [2026-01-29T03:40:06.035Z] [INFO] Orchestrator not initialized, skipping routing

      at Logger.log (src/utils/logger.ts:91:17)

  console.log
    [2026-01-29T03:40:06.036Z] [INFO] [TicketDb] Closing database at 2026-01-29T03:40:06.036Z

      at Logger.log (src/utils/logger.ts:91:17)

  console.log
    [2026-01-29T03:40:06.037Z] [INFO] [TicketDb] Γ£à Database closed successfully at 2026-01-29T03:40:06.037Z

      at Logger.log (src/utils/logger.ts:91:17)

  console.log
    [2026-01-29T03:40:06.038Z] [INFO] [TicketDb] Database handle nulled and initialization flag reset

      at Logger.log (src/utils/logger.ts:91:17)

  console.log
    [2026-01-29T03:40:06.038Z] [ERROR] ≡ƒÄ½ Failed to create ticket: Error: Database not initialized {
      error: Error: Database not initialized
          at C:\Users\weird\OneDrive\Documents\GitHub\Plan-To-Code-AI-Helper-\src\services\ticketDb.ts:832:24
          at new Promise (<anonymous>)
          at TicketDb.getAsync (C:\Users\weird\OneDrive\Documents\GitHub\Plan-To-Code-AI-Helper-\src\services\ticketDb.ts:830:16)
          at TicketDb.createTicket (C:\Users\weird\OneDrive\Documents\GitHub\Plan-To-Code-AI-Helper-\src\services\ticketDb.ts:376:44)
          at Object.<anonymous> (C:\Users\weird\OneDrive\Documents\GitHub\Plan-To-Code-AI-Helper-\src\services\__tests__\ticketDb.test.ts:729:18)
    }

      at Logger.log (src/utils/logger.ts:91:17)

  console.log
    [2026-01-29T03:40:06.039Z] [INFO] [TicketDb] No database to close

      at Logger.log (src/utils/logger.ts:91:17)

  console.log
    [2026-01-29T03:40:06.355Z] [INFO] [TicketDb] Created directory: C:\Users\weird\OneDrive\Documents\GitHub\Plan-To-Code-AI-Helper-\src\services\__tests__\test-tickets

      at Logger.log (src/utils/logger.ts:91:17)

  console.log
    [2026-01-29T03:40:06.356Z] [INFO] [TicketDb] Opening database: C:\Users\weird\OneDrive\Documents\GitHub\Plan-To-Code-AI-Helper-\src\services\__tests__\test-tickets\tickets.db

      at Logger.log (src/utils/logger.ts:91:17)

  console.log
    [2026-01-29T03:40:06.358Z] [INFO] [TicketDb] Database connection established

      at Logger.log (src/utils/logger.ts:91:17)

  console.log
    [2026-01-29T03:40:06.358Z] [INFO] [TicketDb] Creating tables...

      at Logger.log (src/utils/logger.ts:91:17)

  console.log
    [2026-01-29T03:40:06.359Z] [WARN] [TicketDb] DEV_RESET_DB=true, dropping existing tables

      at Logger.log (src/utils/logger.ts:91:17)

  console.log
    [2026-01-29T03:40:06.360Z] [INFO] [TicketDb] Dropped replies table

      at Logger.log (src/utils/logger.ts:91:17)

  console.log
    [2026-01-29T03:40:06.361Z] [INFO] [TicketDb] Dropped tickets table

      at Logger.log (src/utils/logger.ts:91:17)

  console.log
    [2026-01-29T03:40:06.362Z] [INFO] [TicketDb] Dropped meta table

      at Logger.log (src/utils/logger.ts:91:17)

  console.log
    [2026-01-29T03:40:06.363Z] [INFO] [TicketDb] Foreign keys enabled

      at Logger.log (src/utils/logger.ts:91:17)

  console.log
    [2026-01-29T03:40:06.368Z] [INFO] [TicketDb] Γ£à tickets table ready

      at Logger.log (src/utils/logger.ts:91:17)

  console.log
    [2026-01-29T03:40:06.373Z] [INFO] [TicketDb] Γ£à replies table ready

      at Logger.log (src/utils/logger.ts:91:17)

  console.log
    [2026-01-29T03:40:06.377Z] [INFO] [TicketDb] Γ£à meta table ready

      at Logger.log (src/utils/logger.ts:91:17)

  console.log
    [2026-01-29T03:40:06.385Z] [INFO] [TicketDb] Schema version set

      at Logger.log (src/utils/logger.ts:91:17)

  console.log
    [2026-01-29T03:40:06.386Z] [INFO] [TicketDb] Schema ready

      at Logger.log (src/utils/logger.ts:91:17)

  console.log
    [2026-01-29T03:40:06.387Z] [INFO] ≡ƒÄ½ TicketDb initialized with SQLite backend

      at Logger.log (src/utils/logger.ts:91:17)

  console.log
    [2026-01-29T03:40:06.392Z] [INFO] Orchestrator not initialized, skipping routing

      at Logger.log (src/utils/logger.ts:91:17)

  console.log
    [2026-01-29T03:40:06.394Z] [INFO] [TicketDb] Closing database at 2026-01-29T03:40:06.394Z

      at Logger.log (src/utils/logger.ts:91:17)

  console.log
    [2026-01-29T03:40:06.396Z] [INFO] [TicketDb] Γ£à Database closed successfully at 2026-01-29T03:40:06.396Z

      at Logger.log (src/utils/logger.ts:91:17)

  console.log
    [2026-01-29T03:40:06.397Z] [INFO] [TicketDb] Database handle nulled and initialization flag reset

      at Logger.log (src/utils/logger.ts:91:17)

  console.log
    [2026-01-29T03:40:06.708Z] [INFO] [TicketDb] Created directory: C:\Users\weird\OneDrive\Documents\GitHub\Plan-To-Code-AI-Helper-\src\services\__tests__\test-tickets

      at Logger.log (src/utils/logger.ts:91:17)

  console.log
    [2026-01-29T03:40:06.709Z] [INFO] [TicketDb] Opening database: C:\Users\weird\OneDrive\Documents\GitHub\Plan-To-Code-AI-Helper-\src\services\__tests__\test-tickets\tickets.db

      at Logger.log (src/utils/logger.ts:91:17)

  console.log
    [2026-01-29T03:40:06.711Z] [INFO] [TicketDb] Database connection established

      at Logger.log (src/utils/logger.ts:91:17)

  console.log
    [2026-01-29T03:40:06.711Z] [INFO] [TicketDb] Creating tables...

      at Logger.log (src/utils/logger.ts:91:17)

  console.log
    [2026-01-29T03:40:06.712Z] [WARN] [TicketDb] DEV_RESET_DB=true, dropping existing tables

      at Logger.log (src/utils/logger.ts:91:17)

  console.log
    [2026-01-29T03:40:06.714Z] [INFO] [TicketDb] Dropped replies table

      at Logger.log (src/utils/logger.ts:91:17)

  console.log
    [2026-01-29T03:40:06.715Z] [INFO] [TicketDb] Dropped tickets table

      at Logger.log (src/utils/logger.ts:91:17)

  console.log
    [2026-01-29T03:40:06.716Z] [INFO] [TicketDb] Dropped meta table

      at Logger.log (src/utils/logger.ts:91:17)

  console.log
    [2026-01-29T03:40:06.717Z] [INFO] [TicketDb] Foreign keys enabled

      at Logger.log (src/utils/logger.ts:91:17)

  console.log
    [2026-01-29T03:40:06.723Z] [INFO] [TicketDb] Γ£à tickets table ready

      at Logger.log (src/utils/logger.ts:91:17)

  console.log
    [2026-01-29T03:40:06.727Z] [INFO] [TicketDb] Γ£à replies table ready

      at Logger.log (src/utils/logger.ts:91:17)

  console.log
    [2026-01-29T03:40:06.734Z] [INFO] [TicketDb] Γ£à meta table ready

      at Logger.log (src/utils/logger.ts:91:17)

  console.log
    [2026-01-29T03:40:06.741Z] [INFO] [TicketDb] Schema version set

      at Logger.log (src/utils/logger.ts:91:17)

  console.log
    [2026-01-29T03:40:06.742Z] [INFO] [TicketDb] Schema ready

      at Logger.log (src/utils/logger.ts:91:17)

  console.log
    [2026-01-29T03:40:06.742Z] [INFO] ≡ƒÄ½ TicketDb initialized with SQLite backend

      at Logger.log (src/utils/logger.ts:91:17)

  console.log
    [2026-01-29T03:40:06.747Z] [INFO] [TicketDb] Closing database at 2026-01-29T03:40:06.747Z

      at Logger.log (src/utils/logger.ts:91:17)

  console.log
    [2026-01-29T03:40:06.749Z] [INFO] [TicketDb] Γ£à Database closed successfully at 2026-01-29T03:40:06.749Z

      at Logger.log (src/utils/logger.ts:91:17)

  console.log
    [2026-01-29T03:40:06.750Z] [INFO] [TicketDb] Database handle nulled and initialization flag reset

      at Logger.log (src/utils/logger.ts:91:17)

  console.log
    [2026-01-29T03:40:07.068Z] [INFO] [TicketDb] Created directory: C:\Users\weird\OneDrive\Documents\GitHub\Plan-To-Code-AI-Helper-\src\services\__tests__\test-tickets

      at Logger.log (src/utils/logger.ts:91:17)

  console.log
    [2026-01-29T03:40:07.069Z] [INFO] [TicketDb] Opening database: C:\Users\weird\OneDrive\Documents\GitHub\Plan-To-Code-AI-Helper-\src\services\__tests__\test-tickets\tickets.db

      at Logger.log (src/utils/logger.ts:91:17)

  console.log
    [2026-01-29T03:40:07.071Z] [INFO] [TicketDb] Database connection established

      at Logger.log (src/utils/logger.ts:91:17)

  console.log
    [2026-01-29T03:40:07.072Z] [INFO] [TicketDb] Creating tables...

      at Logger.log (src/utils/logger.ts:91:17)

  console.log
    [2026-01-29T03:40:07.073Z] [WARN] [TicketDb] DEV_RESET_DB=true, dropping existing tables

      at Logger.log (src/utils/logger.ts:91:17)

  console.log
    [2026-01-29T03:40:07.074Z] [INFO] [TicketDb] Dropped replies table

      at Logger.log (src/utils/logger.ts:91:17)

  console.log
    [2026-01-29T03:40:07.075Z] [INFO] [TicketDb] Dropped tickets table

      at Logger.log (src/utils/logger.ts:91:17)

  console.log
    [2026-01-29T03:40:07.076Z] [INFO] [TicketDb] Dropped meta table

      at Logger.log (src/utils/logger.ts:91:17)

  console.log
    [2026-01-29T03:40:07.077Z] [INFO] [TicketDb] Foreign keys enabled

      at Logger.log (src/utils/logger.ts:91:17)

  console.log
    [2026-01-29T03:40:07.083Z] [INFO] [TicketDb] Γ£à tickets table ready

      at Logger.log (src/utils/logger.ts:91:17)

  console.log
    [2026-01-29T03:40:07.088Z] [INFO] [TicketDb] Γ£à replies table ready

      at Logger.log (src/utils/logger.ts:91:17)

  console.log
    [2026-01-29T03:40:07.092Z] [INFO] [TicketDb] Γ£à meta table ready

      at Logger.log (src/utils/logger.ts:91:17)

  console.log
    [2026-01-29T03:40:07.096Z] [INFO] [TicketDb] Schema version set

      at Logger.log (src/utils/logger.ts:91:17)

  console.log
    [2026-01-29T03:40:07.097Z] [INFO] [TicketDb] Schema ready

      at Logger.log (src/utils/logger.ts:91:17)

  console.log
    [2026-01-29T03:40:07.098Z] [INFO] ≡ƒÄ½ TicketDb initialized with SQLite backend

      at Logger.log (src/utils/logger.ts:91:17)

  console.log
    [2026-01-29T03:40:07.104Z] [INFO] Orchestrator not initialized, skipping routing

      at Logger.log (src/utils/logger.ts:91:17)

  console.log
    [2026-01-29T03:40:07.105Z] [INFO] [TicketDb] Closing database at 2026-01-29T03:40:07.105Z

      at Logger.log (src/utils/logger.ts:91:17)

  console.log
    [2026-01-29T03:40:07.106Z] [INFO] [TicketDb] Γ£à Database closed successfully at 2026-01-29T03:40:07.106Z

      at Logger.log (src/utils/logger.ts:91:17)

  console.log
    [2026-01-29T03:40:07.107Z] [INFO] [TicketDb] Database handle nulled and initialization flag reset

      at Logger.log (src/utils/logger.ts:91:17)

  console.log
    [2026-01-29T03:40:07.422Z] [INFO] [TicketDb] Created directory: C:\Users\weird\OneDrive\Documents\GitHub\Plan-To-Code-AI-Helper-\src\services\__tests__\test-tickets

      at Logger.log (src/utils/logger.ts:91:17)

  console.log
    [2026-01-29T03:40:07.423Z] [INFO] [TicketDb] Opening database: C:\Users\weird\OneDrive\Documents\GitHub\Plan-To-Code-AI-Helper-\src\services\__tests__\test-tickets\tickets.db

      at Logger.log (src/utils/logger.ts:91:17)

  console.log
    [2026-01-29T03:40:07.424Z] [INFO] [TicketDb] Database connection established

      at Logger.log (src/utils/logger.ts:91:17)

  console.log
    [2026-01-29T03:40:07.425Z] [INFO] [TicketDb] Creating tables...

      at Logger.log (src/utils/logger.ts:91:17)

  console.log
    [2026-01-29T03:40:07.426Z] [WARN] [TicketDb] DEV_RESET_DB=true, dropping existing tables

      at Logger.log (src/utils/logger.ts:91:17)

  console.log
    [2026-01-29T03:40:07.427Z] [INFO] [TicketDb] Dropped replies table

      at Logger.log (src/utils/logger.ts:91:17)

  console.log
    [2026-01-29T03:40:07.428Z] [INFO] [TicketDb] Dropped tickets table

      at Logger.log (src/utils/logger.ts:91:17)

  console.log
    [2026-01-29T03:40:07.429Z] [INFO] [TicketDb] Dropped meta table

      at Logger.log (src/utils/logger.ts:91:17)

  console.log
    [2026-01-29T03:40:07.429Z] [INFO] [TicketDb] Foreign keys enabled

      at Logger.log (src/utils/logger.ts:91:17)

  console.log
    [2026-01-29T03:40:07.435Z] [INFO] [TicketDb] Γ£à tickets table ready

      at Logger.log (src/utils/logger.ts:91:17)

  console.log
    [2026-01-29T03:40:07.440Z] [INFO] [TicketDb] Γ£à replies table ready

      at Logger.log (src/utils/logger.ts:91:17)

  console.log
    [2026-01-29T03:40:07.444Z] [INFO] [TicketDb] Γ£à meta table ready

      at Logger.log (src/utils/logger.ts:91:17)

  console.log
    [2026-01-29T03:40:07.449Z] [INFO] [TicketDb] Schema version set

      at Logger.log (src/utils/logger.ts:91:17)

  console.log
    [2026-01-29T03:40:07.450Z] [INFO] [TicketDb] Schema ready

      at Logger.log (src/utils/logger.ts:91:17)

  console.log
    [2026-01-29T03:40:07.451Z] [INFO] ≡ƒÄ½ TicketDb initialized with SQLite backend

      at Logger.log (src/utils/logger.ts:91:17)

  console.log
    [2026-01-29T03:40:07.455Z] [INFO] Orchestrator not initialized, skipping routing

      at Logger.log (src/utils/logger.ts:91:17)

  console.log
    [2026-01-29T03:40:07.457Z] [INFO] [TicketDb] Closing database at 2026-01-29T03:40:07.457Z

      at Logger.log (src/utils/logger.ts:91:17)

  console.log
    [2026-01-29T03:40:07.458Z] [INFO] [TicketDb] Γ£à Database closed successfully at 2026-01-29T03:40:07.458Z

      at Logger.log (src/utils/logger.ts:91:17)

  console.log
    [2026-01-29T03:40:07.459Z] [INFO] [TicketDb] Database handle nulled and initialization flag reset

      at Logger.log (src/utils/logger.ts:91:17)

  console.log
    [2026-01-29T03:40:07.763Z] [INFO] [TicketDb] Created directory: C:\Users\weird\OneDrive\Documents\GitHub\Plan-To-Code-AI-Helper-\src\services\__tests__\test-tickets

      at Logger.log (src/utils/logger.ts:91:17)

  console.log
    [2026-01-29T03:40:07.764Z] [INFO] [TicketDb] Opening database: C:\Users\weird\OneDrive\Documents\GitHub\Plan-To-Code-AI-Helper-\src\services\__tests__\test-tickets\tickets.db

      at Logger.log (src/utils/logger.ts:91:17)

  console.log
    [2026-01-29T03:40:07.766Z] [INFO] [TicketDb] Database connection established

      at Logger.log (src/utils/logger.ts:91:17)

  console.log
    [2026-01-29T03:40:07.766Z] [INFO] [TicketDb] Creating tables...

      at Logger.log (src/utils/logger.ts:91:17)

  console.log
    [2026-01-29T03:40:07.767Z] [WARN] [TicketDb] DEV_RESET_DB=true, dropping existing tables

      at Logger.log (src/utils/logger.ts:91:17)

  console.log
    [2026-01-29T03:40:07.772Z] [INFO] [TicketDb] Dropped replies table

      at Logger.log (src/utils/logger.ts:91:17)

  console.log
    [2026-01-29T03:40:07.773Z] [INFO] [TicketDb] Dropped tickets table

      at Logger.log (src/utils/logger.ts:91:17)

  console.log
    [2026-01-29T03:40:07.773Z] [INFO] [TicketDb] Dropped meta table

      at Logger.log (src/utils/logger.ts:91:17)

  console.log
    [2026-01-29T03:40:07.774Z] [INFO] [TicketDb] Foreign keys enabled

      at Logger.log (src/utils/logger.ts:91:17)

  console.log
    [2026-01-29T03:40:07.779Z] [INFO] [TicketDb] Γ£à tickets table ready

      at Logger.log (src/utils/logger.ts:91:17)

  console.log
    [2026-01-29T03:40:07.784Z] [INFO] [TicketDb] Γ£à replies table ready

      at Logger.log (src/utils/logger.ts:91:17)

  console.log
    [2026-01-29T03:40:07.789Z] [INFO] [TicketDb] Γ£à meta table ready

      at Logger.log (src/utils/logger.ts:91:17)

  console.log
    [2026-01-29T03:40:07.799Z] [INFO] [TicketDb] Schema version set

      at Logger.log (src/utils/logger.ts:91:17)

  console.log
    [2026-01-29T03:40:07.800Z] [INFO] [TicketDb] Schema ready

      at Logger.log (src/utils/logger.ts:91:17)

  console.log
    [2026-01-29T03:40:07.800Z] [INFO] ≡ƒÄ½ TicketDb initialized with SQLite backend

      at Logger.log (src/utils/logger.ts:91:17)

  console.log
    [2026-01-29T03:40:07.815Z] [INFO] [TicketDb] Closing database at 2026-01-29T03:40:07.815Z

      at Logger.log (src/utils/logger.ts:91:17)

  console.log
    [2026-01-29T03:40:07.816Z] [INFO] [TicketDb] Γ£à Database closed successfully at 2026-01-29T03:40:07.816Z

      at Logger.log (src/utils/logger.ts:91:17)

  console.log
    [2026-01-29T03:40:07.817Z] [INFO] [TicketDb] Database handle nulled and initialization flag reset

      at Logger.log (src/utils/logger.ts:91:17)

  console.log
    [2026-01-29T03:40:08.124Z] [INFO] [TicketDb] Created directory: C:\Users\weird\OneDrive\Documents\GitHub\Plan-To-Code-AI-Helper-\src\services\__tests__\test-tickets

      at Logger.log (src/utils/logger.ts:91:17)

  console.log
    [2026-01-29T03:40:08.125Z] [INFO] [TicketDb] Opening database: C:\Users\weird\OneDrive\Documents\GitHub\Plan-To-Code-AI-Helper-\src\services\__tests__\test-tickets\tickets.db

      at Logger.log (src/utils/logger.ts:91:17)

  console.log
    [2026-01-29T03:40:08.127Z] [INFO] [TicketDb] Database connection established

      at Logger.log (src/utils/logger.ts:91:17)

  console.log
    [2026-01-29T03:40:08.128Z] [INFO] [TicketDb] Creating tables...

      at Logger.log (src/utils/logger.ts:91:17)

  console.log
    [2026-01-29T03:40:08.128Z] [WARN] [TicketDb] DEV_RESET_DB=true, dropping existing tables

      at Logger.log (src/utils/logger.ts:91:17)

  console.log
    [2026-01-29T03:40:08.129Z] [INFO] [TicketDb] Dropped replies table

      at Logger.log (src/utils/logger.ts:91:17)

  console.log
    [2026-01-29T03:40:08.130Z] [INFO] [TicketDb] Dropped tickets table

      at Logger.log (src/utils/logger.ts:91:17)

  console.log
    [2026-01-29T03:40:08.132Z] [INFO] [TicketDb] Dropped meta table

      at Logger.log (src/utils/logger.ts:91:17)

  console.log
    [2026-01-29T03:40:08.133Z] [INFO] [TicketDb] Foreign keys enabled

      at Logger.log (src/utils/logger.ts:91:17)

  console.log
    [2026-01-29T03:40:08.138Z] [INFO] [TicketDb] Γ£à tickets table ready

      at Logger.log (src/utils/logger.ts:91:17)

  console.log
    [2026-01-29T03:40:08.143Z] [INFO] [TicketDb] Γ£à replies table ready

      at Logger.log (src/utils/logger.ts:91:17)

  console.log
    [2026-01-29T03:40:08.148Z] [INFO] [TicketDb] Γ£à meta table ready

      at Logger.log (src/utils/logger.ts:91:17)

  console.log
    [2026-01-29T03:40:08.152Z] [INFO] [TicketDb] Schema version set

      at Logger.log (src/utils/logger.ts:91:17)

  console.log
    [2026-01-29T03:40:08.153Z] [INFO] [TicketDb] Schema ready

      at Logger.log (src/utils/logger.ts:91:17)

  console.log
    [2026-01-29T03:40:08.153Z] [INFO] ≡ƒÄ½ TicketDb initialized with SQLite backend

      at Logger.log (src/utils/logger.ts:91:17)

  console.log
    [2026-01-29T03:40:08.159Z] [INFO] [TicketDb] Closing database at 2026-01-29T03:40:08.159Z

      at Logger.log (src/utils/logger.ts:91:17)

  console.log
    [2026-01-29T03:40:08.160Z] [INFO] [TicketDb] Γ£à Database closed successfully at 2026-01-29T03:40:08.160Z

      at Logger.log (src/utils/logger.ts:91:17)

  console.log
    [2026-01-29T03:40:08.161Z] [INFO] [TicketDb] Database handle nulled and initialization flag reset

      at Logger.log (src/utils/logger.ts:91:17)

  console.log
    [2026-01-29T03:40:08.467Z] [INFO] [TicketDb] Created directory: C:\Users\weird\OneDrive\Documents\GitHub\Plan-To-Code-AI-Helper-\src\services\__tests__\test-tickets

      at Logger.log (src/utils/logger.ts:91:17)

  console.log
    [2026-01-29T03:40:08.468Z] [INFO] [TicketDb] Opening database: C:\Users\weird\OneDrive\Documents\GitHub\Plan-To-Code-AI-Helper-\src\services\__tests__\test-tickets\tickets.db

      at Logger.log (src/utils/logger.ts:91:17)

  console.log
    [2026-01-29T03:40:08.470Z] [INFO] [TicketDb] Database connection established

      at Logger.log (src/utils/logger.ts:91:17)

  console.log
    [2026-01-29T03:40:08.471Z] [INFO] [TicketDb] Creating tables...

      at Logger.log (src/utils/logger.ts:91:17)

  console.log
    [2026-01-29T03:40:08.472Z] [WARN] [TicketDb] DEV_RESET_DB=true, dropping existing tables

      at Logger.log (src/utils/logger.ts:91:17)

  console.log
    [2026-01-29T03:40:08.473Z] [INFO] [TicketDb] Dropped replies table

      at Logger.log (src/utils/logger.ts:91:17)

  console.log
    [2026-01-29T03:40:08.474Z] [INFO] [TicketDb] Dropped tickets table

      at Logger.log (src/utils/logger.ts:91:17)

  console.log
    [2026-01-29T03:40:08.475Z] [INFO] [TicketDb] Dropped meta table

      at Logger.log (src/utils/logger.ts:91:17)

  console.log
    [2026-01-29T03:40:08.476Z] [INFO] [TicketDb] Foreign keys enabled

      at Logger.log (src/utils/logger.ts:91:17)

  console.log
    [2026-01-29T03:40:08.483Z] [INFO] [TicketDb] Γ£à tickets table ready

      at Logger.log (src/utils/logger.ts:91:17)

  console.log
    [2026-01-29T03:40:08.488Z] [INFO] [TicketDb] Γ£à replies table ready

      at Logger.log (src/utils/logger.ts:91:17)

  console.log
    [2026-01-29T03:40:08.493Z] [INFO] [TicketDb] Γ£à meta table ready

      at Logger.log (src/utils/logger.ts:91:17)

  console.log
    [2026-01-29T03:40:08.500Z] [INFO] [TicketDb] Schema version set

      at Logger.log (src/utils/logger.ts:91:17)

  console.log
    [2026-01-29T03:40:08.500Z] [INFO] [TicketDb] Schema ready

      at Logger.log (src/utils/logger.ts:91:17)

  console.log
    [2026-01-29T03:40:08.501Z] [INFO] ≡ƒÄ½ TicketDb initialized with SQLite backend

      at Logger.log (src/utils/logger.ts:91:17)

  console.log
    [2026-01-29T03:40:08.502Z] [INFO] [TicketDb] Closing database at 2026-01-29T03:40:08.502Z

      at Logger.log (src/utils/logger.ts:91:17)

  console.log
    [2026-01-29T03:40:08.504Z] [INFO] [TicketDb] Γ£à Database closed successfully at 2026-01-29T03:40:08.504Z

      at Logger.log (src/utils/logger.ts:91:17)

  console.log
    [2026-01-29T03:40:08.505Z] [INFO] [TicketDb] Database handle nulled and initialization flag reset

      at Logger.log (src/utils/logger.ts:91:17)

PASS src/services/__tests__/ticketDb.test.ts (20.015 s)
  TicketDb
    init()
      ΓêÜ should initialize SQLite database successfully (876 ms)
      ΓêÜ should create required tables (378 ms)
      ΓêÜ should enable foreign key constraints (699 ms)
      ΓêÜ creates tickets table with id column as PRIMARY KEY (446 ms)
      ΓêÜ persists ticket after mock reload (386 ms)
      ΓêÜ falls back to Map if schema creation fails (663 ms)
      ΓêÜ returns existing instance if already initialized (singleton check) (367 ms)
    createTicket()
      ΓêÜ should create a ticket with required fields (1637 ms)
      ΓêÜ should use defaults for optional fields (1446 ms)
      ΓêÜ should throw error if title is missing (391 ms)
      ΓêÜ should enforce max ticket limit (1758 ms)
    getTicket()
      ΓêÜ should retrieve a ticket by ID (360 ms)
      ΓêÜ should return null for non-existent ticket (339 ms)
    updateTicket()
      ΓêÜ should update ticket fields (371 ms)
      ΓêÜ should update the updatedAt timestamp (374 ms)
      ΓêÜ should throw error if ticket not found (347 ms)
    deleteTicket()
      ΓêÜ should delete a ticket (363 ms)
      ΓêÜ should return false for non-existent ticket (362 ms)
      ΓêÜ should cascade delete replies (365 ms)
    addReply()
      ΓêÜ should add a reply to a ticket (363 ms)
      ΓêÜ should throw error if ticket not found (354 ms)
      ΓêÜ should support multiple replies to one ticket (367 ms)
    getReplies()
      ΓêÜ should retrieve replies in chronological order (384 ms)
      ΓêÜ should return empty array for ticket with no replies (357 ms)
    Fallback Mode (SQLite Disabled)
      ΓêÜ should use Map fallback when SQLite fails (357 ms)
      ΓêÜ should maintain CRUD in fallback mode (370 ms)
      ΓêÜ should thread replies in fallback mode (382 ms)
    Persistence
      ΓêÜ should persist tickets across close/reopen (404 ms)
      ΓêÜ should persist replies across close/reopen (463 ms)
    close()
      ΓêÜ closes database without errors (475 ms)
      ΓêÜ handles close when no database is open (316 ms)
      ΓêÜ releases file lock after close (400 ms)
      ΓêÜ prevents operations after close (358 ms)
    Ticket ΓåÆ Task Queue Integration
      ΓêÜ should route ticket with skipRouting=false (default) (353 ms)
      ΓêÜ should skip routing when options.skipRouting=true (360 ms)
      ΓêÜ should persist ticket and retrieve it correctly (353 ms)
      ΓêÜ should handle routing failures gracefully (341 ms)
      ΓêÜ should handle createTicket with various priority levels (361 ms)
      ΓêÜ should create valid tickets with all optional fields (342 ms)
      ΓêÜ should reject ticket creation without title (356 ms)

  console.warn
    
    ΓÜá∩╕Å  QUALITY GATE WARNING: Skipped Tests Detected

    [0m [90m 53 |[39m             [90m// Report findings as warnings (test still passes)[39m
     [90m 54 |[39m             [36mif[39m (skippedTestsFound[33m.[39mlength [33m>[39m [35m0[39m) {
    [31m[1m>[22m[39m[90m 55 |[39m                 console[33m.[39mwarn([32m'\nΓÜá∩╕Å  QUALITY GATE WARNING: Skipped Tests Detected\n'[39m)[33m;[39m
     [90m    |[39m                         [31m[1m^[22m[39m
     [90m 56 |[39m                 console[33m.[39mwarn([32m`Found ${skippedTestsFound.length} skipped/focused test(s):\n`[39m)[33m;[39m
     [90m 57 |[39m
     [90m 58 |[39m                 skippedTestsFound[33m.[39mforEach(({ file[33m,[39m line[33m,[39m pattern[33m,[39m match }) [33m=>[39m {[0m

      at Object.<anonymous> (tests/__tests__/quality-gates.test.ts:55:25)

  console.warn
    Found 1 skipped/focused test(s):

    [0m [90m 54 |[39m             [36mif[39m (skippedTestsFound[33m.[39mlength [33m>[39m [35m0[39m) {
     [90m 55 |[39m                 console[33m.[39mwarn([32m'\nΓÜá∩╕Å  QUALITY GATE WARNING: Skipped Tests Detected\n'[39m)[33m;[39m
    [31m[1m>[22m[39m[90m 56 |[39m                 console[33m.[39mwarn([32m`Found ${skippedTestsFound.length} skipped/focused test(s):\n`[39m)[33m;[39m
     [90m    |[39m                         [31m[1m^[22m[39m
     [90m 57 |[39m
     [90m 58 |[39m                 skippedTestsFound[33m.[39mforEach(({ file[33m,[39m line[33m,[39m pattern[33m,[39m match }) [33m=>[39m {
     [90m 59 |[39m                     console[33m.[39mwarn([32m`  ${file}:${line} - ${pattern}`[39m)[33m;[39m[0m

      at Object.<anonymous> (tests/__tests__/quality-gates.test.ts:56:25)

  console.warn
      tests\ticketsDb.migration.test.ts:12 - .skip

    [0m [90m 57 |[39m
     [90m 58 |[39m                 skippedTestsFound[33m.[39mforEach(({ file[33m,[39m line[33m,[39m pattern[33m,[39m match }) [33m=>[39m {
    [31m[1m>[22m[39m[90m 59 |[39m                     console[33m.[39mwarn([32m`  ${file}:${line} - ${pattern}`[39m)[33m;[39m
     [90m    |[39m                             [31m[1m^[22m[39m
     [90m 60 |[39m                     console[33m.[39mwarn([32m`    ${match}`[39m)[33m;[39m
     [90m 61 |[39m                 })[33m;[39m
     [90m 62 |[39m[0m

      at tests/__tests__/quality-gates.test.ts:59:29
          at Array.forEach (<anonymous>)
      at Object.<anonymous> (tests/__tests__/quality-gates.test.ts:58:35)

  console.warn
        describe.skip('TicketDb - Schema Migrations', () => {

    [0m [90m 58 |[39m                 skippedTestsFound[33m.[39mforEach(({ file[33m,[39m line[33m,[39m pattern[33m,[39m match }) [33m=>[39m {
     [90m 59 |[39m                     console[33m.[39mwarn([32m`  ${file}:${line} - ${pattern}`[39m)[33m;[39m
    [31m[1m>[22m[39m[90m 60 |[39m                     console[33m.[39mwarn([32m`    ${match}`[39m)[33m;[39m
     [90m    |[39m                             [31m[1m^[22m[39m
     [90m 61 |[39m                 })[33m;[39m
     [90m 62 |[39m
     [90m 63 |[39m                 console[33m.[39mwarn([32m'\n≡ƒÆí Tip: Remove .skip/.only before committing to ensure all tests run in CI\n'[39m)[33m;[39m[0m

      at tests/__tests__/quality-gates.test.ts:60:29
          at Array.forEach (<anonymous>)
      at Object.<anonymous> (tests/__tests__/quality-gates.test.ts:58:35)

  console.warn
    
    ≡ƒÆí Tip: Remove .skip/.only before committing to ensure all tests run in CI

    [0m [90m 61 |[39m                 })[33m;[39m
     [90m 62 |[39m
    [31m[1m>[22m[39m[90m 63 |[39m                 console[33m.[39mwarn([32m'\n≡ƒÆí Tip: Remove .skip/.only before committing to ensure all tests run in CI\n'[39m)[33m;[39m
     [90m    |[39m                         [31m[1m^[22m[39m
     [90m 64 |[39m
     [90m 65 |[39m                 [90m// Store for VS Code diagnostic provider to use[39m
     [90m 66 |[39m                 [36mconst[39m diagnosticsPath [33m=[39m path[33m.[39mjoin(projectRoot[33m,[39m [32m'.vscode'[39m[33m,[39m [32m'quality-diagnostics.json'[39m)[33m;[39m[0m

      at Object.<anonymous> (tests/__tests__/quality-gates.test.ts:63:25)

  console.log
    Γ£à All files meet 75% coverage threshold

      at Object.<anonymous> (tests/__tests__/quality-gates.test.ts:148:25)

  console.log
    Γ£à No TypeScript strict mode violations detected

      at Object.<anonymous> (tests/__tests__/quality-gates.test.ts:168:25)

PASS tests/__tests__/quality-gates.test.ts (5.112 s)
  Quality Gates (Warning-Only)
    Skipped Test Detector
      ΓêÜ should detect and warn about skipped tests (.skip, .only, .pending) (92 ms)
    Coverage Checker
      ΓêÜ should detect and warn about files below coverage threshold (6 ms)
    TypeScript Strict Mode Checker
      ΓêÜ should detect and warn about TypeScript strict mode violations (4882 ms)

  console.log
    ≡ƒÄ» Routing ticket TK-0001 ΓåÆ answer (Rule: AI to Human Clarification)

      at BossRouter.routeTicket (src/services/bossRouter.ts:154:25)

  console.log
    ≡ƒÄ» Routing ticket TK-0001 ΓåÆ answer (Rule: AI to Human Clarification)

      at BossRouter.routeTicket (src/services/bossRouter.ts:154:25)

  console.log
    ≡ƒÄ» Routing ticket TK-0001 ΓåÆ answer (Rule: AI to Human Clarification)

      at BossRouter.routeTicket (src/services/bossRouter.ts:154:25)

  console.log
    ≡ƒÄ» Routing ticket TK-0001 ΓåÆ planning (Rule: P1 Planning Request)

      at BossRouter.routeTicket (src/services/bossRouter.ts:154:25)

  console.log
    ≡ƒÄ» Routing ticket TK-0001 ΓåÆ planning (Rule: P1 Planning Request)

      at BossRouter.routeTicket (src/services/bossRouter.ts:154:25)

  console.log
    ≡ƒÄ» Routing ticket TK-0001 ΓåÆ planning (Rule: P1 Planning Request)

      at BossRouter.routeTicket (src/services/bossRouter.ts:154:25)

  console.log
    ≡ƒÄ» Routing ticket TK-0001 ΓåÆ planning (Rule: Implementation Request)

      at BossRouter.routeTicket (src/services/bossRouter.ts:154:25)

  console.log
    ≡ƒÄ» Routing ticket TK-0001 ΓåÆ verification (Rule: Verification Request)

      at BossRouter.routeTicket (src/services/bossRouter.ts:154:25)

  console.log
    ≡ƒÄ» Routing ticket TK-0001 ΓåÆ verification (Rule: Verification Request)

      at BossRouter.routeTicket (src/services/bossRouter.ts:154:25)

  console.log
    ≡ƒÄ» Routing ticket TK-0001 ΓåÆ verification (Rule: Verification Request)

      at BossRouter.routeTicket (src/services/bossRouter.ts:154:25)

  console.log
    ≡ƒÄ» Routing ticket TK-0001 ΓåÆ research (Rule: Research Request)

      at BossRouter.routeTicket (src/services/bossRouter.ts:154:25)

  console.log
    ≡ƒÄ» Routing ticket TK-0001 ΓåÆ research (Rule: Research Request)

      at BossRouter.routeTicket (src/services/bossRouter.ts:154:25)

  console.log
    ≡ƒÄ» Routing ticket TK-0001 ΓåÆ research (Rule: Research Request)

      at BossRouter.routeTicket (src/services/bossRouter.ts:154:25)

  console.log
    ≡ƒÄ» Routing ticket TK-0001 ΓåÆ answer (Rule: Human Question)

      at BossRouter.routeTicket (src/services/bossRouter.ts:154:25)

  console.log
    ≡ƒÄ» Routing ticket TK-0001 ΓåÆ answer (Rule: Human Question)

      at BossRouter.routeTicket (src/services/bossRouter.ts:154:25)

  console.log
    ≡ƒÄ» Routing ticket TK-0001 ΓåÆ answer (Rule: Human Question)

      at BossRouter.routeTicket (src/services/bossRouter.ts:154:25)

  console.log
    ≡ƒÄ» Routing ticket TK-0001 ΓåÆ planning (Rule: P1 Default to Planning)

      at BossRouter.routeTicket (src/services/bossRouter.ts:154:25)

  console.log
    ≡ƒÄ» Routing ticket TK-0001 ΓåÆ planning (Rule: Implementation Request)

      at BossRouter.routeTicket (src/services/bossRouter.ts:154:25)

  console.log
    ≡ƒÄ» Routing ticket TK-0001 ΓåÆ planning (Rule: Implementation Request)

      at BossRouter.routeTicket (src/services/bossRouter.ts:154:25)

  console.log
    ≡ƒÄ» Routing ticket TK-0001 ΓåÆ planning (Rule: Implementation Request)

      at BossRouter.routeTicket (src/services/bossRouter.ts:154:25)

  console.warn
    BossRouter: Invalid ticket data { ticket_id: '', type: 'human_to_ai', priority: 2 }

    [0m [90m 139 |[39m
     [90m 140 |[39m         [36mif[39m ([33m![39mticket[33m.[39mticket_id [33m||[39m [33m![39mticket[33m.[39mtype [33m||[39m ticket[33m.[39mpriority [33m===[39m undefined) {
    [31m[1m>[22m[39m[90m 141 |[39m             console[33m.[39mwarn([32m`BossRouter: Invalid ticket data`[39m[33m,[39m {
     [90m     |[39m                     [31m[1m^[22m[39m
     [90m 142 |[39m                 ticket_id[33m:[39m ticket[33m.[39mticket_id[33m,[39m
     [90m 143 |[39m                 type[33m:[39m ticket[33m.[39mtype[33m,[39m
     [90m 144 |[39m                 priority[33m:[39m ticket[33m.[39mpriority[0m

      at BossRouter.routeTicket (src/services/bossRouter.ts:141:21)
      at Object.<anonymous> (src/services/__tests__/bossRouter.test.ts:273:33)

  console.warn
    BossRouter: Invalid ticket data { ticket_id: 'TK-0001', type: undefined, priority: 2 }

    [0m [90m 139 |[39m
     [90m 140 |[39m         [36mif[39m ([33m![39mticket[33m.[39mticket_id [33m||[39m [33m![39mticket[33m.[39mtype [33m||[39m ticket[33m.[39mpriority [33m===[39m undefined) {
    [31m[1m>[22m[39m[90m 141 |[39m             console[33m.[39mwarn([32m`BossRouter: Invalid ticket data`[39m[33m,[39m {
     [90m     |[39m                     [31m[1m^[22m[39m
     [90m 142 |[39m                 ticket_id[33m:[39m ticket[33m.[39mticket_id[33m,[39m
     [90m 143 |[39m                 type[33m:[39m ticket[33m.[39mtype[33m,[39m
     [90m 144 |[39m                 priority[33m:[39m ticket[33m.[39mpriority[0m

      at BossRouter.routeTicket (src/services/bossRouter.ts:141:21)
      at Object.<anonymous> (src/services/__tests__/bossRouter.test.ts:279:33)

  console.warn
    BossRouter: Invalid ticket data { ticket_id: 'TK-0001', type: 'human_to_ai', priority: undefined }

    [0m [90m 139 |[39m
     [90m 140 |[39m         [36mif[39m ([33m![39mticket[33m.[39mticket_id [33m||[39m [33m![39mticket[33m.[39mtype [33m||[39m ticket[33m.[39mpriority [33m===[39m undefined) {
    [31m[1m>[22m[39m[90m 141 |[39m             console[33m.[39mwarn([32m`BossRouter: Invalid ticket data`[39m[33m,[39m {
     [90m     |[39m                     [31m[1m^[22m[39m
     [90m 142 |[39m                 ticket_id[33m:[39m ticket[33m.[39mticket_id[33m,[39m
     [90m 143 |[39m                 type[33m:[39m ticket[33m.[39mtype[33m,[39m
     [90m 144 |[39m                 priority[33m:[39m ticket[33m.[39mpriority[0m

      at BossRouter.routeTicket (src/services/bossRouter.ts:141:21)
      at Object.<anonymous> (src/services/__tests__/bossRouter.test.ts:285:33)

  console.warn
    ΓÜá∩╕Å  No routing rule matched for ticket TK-0001, escalating

    [0m [90m 158 |[39m
     [90m 159 |[39m         [90m// No rule matched - escalate for human decision[39m
    [31m[1m>[22m[39m[90m 160 |[39m         console[33m.[39mwarn([32m`ΓÜá∩╕Å  No routing rule matched for ticket ${ticket.ticket_id}, escalating`[39m)[33m;[39m
     [90m     |[39m                 [31m[1m^[22m[39m
     [90m 161 |[39m         [36mreturn[39m [33mAgentTeamType[39m[33m.[39m[33mEscalate[39m[33m;[39m
     [90m 162 |[39m     }
     [90m 163 |[39m[0m

      at BossRouter.routeTicket (src/services/bossRouter.ts:160:17)
      at Object.<anonymous> (src/services/__tests__/bossRouter.test.ts:297:33)

  console.log
    ≡ƒÄ» Routing ticket TK-0001 ΓåÆ answer (Rule: AI to Human Clarification)

      at BossRouter.routeTicket (src/services/bossRouter.ts:154:25)

  console.log
    ≡ƒÄ» Routing ticket TK-0001 ΓåÆ verification (Rule: Verification Request)

      at BossRouter.routeTicket (src/services/bossRouter.ts:154:25)

  console.log
    BossRouter: Added custom rule "Custom Rule" with priority 200

      at BossRouter.addRule (src/services/bossRouter.ts:257:17)

  console.log
    ≡ƒÄ» Routing ticket TK-0001 ΓåÆ research (Rule: Custom Rule)

      at BossRouter.routeTicket (src/services/bossRouter.ts:154:25)

  console.log
    BossRouter: Added custom rule "Custom Rule" with priority 200

      at BossRouter.addRule (src/services/bossRouter.ts:257:17)

  console.log
    ≡ƒÄ» Routing ticket TK-0001 ΓåÆ answer (Rule: AI to Human Clarification)

      at BossRouter.routeTicket (src/services/bossRouter.ts:154:25)

PASS src/services/__tests__/bossRouter.test.ts
  BossRouter
    Singleton Pattern
      ΓêÜ should return the same instance on multiple calls (1 ms)
    AI to Human Routing (Rule 1)
      ΓêÜ should route ai_to_human tickets to Answer Team (8 ms)
      ΓêÜ should route ai_to_human with any priority to Answer Team (3 ms)
    P1 Planning Routing (Rule 2)
      ΓêÜ should route P1 tickets with "plan" keyword to Planning Team (2 ms)
      ΓêÜ should route P1 tickets with "define" keyword to Planning Team (2 ms)
      ΓêÜ should route P1 tickets with planning keywords in description (2 ms)
      ΓêÜ should NOT route P2/P3 planning keywords to Planning Team unless it matches another rule (3 ms)
    Verification Routing (Rule 3)
      ΓêÜ should route tickets with "verify" keyword to Verification Team (5 ms)
      ΓêÜ should route tickets with "test" keyword to Verification Team (3 ms)
      ΓêÜ should route tickets with "check" keyword to Verification Team (2 ms)
    Research Routing (Rule 4)
      ΓêÜ should route tickets with "research" keyword to Research Team (1 ms)
      ΓêÜ should route tickets with "investigate" keyword to Research Team (2 ms)
      ΓêÜ should route tickets with "explore" keyword to Research Team (2 ms)
    Question Routing (Rule 5)
      ΓêÜ should route human questions to Answer Team (2 ms)
      ΓêÜ should route tickets with "how" keyword to Answer Team (2 ms)
      ΓêÜ should route tickets with "?" to Answer Team (2 ms)
    P1 Default Routing (Rule 6)
      ΓêÜ should route P1 tickets without specific keywords to Planning Team (2 ms)
    Implementation Routing (Rule 7)
      ΓêÜ should route tickets with "implement" keyword to Planning Team (4 ms)
      ΓêÜ should route tickets with "build" keyword to Planning Team (1 ms)
      ΓêÜ should route tickets with "fix" keyword to Planning Team (2 ms)
    Edge Cases
      ΓêÜ should throw error for null ticket (37 ms)
      ΓêÜ should throw error for undefined ticket (1 ms)
      ΓêÜ should escalate ticket with missing ticket_id (4 ms)
      ΓêÜ should escalate ticket with missing type (3 ms)
      ΓêÜ should escalate ticket with missing priority (3 ms)
      ΓêÜ should escalate ticket with no matching rules (4 ms)
    Rule Priority
      ΓêÜ should prioritize ai_to_human over planning keywords (1 ms)
      ΓêÜ should prioritize verification over implementation (1 ms)
    Extensibility
      ΓêÜ should allow adding custom rules (5 ms)
      ΓêÜ should allow resetting rules to default (2 ms)
      ΓêÜ should expose rules for inspection (1 ms)
    Logging
      ΓêÜ should log routing decision (1 ms)
      ΓêÜ should warn on invalid ticket data (1 ms)
      ΓêÜ should warn when no rule matches (1 ms)

PASS tests/ticketsDb.spec/TicketDatabase.close.web.spec.ts
  TicketDatabase.close
    ΓêÜ should close the database connection successfully (1 ms)
    ΓêÜ should retry closing the database connection on EBUSY error and succeed (511 ms)
    ΓêÜ should switch to fallback after max retries on persistent error (1022 ms)
    ΓêÜ should do nothing if the database is already closed

  console.log
    ≡ƒôª Loaded and converted 1 tasks with Date objects (filtered from 1 total)

      at ProgrammingOrchestrator.loadPersistedTasks (src/orchestrator/programmingOrchestrator.ts:388:21)

  console.log
       - test-task-001: Test Task with ISO Date (ready, P2)

      at src/orchestrator/programmingOrchestrator.ts:393:25
          at Array.forEach (<anonymous>)

  console.log
    Γ£à Reconciliation: All 1 task(s) have valid tickets

      at ProgrammingOrchestrator.reconcileTasks (src/orchestrator/programmingOrchestrator.ts:462:21)

  console.log
    Γ£à ProgrammingOrchestrator initialized with persistence

      at ProgrammingOrchestrator.initializeWithPersistence (src/orchestrator/programmingOrchestrator.ts:336:17)

  console.log
    ≡ƒôª Loaded and converted 1 tasks with Date objects (filtered from 1 total)

      at ProgrammingOrchestrator.loadPersistedTasks (src/orchestrator/programmingOrchestrator.ts:388:21)

  console.log
       - test-task-002: Test Task with Invalid Date (ready, P1)

      at src/orchestrator/programmingOrchestrator.ts:393:25
          at Array.forEach (<anonymous>)

  console.log
    Γ£à Reconciliation: All 1 task(s) have valid tickets

      at ProgrammingOrchestrator.reconcileTasks (src/orchestrator/programmingOrchestrator.ts:462:21)

  console.log
    Γ£à ProgrammingOrchestrator initialized with persistence

      at ProgrammingOrchestrator.initializeWithPersistence (src/orchestrator/programmingOrchestrator.ts:336:17)

  console.log
    ≡ƒôª Loaded and converted 1 tasks with Date objects (filtered from 1 total)

      at ProgrammingOrchestrator.loadPersistedTasks (src/orchestrator/programmingOrchestrator.ts:388:21)

  console.log
       - test-task-003: Test Task without createdAt (ready, P3)

      at src/orchestrator/programmingOrchestrator.ts:393:25
          at Array.forEach (<anonymous>)

  console.log
    Γ£à Reconciliation: All 1 task(s) have valid tickets

      at ProgrammingOrchestrator.reconcileTasks (src/orchestrator/programmingOrchestrator.ts:462:21)

  console.log
    Γ£à ProgrammingOrchestrator initialized with persistence

      at ProgrammingOrchestrator.initializeWithPersistence (src/orchestrator/programmingOrchestrator.ts:336:17)

  console.log
    ≡ƒôª No persisted tasks found, starting fresh

      at ProgrammingOrchestrator.loadPersistedTasks (src/orchestrator/programmingOrchestrator.ts:354:25)

  console.log
    Γä╣∩╕Å No tasks to reconcile (queue empty)

      at ProgrammingOrchestrator.reconcileTasks (src/orchestrator/programmingOrchestrator.ts:420:21)

  console.log
    Γ£à ProgrammingOrchestrator initialized with persistence

      at ProgrammingOrchestrator.initializeWithPersistence (src/orchestrator/programmingOrchestrator.ts:336:17)

  console.log
    ≡ƒôï Task added to queue: task-001 (Priority: P2, Status: ready)

      at ProgrammingOrchestrator.addTask (src/orchestrator/programmingOrchestrator.ts:647:17)

  console.log
       Linked to ticket: ticket-duplicate-001 (Team: undefined)

      at ProgrammingOrchestrator.addTask (src/orchestrator/programmingOrchestrator.ts:649:21)

  console.debug
    Γä╣∩╕Å Task for ticket ticket-duplicate-001 already queued (skipping duplicate)

      at ProgrammingOrchestrator.hasTaskForTicket (src/orchestrator/programmingOrchestrator.ts:841:21)

  console.debug
    Γä╣∩╕Å Task for ticket ticket-duplicate-001 already in queue (skipping)

      at ProgrammingOrchestrator.addTask (src/orchestrator/programmingOrchestrator.ts:627:25)

  console.log
    ≡ƒôª No persisted tasks found, starting fresh

      at ProgrammingOrchestrator.loadPersistedTasks (src/orchestrator/programmingOrchestrator.ts:354:25)

  console.log
    Γä╣∩╕Å No tasks to reconcile (queue empty)

      at ProgrammingOrchestrator.reconcileTasks (src/orchestrator/programmingOrchestrator.ts:420:21)

  console.log
    Γ£à ProgrammingOrchestrator initialized with persistence

      at ProgrammingOrchestrator.initializeWithPersistence (src/orchestrator/programmingOrchestrator.ts:336:17)

  console.log
    ≡ƒôï Task added to queue: task-debug-001 (Priority: P2, Status: ready)

      at ProgrammingOrchestrator.addTask (src/orchestrator/programmingOrchestrator.ts:647:17)

  console.log
       Linked to ticket: ticket-debug-001 (Team: undefined)

      at ProgrammingOrchestrator.addTask (src/orchestrator/programmingOrchestrator.ts:649:21)

  console.log
    ≡ƒôª No persisted tasks found, starting fresh

      at ProgrammingOrchestrator.loadPersistedTasks (src/orchestrator/programmingOrchestrator.ts:354:25)

  console.log
    Γä╣∩╕Å No tasks to reconcile (queue empty)

      at ProgrammingOrchestrator.reconcileTasks (src/orchestrator/programmingOrchestrator.ts:420:21)

  console.log
    Γ£à ProgrammingOrchestrator initialized with persistence

      at ProgrammingOrchestrator.initializeWithPersistence (src/orchestrator/programmingOrchestrator.ts:336:17)

  console.log
    ≡ƒôï Task added to queue: task-reload-001 (Priority: P2, Status: ready)

      at ProgrammingOrchestrator.addTask (src/orchestrator/programmingOrchestrator.ts:647:17)

  console.log
       Linked to ticket: ticket-reload-001 (Team: undefined)

      at ProgrammingOrchestrator.addTask (src/orchestrator/programmingOrchestrator.ts:649:21)

  console.log
    ≡ƒôª No persisted tasks found, starting fresh

      at ProgrammingOrchestrator.loadPersistedTasks (src/orchestrator/programmingOrchestrator.ts:354:25)

  console.log
    Γä╣∩╕Å No tasks to reconcile (queue empty)

      at ProgrammingOrchestrator.reconcileTasks (src/orchestrator/programmingOrchestrator.ts:420:21)

  console.log
    Γ£à ProgrammingOrchestrator initialized with persistence

      at ProgrammingOrchestrator.initializeWithPersistence (src/orchestrator/programmingOrchestrator.ts:336:17)

  console.log
    ≡ƒôï Task added to queue: task-005 (Priority: P1, Status: ready)

      at ProgrammingOrchestrator.addTask (src/orchestrator/programmingOrchestrator.ts:647:17)

  console.log
       Linked to ticket: ticket-005a (Team: undefined)

      at ProgrammingOrchestrator.addTask (src/orchestrator/programmingOrchestrator.ts:649:21)

  console.log
    ≡ƒôï Task added to queue: task-006 (Priority: P2, Status: ready)

      at ProgrammingOrchestrator.addTask (src/orchestrator/programmingOrchestrator.ts:647:17)

  console.log
       Linked to ticket: ticket-005b (Team: undefined)

      at ProgrammingOrchestrator.addTask (src/orchestrator/programmingOrchestrator.ts:649:21)

  console.log
    ≡ƒôª No persisted tasks found, starting fresh

      at ProgrammingOrchestrator.loadPersistedTasks (src/orchestrator/programmingOrchestrator.ts:354:25)

  console.log
    Γä╣∩╕Å No tasks to reconcile (queue empty)

      at ProgrammingOrchestrator.reconcileTasks (src/orchestrator/programmingOrchestrator.ts:420:21)

  console.log
    Γ£à ProgrammingOrchestrator initialized with persistence

      at ProgrammingOrchestrator.initializeWithPersistence (src/orchestrator/programmingOrchestrator.ts:336:17)

  console.log
    ≡ƒôª No persisted tasks found, starting fresh

      at ProgrammingOrchestrator.loadPersistedTasks (src/orchestrator/programmingOrchestrator.ts:354:25)

  console.log
    Γä╣∩╕Å No tasks to reconcile (queue empty)

      at ProgrammingOrchestrator.reconcileTasks (src/orchestrator/programmingOrchestrator.ts:420:21)

  console.log
    Γ£à ProgrammingOrchestrator initialized with persistence

      at ProgrammingOrchestrator.initializeWithPersistence (src/orchestrator/programmingOrchestrator.ts:336:17)

  console.log
    ≡ƒôï Task added to queue: test-persist-001 (Priority: P1, Status: ready)

      at ProgrammingOrchestrator.addTask (src/orchestrator/programmingOrchestrator.ts:647:17)

  console.log
       Linked to ticket: ticket-persist-001 (Team: ANSWER)

      at ProgrammingOrchestrator.addTask (src/orchestrator/programmingOrchestrator.ts:649:21)

  console.log
    ≡ƒÆ╛ Queue saved to storage (1 tasks)

      at Timeout._onTimeout (src/orchestrator/programmingOrchestrator.ts:522:25)

  console.log
    ≡ƒÆ╛ Queue saved to storage (1 tasks)

      at Timeout._onTimeout (src/orchestrator/programmingOrchestrator.ts:522:25)

  console.log
    ≡ƒÆ╛ Queue saved to storage (0 tasks)

      at Timeout._onTimeout (src/orchestrator/programmingOrchestrator.ts:522:25)

  console.log
    ≡ƒÆ╛ Queue saved to storage (2 tasks)

      at Timeout._onTimeout (src/orchestrator/programmingOrchestrator.ts:522:25)

  console.log
    ≡ƒÆ╛ Queue saved to storage (1 tasks)

      at Timeout._onTimeout (src/orchestrator/programmingOrchestrator.ts:522:25)

  console.log
    ≡ƒôª Loaded and converted 1 tasks with Date objects (filtered from 1 total)

      at ProgrammingOrchestrator.loadPersistedTasks (src/orchestrator/programmingOrchestrator.ts:388:21)

  console.log
       - test-persist-001: Persistable Task (ready, P1)

      at src/orchestrator/programmingOrchestrator.ts:393:25
          at Array.forEach (<anonymous>)

  console.log
    Γ£à Reconciliation: All 1 task(s) have valid tickets

      at ProgrammingOrchestrator.reconcileTasks (src/orchestrator/programmingOrchestrator.ts:462:21)

  console.log
    Γ£à ProgrammingOrchestrator initialized with persistence

      at ProgrammingOrchestrator.initializeWithPersistence (src/orchestrator/programmingOrchestrator.ts:336:17)

  console.log
    ≡ƒôª No persisted tasks found, starting fresh

      at ProgrammingOrchestrator.loadPersistedTasks (src/orchestrator/programmingOrchestrator.ts:354:25)

  console.log
    Γä╣∩╕Å No tasks to reconcile (queue empty)

      at ProgrammingOrchestrator.reconcileTasks (src/orchestrator/programmingOrchestrator.ts:420:21)

  console.log
    Γ£à ProgrammingOrchestrator initialized with persistence

      at ProgrammingOrchestrator.initializeWithPersistence (src/orchestrator/programmingOrchestrator.ts:336:17)

  console.log
    ≡ƒôï Task added to queue: task-0 (Priority: P2, Status: completed)

      at ProgrammingOrchestrator.addTask (src/orchestrator/programmingOrchestrator.ts:647:17)

  console.log
       Linked to ticket: ticket-0 (Team: undefined)

      at ProgrammingOrchestrator.addTask (src/orchestrator/programmingOrchestrator.ts:649:21)

  console.log
    ≡ƒôï Task added to queue: task-1 (Priority: P2, Status: completed)

      at ProgrammingOrchestrator.addTask (src/orchestrator/programmingOrchestrator.ts:647:17)

  console.log
       Linked to ticket: ticket-1 (Team: undefined)

      at ProgrammingOrchestrator.addTask (src/orchestrator/programmingOrchestrator.ts:649:21)

  console.log
    ≡ƒôï Task added to queue: task-2 (Priority: P2, Status: completed)

      at ProgrammingOrchestrator.addTask (src/orchestrator/programmingOrchestrator.ts:647:17)

  console.log
       Linked to ticket: ticket-2 (Team: undefined)

      at ProgrammingOrchestrator.addTask (src/orchestrator/programmingOrchestrator.ts:649:21)

  console.log
    ≡ƒôï Task added to queue: task-3 (Priority: P2, Status: completed)

      at ProgrammingOrchestrator.addTask (src/orchestrator/programmingOrchestrator.ts:647:17)

  console.log
       Linked to ticket: ticket-3 (Team: undefined)

      at ProgrammingOrchestrator.addTask (src/orchestrator/programmingOrchestrator.ts:649:21)

  console.log
    ≡ƒôï Task added to queue: task-4 (Priority: P2, Status: completed)

      at ProgrammingOrchestrator.addTask (src/orchestrator/programmingOrchestrator.ts:647:17)

  console.log
       Linked to ticket: ticket-4 (Team: undefined)

      at ProgrammingOrchestrator.addTask (src/orchestrator/programmingOrchestrator.ts:649:21)

  console.log
    ≡ƒôï Task added to queue: task-5 (Priority: P2, Status: completed)

      at ProgrammingOrchestrator.addTask (src/orchestrator/programmingOrchestrator.ts:647:17)

  console.log
       Linked to ticket: ticket-5 (Team: undefined)

      at ProgrammingOrchestrator.addTask (src/orchestrator/programmingOrchestrator.ts:649:21)

  console.log
    ≡ƒôï Task added to queue: task-6 (Priority: P2, Status: completed)

      at ProgrammingOrchestrator.addTask (src/orchestrator/programmingOrchestrator.ts:647:17)

  console.log
       Linked to ticket: ticket-6 (Team: undefined)

      at ProgrammingOrchestrator.addTask (src/orchestrator/programmingOrchestrator.ts:649:21)

  console.log
    ≡ƒôï Task added to queue: task-7 (Priority: P2, Status: completed)

      at ProgrammingOrchestrator.addTask (src/orchestrator/programmingOrchestrator.ts:647:17)

  console.log
       Linked to ticket: ticket-7 (Team: undefined)

      at ProgrammingOrchestrator.addTask (src/orchestrator/programmingOrchestrator.ts:649:21)

  console.log
    ≡ƒôï Task added to queue: task-8 (Priority: P2, Status: completed)

      at ProgrammingOrchestrator.addTask (src/orchestrator/programmingOrchestrator.ts:647:17)

  console.log
       Linked to ticket: ticket-8 (Team: undefined)

      at ProgrammingOrchestrator.addTask (src/orchestrator/programmingOrchestrator.ts:649:21)

  console.log
    ≡ƒôï Task added to queue: task-9 (Priority: P2, Status: completed)

      at ProgrammingOrchestrator.addTask (src/orchestrator/programmingOrchestrator.ts:647:17)

  console.log
       Linked to ticket: ticket-9 (Team: undefined)

      at ProgrammingOrchestrator.addTask (src/orchestrator/programmingOrchestrator.ts:649:21)

  console.log
    ≡ƒôï Task added to queue: task-10 (Priority: P2, Status: ready)

      at ProgrammingOrchestrator.addTask (src/orchestrator/programmingOrchestrator.ts:647:17)

  console.log
       Linked to ticket: ticket-10 (Team: undefined)

      at ProgrammingOrchestrator.addTask (src/orchestrator/programmingOrchestrator.ts:649:21)

  console.log
    ≡ƒôï Task added to queue: task-11 (Priority: P2, Status: ready)

      at ProgrammingOrchestrator.addTask (src/orchestrator/programmingOrchestrator.ts:647:17)

  console.log
       Linked to ticket: ticket-11 (Team: undefined)

      at ProgrammingOrchestrator.addTask (src/orchestrator/programmingOrchestrator.ts:649:21)

  console.log
    ≡ƒôï Task added to queue: task-12 (Priority: P2, Status: ready)

      at ProgrammingOrchestrator.addTask (src/orchestrator/programmingOrchestrator.ts:647:17)

  console.log
       Linked to ticket: ticket-12 (Team: undefined)

      at ProgrammingOrchestrator.addTask (src/orchestrator/programmingOrchestrator.ts:649:21)

  console.log
    ≡ƒôï Task added to queue: task-13 (Priority: P2, Status: ready)

      at ProgrammingOrchestrator.addTask (src/orchestrator/programmingOrchestrator.ts:647:17)

  console.log
       Linked to ticket: ticket-13 (Team: undefined)

      at ProgrammingOrchestrator.addTask (src/orchestrator/programmingOrchestrator.ts:649:21)

  console.log
    ≡ƒôï Task added to queue: task-14 (Priority: P2, Status: ready)

      at ProgrammingOrchestrator.addTask (src/orchestrator/programmingOrchestrator.ts:647:17)

  console.log
       Linked to ticket: ticket-14 (Team: undefined)

      at ProgrammingOrchestrator.addTask (src/orchestrator/programmingOrchestrator.ts:649:21)

  console.log
    ≡ƒôï Task added to queue: task-15 (Priority: P2, Status: ready)

      at ProgrammingOrchestrator.addTask (src/orchestrator/programmingOrchestrator.ts:647:17)

  console.log
       Linked to ticket: ticket-15 (Team: undefined)

      at ProgrammingOrchestrator.addTask (src/orchestrator/programmingOrchestrator.ts:649:21)

  console.log
    ≡ƒôï Task added to queue: task-16 (Priority: P2, Status: ready)

      at ProgrammingOrchestrator.addTask (src/orchestrator/programmingOrchestrator.ts:647:17)

  console.log
       Linked to ticket: ticket-16 (Team: undefined)

      at ProgrammingOrchestrator.addTask (src/orchestrator/programmingOrchestrator.ts:649:21)

  console.log
    ≡ƒôï Task added to queue: task-17 (Priority: P2, Status: ready)

      at ProgrammingOrchestrator.addTask (src/orchestrator/programmingOrchestrator.ts:647:17)

  console.log
       Linked to ticket: ticket-17 (Team: undefined)

      at ProgrammingOrchestrator.addTask (src/orchestrator/programmingOrchestrator.ts:649:21)

  console.log
    ≡ƒôï Task added to queue: task-18 (Priority: P2, Status: ready)

      at ProgrammingOrchestrator.addTask (src/orchestrator/programmingOrchestrator.ts:647:17)

  console.log
       Linked to ticket: ticket-18 (Team: undefined)

      at ProgrammingOrchestrator.addTask (src/orchestrator/programmingOrchestrator.ts:649:21)

  console.log
    ≡ƒôï Task added to queue: task-19 (Priority: P2, Status: ready)

      at ProgrammingOrchestrator.addTask (src/orchestrator/programmingOrchestrator.ts:647:17)

  console.log
       Linked to ticket: ticket-19 (Team: undefined)

      at ProgrammingOrchestrator.addTask (src/orchestrator/programmingOrchestrator.ts:649:21)

  console.log
    ≡ƒôï Task added to queue: task-20 (Priority: P2, Status: ready)

      at ProgrammingOrchestrator.addTask (src/orchestrator/programmingOrchestrator.ts:647:17)

  console.log
       Linked to ticket: ticket-20 (Team: undefined)

      at ProgrammingOrchestrator.addTask (src/orchestrator/programmingOrchestrator.ts:649:21)

  console.log
    ≡ƒôï Task added to queue: task-21 (Priority: P2, Status: ready)

      at ProgrammingOrchestrator.addTask (src/orchestrator/programmingOrchestrator.ts:647:17)

  console.log
       Linked to ticket: ticket-21 (Team: undefined)

      at ProgrammingOrchestrator.addTask (src/orchestrator/programmingOrchestrator.ts:649:21)

  console.log
    ≡ƒôï Task added to queue: task-22 (Priority: P2, Status: ready)

      at ProgrammingOrchestrator.addTask (src/orchestrator/programmingOrchestrator.ts:647:17)

  console.log
       Linked to ticket: ticket-22 (Team: undefined)

      at ProgrammingOrchestrator.addTask (src/orchestrator/programmingOrchestrator.ts:649:21)

  console.log
    ≡ƒôï Task added to queue: task-23 (Priority: P2, Status: ready)

      at ProgrammingOrchestrator.addTask (src/orchestrator/programmingOrchestrator.ts:647:17)

  console.log
       Linked to ticket: ticket-23 (Team: undefined)

      at ProgrammingOrchestrator.addTask (src/orchestrator/programmingOrchestrator.ts:649:21)

  console.log
    ≡ƒôï Task added to queue: task-24 (Priority: P2, Status: ready)

      at ProgrammingOrchestrator.addTask (src/orchestrator/programmingOrchestrator.ts:647:17)

  console.log
       Linked to ticket: ticket-24 (Team: undefined)

      at ProgrammingOrchestrator.addTask (src/orchestrator/programmingOrchestrator.ts:649:21)

  console.log
    ≡ƒôï Task added to queue: task-25 (Priority: P2, Status: ready)

      at ProgrammingOrchestrator.addTask (src/orchestrator/programmingOrchestrator.ts:647:17)

  console.log
       Linked to ticket: ticket-25 (Team: undefined)

      at ProgrammingOrchestrator.addTask (src/orchestrator/programmingOrchestrator.ts:649:21)

  console.log
    ≡ƒôï Task added to queue: task-26 (Priority: P2, Status: ready)

      at ProgrammingOrchestrator.addTask (src/orchestrator/programmingOrchestrator.ts:647:17)

  console.log
       Linked to ticket: ticket-26 (Team: undefined)

      at ProgrammingOrchestrator.addTask (src/orchestrator/programmingOrchestrator.ts:649:21)

  console.log
    ≡ƒôï Task added to queue: task-27 (Priority: P2, Status: ready)

      at ProgrammingOrchestrator.addTask (src/orchestrator/programmingOrchestrator.ts:647:17)

  console.log
       Linked to ticket: ticket-27 (Team: undefined)

      at ProgrammingOrchestrator.addTask (src/orchestrator/programmingOrchestrator.ts:649:21)

  console.log
    ≡ƒôï Task added to queue: task-28 (Priority: P2, Status: ready)

      at ProgrammingOrchestrator.addTask (src/orchestrator/programmingOrchestrator.ts:647:17)

  console.log
       Linked to ticket: ticket-28 (Team: undefined)

      at ProgrammingOrchestrator.addTask (src/orchestrator/programmingOrchestrator.ts:649:21)

  console.log
    ≡ƒôï Task added to queue: task-29 (Priority: P2, Status: ready)

      at ProgrammingOrchestrator.addTask (src/orchestrator/programmingOrchestrator.ts:647:17)

  console.log
       Linked to ticket: ticket-29 (Team: undefined)

      at ProgrammingOrchestrator.addTask (src/orchestrator/programmingOrchestrator.ts:649:21)

  console.log
    ≡ƒôï Task added to queue: task-30 (Priority: P2, Status: ready)

      at ProgrammingOrchestrator.addTask (src/orchestrator/programmingOrchestrator.ts:647:17)

  console.log
       Linked to ticket: ticket-30 (Team: undefined)

      at ProgrammingOrchestrator.addTask (src/orchestrator/programmingOrchestrator.ts:649:21)

  console.log
    ≡ƒôï Task added to queue: task-31 (Priority: P2, Status: ready)

      at ProgrammingOrchestrator.addTask (src/orchestrator/programmingOrchestrator.ts:647:17)

  console.log
       Linked to ticket: ticket-31 (Team: undefined)

      at ProgrammingOrchestrator.addTask (src/orchestrator/programmingOrchestrator.ts:649:21)

  console.log
    ≡ƒôï Task added to queue: task-32 (Priority: P2, Status: ready)

      at ProgrammingOrchestrator.addTask (src/orchestrator/programmingOrchestrator.ts:647:17)

  console.log
       Linked to ticket: ticket-32 (Team: undefined)

      at ProgrammingOrchestrator.addTask (src/orchestrator/programmingOrchestrator.ts:649:21)

  console.log
    ≡ƒôï Task added to queue: task-33 (Priority: P2, Status: ready)

      at ProgrammingOrchestrator.addTask (src/orchestrator/programmingOrchestrator.ts:647:17)

  console.log
       Linked to ticket: ticket-33 (Team: undefined)

      at ProgrammingOrchestrator.addTask (src/orchestrator/programmingOrchestrator.ts:649:21)

  console.log
    ≡ƒôï Task added to queue: task-34 (Priority: P2, Status: ready)

      at ProgrammingOrchestrator.addTask (src/orchestrator/programmingOrchestrator.ts:647:17)

  console.log
       Linked to ticket: ticket-34 (Team: undefined)

      at ProgrammingOrchestrator.addTask (src/orchestrator/programmingOrchestrator.ts:649:21)

  console.log
    ≡ƒôï Task added to queue: task-35 (Priority: P2, Status: ready)

      at ProgrammingOrchestrator.addTask (src/orchestrator/programmingOrchestrator.ts:647:17)

  console.log
       Linked to ticket: ticket-35 (Team: undefined)

      at ProgrammingOrchestrator.addTask (src/orchestrator/programmingOrchestrator.ts:649:21)

  console.log
    ≡ƒôï Task added to queue: task-36 (Priority: P2, Status: ready)

      at ProgrammingOrchestrator.addTask (src/orchestrator/programmingOrchestrator.ts:647:17)

  console.log
       Linked to ticket: ticket-36 (Team: undefined)

      at ProgrammingOrchestrator.addTask (src/orchestrator/programmingOrchestrator.ts:649:21)

  console.log
    ≡ƒôï Task added to queue: task-37 (Priority: P2, Status: ready)

      at ProgrammingOrchestrator.addTask (src/orchestrator/programmingOrchestrator.ts:647:17)

  console.log
       Linked to ticket: ticket-37 (Team: undefined)

      at ProgrammingOrchestrator.addTask (src/orchestrator/programmingOrchestrator.ts:649:21)

  console.log
    ≡ƒôï Task added to queue: task-38 (Priority: P2, Status: ready)

      at ProgrammingOrchestrator.addTask (src/orchestrator/programmingOrchestrator.ts:647:17)

  console.log
       Linked to ticket: ticket-38 (Team: undefined)

      at ProgrammingOrchestrator.addTask (src/orchestrator/programmingOrchestrator.ts:649:21)

  console.log
    ≡ƒôï Task added to queue: task-39 (Priority: P2, Status: ready)

      at ProgrammingOrchestrator.addTask (src/orchestrator/programmingOrchestrator.ts:647:17)

  console.log
       Linked to ticket: ticket-39 (Team: undefined)

      at ProgrammingOrchestrator.addTask (src/orchestrator/programmingOrchestrator.ts:649:21)

  console.log
    ≡ƒôï Task added to queue: task-40 (Priority: P2, Status: ready)

      at ProgrammingOrchestrator.addTask (src/orchestrator/programmingOrchestrator.ts:647:17)

  console.log
       Linked to ticket: ticket-40 (Team: undefined)

      at ProgrammingOrchestrator.addTask (src/orchestrator/programmingOrchestrator.ts:649:21)

  console.log
    ≡ƒôï Task added to queue: task-41 (Priority: P2, Status: ready)

      at ProgrammingOrchestrator.addTask (src/orchestrator/programmingOrchestrator.ts:647:17)

  console.log
       Linked to ticket: ticket-41 (Team: undefined)

      at ProgrammingOrchestrator.addTask (src/orchestrator/programmingOrchestrator.ts:649:21)

  console.log
    ≡ƒôï Task added to queue: task-42 (Priority: P2, Status: ready)

      at ProgrammingOrchestrator.addTask (src/orchestrator/programmingOrchestrator.ts:647:17)

  console.log
       Linked to ticket: ticket-42 (Team: undefined)

      at ProgrammingOrchestrator.addTask (src/orchestrator/programmingOrchestrator.ts:649:21)

  console.log
    ≡ƒôï Task added to queue: task-43 (Priority: P2, Status: ready)

      at ProgrammingOrchestrator.addTask (src/orchestrator/programmingOrchestrator.ts:647:17)

  console.log
       Linked to ticket: ticket-43 (Team: undefined)

      at ProgrammingOrchestrator.addTask (src/orchestrator/programmingOrchestrator.ts:649:21)

  console.log
    ≡ƒôï Task added to queue: task-44 (Priority: P2, Status: ready)

      at ProgrammingOrchestrator.addTask (src/orchestrator/programmingOrchestrator.ts:647:17)

  console.log
       Linked to ticket: ticket-44 (Team: undefined)

      at ProgrammingOrchestrator.addTask (src/orchestrator/programmingOrchestrator.ts:649:21)

  console.log
    ≡ƒôï Task added to queue: task-45 (Priority: P2, Status: ready)

      at ProgrammingOrchestrator.addTask (src/orchestrator/programmingOrchestrator.ts:647:17)

  console.log
       Linked to ticket: ticket-45 (Team: undefined)

      at ProgrammingOrchestrator.addTask (src/orchestrator/programmingOrchestrator.ts:649:21)

  console.log
    ≡ƒôï Task added to queue: task-46 (Priority: P2, Status: ready)

      at ProgrammingOrchestrator.addTask (src/orchestrator/programmingOrchestrator.ts:647:17)

  console.log
       Linked to ticket: ticket-46 (Team: undefined)

      at ProgrammingOrchestrator.addTask (src/orchestrator/programmingOrchestrator.ts:649:21)

  console.log
    ≡ƒôï Task added to queue: task-47 (Priority: P2, Status: ready)

      at ProgrammingOrchestrator.addTask (src/orchestrator/programmingOrchestrator.ts:647:17)

  console.log
       Linked to ticket: ticket-47 (Team: undefined)

      at ProgrammingOrchestrator.addTask (src/orchestrator/programmingOrchestrator.ts:649:21)

  console.log
    ≡ƒôï Task added to queue: task-48 (Priority: P2, Status: ready)

      at ProgrammingOrchestrator.addTask (src/orchestrator/programmingOrchestrator.ts:647:17)

  console.log
       Linked to ticket: ticket-48 (Team: undefined)

      at ProgrammingOrchestrator.addTask (src/orchestrator/programmingOrchestrator.ts:649:21)

  console.log
    ≡ƒôï Task added to queue: task-49 (Priority: P2, Status: ready)

      at ProgrammingOrchestrator.addTask (src/orchestrator/programmingOrchestrator.ts:647:17)

  console.log
       Linked to ticket: ticket-49 (Team: undefined)

      at ProgrammingOrchestrator.addTask (src/orchestrator/programmingOrchestrator.ts:649:21)

  console.warn
    ΓÜá∩╕Å Task queue at capacity (50), removing oldest completed task

    [0m [90m 632 |[39m         [90m// Enforce max task limit[39m
     [90m 633 |[39m         [36mif[39m ([36mthis[39m[33m.[39mtaskQueue[33m.[39mlength [33m>=[39m [36mthis[39m[33m.[39m[33mMAX_TASKS[39m) {
    [31m[1m>[22m[39m[90m 634 |[39m             console[33m.[39mwarn([32m`ΓÜá∩╕Å Task queue at capacity (${this.MAX_TASKS}), removing oldest completed task`[39m)[33m;[39m
     [90m     |[39m                     [31m[1m^[22m[39m
     [90m 635 |[39m             [36mconst[39m completedIndex [33m=[39m [36mthis[39m[33m.[39mtaskQueue[33m.[39mfindIndex((t[33m:[39m [33mTask[39m) [33m=>[39m t[33m.[39mstatus [33m===[39m [32m'completed'[39m)[33m;[39m
     [90m 636 |[39m             [36mif[39m (completedIndex [33m>=[39m [35m0[39m) {
     [90m 637 |[39m                 [36mthis[39m[33m.[39mtaskQueue[33m.[39msplice(completedIndex[33m,[39m [35m1[39m)[33m;[39m[0m

      at ProgrammingOrchestrator.addTask (src/orchestrator/programmingOrchestrator.ts:634:21)
      at Object.<anonymous> (tests/programmingOrchestrator.test.ts:488:17)

  console.log
    ≡ƒôï Task added to queue: task-50 (Priority: P2, Status: ready)

      at ProgrammingOrchestrator.addTask (src/orchestrator/programmingOrchestrator.ts:647:17)

  console.log
       Linked to ticket: ticket-50 (Team: undefined)

      at ProgrammingOrchestrator.addTask (src/orchestrator/programmingOrchestrator.ts:649:21)

  console.warn
    ΓÜá∩╕Å Task queue at capacity (50), removing oldest completed task

    [0m [90m 632 |[39m         [90m// Enforce max task limit[39m
     [90m 633 |[39m         [36mif[39m ([36mthis[39m[33m.[39mtaskQueue[33m.[39mlength [33m>=[39m [36mthis[39m[33m.[39m[33mMAX_TASKS[39m) {
    [31m[1m>[22m[39m[90m 634 |[39m             console[33m.[39mwarn([32m`ΓÜá∩╕Å Task queue at capacity (${this.MAX_TASKS}), removing oldest completed task`[39m)[33m;[39m
     [90m     |[39m                     [31m[1m^[22m[39m
     [90m 635 |[39m             [36mconst[39m completedIndex [33m=[39m [36mthis[39m[33m.[39mtaskQueue[33m.[39mfindIndex((t[33m:[39m [33mTask[39m) [33m=>[39m t[33m.[39mstatus [33m===[39m [32m'completed'[39m)[33m;[39m
     [90m 636 |[39m             [36mif[39m (completedIndex [33m>=[39m [35m0[39m) {
     [90m 637 |[39m                 [36mthis[39m[33m.[39mtaskQueue[33m.[39msplice(completedIndex[33m,[39m [35m1[39m)[33m;[39m[0m

      at ProgrammingOrchestrator.addTask (src/orchestrator/programmingOrchestrator.ts:634:21)
      at Object.<anonymous> (tests/programmingOrchestrator.test.ts:488:17)

  console.log
    ≡ƒôï Task added to queue: task-51 (Priority: P2, Status: ready)

      at ProgrammingOrchestrator.addTask (src/orchestrator/programmingOrchestrator.ts:647:17)

  console.log
       Linked to ticket: ticket-51 (Team: undefined)

      at ProgrammingOrchestrator.addTask (src/orchestrator/programmingOrchestrator.ts:649:21)

  console.warn
    ΓÜá∩╕Å Task queue at capacity (50), removing oldest completed task

    [0m [90m 632 |[39m         [90m// Enforce max task limit[39m
     [90m 633 |[39m         [36mif[39m ([36mthis[39m[33m.[39mtaskQueue[33m.[39mlength [33m>=[39m [36mthis[39m[33m.[39m[33mMAX_TASKS[39m) {
    [31m[1m>[22m[39m[90m 634 |[39m             console[33m.[39mwarn([32m`ΓÜá∩╕Å Task queue at capacity (${this.MAX_TASKS}), removing oldest completed task`[39m)[33m;[39m
     [90m     |[39m                     [31m[1m^[22m[39m
     [90m 635 |[39m             [36mconst[39m completedIndex [33m=[39m [36mthis[39m[33m.[39mtaskQueue[33m.[39mfindIndex((t[33m:[39m [33mTask[39m) [33m=>[39m t[33m.[39mstatus [33m===[39m [32m'completed'[39m)[33m;[39m
     [90m 636 |[39m             [36mif[39m (completedIndex [33m>=[39m [35m0[39m) {
     [90m 637 |[39m                 [36mthis[39m[33m.[39mtaskQueue[33m.[39msplice(completedIndex[33m,[39m [35m1[39m)[33m;[39m[0m

      at ProgrammingOrchestrator.addTask (src/orchestrator/programmingOrchestrator.ts:634:21)
      at Object.<anonymous> (tests/programmingOrchestrator.test.ts:488:17)

  console.log
    ≡ƒôï Task added to queue: task-52 (Priority: P2, Status: ready)

      at ProgrammingOrchestrator.addTask (src/orchestrator/programmingOrchestrator.ts:647:17)

  console.log
       Linked to ticket: ticket-52 (Team: undefined)

      at ProgrammingOrchestrator.addTask (src/orchestrator/programmingOrchestrator.ts:649:21)

  console.warn
    ΓÜá∩╕Å Task queue at capacity (50), removing oldest completed task

    [0m [90m 632 |[39m         [90m// Enforce max task limit[39m
     [90m 633 |[39m         [36mif[39m ([36mthis[39m[33m.[39mtaskQueue[33m.[39mlength [33m>=[39m [36mthis[39m[33m.[39m[33mMAX_TASKS[39m) {
    [31m[1m>[22m[39m[90m 634 |[39m             console[33m.[39mwarn([32m`ΓÜá∩╕Å Task queue at capacity (${this.MAX_TASKS}), removing oldest completed task`[39m)[33m;[39m
     [90m     |[39m                     [31m[1m^[22m[39m
     [90m 635 |[39m             [36mconst[39m completedIndex [33m=[39m [36mthis[39m[33m.[39mtaskQueue[33m.[39mfindIndex((t[33m:[39m [33mTask[39m) [33m=>[39m t[33m.[39mstatus [33m===[39m [32m'completed'[39m)[33m;[39m
     [90m 636 |[39m             [36mif[39m (completedIndex [33m>=[39m [35m0[39m) {
     [90m 637 |[39m                 [36mthis[39m[33m.[39mtaskQueue[33m.[39msplice(completedIndex[33m,[39m [35m1[39m)[33m;[39m[0m

      at ProgrammingOrchestrator.addTask (src/orchestrator/programmingOrchestrator.ts:634:21)
      at Object.<anonymous> (tests/programmingOrchestrator.test.ts:488:17)

  console.log
    ≡ƒôï Task added to queue: task-53 (Priority: P2, Status: ready)

      at ProgrammingOrchestrator.addTask (src/orchestrator/programmingOrchestrator.ts:647:17)

  console.log
       Linked to ticket: ticket-53 (Team: undefined)

      at ProgrammingOrchestrator.addTask (src/orchestrator/programmingOrchestrator.ts:649:21)

  console.warn
    ΓÜá∩╕Å Task queue at capacity (50), removing oldest completed task

    [0m [90m 632 |[39m         [90m// Enforce max task limit[39m
     [90m 633 |[39m         [36mif[39m ([36mthis[39m[33m.[39mtaskQueue[33m.[39mlength [33m>=[39m [36mthis[39m[33m.[39m[33mMAX_TASKS[39m) {
    [31m[1m>[22m[39m[90m 634 |[39m             console[33m.[39mwarn([32m`ΓÜá∩╕Å Task queue at capacity (${this.MAX_TASKS}), removing oldest completed task`[39m)[33m;[39m
     [90m     |[39m                     [31m[1m^[22m[39m
     [90m 635 |[39m             [36mconst[39m completedIndex [33m=[39m [36mthis[39m[33m.[39mtaskQueue[33m.[39mfindIndex((t[33m:[39m [33mTask[39m) [33m=>[39m t[33m.[39mstatus [33m===[39m [32m'completed'[39m)[33m;[39m
     [90m 636 |[39m             [36mif[39m (completedIndex [33m>=[39m [35m0[39m) {
     [90m 637 |[39m                 [36mthis[39m[33m.[39mtaskQueue[33m.[39msplice(completedIndex[33m,[39m [35m1[39m)[33m;[39m[0m

      at ProgrammingOrchestrator.addTask (src/orchestrator/programmingOrchestrator.ts:634:21)
      at Object.<anonymous> (tests/programmingOrchestrator.test.ts:488:17)

  console.log
    ≡ƒôï Task added to queue: task-54 (Priority: P2, Status: ready)

      at ProgrammingOrchestrator.addTask (src/orchestrator/programmingOrchestrator.ts:647:17)

  console.log
       Linked to ticket: ticket-54 (Team: undefined)

      at ProgrammingOrchestrator.addTask (src/orchestrator/programmingOrchestrator.ts:649:21)

  console.log
    ≡ƒÆ╛ Queue saved to storage (50 tasks)

      at Timeout._onTimeout (src/orchestrator/programmingOrchestrator.ts:522:25)

  console.log
    ≡ƒôª Loaded and converted 2 tasks with Date objects (filtered from 2 total)

      at ProgrammingOrchestrator.loadPersistedTasks (src/orchestrator/programmingOrchestrator.ts:388:21)

  console.log
       - valid-task-001: Valid Task (ready, P1)

      at src/orchestrator/programmingOrchestrator.ts:393:25
          at Array.forEach (<anonymous>)

  console.log
       - orphaned-task-002: Orphaned Task (ready, P2)

      at src/orchestrator/programmingOrchestrator.ts:393:25
          at Array.forEach (<anonymous>)

  console.log
    ≡ƒöä Reconciliation: Removed 1 orphaned task(s) (no matching ticket)

      at ProgrammingOrchestrator.reconcileTasks (src/orchestrator/programmingOrchestrator.ts:454:21)

  console.log
       - Removed: orphaned-task-002 (Orphaned Task) - ticket orphaned-ticket-999 not found

      at src/orchestrator/programmingOrchestrator.ts:456:25
          at Array.forEach (<anonymous>)

  console.log
    Γ£à ProgrammingOrchestrator initialized with persistence

      at ProgrammingOrchestrator.initializeWithPersistence (src/orchestrator/programmingOrchestrator.ts:336:17)

  console.log
    ≡ƒôª Loaded and converted 2 tasks with Date objects (filtered from 2 total)

      at ProgrammingOrchestrator.loadPersistedTasks (src/orchestrator/programmingOrchestrator.ts:388:21)

  console.log
       - task-001: Task 1 (ready, P1)

      at src/orchestrator/programmingOrchestrator.ts:393:25
          at Array.forEach (<anonymous>)

  console.log
       - task-002: Task 2 (ready, P2)

      at src/orchestrator/programmingOrchestrator.ts:393:25
          at Array.forEach (<anonymous>)

  console.log
    Γ£à Reconciliation: All 2 task(s) have valid tickets

      at ProgrammingOrchestrator.reconcileTasks (src/orchestrator/programmingOrchestrator.ts:462:21)

  console.log
    Γ£à ProgrammingOrchestrator initialized with persistence

      at ProgrammingOrchestrator.initializeWithPersistence (src/orchestrator/programmingOrchestrator.ts:336:17)

  console.log
    ≡ƒôª Loaded and converted 1 tasks with Date objects (filtered from 1 total)

      at ProgrammingOrchestrator.loadPersistedTasks (src/orchestrator/programmingOrchestrator.ts:388:21)

  console.log
       - plan-task-001: Plan Task (ready, P1)

      at src/orchestrator/programmingOrchestrator.ts:393:25
          at Array.forEach (<anonymous>)

  console.log
    Γ£à Reconciliation: All 1 task(s) have valid tickets

      at ProgrammingOrchestrator.reconcileTasks (src/orchestrator/programmingOrchestrator.ts:462:21)

  console.log
    Γ£à ProgrammingOrchestrator initialized with persistence

      at ProgrammingOrchestrator.initializeWithPersistence (src/orchestrator/programmingOrchestrator.ts:336:17)

PASS tests/programmingOrchestrator.test.ts
  ProgrammingOrchestrator
    Task Persistence - Date Conversion
      ΓêÜ should convert valid ISO date strings to Date objects on load (13 ms)
      ΓêÜ should handle invalid date strings and fallback to current date (5 ms)
      ΓêÜ should handle missing createdAt field (4 ms)
      ΓêÜ should log conversion summary after loading tasks (1 ms)
    Duplicate Detection
      ΓêÜ should prevent duplicate tasks by exact ticketId match (5 ms)
      ΓêÜ should log DEBUG message when duplicate ticketId is detected (3 ms)
      ΓêÜ should reload without false positives on removed tasks (Strategy C) (4 ms)
      ΓêÜ should allow tasks with same title but different priority (4 ms)
      ΓêÜ should handle hasTaskForTicket when queue is empty (2 ms)
    Task Persistence Across Reloads
      ΓêÜ should persist and reload tasks correctly (325 ms)
      ΓêÜ should handle empty storage gracefully (1 ms)
      ΓêÜ should handle corrupted storage data
    Queue Management
      ΓêÜ should maintain max 50 tasks limit (392 ms)
    Orphan Detection & Reconciliation
      ΓêÜ should remove orphaned tasks (no matching ticket) on init (3 ms)
      ΓêÜ should retain tasks with valid tickets (5 ms)
      ΓêÜ should keep tasks without ticketId (from plan file) (2 ms)

  console.log
    ≡ƒôé Step 1: Reading Plans/ folder...

      at Object.<anonymous> (src/services/__tests__/prdGenerator.e2e.test.ts:22:25)

  console.warn
    ΓÜá∩╕Å  No workspace folder found - this is expected in test environment

    [0m [90m 125 |[39m                 [90m// In test environment without VS Code workspace, workspace errors are expected[39m
     [90m 126 |[39m                 [36mif[39m (error [36minstanceof[39m [33mError[39m [33m&&[39m error[33m.[39mmessage[33m.[39mincludes([32m'No workspace folder'[39m)) {
    [31m[1m>[22m[39m[90m 127 |[39m                     console[33m.[39mwarn([32m'ΓÜá∩╕Å  No workspace folder found - this is expected in test environment'[39m)[33m;[39m
     [90m     |[39m                             [31m[1m^[22m[39m
     [90m 128 |[39m                     expect([36mtrue[39m)[33m.[39mtoBe([36mtrue[39m)[33m;[39m  [90m// Test passes - this error is acceptable[39m
     [90m 129 |[39m                     [36mreturn[39m[33m;[39m
     [90m 130 |[39m                 }[0m

      at Object.<anonymous> (src/services/__tests__/prdGenerator.e2e.test.ts:127:29)

  console.log
    Γ£à Bad PRD validation correctly rejects invalid output

      at Object.<anonymous> (src/services/__tests__/prdGenerator.e2e.test.ts:168:21)

PASS src/services/__tests__/prdGenerator.e2e.test.ts
  Phase 0: PRD Generation E2E
    PlansReader ΓåÆ ContextBundler ΓåÆ Validation ΓåÆ Writer
      ΓêÜ should read plans and bundle them correctly (5 ms)
      ΓêÜ should handle missing Plans folder gracefully (1 ms)
      ΓêÜ should validate bad PRD output (1 ms)

PASS src/services/__tests__/contextBundler.test.ts
  ContextBundler
    bundle
      ΓêÜ should bundle files within token limit (1 ms)
      ΓêÜ should respect token limit (1 ms)
      ΓêÜ should prioritize files by priority field
      ΓêÜ should truncate files if needed
      ΓêÜ should set warning when files are truncated or excluded (1 ms)
      ΓêÜ should handle empty file list
      ΓêÜ should format paths correctly
    formatBundleInfo
      ΓêÜ should format bundle information for display (1 ms)
      ΓêÜ should include warning in formatted output


  ΓùÅ  Cannot log after tests are done. Did you forget to wait for something async in your test?
    Attempted to log "≡ƒÆ╛ Queue saved to storage (1 tasks)".

      520 |                 await this.workspaceState.update(this.STORAGE_KEY, tasksToSave);
      521 |
    > 522 |                 console.log(`≡ƒÆ╛ Queue saved to storage (${tasksToSave.length} tasks)`);
          |                         ^
      523 |             } catch (error) {
      524 |                 console.error('Γ¥î Failed to save task queue:', error);
      525 |

      at console.log (node_modules/@jest/console/build/CustomConsole.js:141:10)
      at Timeout._onTimeout (src/orchestrator/programmingOrchestrator.ts:522:25)

PASS tests/answerTeam.spec/AnswerTeam.searchPlan.web.spec.ts
  AnswerTeam - searchPlan
    ΓêÜ should log the search query and return an empty array (1 ms)

PASS tests/ticketsDb.migration.test.ts
  TicketDb - Schema Migrations
    Γùï skipped should handle migration from old DB schema (no version table)
    Γùï skipped should correctly track database schema version
    Γùï skipped should preserve existing data during migrations
    Γùï skipped should not crash on migration errors
    Γùï skipped should create completed_tasks table on v0 ΓåÆ v1 migration
    Γùï skipped should correctly compare versions for migration decisions
  TicketDb - Completed Tasks Archive (P1.1)
    ΓêÜ should archive a task to completed_tasks table (27 ms)
    ΓêÜ should retrieve all completed tasks from history (20 ms)
    ΓêÜ should filter tasks older than specified days (15 ms)
    ΓêÜ should preserve all task data during archiving (12 ms)
    ΓêÜ should cleanup completed tasks older than retention period (28 ms)
    ΓêÜ should use 30-day default retention when not configured (1 ms)
    ΓêÜ should handle cleanup errors gracefully without crashing (9 ms)
    cleanupOldTasks() - Dual-mode cleanup integration
      ΓêÜ should delete tasks older than maxAgeHours (age-based only) (26 ms)
      ΓêÜ should keep only last N tasks (count-based only) (31 ms)
      ΓêÜ should apply both age and count limits (combined mode) (34 ms)
      ΓêÜ should not delete anything when both limits are 0 (unlimited) (12 ms)

PASS tests/extension.spec/deactivate.web.spec.ts
  deactivate
    ΓêÜ should stop the PlansFileWatcher, dispose FileConfigManager, and clean up resources (216 ms)

PASS tests/coeTaskTreeProvider.test.ts
  CoeTaskTreeProvider
    ΓêÜ returns tree items for ready tasks with priority label and command (1 ms)
    ΓêÜ sorts by priority then title (16 ms)
    ΓêÜ returns empty list when orchestrator is null (1 ms)
    ΓêÜ fires change event on refresh

  console.warn
    No workspace root found, using defaults

    [0m [90m 108 |[39m             [36mconst[39m root [33m=[39m workspaceRoot [33m||[39m [36mthis[39m[33m.[39mgetWorkspaceRoot()[33m;[39m
     [90m 109 |[39m             [36mif[39m ([33m![39mroot) {
    [31m[1m>[22m[39m[90m 110 |[39m                 console[33m.[39mwarn([32m'No workspace root found, using defaults'[39m)[33m;[39m
     [90m     |[39m                         [31m[1m^[22m[39m
     [90m 111 |[39m                 [36mthis[39m[33m.[39minstance [33m=[39m [33mDEFAULT_CONFIG[39m[33m;[39m
     [90m 112 |[39m                 [36mreturn[39m[33m;[39m
     [90m 113 |[39m             }[0m

      at FileConfigManager.initialize (src/utils/fileConfig.ts:110:25)
      at activate (src/extension.ts:177:37)
      at Object.<anonymous> (tests/example.test.ts:97:9)

  console.log
    [COE.Extension] Γä╣∩╕Å Programming Orchestrator: Initializing...

      at SimpleLogger.info (src/orchestrator/programmingOrchestrator.ts:1436:17)

  console.log
    [COE.Extension] Γä╣∩╕Å Γ£à Programming Orchestrator: Ready (one-thing-at-a-time enforced)

      at SimpleLogger.info (src/orchestrator/programmingOrchestrator.ts:1436:17)

  console.warn
    ΓÜá∩╕Å No workspace state available, skipping task load

    [0m [90m 344 |[39m     [36mprivate[39m [36masync[39m loadPersistedTasks()[33m:[39m [33mPromise[39m[33m<[39m[36mvoid[39m[33m>[39m {
     [90m 345 |[39m         [36mif[39m ([33m![39m[36mthis[39m[33m.[39mworkspaceState) {
    [31m[1m>[22m[39m[90m 346 |[39m             console[33m.[39mwarn([32m'ΓÜá∩╕Å No workspace state available, skipping task load'[39m)[33m;[39m
     [90m     |[39m                     [31m[1m^[22m[39m
     [90m 347 |[39m             [36mreturn[39m[33m;[39m
     [90m 348 |[39m         }
     [90m 349 |[39m[0m

      at ProgrammingOrchestrator.loadPersistedTasks (src/orchestrator/programmingOrchestrator.ts:346:21)
      at ProgrammingOrchestrator.initializeWithPersistence (src/orchestrator/programmingOrchestrator.ts:334:20)
      at activate (src/extension.ts:257:43)

  console.log
    Γä╣∩╕Å No tasks to reconcile (queue empty)

      at ProgrammingOrchestrator.reconcileTasks (src/orchestrator/programmingOrchestrator.ts:420:21)

  console.log
    Γ£à ProgrammingOrchestrator initialized with persistence

      at ProgrammingOrchestrator.initializeWithPersistence (src/orchestrator/programmingOrchestrator.ts:336:17)

  console.log
    Γ£à TreeView provider linked to ProgrammingOrchestrator

      at ProgrammingOrchestrator.setTreeDataProvider (src/orchestrator/programmingOrchestrator.ts:297:17)

  console.log
    Γ£à CompletedTasksTreeProvider linked to ProgrammingOrchestrator

      at ProgrammingOrchestrator.setCompletedTasksProvider (src/orchestrator/programmingOrchestrator.ts:309:17)

  console.warn
    ΓÜá∩╕Å No workspace folder found ΓÇô using test mode only

    [0m [90m 27 |[39m         [36mconst[39m workspaceFolder [33m=[39m vscode[33m.[39mworkspace[33m.[39mworkspaceFolders[33m?[39m[33m.[39m[[35m0[39m][33m;[39m
     [90m 28 |[39m         [36mif[39m ([33m![39mworkspaceFolder) {
    [31m[1m>[22m[39m[90m 29 |[39m             console[33m.[39mwarn([32m'ΓÜá∩╕Å No workspace folder found ΓÇô using test mode only'[39m)[33m;[39m
     [90m    |[39m                     [31m[1m^[22m[39m
     [90m 30 |[39m             [36mreturn[39m [][33m;[39m
     [90m 31 |[39m         }
     [90m 32 |[39m[0m

      at loadTasksFromPlanFile (src/plans/planningStub.ts:29:21)
      at activate (src/extension.ts:351:58)

  console.log
    Γä╣∩╕Å  No tasks loaded from plan file

      at activate (src/extension.ts:359:25)

  console.log
    ≡ƒöä Calling treeDataProvider.refresh() after loading tasks

      at activate (src/extension.ts:370:21)

  console.log
    ΓòÉΓòÉΓòÉΓòÉΓòÉΓòÉΓòÉΓòÉΓòÉΓòÉΓòÉΓòÉΓòÉΓòÉΓòÉΓòÉΓòÉΓòÉΓòÉΓòÉΓòÉΓòÉΓòÉΓòÉΓòÉΓòÉΓòÉΓòÉΓòÉΓòÉΓòÉΓòÉΓòÉΓòÉΓòÉΓòÉΓòÉΓòÉΓòÉΓòÉΓòÉΓòÉΓòÉΓòÉΓòÉΓòÉΓòÉΓòÉΓòÉΓòÉΓòÉΓòÉΓòÉΓòÉΓòÉΓòÉΓòÉΓòÉΓòÉ

      at activate (src/extension.ts:377:17)

  console.log
    ≡ƒöì TREE VIEW DEBUG SUMMARY

      at activate (src/extension.ts:378:17)

  console.log
    ΓòÉΓòÉΓòÉΓòÉΓòÉΓòÉΓòÉΓòÉΓòÉΓòÉΓòÉΓòÉΓòÉΓòÉΓòÉΓòÉΓòÉΓòÉΓòÉΓòÉΓòÉΓòÉΓòÉΓòÉΓòÉΓòÉΓòÉΓòÉΓòÉΓòÉΓòÉΓòÉΓòÉΓòÉΓòÉΓòÉΓòÉΓòÉΓòÉΓòÉΓòÉΓòÉΓòÉΓòÉΓòÉΓòÉΓòÉΓòÉΓòÉΓòÉΓòÉΓòÉΓòÉΓòÉΓòÉΓòÉΓòÉΓòÉΓòÉ

      at activate (src/extension.ts:379:17)

  console.log
    ≡ƒôè Total tasks in orchestrator: 0

      at activate (src/extension.ts:380:17)

  console.log
    ≡ƒöì getReadyTasks() called - Total queue size: 0

      at ProgrammingOrchestrator.getReadyTasks (src/orchestrator/programmingOrchestrator.ts:694:17)

  console.log
    ≡ƒôè getReadyTasks() returning 0 tasks

      at ProgrammingOrchestrator.getReadyTasks (src/orchestrator/programmingOrchestrator.ts:722:17)

  console.log
    Γ£à Ready tasks: 0

      at activate (src/extension.ts:381:17)

  console.log
    ≡ƒî│ Tree provider initialized: true

      at activate (src/extension.ts:382:17)

  console.log
    ≡ƒô║ Tree views created: true

      at activate (src/extension.ts:383:17)

  console.log
    ≡ƒöì getReadyTasks() called - Total queue size: 0

      at ProgrammingOrchestrator.getReadyTasks (src/orchestrator/programmingOrchestrator.ts:694:17)

  console.log
    ≡ƒôè getReadyTasks() returning 0 tasks

      at ProgrammingOrchestrator.getReadyTasks (src/orchestrator/programmingOrchestrator.ts:722:17)

  console.log
    ΓÜá∩╕Å  No ready tasks found! Check task status in orchestrator.

      at activate (src/extension.ts:392:25)

  console.log
    ΓòÉΓòÉΓòÉΓòÉΓòÉΓòÉΓòÉΓòÉΓòÉΓòÉΓòÉΓòÉΓòÉΓòÉΓòÉΓòÉΓòÉΓòÉΓòÉΓòÉΓòÉΓòÉΓòÉΓòÉΓòÉΓòÉΓòÉΓòÉΓòÉΓòÉΓòÉΓòÉΓòÉΓòÉΓòÉΓòÉΓòÉΓòÉΓòÉΓòÉΓòÉΓòÉΓòÉΓòÉΓòÉΓòÉΓòÉΓòÉΓòÉΓòÉΓòÉΓòÉΓòÉΓòÉΓòÉΓòÉΓòÉΓòÉΓòÉ

      at activate (src/extension.ts:395:17)

  console.log


      at activate (src/extension.ts:396:17)

  console.error
    Γ¥î COE Activation failed: Cannot read properties of undefined (reading 'get')

    [0m [90m 1279 |[39m     } [36mcatch[39m (error) {
     [90m 1280 |[39m         [36mconst[39m errorMsg [33m=[39m error [36minstanceof[39m [33mError[39m [33m?[39m error[33m.[39mmessage [33m:[39m [33mString[39m(error)[33m;[39m
    [31m[1m>[22m[39m[90m 1281 |[39m         console[33m.[39merror([32m'Γ¥î COE Activation failed:'[39m[33m,[39m errorMsg)[33m;[39m
     [90m      |[39m                 [31m[1m^[22m[39m
     [90m 1282 |[39m
     [90m 1283 |[39m         [36mif[39m (orchestratorOutputChannel) {
     [90m 1284 |[39m             orchestratorOutputChannel[33m.[39mappendLine([32m`Γ¥î ACTIVATION FAILED: ${errorMsg}`[39m)[33m;[39m[0m

      at activate (src/extension.ts:1281:17)

PASS tests/example.test.ts
  COE Extension Activation
    ΓêÜ should export an activate function (22 ms)
    ΓêÜ should export a deactivate function (1 ms)
    ΓêÜ should register commands when activated (33 ms)
  Basic Jest Examples
    ΓêÜ should pass simple math tests (1 ms)
    ΓêÜ should pass simple string tests
    ΓêÜ should pass simple array tests (1 ms)
    ΓêÜ should pass simple object tests

PASS tests/issuesSync.spec/IssuesSync.syncNow.web.spec.ts
  IssuesSync
    ΓêÜ should call performSync when syncNow is invoked (2 ms)

  console.log
    ≡ƒÜÇ COE Activated

      at activate (src/extension.ts:139:13)

  console.warn
    No workspace root found, using defaults

    [0m [90m 108 |[39m             [36mconst[39m root [33m=[39m workspaceRoot [33m||[39m [36mthis[39m[33m.[39mgetWorkspaceRoot()[33m;[39m
     [90m 109 |[39m             [36mif[39m ([33m![39mroot) {
    [31m[1m>[22m[39m[90m 110 |[39m                 console[33m.[39mwarn([32m'No workspace root found, using defaults'[39m)[33m;[39m
     [90m     |[39m                         [31m[1m^[22m[39m
     [90m 111 |[39m                 [36mthis[39m[33m.[39minstance [33m=[39m [33mDEFAULT_CONFIG[39m[33m;[39m
     [90m 112 |[39m                 [36mreturn[39m[33m;[39m
     [90m 113 |[39m             }[0m

      at FileConfigManager.initialize (src/utils/fileConfig.ts:110:25)
      at activate (src/extension.ts:177:37)
      at Object.<anonymous> (tests/extension.spec/activate.web.spec.ts:32:26)

  console.log
    [COE.Extension] Γä╣∩╕Å Programming Orchestrator: Initializing...

      at SimpleLogger.info (src/orchestrator/programmingOrchestrator.ts:1436:17)

  console.log
    [COE.Extension] Γä╣∩╕Å Γ£à Programming Orchestrator: Ready (one-thing-at-a-time enforced)

      at SimpleLogger.info (src/orchestrator/programmingOrchestrator.ts:1436:17)

  console.warn
    ΓÜá∩╕Å No workspace state available, skipping task load

    [0m [90m 344 |[39m     [36mprivate[39m [36masync[39m loadPersistedTasks()[33m:[39m [33mPromise[39m[33m<[39m[36mvoid[39m[33m>[39m {
     [90m 345 |[39m         [36mif[39m ([33m![39m[36mthis[39m[33m.[39mworkspaceState) {
    [31m[1m>[22m[39m[90m 346 |[39m             console[33m.[39mwarn([32m'ΓÜá∩╕Å No workspace state available, skipping task load'[39m)[33m;[39m
     [90m     |[39m                     [31m[1m^[22m[39m
     [90m 347 |[39m             [36mreturn[39m[33m;[39m
     [90m 348 |[39m         }
     [90m 349 |[39m[0m

      at ProgrammingOrchestrator.loadPersistedTasks (src/orchestrator/programmingOrchestrator.ts:346:21)
      at ProgrammingOrchestrator.initializeWithPersistence (src/orchestrator/programmingOrchestrator.ts:334:20)
      at activate (src/extension.ts:257:43)
      at Object.<anonymous> (tests/extension.spec/activate.web.spec.ts:32:5)

  console.log
    Γä╣∩╕Å No tasks to reconcile (queue empty)

      at ProgrammingOrchestrator.reconcileTasks (src/orchestrator/programmingOrchestrator.ts:420:21)

  console.log
    Γ£à ProgrammingOrchestrator initialized with persistence

      at ProgrammingOrchestrator.initializeWithPersistence (src/orchestrator/programmingOrchestrator.ts:336:17)

  console.log
    Γ£à TreeView provider linked to ProgrammingOrchestrator

      at ProgrammingOrchestrator.setTreeDataProvider (src/orchestrator/programmingOrchestrator.ts:297:17)

  console.log
    Γ£à CompletedTasksTreeProvider linked to ProgrammingOrchestrator

      at ProgrammingOrchestrator.setCompletedTasksProvider (src/orchestrator/programmingOrchestrator.ts:309:17)

  console.warn
    ΓÜá∩╕Å No workspace folder found ΓÇô using test mode only

    [0m [90m 27 |[39m         [36mconst[39m workspaceFolder [33m=[39m vscode[33m.[39mworkspace[33m.[39mworkspaceFolders[33m?[39m[33m.[39m[[35m0[39m][33m;[39m
     [90m 28 |[39m         [36mif[39m ([33m![39mworkspaceFolder) {
    [31m[1m>[22m[39m[90m 29 |[39m             console[33m.[39mwarn([32m'ΓÜá∩╕Å No workspace folder found ΓÇô using test mode only'[39m)[33m;[39m
     [90m    |[39m                     [31m[1m^[22m[39m
     [90m 30 |[39m             [36mreturn[39m [][33m;[39m
     [90m 31 |[39m         }
     [90m 32 |[39m[0m

      at loadTasksFromPlanFile (src/plans/planningStub.ts:29:21)
      at activate (src/extension.ts:351:58)
      at Object.<anonymous> (tests/extension.spec/activate.web.spec.ts:32:5)

  console.log
    Γä╣∩╕Å  No tasks loaded from plan file

      at activate (src/extension.ts:359:25)

  console.log
    ≡ƒöä Calling treeDataProvider.refresh() after loading tasks

      at activate (src/extension.ts:370:21)

  console.log
    ΓòÉΓòÉΓòÉΓòÉΓòÉΓòÉΓòÉΓòÉΓòÉΓòÉΓòÉΓòÉΓòÉΓòÉΓòÉΓòÉΓòÉΓòÉΓòÉΓòÉΓòÉΓòÉΓòÉΓòÉΓòÉΓòÉΓòÉΓòÉΓòÉΓòÉΓòÉΓòÉΓòÉΓòÉΓòÉΓòÉΓòÉΓòÉΓòÉΓòÉΓòÉΓòÉΓòÉΓòÉΓòÉΓòÉΓòÉΓòÉΓòÉΓòÉΓòÉΓòÉΓòÉΓòÉΓòÉΓòÉΓòÉΓòÉΓòÉ

      at activate (src/extension.ts:377:17)

  console.log
    ≡ƒöì TREE VIEW DEBUG SUMMARY

      at activate (src/extension.ts:378:17)

  console.log
    ΓòÉΓòÉΓòÉΓòÉΓòÉΓòÉΓòÉΓòÉΓòÉΓòÉΓòÉΓòÉΓòÉΓòÉΓòÉΓòÉΓòÉΓòÉΓòÉΓòÉΓòÉΓòÉΓòÉΓòÉΓòÉΓòÉΓòÉΓòÉΓòÉΓòÉΓòÉΓòÉΓòÉΓòÉΓòÉΓòÉΓòÉΓòÉΓòÉΓòÉΓòÉΓòÉΓòÉΓòÉΓòÉΓòÉΓòÉΓòÉΓòÉΓòÉΓòÉΓòÉΓòÉΓòÉΓòÉΓòÉΓòÉΓòÉΓòÉ

      at activate (src/extension.ts:379:17)

  console.log
    ≡ƒôè Total tasks in orchestrator: 0

      at activate (src/extension.ts:380:17)

  console.log
    ≡ƒöì getReadyTasks() called - Total queue size: 0

      at ProgrammingOrchestrator.getReadyTasks (src/orchestrator/programmingOrchestrator.ts:694:17)

  console.log
    ≡ƒôè getReadyTasks() returning 0 tasks

      at ProgrammingOrchestrator.getReadyTasks (src/orchestrator/programmingOrchestrator.ts:722:17)

  console.log
    Γ£à Ready tasks: 0

      at activate (src/extension.ts:381:17)

  console.log
    ≡ƒî│ Tree provider initialized: true

      at activate (src/extension.ts:382:17)

  console.log
    ≡ƒô║ Tree views created: true

      at activate (src/extension.ts:383:17)

  console.log
    ≡ƒöì getReadyTasks() called - Total queue size: 0

      at ProgrammingOrchestrator.getReadyTasks (src/orchestrator/programmingOrchestrator.ts:694:17)

  console.log
    ≡ƒôè getReadyTasks() returning 0 tasks

      at ProgrammingOrchestrator.getReadyTasks (src/orchestrator/programmingOrchestrator.ts:722:17)

  console.log
    ΓÜá∩╕Å  No ready tasks found! Check task status in orchestrator.

      at activate (src/extension.ts:392:25)

  console.log
    ΓòÉΓòÉΓòÉΓòÉΓòÉΓòÉΓòÉΓòÉΓòÉΓòÉΓòÉΓòÉΓòÉΓòÉΓòÉΓòÉΓòÉΓòÉΓòÉΓòÉΓòÉΓòÉΓòÉΓòÉΓòÉΓòÉΓòÉΓòÉΓòÉΓòÉΓòÉΓòÉΓòÉΓòÉΓòÉΓòÉΓòÉΓòÉΓòÉΓòÉΓòÉΓòÉΓòÉΓòÉΓòÉΓòÉΓòÉΓòÉΓòÉΓòÉΓòÉΓòÉΓòÉΓòÉΓòÉΓòÉΓòÉΓòÉΓòÉ

      at activate (src/extension.ts:395:17)

  console.log


      at activate (src/extension.ts:396:17)

  console.error
    Γ¥î COE Activation failed: Cannot read properties of undefined (reading 'get')

    [0m [90m 1279 |[39m     } [36mcatch[39m (error) {
     [90m 1280 |[39m         [36mconst[39m errorMsg [33m=[39m error [36minstanceof[39m [33mError[39m [33m?[39m error[33m.[39mmessage [33m:[39m [33mString[39m(error)[33m;[39m
    [31m[1m>[22m[39m[90m 1281 |[39m         console[33m.[39merror([32m'Γ¥î COE Activation failed:'[39m[33m,[39m errorMsg)[33m;[39m
     [90m      |[39m                 [31m[1m^[22m[39m
     [90m 1282 |[39m
     [90m 1283 |[39m         [36mif[39m (orchestratorOutputChannel) {
     [90m 1284 |[39m             orchestratorOutputChannel[33m.[39mappendLine([32m`Γ¥î ACTIVATION FAILED: ${errorMsg}`[39m)[33m;[39m[0m

      at activate (src/extension.ts:1281:17)
      at Object.<anonymous> (tests/extension.spec/activate.web.spec.ts:32:5)

PASS tests/extension.spec/activate.web.spec.ts
  activate
    ΓêÜ should initialize the extension without errors (30 ms)

  console.log
    GitHub API: Authenticating...

      at GitHubAPI.authenticate (src/github/api.ts:27:17)

  console.log
    GitHub API: Authentication successful

      at GitHubAPI.authenticate (src/github/api.ts:50:21)

  console.log
    GitHub API: Authenticating...

      at GitHubAPI.authenticate (src/github/api.ts:27:17)

  console.log
    GitHub API: Authentication successful

      at GitHubAPI.authenticate (src/github/api.ts:50:21)

  console.log
    GitHub API: Authenticating...

      at GitHubAPI.authenticate (src/github/api.ts:27:17)

  console.warn
    GitHub API: No token available

    [0m [90m 34 |[39m
     [90m 35 |[39m             [36mif[39m ([33m![39mtoken) {
    [31m[1m>[22m[39m[90m 36 |[39m                 console[33m.[39mwarn([32m'GitHub API: No token available'[39m)[33m;[39m
     [90m    |[39m                         [31m[1m^[22m[39m
     [90m 37 |[39m                 [36mthis[39m[33m.[39misAuthenticated [33m=[39m [36mfalse[39m[33m;[39m
     [90m 38 |[39m                 [36mreturn[39m [36mfalse[39m[33m;[39m
     [90m 39 |[39m             }[0m

      at GitHubAPI.authenticate (src/github/api.ts:36:25)
      at Object.<anonymous> (tests/github/api.test.ts:83:24)

  console.log
    GitHub API: Authenticating...

      at GitHubAPI.authenticate (src/github/api.ts:27:17)

  console.error
    GitHub API: Authentication failed Error: Bad credentials
        at mockConstructor.<anonymous> (C:\Users\weird\OneDrive\Documents\GitHub\Plan-To-Code-AI-Helper-\tests\github\api.test.ts:95:63)
        at C:\Users\weird\OneDrive\Documents\GitHub\Plan-To-Code-AI-Helper-\node_modules\jest-mock\build\index.js:387:43
        at mockConstructor.<anonymous> (C:\Users\weird\OneDrive\Documents\GitHub\Plan-To-Code-AI-Helper-\node_modules\jest-mock\build\index.js:404:13)
        at new mockConstructor (C:\Users\weird\OneDrive\Documents\GitHub\Plan-To-Code-AI-Helper-\node_modules\jest-mock\build\index.js:148:19)
        at GitHubAPI.authenticate (C:\Users\weird\OneDrive\Documents\GitHub\Plan-To-Code-AI-Helper-\src\github\api.ts:42:28)
        at Object.<anonymous> (C:\Users\weird\OneDrive\Documents\GitHub\Plan-To-Code-AI-Helper-\tests\github\api.test.ts:100:40)
        at Promise.then.completed (C:\Users\weird\OneDrive\Documents\GitHub\Plan-To-Code-AI-Helper-\node_modules\jest-circus\build\utils.js:298:28)
        at new Promise (<anonymous>)
        at callAsyncCircusFn (C:\Users\weird\OneDrive\Documents\GitHub\Plan-To-Code-AI-Helper-\node_modules\jest-circus\build\utils.js:231:10)
        at _callCircusTest (C:\Users\weird\OneDrive\Documents\GitHub\Plan-To-Code-AI-Helper-\node_modules\jest-circus\build\run.js:316:40)
        at _runTest (C:\Users\weird\OneDrive\Documents\GitHub\Plan-To-Code-AI-Helper-\node_modules\jest-circus\build\run.js:252:3)
        at _runTestsForDescribeBlock (C:\Users\weird\OneDrive\Documents\GitHub\Plan-To-Code-AI-Helper-\node_modules\jest-circus\build\run.js:126:9)
        at _runTestsForDescribeBlock (C:\Users\weird\OneDrive\Documents\GitHub\Plan-To-Code-AI-Helper-\node_modules\jest-circus\build\run.js:121:9)
        at run (C:\Users\weird\OneDrive\Documents\GitHub\Plan-To-Code-AI-Helper-\node_modules\jest-circus\build\run.js:71:3)
        at runAndTransformResultsToJestFormat (C:\Users\weird\OneDrive\Documents\GitHub\Plan-To-Code-AI-Helper-\node_modules\jest-circus\build\legacy-code-todo-rewrite\jestAdapterInit.js:122:21)
        at jestAdapter (C:\Users\weird\OneDrive\Documents\GitHub\Plan-To-Code-AI-Helper-\node_modules\jest-circus\build\legacy-code-todo-rewrite\jestAdapter.js:79:19)
        at runTestInternal (C:\Users\weird\OneDrive\Documents\GitHub\Plan-To-Code-AI-Helper-\node_modules\jest-runner\build\runTest.js:367:16)
        at runTest (C:\Users\weird\OneDrive\Documents\GitHub\Plan-To-Code-AI-Helper-\node_modules\jest-runner\build\runTest.js:444:34)

    [0m [90m 51 |[39m             [36mreturn[39m [36mtrue[39m[33m;[39m
     [90m 52 |[39m         } [36mcatch[39m (error) {
    [31m[1m>[22m[39m[90m 53 |[39m             console[33m.[39merror([32m'GitHub API: Authentication failed'[39m[33m,[39m error)[33m;[39m
     [90m    |[39m                     [31m[1m^[22m[39m
     [90m 54 |[39m             [36mthis[39m[33m.[39misAuthenticated [33m=[39m [36mfalse[39m[33m;[39m
     [90m 55 |[39m             [36mreturn[39m [36mfalse[39m[33m;[39m
     [90m 56 |[39m         }[0m

      at GitHubAPI.authenticate (src/github/api.ts:53:21)
      at Object.<anonymous> (tests/github/api.test.ts:100:24)

  console.log
    GitHub API: Authenticating...

      at GitHubAPI.authenticate (src/github/api.ts:27:17)

  console.log
    GitHub API: Authentication successful

      at GitHubAPI.authenticate (src/github/api.ts:50:21)

PASS tests/github/api.test.ts
  GitHubAPI - SecretStorage Integration
    ΓêÜ should authenticate using token from SecretStorage (4 ms)
    ΓêÜ should use provided token over SecretStorage (1 ms)
    ΓêÜ should return false when no token is available (2 ms)
    ΓêÜ should handle authentication failure gracefully (9 ms)
    ΓêÜ should work without context if token is provided (1 ms)

  console.log
    Γ£à Task archived: taskId2

      at src/db/ticketsDb.ts:884:33

PASS tests/ticketsDb.spec/TicketDatabase.archiveTask.web.spec.ts
  TicketDatabase.archiveTask
    ΓêÜ should throw an error if taskId or title is missing (25 ms)
    ΓêÜ should store task in fallback memory if useFallback is true (2 ms)
    ΓêÜ should insert task into the database if useFallback is false (9 ms)
    ΓêÜ should reject if the database is not initialized

  console.error
    Failed to get tickets from SQLite: Error: Database error
        at Object.<anonymous> (C:\Users\weird\OneDrive\Documents\GitHub\Plan-To-Code-AI-Helper-\tests\ticketsDb.spec\TicketDatabase.getAllTickets.web.spec.ts:66:18)
        at C:\Users\weird\OneDrive\Documents\GitHub\Plan-To-Code-AI-Helper-\node_modules\jest-mock\build\index.js:397:39
        at Object.<anonymous> (C:\Users\weird\OneDrive\Documents\GitHub\Plan-To-Code-AI-Helper-\node_modules\jest-mock\build\index.js:404:13)
        at Object.mockConstructor [as all] (C:\Users\weird\OneDrive\Documents\GitHub\Plan-To-Code-AI-Helper-\node_modules\jest-mock\build\index.js:113:19)
        at C:\Users\weird\OneDrive\Documents\GitHub\Plan-To-Code-AI-Helper-\src\db\ticketsDb.ts:435:21
        at new Promise (<anonymous>)
        at TicketDatabase.getAllTickets (C:\Users\weird\OneDrive\Documents\GitHub\Plan-To-Code-AI-Helper-\src\db\ticketsDb.ts:423:16)
        at Object.<anonymous> (C:\Users\weird\OneDrive\Documents\GitHub\Plan-To-Code-AI-Helper-\tests\ticketsDb.spec\TicketDatabase.getAllTickets.web.spec.ts:75:35)
        at Promise.then.completed (C:\Users\weird\OneDrive\Documents\GitHub\Plan-To-Code-AI-Helper-\node_modules\jest-circus\build\utils.js:298:28)
        at new Promise (<anonymous>)
        at callAsyncCircusFn (C:\Users\weird\OneDrive\Documents\GitHub\Plan-To-Code-AI-Helper-\node_modules\jest-circus\build\utils.js:231:10)
        at _callCircusTest (C:\Users\weird\OneDrive\Documents\GitHub\Plan-To-Code-AI-Helper-\node_modules\jest-circus\build\run.js:316:40)
        at _runTest (C:\Users\weird\OneDrive\Documents\GitHub\Plan-To-Code-AI-Helper-\node_modules\jest-circus\build\run.js:252:3)
        at _runTestsForDescribeBlock (C:\Users\weird\OneDrive\Documents\GitHub\Plan-To-Code-AI-Helper-\node_modules\jest-circus\build\run.js:126:9)
        at _runTestsForDescribeBlock (C:\Users\weird\OneDrive\Documents\GitHub\Plan-To-Code-AI-Helper-\node_modules\jest-circus\build\run.js:121:9)
        at run (C:\Users\weird\OneDrive\Documents\GitHub\Plan-To-Code-AI-Helper-\node_modules\jest-circus\build\run.js:71:3)
        at runAndTransformResultsToJestFormat (C:\Users\weird\OneDrive\Documents\GitHub\Plan-To-Code-AI-Helper-\node_modules\jest-circus\build\legacy-code-todo-rewrite\jestAdapterInit.js:122:21)
        at jestAdapter (C:\Users\weird\OneDrive\Documents\GitHub\Plan-To-Code-AI-Helper-\node_modules\jest-circus\build\legacy-code-todo-rewrite\jestAdapter.js:79:19)
        at runTestInternal (C:\Users\weird\OneDrive\Documents\GitHub\Plan-To-Code-AI-Helper-\node_modules\jest-runner\build\runTest.js:367:16)
        at runTest (C:\Users\weird\OneDrive\Documents\GitHub\Plan-To-Code-AI-Helper-\node_modules\jest-runner\build\runTest.js:444:34)

    [0m [90m 435 |[39m             [36mthis[39m[33m.[39mdb[33m.[39mall(sql[33m,[39m params[33m,[39m (err[33m,[39m rows[33m:[39m any[]) [33m=>[39m {
     [90m 436 |[39m                 [36mif[39m (err) {
    [31m[1m>[22m[39m[90m 437 |[39m                     console[33m.[39merror([32m'Failed to get tickets from SQLite:'[39m[33m,[39m err)[33m;[39m
     [90m     |[39m                             [31m[1m^[22m[39m
     [90m 438 |[39m                     resolve([33mArray[39m[33m.[39m[36mfrom[39m([36mthis[39m[33m.[39mfallbackStore[33m.[39mvalues()))[33m;[39m
     [90m 439 |[39m                 } [36melse[39m {
     [90m 440 |[39m                     resolve(rows[33m.[39mmap(row [33m=>[39m [36mthis[39m[33m.[39mrowToTicket(row)))[33m;[39m[0m

      at src/db/ticketsDb.ts:437:29
      at Object.<anonymous> (tests/ticketsDb.spec/TicketDatabase.getAllTickets.web.spec.ts:66:9)
      at src/db/ticketsDb.ts:435:21
      at TicketDatabase.getAllTickets (src/db/ticketsDb.ts:423:16)
      at Object.<anonymous> (tests/ticketsDb.spec/TicketDatabase.getAllTickets.web.spec.ts:75:35)

PASS tests/ticketsDb.spec/TicketDatabase.getAllTickets.web.spec.ts
  TicketDatabase.getAllTickets
    ΓêÜ should return tickets from fallbackStore when useFallback is true (1 ms)
    ΓêÜ should query the database when useFallback is false (1 ms)
    ΓêÜ should return fallbackStore tickets if database query fails (27 ms)
    ΓêÜ should reject with an error if the database is not initialized

  console.log
    Γä╣∩╕Å  No workspace folder found ΓÇô skipping file setup

      at setupMissingFiles (src/utils/setupFiles.ts:34:17)

  console.log
    Γä╣∩╕Å  No workspace folder found ΓÇô skipping file setup

      at setupMissingFiles (src/utils/setupFiles.ts:34:17)

PASS tests/extension.setupFiles.test.ts
  setupMissingFiles - Unit Tests
    ΓêÜ should export setupMissingFiles as a function (3 ms)
    ΓêÜ should return a Promise when called (5 ms)
    ΓêÜ should be importable from utils/setupFiles
    ΓêÜ should have correct function name
    ΓêÜ should not require any parameters
    ΓêÜ should have async function signature (2 ms)

  console.log
    ≡ƒöº Resetting mocks before test...

      at Object.<anonymous> (tests/extension.llmConfig.test.ts:34:17)

  console.log
    ≡ƒöº Resetting mocks before test...

      at Object.<anonymous> (tests/extension.llmConfig.test.ts:34:17)

  console.log
    ≡ƒöº Resetting mocks before test...

      at Object.<anonymous> (tests/extension.llmConfig.test.ts:34:17)

  console.log
    ≡ƒöº Resetting mocks before test...

      at Object.<anonymous> (tests/extension.llmConfig.test.ts:34:17)

  console.log
    ≡ƒöº Resetting mocks before test...

      at Object.<anonymous> (tests/extension.llmConfig.test.ts:34:17)

  console.log
    ≡ƒöº Resetting mocks before test...

      at Object.<anonymous> (tests/extension.llmConfig.test.ts:34:17)

  console.log
    ≡ƒöº Resetting mocks before test...

      at Object.<anonymous> (tests/extension.llmConfig.test.ts:34:17)

  console.log
    ≡ƒöº Resetting mocks before test...

      at Object.<anonymous> (tests/extension.llmConfig.test.ts:34:17)

  console.log
    ≡ƒöº Resetting mocks before test...

      at Object.<anonymous> (tests/extension.llmConfig.test.ts:34:17)

  console.log
    ≡ƒöº Resetting mocks before test...

      at Object.<anonymous> (tests/extension.llmConfig.test.ts:34:17)

  console.log
    ≡ƒöº Resetting mocks before test...

      at Object.<anonymous> (tests/extension.llmConfig.test.ts:34:17)

  console.log
    ≡ƒöº Resetting mocks before test...

      at Object.<anonymous> (tests/extension.llmConfig.test.ts:34:17)

  console.log
    ≡ƒöº Resetting mocks before test...

      at Object.<anonymous> (tests/extension.llmConfig.test.ts:34:17)

  console.log
    Γ£à All 13 LLM Configuration tests completed successfully

      at Object.<anonymous> (tests/extension.llmConfig.test.ts:314:17)

  console.log
    ≡ƒôè Test Coverage: 100% of config paths

      at Object.<anonymous> (tests/extension.llmConfig.test.ts:315:17)

  console.log
    Γ£ô All mocks properly isolated

      at Object.<anonymous> (tests/extension.llmConfig.test.ts:316:17)

  console.log
    Γ£ô All async operations resolved

      at Object.<anonymous> (tests/extension.llmConfig.test.ts:317:17)

PASS tests/extension.llmConfig.test.ts
  LLM Configuration Settings with VS Code Priority
    ΓêÜ should read default LLM configuration values from VS Code settings (5 ms)
    ΓêÜ should prioritize VS Code settings over file config (2 ms)
    ΓêÜ should use custom LLM URL when configured (2 ms)
    ΓêÜ should use custom model name when configured (1 ms)
    ΓêÜ should fallback to defaults when config is invalid (3 ms)
    ΓêÜ should estimate input tokens correctly (1 token Γëê 4 chars) (1 ms)
    ΓêÜ should truncate prompt when exceeding input token limit (1 ms)
    ΓêÜ should convert timeout from seconds to milliseconds (2 ms)
    ΓêÜ should apply max output tokens to request body (1 ms)
    ΓêÜ should leave 10% buffer when truncating to token limit (5 ms)
    ΓêÜ should reflect configuration changes when settings are updated (2 ms)
    ΓêÜ should define minimum and maximum bounds for config values (2 ms)
    ΓêÜ should properly mock terminal output retrieval (2 ms)

  console.error
    Failed to create ticket in SQLite: Error: SQLite error
        at Object.<anonymous> (C:\Users\weird\OneDrive\Documents\GitHub\Plan-To-Code-AI-Helper-\tests\ticketsDb.spec\TicketDatabase.createTicket.web.spec.ts:121:16)
        at C:\Users\weird\OneDrive\Documents\GitHub\Plan-To-Code-AI-Helper-\node_modules\jest-mock\build\index.js:397:39
        at Object.<anonymous> (C:\Users\weird\OneDrive\Documents\GitHub\Plan-To-Code-AI-Helper-\node_modules\jest-mock\build\index.js:404:13)
        at Object.mockConstructor [as run] (C:\Users\weird\OneDrive\Documents\GitHub\Plan-To-Code-AI-Helper-\node_modules\jest-mock\build\index.js:113:19)
        at C:\Users\weird\OneDrive\Documents\GitHub\Plan-To-Code-AI-Helper-\src\db\ticketsDb.ts:365:21
        at new Promise (<anonymous>)
        at TicketDatabase.createTicket (C:\Users\weird\OneDrive\Documents\GitHub\Plan-To-Code-AI-Helper-\src\db\ticketsDb.ts:337:16)
        at Object.<anonymous> (C:\Users\weird\OneDrive\Documents\GitHub\Plan-To-Code-AI-Helper-\tests\ticketsDb.spec\TicketDatabase.createTicket.web.spec.ts:135:35)
        at Promise.then.completed (C:\Users\weird\OneDrive\Documents\GitHub\Plan-To-Code-AI-Helper-\node_modules\jest-circus\build\utils.js:298:28)
        at new Promise (<anonymous>)
        at callAsyncCircusFn (C:\Users\weird\OneDrive\Documents\GitHub\Plan-To-Code-AI-Helper-\node_modules\jest-circus\build\utils.js:231:10)
        at _callCircusTest (C:\Users\weird\OneDrive\Documents\GitHub\Plan-To-Code-AI-Helper-\node_modules\jest-circus\build\run.js:316:40)
        at _runTest (C:\Users\weird\OneDrive\Documents\GitHub\Plan-To-Code-AI-Helper-\node_modules\jest-circus\build\run.js:252:3)
        at _runTestsForDescribeBlock (C:\Users\weird\OneDrive\Documents\GitHub\Plan-To-Code-AI-Helper-\node_modules\jest-circus\build\run.js:126:9)
        at _runTestsForDescribeBlock (C:\Users\weird\OneDrive\Documents\GitHub\Plan-To-Code-AI-Helper-\node_modules\jest-circus\build\run.js:121:9)
        at run (C:\Users\weird\OneDrive\Documents\GitHub\Plan-To-Code-AI-Helper-\node_modules\jest-circus\build\run.js:71:3)
        at runAndTransformResultsToJestFormat (C:\Users\weird\OneDrive\Documents\GitHub\Plan-To-Code-AI-Helper-\node_modules\jest-circus\build\legacy-code-todo-rewrite\jestAdapterInit.js:122:21)
        at jestAdapter (C:\Users\weird\OneDrive\Documents\GitHub\Plan-To-Code-AI-Helper-\node_modules\jest-circus\build\legacy-code-todo-rewrite\jestAdapter.js:79:19)
        at runTestInternal (C:\Users\weird\OneDrive\Documents\GitHub\Plan-To-Code-AI-Helper-\node_modules\jest-runner\build\runTest.js:367:16)
        at runTest (C:\Users\weird\OneDrive\Documents\GitHub\Plan-To-Code-AI-Helper-\node_modules\jest-runner\build\runTest.js:444:34)

    [0m [90m 365 |[39m             [36mthis[39m[33m.[39mdb[33m.[39mrun(sql[33m,[39m values[33m,[39m (err) [33m=>[39m {
     [90m 366 |[39m                 [36mif[39m (err) {
    [31m[1m>[22m[39m[90m 367 |[39m                     console[33m.[39merror([32m'Failed to create ticket in SQLite:'[39m[33m,[39m err)[33m;[39m
     [90m     |[39m                             [31m[1m^[22m[39m
     [90m 368 |[39m                     [90m// Fallback to in-memory[39m
     [90m 369 |[39m                     [36mthis[39m[33m.[39mfallbackStore[33m.[39m[36mset[39m(ticketId[33m,[39m ticket)[33m;[39m
     [90m 370 |[39m                     resolve(ticket)[33m;[39m[0m

      at src/db/ticketsDb.ts:367:29
      at Object.<anonymous> (tests/ticketsDb.spec/TicketDatabase.createTicket.web.spec.ts:121:7)
      at src/db/ticketsDb.ts:365:21
      at TicketDatabase.createTicket (src/db/ticketsDb.ts:337:16)
      at Object.<anonymous> (tests/ticketsDb.spec/TicketDatabase.createTicket.web.spec.ts:135:35)

PASS tests/ticketsDb.spec/TicketDatabase.createTicket.web.spec.ts
  TicketDatabase - createTicket
    ΓêÜ should create a ticket and store it in fallback when useFallback is true (3 ms)
    ΓêÜ should create a ticket and store it in SQLite when useFallback is false (2 ms)
    ΓêÜ should fallback to in-memory storage if SQLite insertion fails (45 ms)

  console.log
    ≡ƒôé Reading Plans/ folder...

      at src/services/__tests__/prdGenerator.integration.test.ts:17:41

  console.log
    ≡ƒôé Reading Plans/ folder...

      at src/services/__tests__/prdGenerator.integration.test.ts:34:41

PASS src/services/__tests__/prdGenerator.integration.test.ts
  PRDGenerator Integration
    generate
      ΓêÜ should handle missing Plans folder gracefully (5 ms)
      ΓêÜ should respect token limit setting (2 ms)
      ΓêÜ should call status callback during generation (1 ms)
    LLM response parsing
      ΓêÜ should handle streaming response format

  console.error
    Failed to get ticket from SQLite: Error: Database error
        at Object.<anonymous> (C:\Users\weird\OneDrive\Documents\GitHub\Plan-To-Code-AI-Helper-\tests\ticketsDb.spec\TicketDatabase.getTicket.web.spec.ts:133:26)
        at C:\Users\weird\OneDrive\Documents\GitHub\Plan-To-Code-AI-Helper-\node_modules\jest-mock\build\index.js:397:39
        at Object.<anonymous> (C:\Users\weird\OneDrive\Documents\GitHub\Plan-To-Code-AI-Helper-\node_modules\jest-mock\build\index.js:404:13)
        at Object.mockConstructor [as get] (C:\Users\weird\OneDrive\Documents\GitHub\Plan-To-Code-AI-Helper-\node_modules\jest-mock\build\index.js:113:19)
        at C:\Users\weird\OneDrive\Documents\GitHub\Plan-To-Code-AI-Helper-\src\db\ticketsDb.ts:397:21
        at new Promise (<anonymous>)
        at TicketDatabase.getTicket (C:\Users\weird\OneDrive\Documents\GitHub\Plan-To-Code-AI-Helper-\src\db\ticketsDb.ts:389:16)
        at Object.<anonymous> (C:\Users\weird\OneDrive\Documents\GitHub\Plan-To-Code-AI-Helper-\tests\ticketsDb.spec\TicketDatabase.getTicket.web.spec.ts:141:39)
        at Promise.then.completed (C:\Users\weird\OneDrive\Documents\GitHub\Plan-To-Code-AI-Helper-\node_modules\jest-circus\build\utils.js:298:28)
        at new Promise (<anonymous>)
        at callAsyncCircusFn (C:\Users\weird\OneDrive\Documents\GitHub\Plan-To-Code-AI-Helper-\node_modules\jest-circus\build\utils.js:231:10)
        at _callCircusTest (C:\Users\weird\OneDrive\Documents\GitHub\Plan-To-Code-AI-Helper-\node_modules\jest-circus\build\run.js:316:40)
        at _runTest (C:\Users\weird\OneDrive\Documents\GitHub\Plan-To-Code-AI-Helper-\node_modules\jest-circus\build\run.js:252:3)
        at _runTestsForDescribeBlock (C:\Users\weird\OneDrive\Documents\GitHub\Plan-To-Code-AI-Helper-\node_modules\jest-circus\build\run.js:126:9)
        at _runTestsForDescribeBlock (C:\Users\weird\OneDrive\Documents\GitHub\Plan-To-Code-AI-Helper-\node_modules\jest-circus\build\run.js:121:9)
        at run (C:\Users\weird\OneDrive\Documents\GitHub\Plan-To-Code-AI-Helper-\node_modules\jest-circus\build\run.js:71:3)
        at runAndTransformResultsToJestFormat (C:\Users\weird\OneDrive\Documents\GitHub\Plan-To-Code-AI-Helper-\node_modules\jest-circus\build\legacy-code-todo-rewrite\jestAdapterInit.js:122:21)
        at jestAdapter (C:\Users\weird\OneDrive\Documents\GitHub\Plan-To-Code-AI-Helper-\node_modules\jest-circus\build\legacy-code-todo-rewrite\jestAdapter.js:79:19)
        at runTestInternal (C:\Users\weird\OneDrive\Documents\GitHub\Plan-To-Code-AI-Helper-\node_modules\jest-runner\build\runTest.js:367:16)
        at runTest (C:\Users\weird\OneDrive\Documents\GitHub\Plan-To-Code-AI-Helper-\node_modules\jest-runner\build\runTest.js:444:34)

    [0m [90m 397 |[39m             [36mthis[39m[33m.[39mdb[33m.[39m[36mget[39m(sql[33m,[39m [ticketId][33m,[39m (err[33m,[39m row[33m:[39m any) [33m=>[39m {
     [90m 398 |[39m                 [36mif[39m (err) {
    [31m[1m>[22m[39m[90m 399 |[39m                     console[33m.[39merror([32m'Failed to get ticket from SQLite:'[39m[33m,[39m err)[33m;[39m
     [90m     |[39m                             [31m[1m^[22m[39m
     [90m 400 |[39m                     [90m// Try fallback[39m
     [90m 401 |[39m                     resolve([36mthis[39m[33m.[39mfallbackStore[33m.[39m[36mget[39m(ticketId) [33m||[39m [36mnull[39m)[33m;[39m
     [90m 402 |[39m                 } [36melse[39m [36mif[39m ([33m![39mrow) {[0m

      at src/db/ticketsDb.ts:399:29
      at Object.<anonymous> (tests/ticketsDb.spec/TicketDatabase.getTicket.web.spec.ts:133:17)
      at src/db/ticketsDb.ts:397:21
      at TicketDatabase.getTicket (src/db/ticketsDb.ts:389:16)
      at Object.<anonymous> (tests/ticketsDb.spec/TicketDatabase.getTicket.web.spec.ts:141:39)

PASS tests/ticketsDb.spec/TicketDatabase.getTicket.web.spec.ts
  TicketDatabase - getTicket
    ΓêÜ should return a ticket from the fallback store if useFallback is true (1 ms)
    ΓêÜ should return null if the ticket is not found in the fallback store when useFallback is true
    ΓêÜ should return a ticket from the database if useFallback is false and the ticket exists
    ΓêÜ should return null if the ticket does not exist in the database
    ΓêÜ should return a ticket from the fallback store if the database query fails (23 ms)
    ΓêÜ should reject with an error if the database is not initialized (1 ms)

PASS src/services/__tests__/prdWriter.test.ts
  PRDWriter
    createMetadata
      ΓêÜ should create metadata with all fields (1 ms)
      ΓêÜ should use ISO 8601 timestamp format (1 ms)
    getContentPreview
      ΓêÜ should return full content if shorter than max
      ΓêÜ should truncate content if longer than max (1 ms)
      ΓêÜ should use default max characters
    writePRD
      ΓêÜ should handle missing workspace gracefully (8 ms)
    PRD JSON structure
      ΓêÜ should have required metadata fields (1 ms)

FAIL tests/programmingOrchestrator.spec/ProgrammingOrchestrator.notifyTreeViewUpdate.web.spec.ts
  ΓùÅ Test suite failed to run

    ENOENT: no such file or directory, open 'C:\Users\weird\OneDrive\Documents\GitHub\Plan-To-Code-AI-Helper-\tests\programmingOrchestrator.spec\ProgrammingOrchestrator.notifyTreeViewUpdate.web.spec.ts'

      at runTestInternal (node_modules/jest-runner/build/runTest.js:170:27)

PASS src/mcpServer/tools/index.web.spec.ts
  Exports
    ΓêÜ should be defined

  console.error
    Failed to parse ticket thread JSON: SyntaxError: Unexpected token 'i', "invalid-json" is not valid JSON
        at JSON.parse (<anonymous>)
        at TicketDatabase.rowToTicket (C:\Users\weird\OneDrive\Documents\GitHub\Plan-To-Code-AI-Helper-\src\db\ticketsDb.ts:573:27)
        at Object.<anonymous> (C:\Users\weird\OneDrive\Documents\GitHub\Plan-To-Code-AI-Helper-\tests\ticketsDb.spec\TicketDatabase.rowToTicket.web.spec.ts:87:47)
        at Promise.then.completed (C:\Users\weird\OneDrive\Documents\GitHub\Plan-To-Code-AI-Helper-\node_modules\jest-circus\build\utils.js:298:28)
        at new Promise (<anonymous>)
        at callAsyncCircusFn (C:\Users\weird\OneDrive\Documents\GitHub\Plan-To-Code-AI-Helper-\node_modules\jest-circus\build\utils.js:231:10)
        at _callCircusTest (C:\Users\weird\OneDrive\Documents\GitHub\Plan-To-Code-AI-Helper-\node_modules\jest-circus\build\run.js:316:40)
        at _runTest (C:\Users\weird\OneDrive\Documents\GitHub\Plan-To-Code-AI-Helper-\node_modules\jest-circus\build\run.js:252:3)
        at _runTestsForDescribeBlock (C:\Users\weird\OneDrive\Documents\GitHub\Plan-To-Code-AI-Helper-\node_modules\jest-circus\build\run.js:126:9)
        at _runTestsForDescribeBlock (C:\Users\weird\OneDrive\Documents\GitHub\Plan-To-Code-AI-Helper-\node_modules\jest-circus\build\run.js:121:9)
        at run (C:\Users\weird\OneDrive\Documents\GitHub\Plan-To-Code-AI-Helper-\node_modules\jest-circus\build\run.js:71:3)
        at runAndTransformResultsToJestFormat (C:\Users\weird\OneDrive\Documents\GitHub\Plan-To-Code-AI-Helper-\node_modules\jest-circus\build\legacy-code-todo-rewrite\jestAdapterInit.js:122:21)
        at jestAdapter (C:\Users\weird\OneDrive\Documents\GitHub\Plan-To-Code-AI-Helper-\node_modules\jest-circus\build\legacy-code-todo-rewrite\jestAdapter.js:79:19)
        at runTestInternal (C:\Users\weird\OneDrive\Documents\GitHub\Plan-To-Code-AI-Helper-\node_modules\jest-runner\build\runTest.js:367:16)
        at runTest (C:\Users\weird\OneDrive\Documents\GitHub\Plan-To-Code-AI-Helper-\node_modules\jest-runner\build\runTest.js:444:34)

    [0m [90m 573 |[39m             thread [33m=[39m [33mJSON[39m[33m.[39mparse(row[33m.[39mthread [33m||[39m [32m'[]'[39m)[33m;[39m
     [90m 574 |[39m         } [36mcatch[39m (error) {
    [31m[1m>[22m[39m[90m 575 |[39m             console[33m.[39merror([32m'Failed to parse ticket thread JSON:'[39m[33m,[39m error)[33m;[39m
     [90m     |[39m                     [31m[1m^[22m[39m
     [90m 576 |[39m             thread [33m=[39m [][33m;[39m
     [90m 577 |[39m         }
     [90m 578 |[39m[0m

      at TicketDatabase.rowToTicket (src/db/ticketsDb.ts:575:21)
      at Object.<anonymous> (tests/ticketsDb.spec/TicketDatabase.rowToTicket.web.spec.ts:87:47)

PASS tests/ticketsDb.spec/TicketDatabase.rowToTicket.web.spec.ts
  TicketDatabase.rowToTicket
    ΓêÜ should correctly convert a database row to a Ticket object (1 ms)
    ΓêÜ should handle invalid thread JSON gracefully (22 ms)
    ΓêÜ should handle missing optional fields correctly (1 ms)

PASS src/services/__tests__/plansReader.test.ts
  PlansReader
    readAllPlans
      ΓêÜ should read all markdown files from Plans folder (1 ms)
      ΓêÜ should filter out backup and temp files
      ΓêÜ should prioritize CONSOLIDATED-MASTER-PLAN.md first
    estimateTokens
      ΓêÜ should estimate tokens for content (1 ms)
      ΓêÜ should return 0 for empty content
      ΓêÜ should handle large content
    getCategoryLabel
      ΓêÜ should return correct labels for categories (1 ms)
      ΓêÜ should return Unknown for unrecognized category

PASS tests/completedTasksTreeProvider.test.ts
  CompletedTasksTreeProvider
    getChildren()
      ΓêÜ should return completed tasks from database (2 ms)
      ΓêÜ should show placeholder when history is empty (1 ms)
      ΓêÜ should show error placeholder on DB error
      ΓêÜ should apply retention filter when configured (3 ms)
      ΓêÜ should not apply filter when retention is 0 (unlimited)
      ΓêÜ should format time ago correctly
    refresh()
      ΓêÜ should trigger tree refresh event (1 ms)
      ΓêÜ should update tree data when updateRetention() is called
    getTreeItem()
      ΓêÜ should return the same tree item passed in (1 ms)

PASS tests/ticketsDb.spec/TicketDatabase.getDbVersion.web.spec.ts
  TicketDatabase - getDbVersion
    ΓêÜ should return version 0 if the database has no version table (1 ms)
    ΓêÜ should return the version from the database if it exists (1 ms)
    ΓêÜ should return an error if there is no database connection
    ΓêÜ should return version 0 if the row is undefined (1 ms)
    ΓêÜ should return version 0 if the row has no version property

  console.log
    Γ£à Retrieved 2 completed tasks

      at src/db/ticketsDb.ts:952:29

  console.error
    Γ¥î Failed to get completed tasks: Error: Query failed
        at Object.<anonymous> (C:\Users\weird\OneDrive\Documents\GitHub\Plan-To-Code-AI-Helper-\tests\ticketsDb.spec\TicketDatabase.getAllCompleted.web.spec.ts:81:26)
        at C:\Users\weird\OneDrive\Documents\GitHub\Plan-To-Code-AI-Helper-\node_modules\jest-mock\build\index.js:397:39
        at Object.<anonymous> (C:\Users\weird\OneDrive\Documents\GitHub\Plan-To-Code-AI-Helper-\node_modules\jest-mock\build\index.js:404:13)
        at Object.mockConstructor [as all] (C:\Users\weird\OneDrive\Documents\GitHub\Plan-To-Code-AI-Helper-\node_modules\jest-mock\build\index.js:113:19)
        at C:\Users\weird\OneDrive\Documents\GitHub\Plan-To-Code-AI-Helper-\src\db\ticketsDb.ts:947:22
        at new Promise (<anonymous>)
        at TicketDatabase.getAllCompleted (C:\Users\weird\OneDrive\Documents\GitHub\Plan-To-Code-AI-Helper-\src\db\ticketsDb.ts:921:16)
        at Object.<anonymous> (C:\Users\weird\OneDrive\Documents\GitHub\Plan-To-Code-AI-Helper-\tests\ticketsDb.spec\TicketDatabase.getAllCompleted.web.spec.ts:87:31)
        at Promise.then.completed (C:\Users\weird\OneDrive\Documents\GitHub\Plan-To-Code-AI-Helper-\node_modules\jest-circus\build\utils.js:298:28)
        at new Promise (<anonymous>)
        at callAsyncCircusFn (C:\Users\weird\OneDrive\Documents\GitHub\Plan-To-Code-AI-Helper-\node_modules\jest-circus\build\utils.js:231:10)
        at _callCircusTest (C:\Users\weird\OneDrive\Documents\GitHub\Plan-To-Code-AI-Helper-\node_modules\jest-circus\build\run.js:316:40)
        at _runTest (C:\Users\weird\OneDrive\Documents\GitHub\Plan-To-Code-AI-Helper-\node_modules\jest-circus\build\run.js:252:3)
        at _runTestsForDescribeBlock (C:\Users\weird\OneDrive\Documents\GitHub\Plan-To-Code-AI-Helper-\node_modules\jest-circus\build\run.js:126:9)
        at _runTestsForDescribeBlock (C:\Users\weird\OneDrive\Documents\GitHub\Plan-To-Code-AI-Helper-\node_modules\jest-circus\build\run.js:121:9)
        at run (C:\Users\weird\OneDrive\Documents\GitHub\Plan-To-Code-AI-Helper-\node_modules\jest-circus\build\run.js:71:3)
        at runAndTransformResultsToJestFormat (C:\Users\weird\OneDrive\Documents\GitHub\Plan-To-Code-AI-Helper-\node_modules\jest-circus\build\legacy-code-todo-rewrite\jestAdapterInit.js:122:21)
        at jestAdapter (C:\Users\weird\OneDrive\Documents\GitHub\Plan-To-Code-AI-Helper-\node_modules\jest-circus\build\legacy-code-todo-rewrite\jestAdapter.js:79:19)
        at runTestInternal (C:\Users\weird\OneDrive\Documents\GitHub\Plan-To-Code-AI-Helper-\node_modules\jest-runner\build\runTest.js:367:16)
        at runTest (C:\Users\weird\OneDrive\Documents\GitHub\Plan-To-Code-AI-Helper-\node_modules\jest-runner\build\runTest.js:444:34)

    [0m [90m 947 |[39m             [36mthis[39m[33m.[39mdb[33m![39m[33m.[39mall(query[33m,[39m params[33m,[39m (err[33m,[39m rows[33m:[39m any[]) [33m=>[39m {
     [90m 948 |[39m                 [36mif[39m (err) {
    [31m[1m>[22m[39m[90m 949 |[39m                     console[33m.[39merror([32m'Γ¥î Failed to get completed tasks:'[39m[33m,[39m err)[33m;[39m
     [90m     |[39m                             [31m[1m^[22m[39m
     [90m 950 |[39m                     reject(err)[33m;[39m
     [90m 951 |[39m                 } [36melse[39m {
     [90m 952 |[39m                     console[33m.[39mlog([32m`Γ£à Retrieved ${rows.length} completed tasks`[39m)[33m;[39m[0m

      at src/db/ticketsDb.ts:949:29
      at Object.<anonymous> (tests/ticketsDb.spec/TicketDatabase.getAllCompleted.web.spec.ts:81:17)
      at src/db/ticketsDb.ts:947:22
      at TicketDatabase.getAllCompleted (src/db/ticketsDb.ts:921:16)
      at Object.<anonymous> (tests/ticketsDb.spec/TicketDatabase.getAllCompleted.web.spec.ts:87:31)

PASS tests/ticketsDb.spec/TicketDatabase.getAllCompleted.web.spec.ts
  TicketDatabase - getAllCompleted
    ΓêÜ should return tasks from fallback store when useFallback is true (1 ms)
    ΓêÜ should filter tasks by minDaysAgo when useFallback is true (1 ms)
    ΓêÜ should query the database when useFallback is false (3 ms)
    ΓêÜ should reject with an error if the database query fails (20 ms)

  console.log
    Planning Team: Refining task 12345

      at PlanningTeam.refineTask (src/agents/planningTeam.ts:25:17)

PASS tests/planningTeam.spec/PlanningTeam.refineTask.web.spec.ts
  PlanningTeam
    refineTask
      ΓêÜ should log the correct message when refining a task (1 ms)
      ΓêÜ should return null after refining a task (2 ms)

PASS tests/orchestrator.spec/ProgrammingOrchestrator.executeTask.web.spec.ts
  ProgrammingOrchestrator
    ΓêÜ should log messages when executeTask is called (2 ms)

  console.log
    ΓÜá∩╕Å Orchestrator not available in test setup

      at Object.<anonymous> (tests/extension.responseStreaming.test.ts:20:21)

PASS tests/extension.responseStreaming.test.ts
  Extension Response Streaming & Task Completion
    ΓêÜ handles plain text model responses without JSON parse errors (3 ms)
    ΓêÜ maintains task queue priority ordering after streamed responses (1 ms)
    ΓêÜ validates task completion requires non-empty content
    ΓêÜ preserves task metadata during queue operations
    ΓêÜ handles task status transitions correctly
    ΓêÜ queue handles stream response without crashing

PASS tests/protocol.spec/parseStdioMessage.web.spec.ts
  parseStdioMessage
    ΓêÜ should parse a valid JSON-RPC 2.0 request (1 ms)
    ΓêÜ should throw MCPProtocolError for invalid JSON (6 ms)
    ΓêÜ should throw MCPProtocolError for invalid JSON-RPC request structure (1 ms)

PASS tests/skippedTestsProvider.spec/SkippedTestsDiagnosticProvider.updateFileSync.web.spec.ts
  SkippedTestsDiagnosticProvider
    updateFileSync
      ΓêÜ should read file content, scan for skipped tests, and set diagnostics (1 ms)
      ΓêÜ should handle errors gracefully when file reading fails (1 ms)

  console.log
    Answer Team: Finding context for task 12345

      at AnswerTeam.findContext (src/agents/answerTeam.ts:25:17)

PASS tests/answerTeam.spec/AnswerTeam.findContext.web.spec.ts
  AnswerTeam - findContext
    ΓêÜ should log the correct message when findContext is called (1 ms)
    ΓêÜ should return null as the default implementation (2 ms)

PASS tests/integration.spec/initializeMCPServer.web.spec.ts
  initializeMCPServer
    ΓêÜ should initialize the MCP server and register tools (3 ms)
    ΓêÜ should add server stop to context subscriptions (1 ms)

PASS tests/extension.spec/getLLMConfig.web.spec.ts
  getLLMConfig
    ΓêÜ should return the LLM configuration from FileConfigManager (1 ms)

PASS tests/programmingOrchestrator.spec/MockMCPTools.reportObservation.web.spec.ts
  MockMCPTools - reportObservation
    ΓêÜ should return success with the correct taskId and observation (1 ms)

PASS tests/askQuestion.spec/askQuestion.web.spec.ts
  askQuestion
    ΓêÜ should return a valid response for a well-formed question (2 ms)
    ΓêÜ should throw an error for invalid parameters (7 ms)
    ΓêÜ should include related decisions when requested
    ΓêÜ should not include related decisions when explicitly disabled
    ΓêÜ should return low confidence for unrecognized questions

PASS tests/programmingOrchestrator.spec/MockMCPTools.reportVerificationResult.web.spec.ts
  MockMCPTools - reportVerificationResult
    ΓêÜ should return success with correct data when passed is true (1 ms)
    ΓêÜ should return success with correct data when passed is false (1 ms)
    ΓêÜ should return success with undefined details when details are not provided

PASS tests/migrations.spec/getDbVersion.web.spec.ts
  getDbVersion
    ΓêÜ should return the version number if the version exists in the db_version table (1 ms)
    ΓêÜ should return 0 if the db_version table does not exist (1 ms)
    ΓêÜ should return 0 if the version is undefined

PASS tests/programmingOrchestrator.spec/MockMCPTools.getNextTask.web.spec.ts
  MockMCPTools - getNextTask
    ΓêÜ should return success with null data when called with valid planId (1 ms)
    ΓêÜ should return success with null data when called with valid planId and filter (1 ms)

PASS tests/utils/config.test.ts
  ConfigManager - SecretStorage Integration
    ΓêÜ should store and retrieve GitHub token from SecretStorage (1 ms)
    ΓêÜ should cache token in memory to reduce SecretStorage calls
    ΓêÜ should clear cache when token is deleted (1 ms)
    ΓêÜ should return undefined when no token is stored
    ΓêÜ should prompt user for token when missing (1 ms)
    ΓêÜ should return existing token without prompting
    ΓêÜ should handle user cancelling token prompt
    ΓêÜ should validate token format during prompt
    ΓêÜ should update cache when token is changed
    ΓêÜ should handle SecretStorage failures gracefully (7 ms)

PASS tests/protocol.spec/errorToResponse.web.spec.ts
  errorToResponse
    ΓêÜ should convert MCPProtocolError to an error response (1 ms)
    ΓêÜ should convert a generic Error to an internal error response (1 ms)
    ΓêÜ should handle an Error with an empty message

PASS tests/planningTeam.spec/PlanningTeam.generateTasks.web.spec.ts
  PlanningTeam
    ΓêÜ should log a message and return an empty array when generateTasks is called (1 ms)

  console.log
    [TicketDb] Γ£à Schema migrated: v0 ΓåÆ v1 (completed_tasks table added)

      at src/db/ticketsDb.ts:269:53

  console.log
    [TicketDb] Γ£à Schema migrated: v0 ΓåÆ v1 (completed_tasks table added)

      at src/db/ticketsDb.ts:269:53

  console.log
    [TicketDb] Γ£à Schema migrated: v0 ΓåÆ v1 (completed_tasks table added)

      at src/db/ticketsDb.ts:269:53

PASS tests/ticketsDb.spec/TicketDatabase.runMigrations.web.spec.ts
  TicketDatabase - runMigrations
    ΓêÜ should skip migrations if no database connection exists (1 ms)
    ΓêÜ should create version tracking table and initialize version (6 ms)
    ΓêÜ should create tickets table (3 ms)
    ΓêÜ should create completed_tasks table and update version if version is 0 (2 ms)
    ΓêÜ should log success message if migrations are completed

PASS tests/ticketsDb.spec/TicketDatabase.doesTicketExist.web.spec.ts
  TicketDatabase - doesTicketExist
    ΓêÜ should return true if the ticket exists in the database (2 ms)
    ΓêÜ should return false if the ticket does not exist in the database
    ΓêÜ should return false and log an error if there is a database error
    ΓêÜ should return false and log a warning if the database is not initialized
    ΓêÜ should return true if the ticket exists in the fallback store when useFallback is true
    ΓêÜ should return false if the ticket does not exist in the fallback store when useFallback is true

PASS tests/tools.spec/getNextTask.web.spec.ts
  getNextTask
    ΓêÜ should throw an error indicating the function is deprecated (4 ms)

PASS tests/tools.spec/reportTaskDone.web.spec.ts
  reportTaskDone
    ΓêÜ should throw an error indicating the function is deprecated (4 ms)

PASS tests/coverageProvider.spec/CoverageDiagnosticProvider.activate.web.spec.ts
  CoverageDiagnosticProvider
    ΓêÜ should activate and set up file watchers correctly (2 ms)
    ΓêÜ should not activate if no workspace folders are available (1 ms)

PASS tests/verificationTeam.spec/VerificationTeam.verifyTask.web.spec.ts
  VerificationTeam
    ΓêÜ should log the task ID and return default verification result (1 ms)

  console.log
    [2026-01-29T03:40:21.136Z] [MCP Server] MCP Server initialized: TestServer v1.0.0

      at MCPServer.log (src/mcpServer/server.ts:272:21)

  console.log
    [2026-01-29T03:40:21.140Z] [MCP Server] MCP Server initialized: TestServer v1.0.0

      at MCPServer.log (src/mcpServer/server.ts:272:21)

  console.log
    [2026-01-29T03:40:21.141Z] [MCP Server] Registered tool: tool1

      at MCPServer.log (src/mcpServer/server.ts:272:21)

  console.log
    [2026-01-29T03:40:21.142Z] [MCP Server] Registered tool: tool2

      at MCPServer.log (src/mcpServer/server.ts:272:21)

PASS tests/server.spec/MCPServer.getDiagnostics.web.spec.ts
  MCPServer - getDiagnostics
    ΓêÜ should return correct diagnostics when the server is not running and no tools are registered (5 ms)
    ΓêÜ should return correct diagnostics when the server is running and tools are registered (3 ms)

PASS tests/protocol.spec/createSuccessResponse.web.spec.ts
  createSuccessResponse
    ΓêÜ should create a valid JSON-RPC 2.0 success response (1 ms)
    ΓêÜ should handle string IDs correctly
    ΓêÜ should handle undefined result

PASS tests/tools.spec/askQuestion.web.spec.ts
  askQuestion
    ΓêÜ should throw an error indicating the tool is not yet implemented (4 ms)

PASS tests/protocol.spec/formatStdioResponse.web.spec.ts
  formatStdioResponse
    ΓêÜ should format a valid MCPResponse object as a newline-delimited JSON string (1 ms)
    ΓêÜ should handle an MCPResponse object with an error field correctly (1 ms)
    ΓêÜ should handle an MCPResponse object with optional fields omitted

  console.log
    Verification Team: Generating visual checklist for task 12345

      at VerificationTeam.generateVisualChecklist (src/agents/verificationTeam.ts:44:17)

PASS tests/verificationTeam.spec/VerificationTeam.generateVisualChecklist.web.spec.ts
  VerificationTeam - generateVisualChecklist
    ΓêÜ should return the correct checklist items (3 ms)
    ΓêÜ should log the correct message when generating the checklist

PASS tests/orchestrator.spec/ProgrammingOrchestrator.shutdown.web.spec.ts
  ProgrammingOrchestrator
    ΓêÜ should log messages during shutdown (4 ms)

PASS tests/orchestrator.spec/ProgrammingOrchestrator.initialize.web.spec.ts
  ProgrammingOrchestrator
    ΓêÜ should log initialization messages when initialize is called (4 ms)

PASS tests/protocol.spec/createErrorResponse.web.spec.ts
  createErrorResponse
    ΓêÜ should create a valid error response with all fields (1 ms)
    ΓêÜ should create a valid error response without optional data (1 ms)

PASS tests/verificationTeam.spec/VerificationTeam.runAutomatedChecks.web.spec.ts
  VerificationTeam - runAutomatedChecks
    ΓêÜ should log the correct message and return false (1 ms)

FAIL tests/reportVerificationResult.spec/reportVerificationResult.web.spec.ts
  ΓùÅ Test suite failed to run

    tests/reportVerificationResult.spec/reportVerificationResult.web.spec.ts:25:90 - error TS2345: Argument of type 'MCPErrorCode.INVALID_PARAMS' is not assignable to parameter of type 'string | RegExp | Constructable | Error | undefined'.

    25         await expect(reportVerificationResult(invalidParams, taskQueue)).rejects.toThrow(MCPErrorCode.INVALID_PARAMS);
                                                                                                ~~~~~~~~~~~~~~~~~~~~~~~~~~~
    tests/reportVerificationResult.spec/reportVerificationResult.web.spec.ts:39:83 - error TS2345: Argument of type 'MCPErrorCode.TASK_NOT_FOUND' is not assignable to parameter of type 'string | RegExp | Constructable | Error | undefined'.

    39         await expect(reportVerificationResult(params, taskQueue)).rejects.toThrow(MCPErrorCode.TASK_NOT_FOUND);
                                                                                         ~~~~~~~~~~~~~~~~~~~~~~~~~~~
    tests/reportVerificationResult.spec/reportVerificationResult.web.spec.ts:56:13 - error TS2739: Type '{ taskId: string; dependencies: never[]; status: "pending"; }' is missing the following properties from type 'Task': title, description, priority, createdAt, updatedAt

    56             { taskId: 'verification-task', dependencies: [], status: 'pending' },
                   ~~~~~~~~~~~~~~~~~~~~~~~~~~~~~~~~~~~~~~~~~~~~~~~~~~~~~~~~~~~~~~~~~~~~
    tests/reportVerificationResult.spec/reportVerificationResult.web.spec.ts:57:13 - error TS2739: Type '{ taskId: string; dependencies: never[]; status: "pending"; }' is missing the following properties from type 'Task': title, description, priority, createdAt, updatedAt

    57             { taskId: 'original-task', dependencies: [], status: 'pending' },
                   ~~~~~~~~~~~~~~~~~~~~~~~~~~~~~~~~~~~~~~~~~~~~~~~~~~~~~~~~~~~~~~~~
    tests/reportVerificationResult.spec/reportVerificationResult.web.spec.ts:86:13 - error TS2739: Type '{ taskId: string; dependencies: never[]; status: "pending"; }' is missing the following properties from type 'Task': title, description, priority, createdAt, updatedAt

    86             { taskId: 'verification-task', dependencies: [], status: 'pending' },
                   ~~~~~~~~~~~~~~~~~~~~~~~~~~~~~~~~~~~~~~~~~~~~~~~~~~~~~~~~~~~~~~~~~~~~
    tests/reportVerificationResult.spec/reportVerificationResult.web.spec.ts:87:13 - error TS2739: Type '{ taskId: string; dependencies: never[]; status: "pending"; }' is missing the following properties from type 'Task': title, description, priority, createdAt, updatedAt

    87             { taskId: 'original-task', dependencies: [], status: 'pending' },
                   ~~~~~~~~~~~~~~~~~~~~~~~~~~~~~~~~~~~~~~~~~~~~~~~~~~~~~~~~~~~~~~~~

FAIL tests/reportTaskStatus.spec/reportTaskStatus.web.spec.ts
  ΓùÅ Test suite failed to run

    tests/reportTaskStatus.spec/reportTaskStatus.web.spec.ts:47:48 - error TS2322: Type '{ taskId: string; status: string; title: string; description: string; priority: string; dependencies: never[]; createdAt: Date; updatedAt: Date; }' is not assignable to type 'Task'.
      Types of property 'priority' are incompatible.
        Type 'string' is not assignable to type '"medium" | "critical" | "high" | "low"'.

    47         taskQueue.getAllTasks.mockReturnValue([task]);
                                                      ~~~~
    tests/reportTaskStatus.spec/reportTaskStatus.web.spec.ts:70:48 - error TS2322: Type '{ taskId: string; status: string; title: string; description: string; priority: string; dependencies: never[]; createdAt: Date; updatedAt: Date; }' is not assignable to type 'Task'.
      Types of property 'priority' are incompatible.
        Type 'string' is not assignable to type '"medium" | "critical" | "high" | "low"'.

    70         taskQueue.getAllTasks.mockReturnValue([task]);
                                                      ~~~~
    tests/reportTaskStatus.spec/reportTaskStatus.web.spec.ts:96:48 - error TS2322: Type '{ taskId: string; status: string; title: string; description: string; priority: string; dependencies: never[]; createdAt: Date; updatedAt: Date; }' is not assignable to type 'Task'.
      Types of property 'priority' are incompatible.
        Type 'string' is not assignable to type '"medium" | "critical" | "high" | "low"'.

    96         taskQueue.getAllTasks.mockReturnValue([task]);
                                                      ~~~~
    tests/reportTaskStatus.spec/reportTaskStatus.web.spec.ts:123:48 - error TS2322: Type '{ taskId: string; status: string; title: string; description: string; priority: string; dependencies: never[]; createdAt: Date; updatedAt: Date; }' is not assignable to type 'Task'.
      Types of property 'priority' are incompatible.
        Type 'string' is not assignable to type '"medium" | "critical" | "high" | "low"'.

    123         taskQueue.getAllTasks.mockReturnValue([task]);
                                                       ~~~~

FAIL tests/reportTestFailure.spec/reportTestFailure.web.spec.ts
  ΓùÅ Test suite failed to run

    tests/reportTestFailure.spec/reportTestFailure.web.spec.ts:31:7 - error TS2345: Argument of type 'MCPErrorCode.INVALID_PARAMS' is not assignable to parameter of type 'string | RegExp | Constructable | Error | undefined'.

    31       MCPErrorCode.INVALID_PARAMS
             ~~~~~~~~~~~~~~~~~~~~~~~~~~~
    tests/reportTestFailure.spec/reportTestFailure.web.spec.ts:51:7 - error TS2345: Argument of type 'MCPErrorCode.TASK_NOT_FOUND' is not assignable to parameter of type 'string | RegExp | Constructable | Error | undefined'.

    51       MCPErrorCode.TASK_NOT_FOUND
             ~~~~~~~~~~~~~~~~~~~~~~~~~~~
    tests/reportTestFailure.spec/reportTestFailure.web.spec.ts:58:59 - error TS2739: Type '{ taskId: string; status: string; dependencies: never[]; }' is missing the following properties from type 'Task': title, description, priority, createdAt, updatedAt

    58     jest.spyOn(taskQueue, 'getAllTasks').mockReturnValue([mockTask]);
                                                                 ~~~~~~~~
    tests/reportTestFailure.spec/reportTestFailure.web.spec.ts:80:59 - error TS2739: Type '{ taskId: string; status: string; dependencies: never[]; }' is missing the following properties from type 'Task': title, description, priority, createdAt, updatedAt

    80     jest.spyOn(taskQueue, 'getAllTasks').mockReturnValue([mockTask]);
                                                                 ~~~~~~~~
    tests/reportTestFailure.spec/reportTestFailure.web.spec.ts:104:59 - error TS2739: Type '{ taskId: string; status: string; dependencies: never[]; }' is missing the following properties from type 'Task': title, description, priority, createdAt, updatedAt

    104     jest.spyOn(taskQueue, 'getAllTasks').mockReturnValue([mockTask, blockedTask]);
                                                                  ~~~~~~~~
    tests/reportTestFailure.spec/reportTestFailure.web.spec.ts:104:69 - error TS2739: Type '{ taskId: string; status: string; dependencies: string[]; }' is missing the following properties from type 'Task': title, description, priority, createdAt, updatedAt

    104     jest.spyOn(taskQueue, 'getAllTasks').mockReturnValue([mockTask, blockedTask]);
                                                                            ~~~~~~~~~~~

FAIL tests/reportObservation.spec/reportObservation.web.spec.ts
  ΓùÅ Test suite failed to run

    tests/reportObservation.spec/reportObservation.web.spec.ts:29:79 - error TS2345: Argument of type 'MCPErrorCode.INVALID_PARAMS' is not assignable to parameter of type 'string | RegExp | Constructable | Error | undefined'.

    29     await expect(reportObservation(invalidParams, taskQueue)).rejects.toThrow(MCPErrorCode.INVALID_PARAMS);
                                                                                     ~~~~~~~~~~~~~~~~~~~~~~~~~~~
    tests/reportObservation.spec/reportObservation.web.spec.ts:44:77 - error TS2345: Argument of type 'MCPErrorCode.TASK_NOT_FOUND' is not assignable to parameter of type 'string | RegExp | Constructable | Error | undefined'.

    44     await expect(reportObservation(validParams, taskQueue)).rejects.toThrow(MCPErrorCode.TASK_NOT_FOUND);
                                                                                   ~~~~~~~~~~~~~~~~~~~~~~~~~~~

FAIL tests/programmingOrchestrator.spec/ProgrammingOrchestrator.setCompletedTasksProvider.web.spec.ts
  ΓùÅ Test suite failed to run

    tests/programmingOrchestrator.spec/ProgrammingOrchestrator.setCompletedTasksProvider.web.spec.ts:2:41 - error TS5097: An import path can only end with a '.ts' extension when 'allowImportingTsExtensions' is enabled.

    2 import { ProgrammingOrchestrator } from '../../src/orchestrator/programmingOrchestrator.ts';
                                              ~~~~~~~~~~~~~~~~~~~~~~~~~~~~~~~~~~~~~~~~~~~~~~~~~~~

FAIL tests/programmingOrchestrator.spec/MockMCPTools.reportTaskStatus.web.spec.ts
  ΓùÅ Test suite failed to run

    tests/programmingOrchestrator.spec/MockMCPTools.reportTaskStatus.web.spec.ts:18:70 - error TS2345: Argument of type '"COMPLETED"' is not assignable to parameter of type 'TaskStatus'.

    18         const response = await mockMCPTools.reportTaskStatus(taskId, status, output);
                                                                            ~~~~~~
    tests/programmingOrchestrator.spec/MockMCPTools.reportTaskStatus.web.spec.ts:31:70 - error TS2345: Argument of type '"IN_PROGRESS"' is not assignable to parameter of type 'TaskStatus'.

    31         const response = await mockMCPTools.reportTaskStatus(taskId, status);
                                                                            ~~~~~~

FAIL tests/programmingOrchestrator.spec/MockMCPTools.askQuestion.web.spec.ts
  ΓùÅ Test suite failed to run

    tests/programmingOrchestrator.spec/MockMCPTools.askQuestion.web.spec.ts:32:31 - error TS2339: Property 'context' does not exist on type '{}'.

    32         expect(response.data?.context).toEqual(context);
                                     ~~~~~~~

Summary of all failing tests
FAIL tests/extension.statusBar.test.ts
  ΓùÅ COE Status Bar and Commands ΓÇ║ shows correct remaining count in status bar after task completion

    expect(received).toBeTruthy()

    Received: undefined

      145 |         // Execute processNextTask command
      146 |         const processHandler = getRegisteredCommandHandler('coe.processNextTask');
    > 147 |         expect(processHandler).toBeTruthy();
          |                                ^
      148 |         if (!processHandler) return;
      149 |
      150 |         await processHandler();

      at Object.<anonymous> (tests/extension.statusBar.test.ts:147:32)

  ΓùÅ COE Status Bar and Commands ΓÇ║ sends LM Studio request (stream) with prompt body and logs response

    expect(received).toBeTruthy()

    Received: undefined

      198 |
      199 |         const handler = getRegisteredCommandHandler('coe.processNextTask');
    > 200 |         expect(handler).toBeTruthy();
          |                         ^
      201 |         if (!handler) return;
      202 |
      203 |         await handler();

      at Object.<anonymous> (tests/extension.statusBar.test.ts:200:25)

  ΓùÅ COE Status Bar and Commands ΓÇ║ filters streaming metadata and only logs clean model text

    expect(received).toBeTruthy()

    Received: undefined

      272 |
      273 |         const handler = getRegisteredCommandHandler('coe.processNextTask');
    > 274 |         expect(handler).toBeTruthy();
          |                         ^
      275 |         if (!handler) return;
      276 |
      277 |         await handler();

      at Object.<anonymous> (tests/extension.statusBar.test.ts:274:25)

  ΓùÅ COE Status Bar and Commands ΓÇ║ ignores malformed streaming chunks but keeps prior good content

    expect(received).toBeTruthy()

    Received: undefined

      330 |
      331 |         const handler = getRegisteredCommandHandler('coe.processNextTask');
    > 332 |         expect(handler).toBeTruthy();
          |                         ^
      333 |         if (!handler) return;
      334 |
      335 |         await handler();

      at Object.<anonymous> (tests/extension.statusBar.test.ts:332:25)

  ΓùÅ COE Status Bar and Commands ΓÇ║ does not complete task and shows error when LM Studio is unreachable

    expect(received).toBeTruthy()

    Received: undefined

      371 |
      372 |         const handler = getRegisteredCommandHandler('coe.processNextTask');
    > 373 |         expect(handler).toBeTruthy();
          |                         ^
      374 |         if (!handler) return;
      375 |
      376 |         await handler();

      at Object.<anonymous> (tests/extension.statusBar.test.ts:373:25)

  ΓùÅ COE Status Bar and Commands ΓÇ║ displays disabled message for test command when real tasks exist

    expect(received).toBeTruthy()

    Received: undefined

      429 |
      430 |         const testHandler = getRegisteredCommandHandler('coe.testOrchestrator');
    > 431 |         expect(testHandler).toBeTruthy();
          |                             ^
      432 |         if (!testHandler) return;
      433 |
      434 |         await testHandler();

      at Object.<anonymous> (tests/extension.statusBar.test.ts:431:29)

FAIL tests/getNextTask.spec/getNextTask.web.spec.ts
  ΓùÅ getNextTask ΓÇ║ should return the highest priority task with detailed prompt and context

    TypeError: Cannot read properties of undefined (reading 'toLowerCase')

      133 |     // Extract complexity from task description or default to 'medium'
      134 |     const complexityLevel: SuperDetailedPrompt['complexityLevel'] =
    > 135 |         task.description.toLowerCase().includes('complex') ? 'hard' :
          |                          ^
      136 |             task.description.toLowerCase().includes('simple') ? 'easy' :
      137 |                 'medium';
      138 |

      at generateSuperDetailedPrompt (src/mcpServer/tools/getNextTask.ts:135:26)
      at getNextTask (src/mcpServer/tools/getNextTask.ts:275:48)
      at Object.<anonymous> (tests/getNextTask.spec/getNextTask.web.spec.ts:33:43)

  ΓùÅ getNextTask ΓÇ║ should filter tasks by status and priority

    TypeError: Cannot read properties of undefined (reading 'toLowerCase')

      133 |     // Extract complexity from task description or default to 'medium'
      134 |     const complexityLevel: SuperDetailedPrompt['complexityLevel'] =
    > 135 |         task.description.toLowerCase().includes('complex') ? 'hard' :
          |                          ^
      136 |             task.description.toLowerCase().includes('simple') ? 'easy' :
      137 |                 'medium';
      138 |

      at generateSuperDetailedPrompt (src/mcpServer/tools/getNextTask.ts:135:26)
      at getNextTask (src/mcpServer/tools/getNextTask.ts:275:48)
      at Object.<anonymous> (tests/getNextTask.spec/getNextTask.web.spec.ts:53:43)

  ΓùÅ getNextTask ΓÇ║ should throw an error for invalid parameters

    expect(received).rejects.toThrow(expected)

    Expected constructor: MCPProtocolError
    Received constructor: TypeError

    Received message: "Cannot read properties of undefined (reading 'filter')"

          205 |         default:
          206 |             // Default: exclude done and blocked
        > 207 |             filtered = filtered.filter(t =>
              |                                 ^
          208 |                 t.status !== 'done' && t.status !== 'blocked'
          209 |             );
          210 |     }

      at filterTasks (src/mcpServer/tools/getNextTask.ts:207:33)
      at getNextTask (src/mcpServer/tools/getNextTask.ts:256:27)
      at Object.<anonymous> (tests/getNextTask.spec/getNextTask.web.spec.ts:80:33)
      at Object.toThrow (node_modules/expect/build/index.js:218:22)
      at Object.<anonymous> (tests/getNextTask.spec/getNextTask.web.spec.ts:80:62)

FAIL tests/extension.integration.test.ts
  ΓùÅ COE Test Command - Repeated Execution ΓÇ║ should handle 3 sequential test command runs without throwing

    expect(received).toBeDefined()

    Received: undefined

      562 |
      563 |         const testCallback = testCommandCall?.[1];
    > 564 |         expect(testCallback).toBeDefined();
          |                              ^
      565 |
      566 |         if (!testCallback) {
      567 |             throw new Error('coe.testOrchestrator command not registered during activation');

      at Object.<anonymous> (tests/extension.integration.test.ts:564:30)

  ΓùÅ COE Test Command - Repeated Execution ΓÇ║ should support multiple sequential fake tasks without queue blocking

    expect(received).toBeDefined()

    Received: undefined

      613 |
      614 |         const testCallback = testCommandCall?.[1];
    > 615 |         expect(testCallback).toBeDefined();
          |                              ^
      616 |
      617 |         if (!testCallback) {
      618 |             throw new Error('coe.testOrchestrator command not registered');

      at Object.<anonymous> (tests/extension.integration.test.ts:615:30)

  ΓùÅ COE Test Command - Repeated Execution ΓÇ║ should update status bar from active to waiting after task completion

    expect(received).toBeDefined()

    Received: undefined

      682 |
      683 |         const testCallback = testCommandCall?.[1];
    > 684 |         expect(testCallback).toBeDefined();
          |                              ^
      685 |
      686 |         if (!testCallback) {
      687 |             throw new Error('coe.testOrchestrator command not registered');

      at Object.<anonymous> (tests/extension.integration.test.ts:684:30)

  ΓùÅ COE Test Command - Repeated Execution ΓÇ║ should not leave active task state after test completion

    expect(received).toBeDefined()

    Received: undefined

      741 |
      742 |         const testCallback = testCommandCall?.[1];
    > 743 |         expect(testCallback).toBeDefined();
          |                              ^
      744 |
      745 |         if (!testCallback) {
      746 |             throw new Error('coe.testOrchestrator command not registered');

      at Object.<anonymous> (tests/extension.integration.test.ts:743:30)

  ΓùÅ COE Test Command - Repeated Execution ΓÇ║ should register coe.processNextTask command during activation

    expect(received).toBeDefined()

    Received: undefined

      773 |         );
      774 |
    > 775 |         expect(processNextCall).toBeDefined();
          |                                 ^
      776 |     });
      777 |
      778 |     it('should update status bar command to processNextTask', async () => {

      at Object.<anonymous> (tests/extension.integration.test.ts:775:33)

FAIL tests/programmingOrchestrator.spec/ProgrammingOrchestrator.notifyTreeViewUpdate.web.spec.ts
  ΓùÅ Test suite failed to run

    ENOENT: no such file or directory, open 'C:\Users\weird\OneDrive\Documents\GitHub\Plan-To-Code-AI-Helper-\tests\programmingOrchestrator.spec\ProgrammingOrchestrator.notifyTreeViewUpdate.web.spec.ts'

      at runTestInternal (node_modules/jest-runner/build/runTest.js:170:27)

FAIL tests/reportVerificationResult.spec/reportVerificationResult.web.spec.ts
  ΓùÅ Test suite failed to run

    tests/reportVerificationResult.spec/reportVerificationResult.web.spec.ts:25:90 - error TS2345: Argument of type 'MCPErrorCode.INVALID_PARAMS' is not assignable to parameter of type 'string | RegExp | Constructable | Error | undefined'.

    25         await expect(reportVerificationResult(invalidParams, taskQueue)).rejects.toThrow(MCPErrorCode.INVALID_PARAMS);
                                                                                                ~~~~~~~~~~~~~~~~~~~~~~~~~~~
    tests/reportVerificationResult.spec/reportVerificationResult.web.spec.ts:39:83 - error TS2345: Argument of type 'MCPErrorCode.TASK_NOT_FOUND' is not assignable to parameter of type 'string | RegExp | Constructable | Error | undefined'.

    39         await expect(reportVerificationResult(params, taskQueue)).rejects.toThrow(MCPErrorCode.TASK_NOT_FOUND);
                                                                                         ~~~~~~~~~~~~~~~~~~~~~~~~~~~
    tests/reportVerificationResult.spec/reportVerificationResult.web.spec.ts:56:13 - error TS2739: Type '{ taskId: string; dependencies: never[]; status: "pending"; }' is missing the following properties from type 'Task': title, description, priority, createdAt, updatedAt

    56             { taskId: 'verification-task', dependencies: [], status: 'pending' },
                   ~~~~~~~~~~~~~~~~~~~~~~~~~~~~~~~~~~~~~~~~~~~~~~~~~~~~~~~~~~~~~~~~~~~~
    tests/reportVerificationResult.spec/reportVerificationResult.web.spec.ts:57:13 - error TS2739: Type '{ taskId: string; dependencies: never[]; status: "pending"; }' is missing the following properties from type 'Task': title, description, priority, createdAt, updatedAt

    57             { taskId: 'original-task', dependencies: [], status: 'pending' },
                   ~~~~~~~~~~~~~~~~~~~~~~~~~~~~~~~~~~~~~~~~~~~~~~~~~~~~~~~~~~~~~~~~
    tests/reportVerificationResult.spec/reportVerificationResult.web.spec.ts:86:13 - error TS2739: Type '{ taskId: string; dependencies: never[]; status: "pending"; }' is missing the following properties from type 'Task': title, description, priority, createdAt, updatedAt

    86             { taskId: 'verification-task', dependencies: [], status: 'pending' },
                   ~~~~~~~~~~~~~~~~~~~~~~~~~~~~~~~~~~~~~~~~~~~~~~~~~~~~~~~~~~~~~~~~~~~~
    tests/reportVerificationResult.spec/reportVerificationResult.web.spec.ts:87:13 - error TS2739: Type '{ taskId: string; dependencies: never[]; status: "pending"; }' is missing the following properties from type 'Task': title, description, priority, createdAt, updatedAt

    87             { taskId: 'original-task', dependencies: [], status: 'pending' },
                   ~~~~~~~~~~~~~~~~~~~~~~~~~~~~~~~~~~~~~~~~~~~~~~~~~~~~~~~~~~~~~~~~

FAIL tests/reportTaskStatus.spec/reportTaskStatus.web.spec.ts
  ΓùÅ Test suite failed to run

    tests/reportTaskStatus.spec/reportTaskStatus.web.spec.ts:47:48 - error TS2322: Type '{ taskId: string; status: string; title: string; description: string; priority: string; dependencies: never[]; createdAt: Date; updatedAt: Date; }' is not assignable to type 'Task'.
      Types of property 'priority' are incompatible.
        Type 'string' is not assignable to type '"medium" | "critical" | "high" | "low"'.

    47         taskQueue.getAllTasks.mockReturnValue([task]);
                                                      ~~~~
    tests/reportTaskStatus.spec/reportTaskStatus.web.spec.ts:70:48 - error TS2322: Type '{ taskId: string; status: string; title: string; description: string; priority: string; dependencies: never[]; createdAt: Date; updatedAt: Date; }' is not assignable to type 'Task'.
      Types of property 'priority' are incompatible.
        Type 'string' is not assignable to type '"medium" | "critical" | "high" | "low"'.

    70         taskQueue.getAllTasks.mockReturnValue([task]);
                                                      ~~~~
    tests/reportTaskStatus.spec/reportTaskStatus.web.spec.ts:96:48 - error TS2322: Type '{ taskId: string; status: string; title: string; description: string; priority: string; dependencies: never[]; createdAt: Date; updatedAt: Date; }' is not assignable to type 'Task'.
      Types of property 'priority' are incompatible.
        Type 'string' is not assignable to type '"medium" | "critical" | "high" | "low"'.

    96         taskQueue.getAllTasks.mockReturnValue([task]);
                                                      ~~~~
    tests/reportTaskStatus.spec/reportTaskStatus.web.spec.ts:123:48 - error TS2322: Type '{ taskId: string; status: string; title: string; description: string; priority: string; dependencies: never[]; createdAt: Date; updatedAt: Date; }' is not assignable to type 'Task'.
      Types of property 'priority' are incompatible.
        Type 'string' is not assignable to type '"medium" | "critical" | "high" | "low"'.

    123         taskQueue.getAllTasks.mockReturnValue([task]);
                                                       ~~~~

FAIL tests/reportTestFailure.spec/reportTestFailure.web.spec.ts
  ΓùÅ Test suite failed to run

    tests/reportTestFailure.spec/reportTestFailure.web.spec.ts:31:7 - error TS2345: Argument of type 'MCPErrorCode.INVALID_PARAMS' is not assignable to parameter of type 'string | RegExp | Constructable | Error | undefined'.

    31       MCPErrorCode.INVALID_PARAMS
             ~~~~~~~~~~~~~~~~~~~~~~~~~~~
    tests/reportTestFailure.spec/reportTestFailure.web.spec.ts:51:7 - error TS2345: Argument of type 'MCPErrorCode.TASK_NOT_FOUND' is not assignable to parameter of type 'string | RegExp | Constructable | Error | undefined'.

    51       MCPErrorCode.TASK_NOT_FOUND
             ~~~~~~~~~~~~~~~~~~~~~~~~~~~
    tests/reportTestFailure.spec/reportTestFailure.web.spec.ts:58:59 - error TS2739: Type '{ taskId: string; status: string; dependencies: never[]; }' is missing the following properties from type 'Task': title, description, priority, createdAt, updatedAt

    58     jest.spyOn(taskQueue, 'getAllTasks').mockReturnValue([mockTask]);
                                                                 ~~~~~~~~
    tests/reportTestFailure.spec/reportTestFailure.web.spec.ts:80:59 - error TS2739: Type '{ taskId: string; status: string; dependencies: never[]; }' is missing the following properties from type 'Task': title, description, priority, createdAt, updatedAt

    80     jest.spyOn(taskQueue, 'getAllTasks').mockReturnValue([mockTask]);
                                                                 ~~~~~~~~
    tests/reportTestFailure.spec/reportTestFailure.web.spec.ts:104:59 - error TS2739: Type '{ taskId: string; status: string; dependencies: never[]; }' is missing the following properties from type 'Task': title, description, priority, createdAt, updatedAt

    104     jest.spyOn(taskQueue, 'getAllTasks').mockReturnValue([mockTask, blockedTask]);
                                                                  ~~~~~~~~
    tests/reportTestFailure.spec/reportTestFailure.web.spec.ts:104:69 - error TS2739: Type '{ taskId: string; status: string; dependencies: string[]; }' is missing the following properties from type 'Task': title, description, priority, createdAt, updatedAt

    104     jest.spyOn(taskQueue, 'getAllTasks').mockReturnValue([mockTask, blockedTask]);
                                                                            ~~~~~~~~~~~

FAIL tests/reportObservation.spec/reportObservation.web.spec.ts
  ΓùÅ Test suite failed to run

    tests/reportObservation.spec/reportObservation.web.spec.ts:29:79 - error TS2345: Argument of type 'MCPErrorCode.INVALID_PARAMS' is not assignable to parameter of type 'string | RegExp | Constructable | Error | undefined'.

    29     await expect(reportObservation(invalidParams, taskQueue)).rejects.toThrow(MCPErrorCode.INVALID_PARAMS);
                                                                                     ~~~~~~~~~~~~~~~~~~~~~~~~~~~
    tests/reportObservation.spec/reportObservation.web.spec.ts:44:77 - error TS2345: Argument of type 'MCPErrorCode.TASK_NOT_FOUND' is not assignable to parameter of type 'string | RegExp | Constructable | Error | undefined'.

    44     await expect(reportObservation(validParams, taskQueue)).rejects.toThrow(MCPErrorCode.TASK_NOT_FOUND);
                                                                                   ~~~~~~~~~~~~~~~~~~~~~~~~~~~

FAIL tests/programmingOrchestrator.spec/ProgrammingOrchestrator.setCompletedTasksProvider.web.spec.ts
  ΓùÅ Test suite failed to run

    tests/programmingOrchestrator.spec/ProgrammingOrchestrator.setCompletedTasksProvider.web.spec.ts:2:41 - error TS5097: An import path can only end with a '.ts' extension when 'allowImportingTsExtensions' is enabled.

    2 import { ProgrammingOrchestrator } from '../../src/orchestrator/programmingOrchestrator.ts';
                                              ~~~~~~~~~~~~~~~~~~~~~~~~~~~~~~~~~~~~~~~~~~~~~~~~~~~

FAIL tests/programmingOrchestrator.spec/MockMCPTools.reportTaskStatus.web.spec.ts
  ΓùÅ Test suite failed to run

    tests/programmingOrchestrator.spec/MockMCPTools.reportTaskStatus.web.spec.ts:18:70 - error TS2345: Argument of type '"COMPLETED"' is not assignable to parameter of type 'TaskStatus'.

    18         const response = await mockMCPTools.reportTaskStatus(taskId, status, output);
                                                                            ~~~~~~
    tests/programmingOrchestrator.spec/MockMCPTools.reportTaskStatus.web.spec.ts:31:70 - error TS2345: Argument of type '"IN_PROGRESS"' is not assignable to parameter of type 'TaskStatus'.

    31         const response = await mockMCPTools.reportTaskStatus(taskId, status);
                                                                            ~~~~~~

FAIL tests/programmingOrchestrator.spec/MockMCPTools.askQuestion.web.spec.ts
  ΓùÅ Test suite failed to run

    tests/programmingOrchestrator.spec/MockMCPTools.askQuestion.web.spec.ts:32:31 - error TS2339: Property 'context' does not exist on type '{}'.

    32         expect(response.data?.context).toEqual(context);
                                     ~~~~~~~


Test Suites: 11 failed, 60 passed, 71 total
Tests:       14 failed, 6 skipped, 330 passed, 350 total
Snapshots:   0 total
Time:        42.075 s, estimated 78 s
Ran all test suites.
